*----------------------------------------------------------------------------------------
*	Innovus 20.10-p004_1 (64bit) 05/07/2020 20:02 (Linux 2.6.32-431.11.2.el6.x86_64)
*	
*
* 	Date & Time:	2025-Nov-10 17:52:09 (2025-Nov-10 12:22:09 GMT)
*
*----------------------------------------------------------------------------------------
*
*	Design: toll_gate
*
*	Liberty Libraries used: 
*	        view1: slow.lib
*
*	Power Domain used: 
*              Rail:        VDD      Voltage:        0.9 
*
*       Power View : view1
*
*       User-Defined Activity : N.A.
*
*       Activity File: N.A.
*
*       Hierarchical Global Activity: N.A.
*
*       Global Activity: N.A.
*
*       Sequential Element Activity: 0.200000
*
*       Primary Input Activity: 0.200000
*
*       Default icg ratio: N.A.
*
*       Global Comb ClockGate Ratio: N.A.
*
*	Power Units = 1mW
*
*	Time Units = 1e-09 secs 
*
*       Temperature = 125 
*
*       report_power -outfile optimised_cts_reports/ctsafteranalysispostoptimization.rpt -rail_analysis_format VS
*
-----------------------------------------------------------------------------------------
Cell                            Internal   Switching       Total     Leakage   Cell
                                   Power       Power       Power       Power   Name
--------------------------------------------------------------------------------------
u_account_balance/CTS_ccl_a_buf_00007    0.02762      0.0319      0.0597   0.0001864  CLKBUFX16
CTS_ccl_a_buf_00009              0.02762      0.0313     0.05911   0.0001864  CLKBUFX16
CTS_ccl_a_buf_00005              0.02761     0.03123     0.05903   0.0001864  CLKBUFX16
u_vehicle_interface/id_to_check_reg[0]   0.004573    0.001323    0.006113   0.0002172  SDFFQX4
u_vehicle_interface/id_to_check_reg[3]   0.003556    0.001508    0.005201   0.0001363  SDFFQX1
state_reg[0]                    0.003584   0.0004983    0.004219   0.0001363  SDFFQX1
u_vehicle_interface/id_to_check_reg[1]   0.003554   0.0004696     0.00416   0.0001363  SDFFQX1
u_vehicle_interface/id_to_check_reg[2]   0.003557   0.0004251    0.004118   0.0001363  SDFFQX1
state_reg[2]                    0.003591   0.0003267    0.004053   0.0001363  SDFFQX1
u_barrier_ctrl/barrier_position_counter_reg[1]   0.003647   0.0002672    0.004051   0.0001363  SDFFQX1
u_barrier_ctrl/barrier_position_counter_reg[0]   0.003648   0.0002593    0.004043   0.0001363  SDFFQX1
u_account_balance/balance_db_reg[5][5]   0.003802   9.803e-05    0.004037   0.0001363  SDFFQX1
u_account_balance/balance_db_reg[10][5]   0.003802   9.567e-05    0.004034   0.0001363  SDFFQX1
u_account_balance/balance_db_reg[8][5]   0.003802   9.412e-05    0.004033   0.0001363  SDFFQX1
u_account_balance/balance_db_reg[7][5]   0.003802   9.393e-05    0.004032   0.0001363  SDFFQX1
u_account_balance/balance_db_reg[5][4]   0.003795   9.959e-05    0.004031   0.0001363  SDFFQX1
u_account_balance/balance_db_reg[10][4]   0.003795   9.945e-05    0.004031   0.0001363  SDFFQX1
u_account_balance/balance_db_reg[6][5]   0.003804   8.913e-05    0.004029   0.0001363  SDFFQX1
u_account_balance/balance_db_reg[9][5]   0.003802   8.991e-05    0.004028   0.0001363  SDFFQX1
u_account_balance/balance_db_reg[4][5]   0.003804   8.682e-05    0.004027   0.0001363  SDFFQX1
u_account_balance/balance_db_reg[7][4]   0.003796    9.01e-05    0.004022   0.0001363  SDFFQX1
u_account_balance/balance_db_reg[12][4]   0.003795   9.121e-05    0.004022   0.0001363  SDFFQX1
u_account_balance/balance_db_reg[6][4]   0.003795    8.27e-05    0.004014   0.0001363  SDFFQX1
u_account_balance/balance_db_reg[0][5]   0.003801   7.684e-05    0.004014   0.0001363  SDFFQX1
u_account_balance/balance_db_reg[0][4]   0.003792   8.215e-05     0.00401   0.0001363  SDFFQX1
u_account_balance/balance_db_reg[9][4]   0.003795   7.846e-05    0.004009   0.0001363  SDFFQX1
u_account_balance/balance_db_reg[14][4]   0.003795   7.811e-05    0.004009   0.0001363  SDFFQX1
state_reg[1]                    0.003562   0.0003104    0.004009   0.0001363  SDFFQX1
u_account_balance/balance_db_reg[6][3]    0.00375   0.0001207    0.004007   0.0001363  SDFFQX1
u_account_balance/balance_db_reg[8][4]   0.003795   7.561e-05    0.004007   0.0001363  SDFFQX1
u_account_balance/balance_db_reg[4][4]   0.003795    7.43e-05    0.004006   0.0001363  SDFFQX1
u_account_balance/balance_db_reg[5][3]    0.00375   0.0001094    0.003996   0.0001363  SDFFQX1
u_account_balance/balance_db_reg[5][6]   0.003746   0.0001094    0.003992   0.0001363  SDFFQX1
u_account_balance/balance_db_reg[7][3]    0.00375   0.0001027    0.003989   0.0001363  SDFFQX1
u_account_balance/balance_db_reg[4][6]   0.003746   0.0001026    0.003985   0.0001363  SDFFQX1
u_account_balance/balance_db_reg[4][3]   0.003749   9.616e-05    0.003981   0.0001363  SDFFQX1
u_account_balance/balance_db_reg[0][3]   0.003747   9.719e-05    0.003981   0.0001363  SDFFQX1
u_account_balance/balance_db_reg[6][2]   0.003729   0.0001134    0.003979   0.0001363  SDFFQX1
u_account_balance/balance_db_reg[0][6]   0.003744   9.666e-05    0.003977   0.0001363  SDFFQX1
u_account_balance/balance_db_reg[10][3]    0.00375   8.954e-05    0.003976   0.0001363  SDFFQX1
u_account_balance/balance_db_reg[6][6]   0.003746   9.207e-05    0.003974   0.0001363  SDFFQX1
u_account_balance/balance_db_reg[14][3]   0.003749    8.94e-05    0.003974   0.0001363  SDFFQX1
u_account_balance/balance_db_reg[10][6]   0.003746   9.107e-05    0.003973   0.0001363  SDFFQX1
u_account_balance/balance_db_reg[9][3]    0.00375   8.711e-05    0.003973   0.0001363  SDFFQX1
u_account_balance/balance_db_reg[14][2]   0.003729    0.000105    0.003971   0.0001363  SDFFQX1
u_account_balance/balance_db_reg[14][6]   0.003745   8.487e-05    0.003966   0.0001363  SDFFQX1
u_account_balance/balance_db_reg[7][6]   0.003746   8.246e-05    0.003965   0.0001363  SDFFQX1
u_account_balance/balance_db_reg[13][2]   0.003728   9.767e-05    0.003962   0.0001363  SDFFQX1
u_account_balance/balance_db_reg[3][5]   0.003552    0.000274    0.003962   0.0001363  SDFFQX1
u_account_balance/balance_db_reg[8][3]    0.00375   7.367e-05     0.00396   0.0001363  SDFFQX1
u_account_balance/balance_db_reg[12][3]    0.00375   7.367e-05     0.00396   0.0001363  SDFFQX1
u_account_balance/balance_db_reg[5][2]    0.00373   9.262e-05    0.003958   0.0001363  SDFFQX1
u_account_balance/balance_db_reg[8][6]   0.003745   7.697e-05    0.003958   0.0001363  SDFFQX1
u_account_balance/balance_db_reg[0][2]   0.003728   9.241e-05    0.003957   0.0001363  SDFFQX1
u_account_balance/balance_db_reg[4][2]   0.003729   8.976e-05    0.003955   0.0001363  SDFFQX1
u_account_balance/balance_db_reg[12][2]   0.003729   8.922e-05    0.003955   0.0001363  SDFFQX1
u_account_balance/balance_db_reg[8][2]   0.003729   8.702e-05    0.003953   0.0001363  SDFFQX1
u_account_balance/balance_db_reg[10][2]   0.003729   8.617e-05    0.003952   0.0001363  SDFFQX1
u_account_balance/balance_db_reg[7][2]   0.003729   8.362e-05    0.003949   0.0001363  SDFFQX1
u_account_balance/balance_db_reg[9][2]   0.003729   7.408e-05     0.00394   0.0001363  SDFFQX1
u_barrier_ctrl/barrier_position_counter_reg[2]   0.003623   0.0001779    0.003937   0.0001363  SDFFQX1
u_account_balance/balance_db_reg[13][5]   0.003704   9.927e-05    0.003933   0.0001296  SDFFQXL
u_account_balance/balance_db_reg[11][4]   0.003696    0.000105    0.003931   0.0001296  SDFFQXL
u_account_balance/balance_db_reg[12][5]   0.003706   9.151e-05    0.003927   0.0001296  SDFFQXL
u_account_balance/balance_db_reg[11][5]   0.003703    8.42e-05    0.003917   0.0001296  SDFFQXL
u_account_balance/balance_db_reg[13][4]   0.003696   9.033e-05    0.003916   0.0001296  SDFFQXL
u_account_balance/balance_db_reg[14][5]   0.003705   8.062e-05    0.003916   0.0001296  SDFFQXL
u_account_balance/balance_db_reg[15][5]   0.003703   7.742e-05     0.00391   0.0001296  SDFFQXL
u_account_balance/balance_db_reg[15][4]   0.003696   8.416e-05     0.00391   0.0001296  SDFFQXL
u_account_balance/balance_db_reg[15][3]   0.003651   0.0001054    0.003886   0.0001296  SDFFQXL
u_account_balance/balance_db_reg[13][3]   0.003653   0.0001027    0.003885   0.0001296  SDFFQXL
u_account_balance/balance_db_reg[13][6]   0.003647   0.0001045    0.003882   0.0001296  SDFFQXL
u_account_balance/balance_db_reg[11][3]   0.003651    9.75e-05    0.003878   0.0001296  SDFFQXL
u_account_balance/balance_db_reg[12][6]   0.003649   9.708e-05    0.003876   0.0001296  SDFFQXL
u_account_balance/balance_db_reg[11][6]   0.003648   9.739e-05    0.003875   0.0001296  SDFFQXL
u_account_balance/balance_db_reg[9][6]   0.003649    8.99e-05    0.003868   0.0001296  SDFFQXL
u_account_balance/balance_db_reg[5][7]    0.00363   0.0001011    0.003868   0.0001363  SDFFQX1
u_account_balance/balance_db_reg[3][1]   0.003552   0.0001757    0.003864   0.0001363  SDFFQX1
u_account_balance/balance_db_reg[6][7]    0.00363   9.565e-05    0.003862   0.0001363  SDFFQX1
u_account_balance/balance_db_reg[3][14]   0.003552   0.0001735    0.003862   0.0001363  SDFFQX1
u_account_balance/balance_db_reg[3][13]   0.003551   0.0001733     0.00386   0.0001363  SDFFQX1
u_account_balance/balance_db_reg[0][7]   0.003628   9.316e-05    0.003857   0.0001363  SDFFQX1
u_account_balance/balance_db_reg[1][3]   0.003548   0.0001724    0.003856   0.0001363  SDFFQX1
u_account_balance/balance_db_reg[2][10]   0.003555   0.0001639    0.003855   0.0001363  SDFFQX1
u_account_balance/balance_db_reg[4][7]    0.00363   8.787e-05    0.003854   0.0001363  SDFFQX1
u_account_balance/balance_db_reg[15][2]   0.003632   9.161e-05    0.003853   0.0001296  SDFFQXL
u_account_balance/balance_db_reg[8][7]    0.00363   8.426e-05    0.003851   0.0001363  SDFFQX1
u_account_balance/balance_db_reg[3][12]   0.003552   0.0001619     0.00385   0.0001363  SDFFQX1
u_account_balance/balance_db_reg[15][6]   0.003647   7.247e-05    0.003849   0.0001296  SDFFQXL
u_account_balance/balance_db_reg[3][3]   0.003551   0.0001592    0.003847   0.0001363  SDFFQX1
u_account_balance/balance_db_reg[1][1]   0.003549   0.0001611    0.003846   0.0001363  SDFFQX1
u_account_balance/balance_db_reg[1][14]   0.003548   0.0001619    0.003846   0.0001363  SDFFQX1
u_account_balance/balance_db_reg[14][7]    0.00363   7.736e-05    0.003844   0.0001363  SDFFQX1
u_account_balance/balance_db_reg[7][7]    0.00363   7.704e-05    0.003844   0.0001363  SDFFQX1
u_account_balance/balance_db_reg[12][7]    0.00363   7.681e-05    0.003843   0.0001363  SDFFQX1
u_account_balance/balance_db_reg[1][4]   0.003548   0.0001579    0.003843   0.0001363  SDFFQX1
u_account_balance/balance_db_reg[3][7]   0.003551    0.000155    0.003842   0.0001363  SDFFQX1
u_account_balance/balance_db_reg[1][13]   0.003548   0.0001575    0.003842   0.0001363  SDFFQX1
u_account_balance/balance_db_reg[2][9]   0.003551    0.000155    0.003842   0.0001363  SDFFQX1
u_account_balance/balance_db_reg[2][11]   0.003551   0.0001539    0.003841   0.0001363  SDFFQX1
u_barrier_ctrl/barrier_close_cmd_reg   0.003587   0.0001169     0.00384   0.0001363  SDFFQX1
u_account_balance/balance_db_reg[10][7]    0.00363   7.289e-05    0.003839   0.0001363  SDFFQX1
u_account_balance/balance_db_reg[1][10]   0.003549   0.0001532    0.003839   0.0001363  SDFFQX1
u_account_balance/balance_db_reg[2][3]   0.003552   0.0001506    0.003838   0.0001363  SDFFQX1
u_account_balance/balance_db_reg[2][7]   0.003551   0.0001505    0.003838   0.0001363  SDFFQX1
u_account_balance/balance_db_reg[2][13]   0.003551   0.0001508    0.003838   0.0001363  SDFFQX1
u_account_balance/balance_db_reg[11][2]   0.003632   7.608e-05    0.003837   0.0001296  SDFFQXL
u_account_balance/balance_db_reg[3][4]   0.003532   0.0001692    0.003837   0.0001363  SDFFQX1
u_account_balance/balance_db_reg[2][1]   0.003555   0.0001457    0.003837   0.0001363  SDFFQX1
u_account_balance/balance_db_reg[3][11]   0.003551   0.0001489    0.003836   0.0001363  SDFFQX1
u_account_balance/balance_db_reg[2][12]   0.003556   0.0001426    0.003835   0.0001363  SDFFQX1
u_account_balance/balance_db_reg[3][9]   0.003551   0.0001434    0.003831   0.0001363  SDFFQX1
u_account_balance/balance_db_reg[1][7]   0.003548   0.0001458    0.003831   0.0001363  SDFFQX1
u_account_balance/balance_db_reg[3][6]   0.003551   0.0001425     0.00383   0.0001363  SDFFQX1
u_account_balance/balance_db_reg[2][6]   0.003556   0.0001345    0.003827   0.0001363  SDFFQX1
u_account_balance/balance_db_reg[3][10]   0.003552   0.0001322     0.00382   0.0001363  SDFFQX1
u_account_balance/balance_db_reg[2][5]   0.003554   0.0001291     0.00382   0.0001363  SDFFQX1
u_account_balance/balance_db_reg[2][4]   0.003555   0.0001255    0.003817   0.0001363  SDFFQX1
u_account_balance/balance_db_reg[1][11]   0.003548   0.0001306    0.003815   0.0001363  SDFFQX1
u_account_balance/balance_db_reg[2][8]   0.003555   0.0001198    0.003811   0.0001363  SDFFQX1
u_account_balance/balance_db_reg[1][9]   0.003548   0.0001242    0.003809   0.0001363  SDFFQX1
u_account_balance/balance_db_reg[3][8]   0.003552   0.0001154    0.003804   0.0001363  SDFFQX1
u_account_balance/balance_db_reg[1][12]   0.003549   0.0001098    0.003795   0.0001363  SDFFQX1
u_account_balance/balance_db_reg[1][6]   0.003493   0.0001638    0.003793   0.0001363  SDFFQX1
u_account_balance/balance_db_reg[1][8]   0.003549   0.0001068    0.003792   0.0001363  SDFFQX1
u_account_balance/balance_db_reg[1][5]   0.003493   0.0001579    0.003787   0.0001363  SDFFQX1
u_account_balance/balance_db_reg[2][14]    0.00355   8.283e-05     0.00377   0.0001363  SDFFQX1
u_account_balance/balance_db_reg[5][11]   0.003526   0.0001056    0.003768   0.0001363  SDFFQX1
u_account_balance/balance_db_reg[7][11]   0.003525   0.0001047    0.003766   0.0001363  SDFFQX1
u_account_balance/balance_db_reg[1][2]   0.003492   0.0001346    0.003762   0.0001363  SDFFQX1
u_account_balance/balance_db_reg[8][9]    0.00353   9.452e-05    0.003761   0.0001363  SDFFQX1
u_account_balance/balance_db_reg[9][7]   0.003537   9.372e-05     0.00376   0.0001296  SDFFQXL
u_account_balance/balance_db_reg[4][9]    0.00353   9.352e-05     0.00376   0.0001363  SDFFQX1
u_account_balance/balance_db_reg[6][9]    0.00353   9.053e-05    0.003757   0.0001363  SDFFQX1
u_account_balance/balance_db_reg[6][11]   0.003526   9.274e-05    0.003755   0.0001363  SDFFQX1
u_account_balance/balance_db_reg[4][11]   0.003526   9.033e-05    0.003753   0.0001363  SDFFQX1
u_account_balance/balance_db_reg[6][1]   0.003509   0.0001042    0.003749   0.0001363  SDFFQX1
u_account_balance/balance_db_reg[3][2]   0.003493   0.0001196    0.003749   0.0001363  SDFFQX1
u_account_balance/balance_db_reg[5][1]   0.003509   0.0001017    0.003747   0.0001363  SDFFQX1
u_account_balance/balance_db_reg[5][9]    0.00353   7.898e-05    0.003746   0.0001363  SDFFQX1
u_account_balance/balance_db_reg[0][9]   0.003528   8.137e-05    0.003745   0.0001363  SDFFQX1
u_account_balance/balance_db_reg[4][1]   0.003509   9.943e-05    0.003744   0.0001363  SDFFQX1
u_account_balance/balance_db_reg[11][7]   0.003534   8.012e-05    0.003744   0.0001296  SDFFQXL
u_account_balance/balance_db_reg[14][1]   0.003508   9.755e-05    0.003742   0.0001363  SDFFQX1
u_account_balance/balance_db_reg[2][2]   0.003493   0.0001125    0.003742   0.0001363  SDFFQX1
u_account_balance/balance_db_reg[13][7]   0.003534   7.763e-05    0.003742   0.0001296  SDFFQXL
u_account_balance/balance_db_reg[15][7]   0.003534   7.572e-05    0.003739   0.0001296  SDFFQXL
u_account_balance/balance_db_reg[7][9]    0.00353   7.104e-05    0.003738   0.0001363  SDFFQX1
u_account_balance/balance_db_reg[10][1]   0.003509   9.221e-05    0.003737   0.0001363  SDFFQX1
u_account_balance/balance_db_reg[13][1]   0.003508   9.216e-05    0.003736   0.0001363  SDFFQX1
u_account_balance/balance_db_reg[0][11]   0.003524   7.577e-05    0.003736   0.0001363  SDFFQX1
u_account_balance/balance_db_reg[7][1]   0.003509   8.867e-05    0.003733   0.0001363  SDFFQX1
u_account_balance/balance_db_reg[8][1]   0.003509   8.526e-05     0.00373   0.0001363  SDFFQX1
u_account_balance/balance_db_reg[9][1]   0.003508   7.926e-05    0.003724   0.0001363  SDFFQX1
u_account_balance/balance_db_reg[0][1]   0.003508   7.943e-05    0.003723   0.0001363  SDFFQX1
u_account_balance/balance_db_reg[12][1]   0.003509    7.77e-05    0.003723   0.0001363  SDFFQX1
u_account_balance/balance_db_reg[6][8]   0.003478   0.0001053    0.003719   0.0001363  SDFFQX1
u_account_balance/balance_db_reg[11][1]   0.003507   7.368e-05    0.003717   0.0001363  SDFFQX1
u_account_balance/balance_db_reg[7][8]   0.003478   0.0001001    0.003714   0.0001363  SDFFQX1
u_account_balance/balance_db_reg[6][10]   0.003464    0.000109     0.00371   0.0001363  SDFFQX1
u_account_balance/balance_db_reg[4][8]   0.003478   9.007e-05    0.003704   0.0001363  SDFFQX1
u_account_balance/balance_db_reg[0][10]   0.003463   9.657e-05    0.003696   0.0001363  SDFFQX1
u_account_balance/balance_db_reg[10][10]   0.003464   9.509e-05    0.003696   0.0001363  SDFFQX1
u_account_balance/balance_db_reg[5][10]   0.003464   9.448e-05    0.003695   0.0001363  SDFFQX1
u_account_balance/balance_db_reg[14][8]   0.003478   7.937e-05    0.003693   0.0001363  SDFFQX1
u_account_balance/balance_db_reg[4][10]   0.003464   9.204e-05    0.003693   0.0001363  SDFFQX1
u_account_balance/balance_db_reg[5][8]   0.003478    7.72e-05    0.003691   0.0001363  SDFFQX1
u_barrier_ctrl/barrier_open_cmd_reg   0.003468   8.687e-05    0.003691   0.0001363  SDFFQX1
u_account_balance/balance_db_reg[0][8]   0.003477   7.537e-05    0.003688   0.0001363  SDFFQX1
u_account_balance/balance_db_reg[6][13]   0.003448   0.0001022    0.003687   0.0001363  SDFFQX1
u_account_balance/balance_db_reg[5][13]   0.003448   9.294e-05    0.003677   0.0001363  SDFFQX1
u_account_balance/balance_db_reg[7][10]   0.003464    7.67e-05    0.003677   0.0001363  SDFFQX1
u_account_balance/balance_db_reg[7][13]   0.003448   9.275e-05    0.003677   0.0001363  SDFFQX1
u_account_balance/balance_db_reg[4][13]   0.003448   8.858e-05    0.003673   0.0001363  SDFFQX1
u_account_balance/balance_db_reg[14][9]   0.003438   9.941e-05    0.003667   0.0001296  SDFFQXL
u_account_balance/balance_db_reg[12][9]   0.003438   9.889e-05    0.003667   0.0001296  SDFFQXL
u_account_balance/balance_db_reg[0][13]   0.003447   8.216e-05    0.003665   0.0001363  SDFFQX1
u_account_balance/balance_db_reg[11][11]   0.003432    0.000101    0.003663   0.0001296  SDFFQXL
u_account_balance/balance_db_reg[8][13]   0.003448   7.658e-05    0.003661   0.0001363  SDFFQX1
u_account_balance/balance_db_reg[12][11]   0.003435   9.652e-05    0.003661   0.0001296  SDFFQXL
u_account_balance/balance_db_reg[13][9]   0.003436   9.375e-05     0.00366   0.0001296  SDFFQXL
u_account_balance/balance_db_reg[13][11]   0.003433   9.691e-05    0.003659   0.0001296  SDFFQXL
u_account_balance/balance_db_reg[9][9]   0.003438    9.04e-05    0.003658   0.0001296  SDFFQXL
u_vehicle_interface/id_valid_reg   0.003381   0.0001402    0.003658   0.0001363  SDFFQX1
u_account_balance/balance_db_reg[11][9]   0.003436   9.173e-05    0.003657   0.0001296  SDFFQXL
u_account_balance/balance_db_reg[10][11]   0.003434   9.067e-05    0.003655   0.0001296  SDFFQXL
u_account_balance/balance_db_reg[14][11]   0.003433   9.014e-05    0.003653   0.0001296  SDFFQXL
u_account_balance/balance_db_reg[9][11]   0.003434   8.815e-05    0.003652   0.0001296  SDFFQXL
u_account_balance/balance_db_reg[15][9]   0.003436   8.506e-05    0.003651   0.0001296  SDFFQXL
u_account_balance/balance_db_reg[10][9]   0.003438   7.955e-05    0.003647   0.0001296  SDFFQXL
u_account_balance/balance_db_reg[6][15]   0.003412    9.56e-05    0.003644   0.0001363  SDFFQX1
u_account_balance/balance_db_reg[15][1]   0.003415    9.86e-05    0.003643   0.0001296  SDFFQXL
u_account_balance/balance_db_reg[14][15]   0.003412   9.523e-05    0.003643   0.0001363  SDFFQX1
u_account_balance/balance_db_reg[7][15]   0.003412   9.312e-05    0.003641   0.0001363  SDFFQX1
u_account_balance/balance_db_reg[15][11]   0.003431   7.866e-05    0.003639   0.0001296  SDFFQXL
u_account_balance/balance_db_reg[8][11]   0.003434   7.499e-05    0.003639   0.0001296  SDFFQXL
u_account_balance/balance_db_reg[9][15]   0.003411   8.951e-05    0.003637   0.0001363  SDFFQX1
u_account_balance/balance_db_reg[5][15]   0.003412   8.541e-05    0.003633   0.0001363  SDFFQX1
u_account_balance/balance_db_reg[10][15]   0.003412   7.748e-05    0.003625   0.0001363  SDFFQX1
u_account_balance/balance_db_reg[12][15]   0.003412   7.659e-05    0.003624   0.0001363  SDFFQX1
u_account_balance/balance_db_reg[8][15]   0.003412   7.549e-05    0.003623   0.0001363  SDFFQX1
u_account_balance/balance_db_reg[0][15]    0.00341   7.635e-05    0.003623   0.0001363  SDFFQX1
u_account_balance/balance_db_reg[4][15]   0.003412   7.339e-05    0.003621   0.0001363  SDFFQX1
u_account_balance/balance_db_reg[8][8]   0.003386   0.0001046    0.003621   0.0001296  SDFFQXL
u_account_balance/balance_db_reg[9][8]   0.003386   9.467e-05     0.00361   0.0001296  SDFFQXL
u_account_balance/balance_db_reg[11][8]   0.003385    9.57e-05     0.00361   0.0001296  SDFFQXL
u_account_balance/balance_db_reg[12][8]   0.003386   9.158e-05    0.003607   0.0001296  SDFFQXL
u_account_balance/balance_db_reg[13][8]   0.003385   8.858e-05    0.003603   0.0001296  SDFFQXL
u_account_balance/balance_db_reg[9][10]   0.003373   9.787e-05      0.0036   0.0001296  SDFFQXL
u_account_balance/balance_db_reg[8][10]   0.003373   9.729e-05      0.0036   0.0001296  SDFFQXL
u_account_balance/balance_db_reg[15][8]   0.003385   8.355e-05    0.003598   0.0001296  SDFFQXL
u_account_balance/balance_db_reg[10][8]   0.003386   8.118e-05    0.003597   0.0001296  SDFFQXL
u_account_balance/balance_db_reg[13][10]   0.003372   9.173e-05    0.003593   0.0001296  SDFFQXL
u_account_balance/balance_db_reg[12][10]   0.003373   8.462e-05    0.003587   0.0001296  SDFFQXL
u_account_balance/balance_db_reg[11][10]   0.003371   8.317e-05    0.003584   0.0001296  SDFFQXL
u_account_balance/balance_db_reg[12][13]   0.003357   9.642e-05    0.003583   0.0001296  SDFFQXL
u_account_balance/balance_db_reg[14][10]   0.003372   7.798e-05     0.00358   0.0001296  SDFFQXL
u_account_balance/balance_db_reg[15][10]   0.003371   7.824e-05    0.003579   0.0001296  SDFFQXL
u_account_balance/balance_db_reg[10][13]   0.003357   9.167e-05    0.003578   0.0001296  SDFFQXL
u_account_balance/balance_db_reg[9][13]   0.003357   9.143e-05    0.003578   0.0001296  SDFFQXL
u_account_balance/balance_db_reg[13][13]   0.003356   9.138e-05    0.003577   0.0001296  SDFFQXL
u_account_balance/balance_db_reg[14][13]   0.003357   8.152e-05    0.003568   0.0001296  SDFFQXL
u_account_balance/balance_db_reg[11][13]   0.003355   8.262e-05    0.003568   0.0001296  SDFFQXL
u_account_balance/balance_db_reg[15][13]   0.003355    7.76e-05    0.003563   0.0001296  SDFFQXL
u_account_balance/balance_db_reg[15][15]    0.00332   9.965e-05    0.003549   0.0001296  SDFFQXL
u_account_balance/charge_done_reg   0.003306   0.0001033    0.003546   0.0001363  SDFFQX1
u_account_balance/balance_db_reg[13][15]    0.00332   8.697e-05    0.003537   0.0001296  SDFFQXL
u_account_balance/balance_db_reg[5][12]   0.003282   0.0001111     0.00353   0.0001363  SDFFQX1
u_account_balance/balance_db_reg[6][12]   0.003282   0.0001063    0.003525   0.0001363  SDFFQX1
u_account_balance/balance_db_reg[11][15]   0.003319   7.461e-05    0.003524   0.0001296  SDFFQXL
u_account_balance/balance_db_reg[7][12]   0.003282   9.691e-05    0.003515   0.0001363  SDFFQX1
u_account_balance/balance_db_reg[4][12]   0.003282   9.641e-05    0.003515   0.0001363  SDFFQX1
u_account_balance/balance_db_reg[0][12]   0.003281   9.366e-05    0.003511   0.0001363  SDFFQX1
u_account_balance/balance_db_reg[4][14]   0.003262   9.866e-05    0.003497   0.0001363  SDFFQX1
u_account_balance/balance_db_reg[5][14]   0.003262   9.227e-05    0.003491   0.0001363  SDFFQX1
u_account_balance/balance_db_reg[0][14]   0.003261   9.204e-05    0.003489   0.0001363  SDFFQX1
u_account_balance/balance_db_reg[6][14]   0.003262   8.956e-05    0.003488   0.0001363  SDFFQX1
u_account_balance/balance_db_reg[8][14]   0.003262   8.875e-05    0.003487   0.0001363  SDFFQX1
u_account_balance/balance_db_reg[7][14]   0.003262   8.743e-05    0.003486   0.0001363  SDFFQX1
u_account_balance/balance_db_reg[10][12]   0.003193   9.304e-05    0.003416   0.0001296  SDFFQXL
u_account_balance/balance_db_reg[8][12]   0.003193   9.157e-05    0.003415   0.0001296  SDFFQXL
u_account_balance/balance_db_reg[9][12]   0.003193   9.025e-05    0.003413   0.0001296  SDFFQXL
u_account_balance/balance_db_reg[14][12]   0.003193   8.556e-05    0.003408   0.0001296  SDFFQXL
u_account_balance/balance_db_reg[15][12]   0.003193   8.309e-05    0.003405   0.0001296  SDFFQXL
u_account_balance/balance_db_reg[13][12]   0.003193   7.884e-05    0.003401   0.0001296  SDFFQXL
u_account_balance/balance_db_reg[11][12]   0.003192   7.824e-05      0.0034   0.0001296  SDFFQXL
u_account_balance/balance_db_reg[9][14]   0.003174   9.618e-05    0.003399   0.0001296  SDFFQXL
u_account_balance/balance_db_reg[12][12]   0.003193    7.35e-05    0.003396   0.0001296  SDFFQXL
u_account_balance/balance_db_reg[13][14]   0.003173   8.952e-05    0.003392   0.0001296  SDFFQXL
u_account_balance/balance_db_reg[12][14]   0.003174   8.599e-05    0.003389   0.0001296  SDFFQXL
u_account_balance/balance_db_reg[10][14]   0.003173   8.111e-05    0.003384   0.0001296  SDFFQXL
u_account_balance/balance_db_reg[15][14]   0.003173   7.974e-05    0.003382   0.0001296  SDFFQXL
u_account_balance/balance_db_reg[14][14]   0.003173   7.641e-05    0.003379   0.0001296  SDFFQXL
u_account_balance/balance_db_reg[11][14]   0.003172   7.446e-05    0.003377   0.0001296  SDFFQXL
u_account_balance/g13195       0.0007463    0.002111     0.00293   7.254e-05  CLKXOR2X1
u_account_balance/g13188       0.0005697    0.002201    0.002813   4.264e-05  AO21X1
u_account_balance/g13197       0.0005078    0.001955    0.002505   4.264e-05  AO21X1
u_account_balance/g13193       0.0003812    0.001904    0.002299   1.299e-05  OAI21X1
u_account_balance/g13168       0.0003579    0.001695    0.002066   1.299e-05  OAI21X1
u_account_balance/g13174       0.0002952    0.001646    0.001954   1.301e-05  CLKINVX1
u_account_balance/g13175        0.001021   0.0007327    0.001849   9.553e-05  ADDHX1
u_account_balance/g13157       0.0003202    0.001439    0.001772   1.299e-05  OAI21X1
u_account_balance/g13138       0.0003332    0.001412    0.001758   1.299e-05  OAI21X1
u_account_balance/g13202        0.001047   0.0006743    0.001757   3.607e-05  NOR2X2
u_account_balance/g13149         0.00034    0.001266    0.001648   4.264e-05  AO21X1
u_account_balance/g13458       0.0005133    0.001046     0.00164   8.078e-05  CLKAND2X3
u_account_balance/g13178       0.0003649    0.001217    0.001624   4.264e-05  AO21X1
u_account_balance/g13142       0.0003412    0.001209    0.001593   4.264e-05  AO21X1
u_account_balance/g13463       0.0004397   0.0009072    0.001386   3.898e-05  CLKINVX3
u_account_balance/g3407        0.0002123    0.001083    0.001309   1.301e-05  CLKINVX1
u_account_balance/g4343        0.0001229    0.001065    0.001202   1.403e-05  NAND2X1
u_account_balance/g13137       0.0002787   0.0009004    0.001192   1.299e-05  OAI21X1
u_account_balance/FE_OFC0_n_483   0.000187   0.0009549    0.001168   2.599e-05  CLKINVX2
u_account_balance/g4347        0.0001676   0.0009631    0.001166   3.499e-05  NAND2BX1
u_account_balance/g4346        0.0002226   0.0008736    0.001139   4.264e-05  AO21X1
u_account_balance/g13192       0.0005251   0.0005767     0.00112   1.816e-05  NOR2X1
u_account_balance/g13455       0.0003006   0.0007572    0.001103     4.5e-05  CLKAND2X2
u_account_balance/g13474       0.0002407     0.00072    0.000982   2.127e-05  OAI2BB1X1
u_account_balance/g13194       0.0003766   0.0005645   0.0009541   1.299e-05  OAI21X1
u_account_balance/g3405        0.0004696   0.0004494   0.0009321   1.301e-05  CLKINVX1
u_account_balance/g13456       0.0003015   0.0005313   0.0008778     4.5e-05  CLKAND2X2
u_account_balance/g13139       0.0001578   0.0006849   0.0008777   3.499e-05  NAND2BX1
u_account_balance/g13209       0.0005985   0.0002318   0.0008521   2.186e-05  NOR3BX1
u_account_balance/g13213       0.0006013   0.0002151   0.0008368   2.034e-05  NOR3X1
u_barrier_ctrl/g335            0.0005338   0.0002617   0.0008174   2.186e-05  NOR3BX1
u_account_balance/g13445       0.0001644   0.0006022   0.0007937   2.717e-05  AND2X1
u_account_balance/g13205       0.0005578   0.0002046   0.0007827   2.034e-05  NOR3X1
u_account_balance/g3403        0.0001137    0.000655   0.0007818   1.301e-05  CLKINVX1
u_account_balance/g13438       9.979e-05   0.0006272     0.00074   1.301e-05  CLKINVX1
u_account_balance/g13444       0.0002068   0.0005112   0.0007362   1.816e-05  NOR2X1
u_account_balance/g4366        0.0004006    0.000311   0.0007246   1.301e-05  CLKINVX1
u_account_balance/g13473       0.0002298   0.0004468   0.0007149   3.838e-05  NOR2BX2
u_account_balance/g13453       0.0001607   0.0004197   0.0006076   2.717e-05  AND2X1
u_account_balance/g13432       8.668e-05   0.0004562     0.00057   2.717e-05  AND2X1
u_account_balance/g13414       4.636e-05   0.0005049   0.0005643   1.301e-05  CLKINVX1
u_account_balance/g13408       8.594e-05   0.0004505   0.0005637   2.717e-05  AND2X1
u_account_balance/g13412       8.212e-05   0.0004397    0.000549   2.717e-05  AND2X1
u_account_balance/g13391       4.599e-05   0.0004897   0.0005487   1.301e-05  CLKINVX1
u_account_balance/g13204       0.0004546   6.237e-05   0.0005369   1.995e-05  AOI211X1
u_account_balance/g13172       0.0002435   0.0002638   0.0005273   2.004e-05  NOR2BX1
u_account_balance/g13187       0.0001439   0.0003598   0.0005178   1.403e-05  NAND2X1
u_account_balance/g13454       0.0001308   0.0003739   0.0005171   1.236e-05  NOR2XL
u_account_balance/g13221       0.0003673   0.0001257   0.0005111   1.816e-05  NOR2X1
u_account_balance/g13390       4.625e-05   0.0004497    0.000509   1.301e-05  CLKINVX1
g354                            0.000252   0.0002354   0.0005053   1.791e-05  OAI22X1
u_account_balance/g13287       0.0003877   9.768e-05   0.0005048    1.95e-05  AOI221X1
u_account_balance/g13447       0.0001249   0.0003602   0.0004981   1.301e-05  CLKINVX1
u_account_balance/g13218       0.0002838    0.000188   0.0004978   2.601e-05  AND4X1
u_account_balance/g13457       0.0002622   0.0002045   0.0004948   2.802e-05  NAND2X2
u_account_balance/g13407       8.385e-05   0.0003822   0.0004932   2.717e-05  AND2X1
u_account_balance/g13406       8.462e-05   0.0003773    0.000489   2.717e-05  AND2X1
u_account_balance/g13405       0.0001022   0.0003632   0.0004836   1.816e-05  NOR2X1
u_account_balance/g13230        0.000356   0.0001044   0.0004799    1.95e-05  AOI221X1
u_account_balance/g3406        0.0002296   0.0002304    0.000473   1.301e-05  CLKINVX1
u_account_balance/g4365        9.226e-05   0.0003597    0.000465   1.301e-05  CLKINVX1
u_account_balance/g13462       9.492e-05   0.0003543   0.0004622   1.301e-05  CLKINVX1
u_account_balance/g13392       4.657e-05   0.0004023   0.0004619   1.301e-05  CLKINVX1
u_account_balance/g3408        0.0002237   0.0002245   0.0004612   1.301e-05  CLKINVX1
u_account_balance/g13283       0.0003633   7.764e-05    0.000461   2.004e-05  NOR2BX1
u_account_balance/g13371       0.0003704   6.806e-05   0.0004579    1.95e-05  AOI221X1
u_account_balance/g13475       0.0003554   8.212e-05    0.000457    1.95e-05  AOI221X1
u_account_balance/g13277       0.0003388   9.848e-05   0.0004554   1.815e-05  AOI21X1
u_account_balance/g13206       0.0001164   0.0003242   0.0004511   1.046e-05  NAND4XL
u_account_balance/g13286       0.0003712   5.263e-05   0.0004434    1.95e-05  AOI221X1
u_account_balance/g13210       0.0002357   0.0001845   0.0004326   1.236e-05  NOR2XL
u_account_balance/g13260       0.0003313   7.508e-05   0.0004259    1.95e-05  AOI221X1
u_account_balance/g13389       4.643e-05    0.000366   0.0004254   1.301e-05  CLKINVX1
u_account_balance/g13256        0.000348   5.617e-05   0.0004245   2.034e-05  NOR3X1
u_account_balance/g13443        0.000131   0.0002804   0.0004237   1.236e-05  NOR2XL
u_account_balance/g13451       9.694e-05   0.0003111    0.000421   1.301e-05  CLKINVX1
u_account_balance/g13231       0.0003524   4.681e-05   0.0004187    1.95e-05  AOI221X1
u_account_balance/g13288       0.0003202   7.874e-05   0.0004169   1.791e-05  OAI22X1
g356                           0.0001225   0.0002587   0.0004083   2.717e-05  AND2X1
u_account_balance/g13388       4.614e-05   0.0003476   0.0004068   1.301e-05  CLKINVX1
g423                           0.0002523   0.0001337   0.0004038   1.791e-05  OAI22X1
u_barrier_ctrl/g326            0.0003145   7.324e-05   0.0004018   1.402e-05  OAI31X1
u_account_balance/g13413       4.747e-05   0.0003411   0.0004016   1.301e-05  CLKINVX1
u_account_balance/g13225       0.0002977   7.856e-05   0.0003942   1.791e-05  OAI22X1
u_account_balance/g13282       0.0002479   0.0001159    0.000391   2.717e-05  AND2X1
u_account_balance/g13351       0.0002946   7.789e-05   0.0003906   1.815e-05  AOI21X1
u_account_balance/g13211       0.0001761   0.0001989   0.0003901   1.511e-05  NAND3X1
u_account_balance/g13264       0.0003162   5.265e-05   0.0003888   1.995e-05  AOI211X1
u_account_balance/g13196       0.0002383   0.0001121   0.0003887   3.828e-05  OR2XL
u_account_balance/g13247       0.0002955   7.305e-05   0.0003865   1.791e-05  OAI22X1
u_account_balance/g13278       0.0003141   5.236e-05   0.0003864   1.995e-05  AOI211X1
u_vehicle_interface/g201       0.0001691   0.0002003   0.0003818   1.236e-05  NOR2XL
u_account_balance/g13437       0.0001189   0.0002444   0.0003763   1.301e-05  CLKINVX1
g419                           0.0003091   4.532e-05   0.0003723   1.787e-05  OAI32X1
u_account_balance/g13446        9.91e-05   0.0002585   0.0003706   1.301e-05  CLKINVX1
u_account_balance/g13229       0.0002982   5.091e-05   0.0003671   1.791e-05  OAI22X1
u_account_balance/g13421       0.0002746   7.449e-05    0.000367   1.791e-05  OAI22X1
u_account_balance/g13226       0.0001114    0.000244   0.0003647   9.289e-06  NAND2XL
u_account_balance/g13424       0.0002748   6.887e-05   0.0003616   1.791e-05  OAI22X1
u_account_balance/g13246       0.0002874    4.99e-05   0.0003557   1.833e-05  AOI22X1
u_account_balance/g13285        0.000283   5.155e-05   0.0003527   1.815e-05  AOI21X1
u_account_balance/g13212       0.0001242    0.000217   0.0003516   1.046e-05  NAND4XL
u_vehicle_interface/g202       0.0001343   0.0001951   0.0003495   2.004e-05  NOR2BX1
u_account_balance/g13248       0.0002715   5.742e-05   0.0003473   1.833e-05  AOI22X1
u_barrier_ctrl/g214            0.0002384   6.613e-05   0.0003471   4.264e-05  AO21X1
u_account_balance/g13380       0.0002295   9.734e-05   0.0003452   1.833e-05  AOI22X1
u_account_balance/g13207       0.0001158   0.0002145   0.0003408   1.046e-05  NAND4XL
u_account_balance/g13384       0.0002314   8.936e-05   0.0003391   1.833e-05  AOI22X1
u_account_balance/g13468       0.0001978   0.0001203   0.0003382   2.004e-05  NOR2BX1
u_account_balance/g13203       0.0001915   0.0001326   0.0003372   1.301e-05  CLKINVX1
g224                           5.854e-05   0.0002693   0.0003366   8.757e-06  INVXL
u_account_balance/g13427       0.0002487    6.28e-05   0.0003298   1.833e-05  AOI22X1
u_account_balance/g4321        0.0002395   4.603e-05   0.0003286   4.309e-05  AO22X1
u_barrier_ctrl/g331            0.0002305    7.85e-05   0.0003273   1.833e-05  AOI22X1
u_account_balance/g13170       5.793e-05   0.0002578    0.000325   9.289e-06  NAND2XL
u_account_balance/g13420       0.0002493   5.655e-05   0.0003242   1.833e-05  AOI22X1
u_account_balance/g13180       0.0001361   0.0001754   0.0003239   1.236e-05  NOR2XL
g429                           0.0001031   0.0002063   0.0003224   1.301e-05  INVX1
g418                           0.0002237   7.911e-05   0.0003212   1.833e-05  AOI22X1
g414                           0.0002243   8.333e-05   0.0003208   1.314e-05  OAI221X1
u_account_balance/g13214       0.0001685   0.0001396   0.0003204   1.236e-05  NOR2XL
u_account_balance/g13426         0.00025   5.067e-05    0.000319   1.833e-05  AOI22X1
u_account_balance/g13430       0.0002247   7.555e-05   0.0003185   1.833e-05  AOI22X1
u_account_balance/g13353       0.0001794   0.0001115   0.0003179   2.704e-05  MXI2XL
u_account_balance/g13449       9.452e-05   0.0002088   0.0003163   1.301e-05  CLKINVX1
g355                           9.686e-05   0.0002061   0.0003153   1.236e-05  NOR2XL
u_account_balance/g13428       0.0002502   4.586e-05   0.0003144   1.833e-05  AOI22X1
u_account_balance/g13350       0.0001795    0.000107   0.0003136   2.704e-05  MXI2XL
u_account_balance/g13422       0.0002502    4.48e-05   0.0003133   1.833e-05  AOI22X1
u_account_balance/g13385         0.00023   6.315e-05   0.0003115   1.833e-05  AOI22X1
u_account_balance/g13429       0.0002508   3.862e-05   0.0003078   1.833e-05  AOI22X1
u_account_balance/g13349       0.0001797   9.928e-05    0.000306   2.704e-05  MXI2XL
u_account_balance/g13176       0.0002325   5.295e-05   0.0003055   2.004e-05  NOR2BX1
u_account_balance/g13199       0.0001991   8.084e-05   0.0003046   2.466e-05  AND2XL
g413                           0.0002355   5.353e-05   0.0003022   1.314e-05  OAI221X1
u_barrier_ctrl/g333            0.0001629   0.0001269   0.0003022   1.236e-05  NOR2XL
u_account_balance/g13354       0.0001793   9.288e-05   0.0002992   2.704e-05  MXI2XL
g363                           9.558e-05   0.0001894    0.000298   1.301e-05  CLKINVX1
u_account_balance/g13452       0.0001464   0.0001384   0.0002972   1.236e-05  NOR2XL
u_account_balance/g13373       0.0002302   4.677e-05   0.0002953   1.833e-05  AOI22X1
u_account_balance/g13352        0.000177   8.873e-05   0.0002928   2.704e-05  MXI2XL
u_account_balance/g13483        0.000167   8.476e-05   0.0002906   3.881e-05  AO22XL
u_account_balance/g13219       0.0001244   0.0001525   0.0002892   1.236e-05  NOR2XL
u_account_balance/g13415       0.0002245   4.589e-05   0.0002887   1.833e-05  AOI22X1
u_account_balance/g13375       0.0002313   3.909e-05   0.0002887   1.833e-05  AOI22X1
u_barrier_ctrl/g328            0.0002128   6.061e-05   0.0002864   1.299e-05  OAI21X1
u_account_balance/g13442       6.094e-05   0.0002161   0.0002863   9.289e-06  NAND2XL
u_account_balance/g13201       0.0001673   8.766e-05   0.0002838   2.877e-05  NAND2BXL
u_account_balance/g13402       6.623e-05   0.0002042   0.0002828   1.236e-05  NOR2XL
u_account_balance/g4304        0.0001819   5.867e-05   0.0002793   3.881e-05  AO22XL
u_account_balance/g4312        0.0001805   5.914e-05   0.0002785   3.881e-05  AO22XL
u_account_balance/g13382       0.0001538   8.481e-05   0.0002775   3.881e-05  AO22XL
u_account_balance/g4308        0.0001818   5.679e-05   0.0002774   3.881e-05  AO22XL
u_account_balance/g4309        0.0001817   5.638e-05   0.0002769   3.881e-05  AO22XL
u_account_balance/g4311          0.00018   5.658e-05   0.0002754   3.881e-05  AO22XL
u_account_balance/g4280        0.0001797   5.674e-05   0.0002753   3.881e-05  AO22XL
u_account_balance/g13227       0.0001868   7.407e-05   0.0002749    1.41e-05  OAI211X1
u_account_balance/g13224       0.0001784   8.354e-05   0.0002743   1.236e-05  NOR2XL
u_barrier_ctrl/g327            0.0001787   6.807e-05   0.0002739   2.704e-05  MXI2XL
u_account_balance/g4314        0.0001798   5.523e-05   0.0002738   3.881e-05  AO22XL
g360                            0.000131   0.0001299   0.0002732   1.236e-05  NOR2XL
u_account_balance/g4307         0.000182    5.24e-05   0.0002732   3.881e-05  AO22XL
u_vehicle_interface/g199       0.0001866   4.718e-05   0.0002726   3.881e-05  AO22XL
u_account_balance/g4317        0.0001797   5.375e-05   0.0002723   3.881e-05  AO22XL
u_account_balance/g13236       0.0001876   6.972e-05   0.0002714    1.41e-05  OAI211X1
u_account_balance/g4319        0.0001706    6.14e-05   0.0002708   3.881e-05  AO22XL
u_account_balance/g4318        0.0001799   5.201e-05   0.0002707   3.881e-05  AO22XL
u_barrier_ctrl/g337            0.0001589   8.411e-05   0.0002701   2.717e-05  AND2X1
u_account_balance/g13200       0.0001144   0.0001462   0.0002699   9.289e-06  NAND2XL
g415                           0.0002012   5.454e-05   0.0002698    1.41e-05  OAI211X1
u_account_balance/g4306        0.0001821   4.761e-05   0.0002685   3.881e-05  AO22XL
u_account_balance/g13482       0.0001676   6.159e-05    0.000268   3.881e-05  AO22XL
u_account_balance/g4315        0.0001798   4.865e-05   0.0002673   3.881e-05  AO22XL
u_account_balance/g13401       6.605e-05   0.0001885   0.0002669   1.236e-05  NOR2XL
u_account_balance/g4302        0.0001825   4.411e-05   0.0002654   3.881e-05  AO22XL
g428                           0.0001281    0.000102   0.0002651   3.499e-05  NAND2BX1
g425                           0.0001313   0.0001208   0.0002645   1.236e-05  NOR2XL
u_account_balance/g4305         0.000171   5.147e-05   0.0002613   3.881e-05  AO22XL
u_account_balance/g4313        0.0001705   5.182e-05   0.0002612   3.881e-05  AO22XL
u_vehicle_interface/g197       0.0001693    5.28e-05   0.0002609   3.881e-05  AO22XL
u_vehicle_interface/g196       0.0001707   4.994e-05   0.0002595   3.881e-05  AO22XL
u_account_balance/g13270       0.0001641   7.601e-05   0.0002584   1.833e-05  AOI22X1
u_account_balance/g13381       0.0001695   7.573e-05   0.0002582   1.299e-05  OAI21X1
g348                           0.0001564   5.909e-05    0.000258   4.256e-05  OR2X1
u_account_balance/g4316        0.0001706   4.781e-05   0.0002572   3.881e-05  AO22XL
u_account_balance/g13481       0.0001534   6.413e-05   0.0002564   3.881e-05  AO22XL
u_account_balance/g4310        0.0001707   4.622e-05   0.0002558   3.881e-05  AO22XL
u_account_balance/g13377       0.0001539   6.294e-05   0.0002557   3.881e-05  AO22XL
u_account_balance/g13387       0.0001539   6.264e-05   0.0002554   3.881e-05  AO22XL
u_vehicle_interface/g198       0.0001704   4.541e-05   0.0002546   3.881e-05  AO22XL
u_account_balance/g13369       0.0001516   8.958e-05   0.0002542   1.299e-05  OAI21X1
g424                           0.0001331   8.346e-05   0.0002515   3.499e-05  NAND2BX1
u_account_balance/g13220        0.000124    0.000111   0.0002473   1.236e-05  NOR2XL
u_account_balance/g13484       0.0001682   4.027e-05   0.0002472   3.881e-05  AO22XL
g351                           9.737e-05   0.0001374   0.0002471   1.236e-05  NOR2XL
g427                           0.0001695   6.412e-05    0.000246   1.236e-05  NOR2XL
u_account_balance/g13376       0.0001682   6.375e-05   0.0002449   1.299e-05  OAI21X1
u_account_balance/g13379       0.0001424   8.989e-05   0.0002446   1.229e-05  AOI22XL
u_account_balance/g13269       0.0001675   6.297e-05   0.0002435     1.3e-05  AOI222XL
g357                           0.0001209    7.62e-05   0.0002396   4.256e-05  OR2X1
u_barrier_ctrl/g220            0.0001312   5.009e-05   0.0002382   5.698e-05  OR3X1
g350                           9.758e-05   0.0001281    0.000238   1.236e-05  NOR2XL
u_account_balance/g13272       0.0001678   5.577e-05   0.0002366     1.3e-05  AOI222XL
u_barrier_ctrl/g330            0.0001871   3.036e-05   0.0002341   1.662e-05  NOR2BXL
u_account_balance/g13234       0.0001827   3.284e-05   0.0002337   1.815e-05  AOI21X1
u_barrier_ctrl/g324            0.0001557   5.485e-05   0.0002318   2.127e-05  OAI2BB1X1
u_account_balance/g13216       0.0001685   5.074e-05   0.0002316   1.236e-05  NOR2XL
u_barrier_ctrl/g334            0.0001693   4.793e-05   0.0002302   1.301e-05  INVX1
u_account_balance/g13275       0.0001684    4.82e-05   0.0002296     1.3e-05  AOI222XL
u_account_balance/g13276       0.0001661   4.413e-05   0.0002285   1.833e-05  AOI22X1
u_account_balance/g13355       0.0001322   8.011e-05   0.0002253   1.299e-05  OAI21X1
u_account_balance/g3409        0.0001202   9.157e-05   0.0002248   1.301e-05  CLKINVX1
u_account_balance/g13461       0.0001054   0.0001043   0.0002226   1.301e-05  CLKINVX1
u_account_balance/g13367        0.000155   5.503e-05   0.0002224   1.236e-05  NOR2XL
u_account_balance/g13267       0.0001661   4.301e-05   0.0002221     1.3e-05  AOI222XL
u_account_balance/g13476       0.0001712   3.709e-05   0.0002213     1.3e-05  AOI222XL
u_account_balance/g13279       0.0001675   3.974e-05   0.0002203     1.3e-05  AOI222XL
u_account_balance/g13470       0.0001301   5.206e-05   0.0002171   3.499e-05  NAND2BX1
u_barrier_ctrl/g215            0.0001621   3.977e-05   0.0002159   1.402e-05  OAI31X1
u_account_balance/g13378       0.0001414   6.118e-05   0.0002148   1.229e-05  AOI22XL
u_account_balance/g13271       0.0001547   4.155e-05   0.0002144   1.815e-05  AOI21X1
u_account_balance/g13274       0.0001676   3.132e-05    0.000212     1.3e-05  AOI222XL
u_account_balance/g13244        0.000123   7.579e-05   0.0002112   1.236e-05  NOR2XL
u_barrier_ctrl/g332            6.665e-05   0.0001153   0.0002098    2.78e-05  NAND4BXL
u_account_balance/g13419       0.0001548   4.158e-05   0.0002087   1.229e-05  AOI22XL
u_account_balance/g13366       0.0001417   5.369e-05   0.0002078   1.236e-05  NOR2XL
FE_DBTC0_n_68                  4.794e-05    0.000151   0.0002077   8.757e-06  INVXL
g421                           0.0001277   6.591e-05   0.0002066   1.301e-05  INVX1
u_account_balance/g13418       0.0001549   3.938e-05   0.0002066   1.229e-05  AOI22XL
u_barrier_ctrl/g336            0.0001311   6.298e-05   0.0002065   1.236e-05  NOR2XL
u_account_balance/g13416        0.000155    3.91e-05   0.0002064   1.229e-05  AOI22XL
u_account_balance/g13435       0.0001125   7.908e-05   0.0002046   1.301e-05  CLKINVX1
u_account_balance/g13372       0.0001427   4.835e-05   0.0002033   1.229e-05  AOI22XL
u_account_balance/g13471       0.0001295   3.573e-05   0.0002002   3.499e-05  NAND2BX1
u_account_balance/g13251       0.0001445    3.75e-05   0.0002001   1.815e-05  AOI21X1
u_account_balance/g13383       0.0001413   4.647e-05   0.0002001   1.229e-05  AOI22XL
u_account_balance/g13386       0.0001428   4.214e-05   0.0001972   1.229e-05  AOI22XL
g353                           0.0001241   5.074e-05    0.000194    1.92e-05  OAI2BB1XL
u_account_balance/g4301        0.0001162   6.053e-05   0.0001909    1.41e-05  OAI211X1
u_barrier_ctrl/g217            6.257e-05   0.0001145   0.0001895   1.236e-05  NOR2XL
u_account_balance/g13298       0.0001243   4.624e-05   0.0001889   1.833e-05  AOI22X1
g364                            9.81e-05   7.665e-05   0.0001878   1.301e-05  CLKINVX1
u_account_balance/g13140       0.0001377   3.723e-05   0.0001873   1.236e-05  NOR2XL
u_account_balance/g13184       6.048e-05   5.461e-05   0.0001863   7.123e-05  OR4X1
g417                           6.482e-05   5.434e-05   0.0001861    6.69e-05  OR4XL
u_account_balance/g13281        9.33e-05   8.332e-05   0.0001859   9.289e-06  NAND2XL
g361                           6.054e-05    0.000116   0.0001858   9.289e-06  NAND2XL
u_account_balance/g13198       0.0001135   4.074e-05   0.0001821    2.78e-05  NAND4BXL
g352                           0.0001027   6.995e-05   0.0001819   9.336e-06  OAI211XL
g359                           6.263e-05   0.0001081     0.00018   9.289e-06  NAND2XL
u_account_balance/g13302       0.0001192   4.222e-05   0.0001796   1.815e-05  AOI21X1
u_account_balance/g13273       0.0001213   4.455e-05   0.0001789   1.299e-05  OAI21X1
g422                           7.967e-05    5.65e-05   0.0001787   4.256e-05  OR2X1
u_account_balance/g13237        0.000122   4.223e-05   0.0001766   1.236e-05  NOR2XL
u_account_balance/g13346       0.0001207   3.743e-05   0.0001765   1.833e-05  AOI22X1
u_account_balance/g13341       0.0001216   3.639e-05   0.0001763   1.833e-05  AOI22X1
u_account_balance/g13319       0.0001243   3.326e-05   0.0001759   1.833e-05  AOI22X1
u_account_balance/g13290       0.0001266   3.077e-05   0.0001757   1.833e-05  AOI22X1
g420                           4.476e-05   0.0001212   0.0001753   9.289e-06  NAND2XL
u_account_balance/g13336       0.0001266   2.955e-05   0.0001745   1.833e-05  AOI22X1
u_account_balance/g13314       0.0001258   2.872e-05   0.0001729   1.833e-05  AOI22X1
u_account_balance/g3           8.811e-05   5.744e-05   0.0001726   2.704e-05  MXI2XL
u_account_balance/g13344       0.0001229   3.133e-05   0.0001725   1.833e-05  AOI22X1
u_account_balance/g13289       0.0001224   3.145e-05   0.0001722   1.833e-05  AOI22X1
u_account_balance/g13324       0.0001214   3.163e-05   0.0001714   1.833e-05  AOI22X1
u_account_balance/g13315       0.0001257   2.737e-05   0.0001714   1.833e-05  AOI22X1
u_account_balance/g13325       0.0001212   3.156e-05   0.0001711   1.833e-05  AOI22X1
u_account_balance/g13333       0.0001334   1.905e-05   0.0001708   1.833e-05  AOI22X1
u_account_balance/g13320       0.0001217    3.05e-05   0.0001706   1.833e-05  AOI22X1
u_account_balance/g13304       0.0001249   2.719e-05   0.0001705   1.833e-05  AOI22X1
u_account_balance/g4320        0.0001157   4.062e-05   0.0001704    1.41e-05  OAI211X1
u_account_balance/g13300       0.0001273   2.457e-05   0.0001702   1.833e-05  AOI22X1
u_account_balance/g13307       0.0001266   2.469e-05   0.0001697   1.833e-05  AOI22X1
u_account_balance/g4357        5.892e-05   0.0001013   0.0001695   9.289e-06  NAND2XL
u_account_balance/g13368        0.000128   2.139e-05   0.0001694   2.004e-05  NOR2BX1
u_account_balance/g13330       0.0001263   2.443e-05    0.000169   1.833e-05  AOI22X1
u_account_balance/g13306       0.0001227   2.797e-05    0.000169   1.833e-05  AOI22X1
u_account_balance/g4282        0.0001158   3.905e-05    0.000169    1.41e-05  OAI211X1
u_account_balance/g13317       0.0001201   3.046e-05   0.0001689   1.833e-05  AOI22X1
u_account_balance/g13472       8.808e-05   5.301e-05   0.0001681   2.704e-05  MXI2XL
u_account_balance/g13328       0.0001276   2.194e-05   0.0001679   1.833e-05  AOI22X1
u_account_balance/g13343       0.0001242   2.489e-05   0.0001674   1.833e-05  AOI22X1
u_account_balance/g13348       0.0001243   2.457e-05   0.0001672   1.833e-05  AOI22X1
u_account_balance/g13296       0.0001227   2.603e-05    0.000167   1.833e-05  AOI22X1
u_account_balance/g13329       0.0001285   2.015e-05    0.000167   1.833e-05  AOI22X1
u_account_balance/g4333         9.07e-05   6.656e-05   0.0001666   9.289e-06  NAND2XL
u_account_balance/g13347       0.0001216   2.661e-05   0.0001665   1.833e-05  AOI22X1
u_account_balance/g13394       9.154e-05   3.996e-05   0.0001665   3.499e-05  NAND2BX1
u_account_balance/g13241       0.0001231   3.092e-05   0.0001663   1.236e-05  NOR2XL
u_account_balance/g13305       0.0001276   2.036e-05   0.0001663   1.833e-05  AOI22X1
u_account_balance/g13243       0.0001149   3.592e-05   0.0001659   1.511e-05  NAND3X1
u_account_balance/g13309       0.0001258   2.164e-05   0.0001658   1.833e-05  AOI22X1
u_account_balance/g13291       0.0001255   2.191e-05   0.0001657   1.833e-05  AOI22X1
u_account_balance/g13326       0.0001279   1.929e-05   0.0001655   1.833e-05  AOI22X1
u_account_balance/g13313        0.000122   2.475e-05   0.0001651   1.833e-05  AOI22X1
u_account_balance/g13479       0.0001243    2.23e-05   0.0001649   1.833e-05  AOI22X1
u_account_balance/g13292       0.0001249    2.08e-05    0.000164   1.833e-05  AOI22X1
u_account_balance/g13332       0.0001243   2.131e-05    0.000164   1.833e-05  AOI22X1
u_account_balance/g4291        8.926e-05   6.588e-05   0.0001639   8.728e-06  OAI21XL
u_account_balance/g13345        0.000123   2.219e-05   0.0001635   1.833e-05  AOI22X1
u_account_balance/g13342        0.000125   1.999e-05   0.0001633   1.833e-05  AOI22X1
u_account_balance/g13280        0.000123   2.157e-05   0.0001629   1.833e-05  AOI22X1
u_account_balance/g13321       0.0001222   2.181e-05   0.0001624   1.833e-05  AOI22X1
u_account_balance/g13299       0.0001246   1.896e-05   0.0001619   1.833e-05  AOI22X1
u_account_balance/g13331       0.0001225   2.068e-05   0.0001615   1.833e-05  AOI22X1
u_account_balance/g13398       0.0001096    3.51e-05   0.0001613   1.662e-05  NOR2BXL
u_account_balance/g13294       0.0001226   1.979e-05   0.0001608   1.833e-05  AOI22X1
u_account_balance/g13303       0.0001224   1.947e-05   0.0001602   1.833e-05  AOI22X1
u_account_balance/g13459       8.944e-05   5.754e-05     0.00016   1.301e-05  INVX1
u_account_balance/g13339        0.000125   1.643e-05   0.0001598   1.833e-05  AOI22X1
g430                           9.566e-05   5.062e-05   0.0001593   1.301e-05  INVX1
u_account_balance/g4296        8.632e-05   6.415e-05   0.0001592   8.728e-06  OAI21XL
u_account_balance/g13480        7.88e-05   4.053e-05   0.0001581   3.881e-05  AO22XL
u_account_balance/g4295        8.945e-05   5.971e-05   0.0001579   8.728e-06  OAI21XL
u_account_balance/g4292        9.044e-05   5.863e-05   0.0001578   8.728e-06  OAI21XL
u_account_balance/g4286        8.998e-05   5.821e-05   0.0001569   8.728e-06  OAI21XL
u_account_balance/g4284        8.997e-05   5.815e-05   0.0001568   8.728e-06  OAI21XL
u_account_balance/g4336        9.095e-05   5.608e-05   0.0001563   9.289e-06  NAND2XL
u_account_balance/g13460       9.184e-05     5.1e-05   0.0001559   1.301e-05  INVX1
u_account_balance/g13222       7.369e-05   7.262e-05   0.0001556   9.289e-06  NAND2XL
g358                           5.954e-05    8.57e-05   0.0001545   9.289e-06  NAND2XL
u_account_balance/g13486       8.636e-05   4.104e-05   0.0001544   2.704e-05  MXI2XL
u_account_balance/g4288        8.952e-05   5.536e-05   0.0001536   8.728e-06  OAI21XL
u_account_balance/g4293        8.576e-05   5.901e-05   0.0001535   8.728e-06  OAI21XL
u_account_balance/g4283        8.614e-05   5.791e-05   0.0001528   8.728e-06  OAI21XL
u_account_balance/g13173       3.326e-05    0.000104   0.0001523   1.511e-05  NAND3X1
u_account_balance/g13165        5.03e-05   9.262e-05   0.0001522   9.289e-06  NAND2XL
u_account_balance/g4287        8.949e-05   5.377e-05    0.000152   8.728e-06  OAI21XL
u_account_balance/g13396       9.782e-05    4.18e-05    0.000152   1.236e-05  NOR2XL
u_account_balance/g13254       9.813e-05   4.075e-05   0.0001512   1.236e-05  NOR2XL
u_account_balance/g13399       9.783e-05   4.034e-05   0.0001505   1.236e-05  NOR2XL
u_barrier_ctrl/g329            0.0001003   3.765e-05   0.0001503   1.236e-05  NOR2XL
u_account_balance/g4334        8.166e-05   5.911e-05   0.0001501   9.289e-06  NAND2XL
u_account_balance/g4324        9.411e-05   4.662e-05     0.00015   9.289e-06  NAND2XL
u_account_balance/g4331        9.449e-05   4.605e-05   0.0001498   9.289e-06  NAND2XL
u_account_balance/g13250       9.439e-05    4.22e-05   0.0001489   1.236e-05  NOR2XL
u_account_balance/g4330        9.448e-05   4.476e-05   0.0001485   9.289e-06  NAND2XL
u_account_balance/g13293       8.122e-05   5.525e-05   0.0001485   1.205e-05  OAI22XL
u_account_balance/g4289        8.604e-05   5.309e-05   0.0001479   8.728e-06  OAI21XL
u_account_balance/g4303        8.951e-05   4.921e-05   0.0001474   8.728e-06  OAI21XL
u_account_balance/g13477       8.047e-05     2.8e-05   0.0001473   3.881e-05  AO22XL
u_account_balance/g13266        0.000109    2.58e-05    0.000147    1.22e-05  AOI21XL
u_account_balance/g4328        9.452e-05   4.276e-05   0.0001466   9.289e-06  NAND2XL
u_account_balance/g4332        9.476e-05   4.206e-05   0.0001461   9.289e-06  NAND2XL
u_account_balance/g4299        8.888e-05   4.832e-05   0.0001459   8.728e-06  OAI21XL
u_account_balance/g4290        8.984e-05   4.733e-05   0.0001459   8.728e-06  OAI21XL
u_account_balance/g4338        9.215e-05   4.405e-05   0.0001455   9.289e-06  NAND2XL
u_account_balance/g4294        8.908e-05   4.748e-05   0.0001453   8.728e-06  OAI21XL
u_account_balance/g13240       5.423e-05   8.032e-05    0.000145   1.046e-05  NAND4XL
u_account_balance/g4297        8.876e-05   4.733e-05   0.0001448   8.728e-06  OAI21XL
u_account_balance/g4326        9.204e-05    4.34e-05   0.0001447   9.289e-06  NAND2XL
u_account_balance/g4327        9.508e-05   3.871e-05   0.0001431   9.289e-06  NAND2XL
u_account_balance/g4298         8.56e-05   4.872e-05   0.0001431   8.728e-06  OAI21XL
u_account_balance/g4325        9.508e-05   3.831e-05   0.0001427   9.289e-06  NAND2XL
u_account_balance/g4337         9.22e-05   4.091e-05   0.0001424   9.289e-06  NAND2XL
u_barrier_ctrl/g218            5.061e-05   8.102e-05   0.0001409   9.289e-06  NAND2XL
u_account_balance/g13215       7.396e-05   5.643e-05   0.0001409   1.046e-05  NAND4XL
u_account_balance/g13478       8.183e-05   1.988e-05   0.0001405   3.881e-05  AO22XL
u_account_balance/g13465       9.127e-05   3.195e-05   0.0001362   1.301e-05  INVX1
u_account_balance/g4323        8.239e-05   4.301e-05   0.0001347   9.289e-06  NAND2XL
u_account_balance/g13265       9.889e-05   2.329e-05   0.0001345   1.229e-05  AOI22XL
u_account_balance/g4322        8.244e-05   4.195e-05   0.0001337   9.289e-06  NAND2XL
u_account_balance/g4335        8.214e-05   4.111e-05   0.0001325   9.289e-06  NAND2XL
u_account_balance/g4341        5.654e-05   6.593e-05   0.0001318   9.289e-06  NAND2XL
u_account_balance/g13228       6.601e-05   5.564e-05   0.0001309   9.289e-06  NAND2XL
u_account_balance/g4329        8.229e-05   3.871e-05   0.0001303   9.289e-06  NAND2XL
u_account_balance/g13239       5.434e-05   6.445e-05   0.0001293   1.046e-05  NAND4XL
u_account_balance/g13485       6.193e-05   5.712e-05   0.0001283   9.289e-06  NAND2XL
u_account_balance/g13144       6.525e-05   5.036e-05    0.000128   1.236e-05  NOR2XL
u_account_balance/g13233       6.496e-05   5.332e-05   0.0001276   9.289e-06  NAND2XL
u_account_balance/g13232       7.388e-05   4.418e-05   0.0001273   9.289e-06  NAND2XL
u_account_balance/g13323        7.54e-05   3.799e-05   0.0001257   1.229e-05  AOI22XL
u_account_balance/g13334       7.208e-05    3.96e-05    0.000124   1.229e-05  AOI22XL
u_account_balance/g13252       8.654e-05   2.433e-05   0.0001232   1.236e-05  NOR2XL
g349                            8.12e-05   1.208e-05    0.000122   2.877e-05  NAND2BXL
u_account_balance/g13223       7.184e-05   4.081e-05   0.0001219   9.289e-06  NAND2XL
u_account_balance/g4345        5.635e-05     5.6e-05   0.0001216   9.289e-06  NAND2XL
u_account_balance/g13235       6.218e-05    4.95e-05    0.000121   9.289e-06  NAND2XL
u_account_balance/g13316       7.343e-05   3.399e-05   0.0001198   1.236e-05  NOR2XL
g426                            5.85e-05   5.245e-05   0.0001197   8.757e-06  INVXL
u_account_balance/g13335       7.274e-05   3.431e-05   0.0001193   1.229e-05  AOI22XL
u_account_balance/g13284       7.506e-05   3.152e-05   0.0001189   1.228e-05  AOI32XL
u_account_balance/g13310       7.274e-05   3.269e-05   0.0001177   1.229e-05  AOI22XL
u_barrier_ctrl/g219            8.023e-05   2.139e-05   0.0001167   1.511e-05  NAND3X1
u_account_balance/g13301       7.617e-05    2.81e-05   0.0001166   1.229e-05  AOI22XL
u_account_balance/g4344        5.637e-05   4.881e-05   0.0001145   9.289e-06  NAND2XL
u_barrier_ctrl/g216            5.924e-05   3.775e-05     0.00011   1.301e-05  CLKINVX1
u_account_balance/g13337       7.374e-05   2.279e-05   0.0001088   1.229e-05  AOI22XL
u_account_balance/g13340         7.7e-05   1.942e-05   0.0001087   1.229e-05  AOI22XL
u_account_balance/g13327       7.289e-05   2.279e-05    0.000108   1.229e-05  AOI22XL
u_account_balance/g13312       7.343e-05    2.21e-05   0.0001078   1.229e-05  AOI22XL
u_account_balance/g13318       7.718e-05   1.803e-05   0.0001075   1.229e-05  AOI22XL
u_account_balance/g13361       5.531e-05   1.714e-05   9.962e-05   2.717e-05  AND2X1
u_account_balance/g13464       5.705e-05   3.085e-05   9.666e-05   8.757e-06  INVXL
u_account_balance/g13249       4.674e-05   3.988e-05    9.59e-05   9.289e-06  NAND2XL
u_account_balance/g13259        4.82e-05   3.799e-05   9.548e-05   9.289e-06  NAND2XL
u_account_balance/g13242        5.47e-05   3.002e-05   9.518e-05   1.046e-05  NAND4XL
u_account_balance/g13253       4.756e-05   3.662e-05   9.347e-05   9.289e-06  NAND2XL
u_account_balance/g13245       5.488e-05     2.8e-05   9.334e-05   1.046e-05  NAND4XL
u_account_balance/g13431       3.493e-05   4.778e-05   9.199e-05   9.289e-06  NAND2XL
u_account_balance/g13395       4.619e-05   3.624e-05   9.171e-05   9.289e-06  NAND2XL
u_account_balance/g13258       4.678e-05   3.557e-05   9.163e-05   9.289e-06  NAND2XL
u_account_balance/g13238       5.457e-05   2.631e-05   9.133e-05   1.046e-05  NAND4XL
u_account_balance/g13434       3.123e-05   4.971e-05   9.022e-05   9.289e-06  NAND2XL
u_account_balance/g13397       4.619e-05   3.425e-05   8.973e-05   9.289e-06  NAND2XL
u_account_balance/g13177       3.268e-05   2.202e-05   8.968e-05   3.499e-05  NAND2BX1
u_account_balance/g13257       4.729e-05     3.2e-05   8.858e-05   9.289e-06  NAND2XL
u_account_balance/g13261       4.722e-05   2.914e-05   8.564e-05   9.289e-06  NAND2XL
u_account_balance/g2           3.201e-05   1.774e-05   8.474e-05   3.499e-05  NAND2BX1
u_account_balance/g13409        3.08e-05   4.323e-05   8.331e-05   9.289e-06  NAND2XL
u_account_balance/g13262       4.662e-05   2.662e-05   8.253e-05   9.289e-06  NAND2XL
g416                           4.051e-05   3.153e-05   8.133e-05   9.289e-06  NAND2XL
u_account_balance/g13255       4.731e-05   2.444e-05   8.104e-05   9.289e-06  NAND2XL
g221                           5.453e-05   1.626e-05   7.955e-05   8.757e-06  INVXL
u_account_balance/g13358       4.391e-05   1.881e-05   7.934e-05   1.662e-05  NOR2BXL
u_account_balance/g13146       3.084e-06   3.261e-05   7.826e-05   4.256e-05  OR2X1
u_account_balance/g13469       3.883e-05   1.574e-05   7.644e-05   2.186e-05  NOR3BX1
u_account_balance/g13145       3.121e-06   3.062e-05    7.63e-05   4.256e-05  OR2X1
u_barrier_ctrl/g152             4.29e-05   2.355e-05    7.52e-05   8.757e-06  INVXL
u_account_balance/g13167       3.268e-06   2.919e-05   7.501e-05   4.256e-05  OR2X1
u_account_balance/g13147       3.107e-06    2.87e-05   7.437e-05   4.256e-05  OR2X1
u_account_balance/g13404       3.495e-05   2.826e-05    7.25e-05   9.289e-06  NAND2XL
u_account_balance/g13179       1.048e-05   1.868e-05   7.172e-05   4.256e-05  OR2X1
u_account_balance/g4362        6.246e-06   7.469e-06   7.081e-05    5.71e-05  NAND4BBXL
u_account_balance/g13411       3.721e-05   2.391e-05   7.041e-05   9.289e-06  NAND2XL
u_account_balance/g4361        1.037e-05   1.338e-05   6.631e-05   4.256e-05  OR2X1
u_account_balance/g13403       3.297e-05   2.316e-05   6.542e-05   9.289e-06  NAND2XL
u_account_balance/g13410       3.255e-05   2.249e-05   6.433e-05   9.289e-06  NAND2XL
u_account_balance/g13162       3.375e-06   3.359e-05   6.338e-05   2.642e-05  AND3X1
u_account_balance/g13154        3.26e-06   3.222e-05   6.265e-05   2.717e-05  AND2X1
u_account_balance/g13160       3.097e-06   3.197e-05   6.224e-05   2.717e-05  AND2X1
u_account_balance/g13152       3.428e-06   3.216e-05   6.201e-05   2.642e-05  AND3X1
u_account_balance/g13158       3.276e-06    3.18e-05    6.15e-05   2.642e-05  AND3X1
u_account_balance/g13159       3.389e-06   3.159e-05    6.14e-05   2.642e-05  AND3X1
u_account_balance/g13153       3.383e-06   3.137e-05   6.118e-05   2.642e-05  AND3X1
u_account_balance/g13148       3.208e-06    2.91e-05   5.948e-05   2.717e-05  AND2X1
u_account_balance/g13161       3.344e-06   2.932e-05   5.909e-05   2.642e-05  AND3X1
u_account_balance/g13163       1.957e-05   2.504e-05   5.763e-05   1.301e-05  CLKINVX1
u_account_balance/FE_OFC1_n_279  5.402e-06    9.99e-06   5.668e-05   4.129e-05  BUFX2
u_account_balance/g13359       2.473e-05    1.98e-05   5.382e-05   9.289e-06  NAND2XL
u_account_balance/g13357       2.687e-05   1.692e-05   5.308e-05   9.289e-06  NAND2XL
u_account_balance/g4358         5.69e-06   1.132e-05     5.2e-05   3.499e-05  NAND2BX1
u_account_balance/g13155        1.87e-05   1.669e-05   4.775e-05   1.236e-05  NOR2XL
u_account_balance/g13363       2.245e-05   1.601e-05   4.775e-05   9.289e-06  NAND2XL
u_account_balance/g13164       2.609e-05    6.95e-06    4.54e-05   1.236e-05  NOR2XL
u_account_balance/g4363        2.191e-05   8.284e-06   4.531e-05   1.511e-05  NAND3X1
u_account_balance/g13365       2.091e-05   1.153e-05   4.173e-05   9.289e-06  NAND2XL
u_account_balance/g4359        3.915e-06   1.162e-05   3.369e-05   1.816e-05  NOR2X1
u_account_balance/g13156       8.314e-06   6.691e-06   2.736e-05   1.236e-05  NOR2XL
u_account_balance/g13150       6.295e-06   7.163e-06   2.647e-05   1.301e-05  INVX1
u_account_balance/g4350        2.412e-06   9.556e-06   2.498e-05   1.301e-05  CLKINVX1
u_account_balance/g4360        5.886e-06   4.359e-06   2.326e-05   1.301e-05  INVX1
u_account_balance/g13143       6.194e-06   7.581e-06   2.306e-05   9.289e-06  NAND2XL
u_account_balance/FE_OFC2_n_279  1.822e-06   6.704e-06   2.154e-05   1.301e-05  CLKINVX1
u_account_balance/g4355        2.436e-06   4.896e-06   2.035e-05   1.301e-05  CLKINVX1
u_account_balance/g4353        1.241e-06   9.063e-06   1.959e-05   9.289e-06  NAND2XL
u_account_balance/g4356        4.509e-06   2.218e-06   1.909e-05   1.236e-05  NOR2XL
u_account_balance/g13141       5.582e-06   4.651e-06   1.899e-05   8.757e-06  INVXL
u_account_balance/g4351        2.224e-06   7.383e-06    1.89e-05   9.289e-06  NAND2XL
u_account_balance/g4352        2.732e-06   6.814e-07   1.577e-05   1.236e-05  NOR2XL

---------------------------------------------------------------------------------------

Total (    714 of    714  )        1.036      0.1927      1.272     0.04322
Total Capacitance                7.915e-12 F
Power Density                   *** No Die Area ***
