*----------------------------------------------------------------------------------------
*	Innovus 20.10-p004_1 (64bit) 05/07/2020 20:02 (Linux 2.6.32-431.11.2.el6.x86_64)
*	
*
* 	Date & Time:	2025-Nov-10 22:29:47 (2025-Nov-10 16:59:47 GMT)
*
*----------------------------------------------------------------------------------------
*
*	Design: toll_gate
*
*	Liberty Libraries used: 
*	        view1: slow.lib
*
*	Power Domain used: 
*              Rail:        VDD      Voltage:        0.9 
*
*       Power View : view1
*
*       User-Defined Activity : N.A.
*
*       Activity File: N.A.
*
*       Hierarchical Global Activity: N.A.
*
*       Global Activity: N.A.
*
*       Sequential Element Activity: N.A.
*
*       Primary Input Activity: 0.200000
*
*       Default icg ratio: N.A.
*
*       Global Comb ClockGate Ratio: N.A.
*
*	Power Units = 1mW
*
*	Time Units = 1e-09 secs 
*
*       Temperature = 125 
*
*       report_power -outfile placement_reports/power/power.rpt -rail_analysis_format VS
*
-----------------------------------------------------------------------------------------
Cell                            Internal   Switching       Total     Leakage   Cell
                                   Power       Power       Power       Power   Name
--------------------------------------------------------------------------------------
u_vehicle_interface/id_to_check_reg[0]   0.007249    0.003124     0.01061   0.0002371  SDFFHQX4
u_vehicle_interface/id_to_check_reg[3]   0.004072    0.003274    0.007482   0.0001363  SDFFQX1
u_account_balance/g13195        0.001548    0.004601    0.006222   7.254e-05  CLKXOR2X1
u_vehicle_interface/id_to_check_reg[1]   0.004528    0.001268    0.005933   0.0001363  SDFFQX1
u_vehicle_interface/id_to_check_reg[2]   0.004565    0.001138    0.005839   0.0001363  SDFFQX1
u_account_balance/balance_db_reg[3][7]   0.004703   0.0007321    0.005571   0.0001363  SDFFQX1
u_account_balance/balance_db_reg[3][5]   0.004875   0.0005274    0.005538   0.0001363  SDFFQX1
state_reg[2]                    0.004437   0.0008974    0.005471   0.0001363  SDFFQX1
u_account_balance/g13197        0.001071    0.004343    0.005457   4.264e-05  AO21X1
u_account_balance/balance_db_reg[2][6]     0.0048   0.0005191    0.005456   0.0001363  SDFFQX1
state_reg[0]                    0.004193    0.001059    0.005389   0.0001363  SDFFQX1
u_account_balance/balance_db_reg[3][6]   0.004851   0.0003776    0.005365   0.0001363  SDFFQX1
u_account_balance/balance_db_reg[3][9]   0.004735   0.0004917    0.005363   0.0001363  SDFFQX1
u_account_balance/balance_db_reg[2][5]   0.004744   0.0004565    0.005336   0.0001363  SDFFQX1
u_account_balance/balance_db_reg[3][14]   0.004712    0.000479    0.005327   0.0001363  SDFFQX1
u_account_balance/balance_db_reg[3][12]    0.00474   0.0004079    0.005284   0.0001363  SDFFQX1
u_barrier_ctrl/barrier_close_cmd_reg   0.004361   0.0007689    0.005266   0.0001363  SDFFQX1
u_account_balance/balance_db_reg[3][8]   0.004724   0.0003837    0.005244   0.0001363  SDFFQX1
u_account_balance/balance_db_reg[3][11]   0.004676   0.0004305    0.005243   0.0001363  SDFFQX1
u_account_balance/balance_db_reg[1][4]   0.004725   0.0003791     0.00524   0.0001363  SDFFQX1
u_account_balance/balance_db_reg[1][8]   0.004709   0.0003768    0.005222   0.0001363  SDFFQX1
u_account_balance/balance_db_reg[3][2]   0.004641   0.0004229      0.0052   0.0001363  SDFFQX1
u_account_balance/balance_db_reg[2][8]   0.004695   0.0003522    0.005183   0.0001363  SDFFQX1
u_account_balance/balance_db_reg[1][9]   0.004673   0.0003375    0.005147   0.0001363  SDFFQX1
u_account_balance/balance_db_reg[3][13]   0.004699   0.0002937    0.005129   0.0001363  SDFFQX1
u_account_balance/balance_db_reg[1][14]   0.004562   0.0003999    0.005099   0.0001363  SDFFQX1
u_account_balance/balance_db_reg[1][5]   0.004612   0.0003463    0.005094   0.0001363  SDFFQX1
u_account_balance/balance_db_reg[3][3]   0.004525   0.0004231    0.005084   0.0001363  SDFFQX1
u_account_balance/balance_db_reg[3][4]   0.004477    0.000469    0.005082   0.0001363  SDFFQX1
u_account_balance/balance_db_reg[1][6]   0.004479   0.0004405    0.005056   0.0001363  SDFFQX1
u_barrier_ctrl/barrier_position_counter_reg[1]   0.004382   0.0005293    0.005048   0.0001363  SDFFQX1
u_account_balance/balance_db_reg[3][10]   0.004417   0.0004933    0.005047   0.0001363  SDFFQX1
u_account_balance/balance_db_reg[1][3]   0.004536   0.0003688    0.005041   0.0001363  SDFFQX1
u_account_balance/balance_db_reg[2][9]   0.004518   0.0003398    0.004994   0.0001363  SDFFQX1
u_barrier_ctrl/barrier_position_counter_reg[0]   0.004352   0.0005004    0.004989   0.0001363  SDFFQX1
u_account_balance/balance_db_reg[1][11]    0.00451   0.0003342    0.004981   0.0001363  SDFFQX1
u_account_balance/balance_db_reg[1][7]   0.004485   0.0003591    0.004981   0.0001363  SDFFQX1
u_account_balance/balance_db_reg[1][13]   0.004554   0.0002876    0.004978   0.0001363  SDFFQX1
u_account_balance/balance_db_reg[2][7]   0.004421   0.0004068    0.004964   0.0001363  SDFFQX1
u_account_balance/balance_db_reg[1][10]   0.004491   0.0003264    0.004954   0.0001363  SDFFQX1
u_account_balance/balance_db_reg[1][12]   0.004515   0.0002844    0.004936   0.0001363  SDFFQX1
u_account_balance/balance_db_reg[2][3]   0.004425   0.0003552    0.004916   0.0001363  SDFFQX1
u_account_balance/balance_db_reg[2][10]    0.00439   0.0003859    0.004912   0.0001363  SDFFQX1
u_account_balance/balance_db_reg[3][1]   0.004468   0.0003023    0.004906   0.0001363  SDFFQX1
u_account_balance/balance_db_reg[2][11]   0.004439   0.0003281    0.004903   0.0001363  SDFFQX1
u_account_balance/balance_db_reg[2][12]   0.004455   0.0003077    0.004899   0.0001363  SDFFQX1
u_account_balance/balance_db_reg[2][4]   0.004431   0.0003052    0.004873   0.0001363  SDFFQX1
u_vehicle_interface/id_valid_reg   0.004392   0.0003288    0.004857   0.0001363  SDFFQX1
u_account_balance/balance_db_reg[2][13]   0.004362   0.0003189    0.004818   0.0001363  SDFFQX1
u_account_balance/g13463        0.002826    0.001883     0.00481   0.0001012  INVX8
u_account_balance/balance_db_reg[1][1]   0.004303    0.000337    0.004776   0.0001363  SDFFQX1
u_account_balance/g13458        0.002218    0.002418    0.004747    0.000111  AND2X6
state_reg[1]                    0.004043   0.0005562    0.004736   0.0001363  SDFFQX1
u_account_balance/balance_db_reg[2][14]   0.004349    0.000233    0.004719   0.0001363  SDFFQX1
u_account_balance/balance_db_reg[4][3]   0.004417   5.747e-05    0.004611   0.0001363  SDFFQX1
u_account_balance/balance_db_reg[9][3]   0.004414   6.037e-05     0.00461   0.0001363  SDFFQX1
u_account_balance/balance_db_reg[0][3]   0.004415    5.71e-05    0.004608   0.0001363  SDFFQX1
u_account_balance/balance_db_reg[5][3]   0.004413   5.782e-05    0.004607   0.0001363  SDFFQX1
u_account_balance/balance_db_reg[14][3]   0.004413   5.687e-05    0.004606   0.0001363  SDFFQX1
u_account_balance/balance_db_reg[12][3]   0.004415   5.255e-05    0.004603   0.0001363  SDFFQX1
u_account_balance/balance_db_reg[10][3]   0.004411   5.596e-05    0.004603   0.0001363  SDFFQX1
u_account_balance/balance_db_reg[6][3]   0.004411   5.367e-05    0.004601   0.0001363  SDFFQX1
u_account_balance/balance_db_reg[8][3]   0.004418   4.502e-05    0.004599   0.0001363  SDFFQX1
u_account_balance/balance_db_reg[7][3]   0.004409   5.243e-05    0.004598   0.0001363  SDFFQX1
u_account_balance/balance_db_reg[14][2]    0.00438   6.015e-05    0.004577   0.0001363  SDFFQX1
u_account_balance/balance_db_reg[8][2]    0.00438   5.865e-05    0.004575   0.0001363  SDFFQX1
u_account_balance/balance_db_reg[0][2]   0.004383   5.505e-05    0.004575   0.0001363  SDFFQX1
u_account_balance/balance_db_reg[12][2]   0.004379   5.776e-05    0.004573   0.0001363  SDFFQX1
u_account_balance/balance_db_reg[4][2]    0.00438   5.474e-05    0.004571   0.0001363  SDFFQX1
u_account_balance/balance_db_reg[9][2]   0.004381   5.378e-05    0.004571   0.0001363  SDFFQX1
u_account_balance/balance_db_reg[5][2]   0.004379   5.459e-05    0.004569   0.0001363  SDFFQX1
u_account_balance/balance_db_reg[10][2]   0.004379   5.397e-05    0.004569   0.0001363  SDFFQX1
u_account_balance/balance_db_reg[7][2]   0.004379   5.328e-05    0.004568   0.0001363  SDFFQX1
u_account_balance/balance_db_reg[13][2]   0.004376   5.471e-05    0.004567   0.0001363  SDFFQX1
u_account_balance/balance_db_reg[6][2]   0.004377    5.27e-05    0.004566   0.0001363  SDFFQX1
u_barrier_ctrl/barrier_position_counter_reg[2]   0.004066   0.0003399    0.004542   0.0001363  SDFFQX1
u_account_balance/balance_db_reg[15][3]   0.004322   6.261e-05    0.004514   0.0001296  SDFFQXL
u_account_balance/balance_db_reg[2][1]   0.004056   0.0003143    0.004507   0.0001363  SDFFQX1
u_account_balance/balance_db_reg[11][3]   0.004319   5.802e-05    0.004507   0.0001296  SDFFQXL
u_account_balance/balance_db_reg[13][3]   0.004323   5.423e-05    0.004507   0.0001296  SDFFQXL
u_account_balance/balance_db_reg[15][2]    0.00429    5.86e-05    0.004478   0.0001296  SDFFQXL
u_account_balance/balance_db_reg[11][2]   0.004287   4.958e-05    0.004466   0.0001296  SDFFQXL
u_account_balance/balance_db_reg[10][4]   0.004246    5.83e-05    0.004441   0.0001363  SDFFQX1
u_account_balance/balance_db_reg[9][4]   0.004248   5.221e-05    0.004437   0.0001363  SDFFQX1
u_account_balance/balance_db_reg[12][4]   0.004245   5.385e-05    0.004435   0.0001363  SDFFQX1
u_account_balance/balance_db_reg[5][4]   0.004245   5.194e-05    0.004433   0.0001363  SDFFQX1
u_account_balance/balance_db_reg[8][4]   0.004247   4.811e-05    0.004431   0.0001363  SDFFQX1
u_account_balance/balance_db_reg[0][4]   0.004246   4.633e-05    0.004428   0.0001363  SDFFQX1
u_account_balance/balance_db_reg[4][4]   0.004246    4.45e-05    0.004427   0.0001363  SDFFQX1
u_account_balance/balance_db_reg[14][4]   0.004239    4.68e-05    0.004422   0.0001363  SDFFQX1
u_account_balance/balance_db_reg[7][4]   0.004237   4.892e-05    0.004422   0.0001363  SDFFQX1
u_account_balance/balance_db_reg[6][4]   0.004239    4.45e-05     0.00442   0.0001363  SDFFQX1
u_account_balance/balance_db_reg[11][4]   0.004156   6.564e-05    0.004352   0.0001296  SDFFQXL
u_account_balance/balance_db_reg[13][4]   0.004158   5.781e-05    0.004345   0.0001296  SDFFQXL
u_account_balance/balance_db_reg[15][4]    0.00415   5.273e-05    0.004332   0.0001296  SDFFQXL
u_account_balance/balance_db_reg[1][2]    0.00382   0.0002715    0.004228   0.0001363  SDFFQX1
u_account_balance/charge_done_reg    0.00379   0.0001487    0.004075   0.0001363  SDFFQX1
u_account_balance/balance_db_reg[10][1]   0.003855   6.759e-05    0.004059   0.0001363  SDFFQX1
u_account_balance/balance_db_reg[4][1]   0.003858   6.306e-05    0.004058   0.0001363  SDFFQX1
u_account_balance/balance_db_reg[6][1]   0.003855    6.35e-05    0.004055   0.0001363  SDFFQX1
u_account_balance/balance_db_reg[13][1]   0.003851   6.546e-05    0.004053   0.0001363  SDFFQX1
u_account_balance/balance_db_reg[14][1]   0.003855   5.607e-05    0.004047   0.0001363  SDFFQX1
u_account_balance/balance_db_reg[7][1]   0.003853   5.786e-05    0.004047   0.0001363  SDFFQX1
u_account_balance/balance_db_reg[12][1]   0.003856   5.359e-05    0.004046   0.0001363  SDFFQX1
u_account_balance/balance_db_reg[5][1]   0.003854   5.462e-05    0.004045   0.0001363  SDFFQX1
u_account_balance/balance_db_reg[8][1]   0.003858   4.958e-05    0.004044   0.0001363  SDFFQX1
u_account_balance/balance_db_reg[0][1]    0.00386   4.615e-05    0.004043   0.0001363  SDFFQX1
u_account_balance/balance_db_reg[9][1]   0.003858   4.706e-05    0.004041   0.0001363  SDFFQX1
u_account_balance/balance_db_reg[11][1]   0.003852   4.872e-05    0.004037   0.0001363  SDFFQX1
u_barrier_ctrl/barrier_open_cmd_reg   0.003792   9.524e-05    0.004023   0.0001363  SDFFQX1
u_account_balance/balance_db_reg[4][5]   0.003825   5.846e-05     0.00402   0.0001363  SDFFQX1
u_account_balance/balance_db_reg[5][5]   0.003818   6.405e-05    0.004019   0.0001363  SDFFQX1
u_account_balance/balance_db_reg[10][5]    0.00382   6.159e-05    0.004018   0.0001363  SDFFQX1
u_account_balance/balance_db_reg[8][5]   0.003821   5.704e-05    0.004014   0.0001363  SDFFQX1
u_account_balance/balance_db_reg[6][5]   0.003818   5.798e-05    0.004012   0.0001363  SDFFQX1
u_account_balance/balance_db_reg[9][5]   0.003822   5.362e-05    0.004012   0.0001363  SDFFQX1
u_account_balance/balance_db_reg[7][5]   0.003816   5.553e-05    0.004008   0.0001363  SDFFQX1
u_account_balance/balance_db_reg[0][5]   0.003823   4.432e-05    0.004004   0.0001363  SDFFQX1
u_account_balance/g13193       0.0006706    0.003308    0.003992   1.299e-05  OAI21X1
u_account_balance/balance_db_reg[5][10]   0.003767   7.352e-05    0.003976   0.0001363  SDFFQX1
u_account_balance/balance_db_reg[0][6]   0.003765   6.908e-05     0.00397   0.0001363  SDFFQX1
u_account_balance/balance_db_reg[15][1]   0.003774   6.631e-05     0.00397   0.0001296  SDFFQXL
u_account_balance/balance_db_reg[0][10]    0.00377   6.168e-05    0.003968   0.0001363  SDFFQX1
u_account_balance/balance_db_reg[0][7]    0.00377   6.041e-05    0.003967   0.0001363  SDFFQX1
u_account_balance/balance_db_reg[4][10]    0.00377   5.993e-05    0.003967   0.0001363  SDFFQX1
u_account_balance/balance_db_reg[8][7]    0.00377   5.636e-05    0.003962   0.0001363  SDFFQX1
u_account_balance/balance_db_reg[8][6]   0.003763   6.064e-05    0.003959   0.0001363  SDFFQX1
u_account_balance/balance_db_reg[10][6]   0.003761   6.214e-05    0.003959   0.0001363  SDFFQX1
u_account_balance/balance_db_reg[10][10]   0.003765   5.614e-05    0.003958   0.0001363  SDFFQX1
u_account_balance/balance_db_reg[6][10]   0.003762    5.77e-05    0.003956   0.0001363  SDFFQX1
u_account_balance/balance_db_reg[4][7]   0.003772   4.725e-05    0.003956   0.0001363  SDFFQX1
u_account_balance/balance_db_reg[4][6]   0.003762   5.718e-05    0.003956   0.0001363  SDFFQX1
u_account_balance/balance_db_reg[10][7]   0.003767    5.15e-05    0.003955   0.0001363  SDFFQX1
u_account_balance/balance_db_reg[6][6]   0.003758   6.006e-05    0.003954   0.0001363  SDFFQX1
u_account_balance/balance_db_reg[5][6]   0.003758   5.887e-05    0.003953   0.0001363  SDFFQX1
u_account_balance/balance_db_reg[12][7]   0.003767   4.814e-05    0.003951   0.0001363  SDFFQX1
u_account_balance/balance_db_reg[14][7]   0.003765   4.813e-05    0.003949   0.0001363  SDFFQX1
u_account_balance/balance_db_reg[7][7]   0.003763   4.948e-05    0.003949   0.0001363  SDFFQX1
u_account_balance/balance_db_reg[5][7]   0.003765   4.657e-05    0.003948   0.0001363  SDFFQX1
u_account_balance/balance_db_reg[6][7]   0.003764   4.671e-05    0.003947   0.0001363  SDFFQX1
u_account_balance/balance_db_reg[7][10]   0.003765   4.516e-05    0.003946   0.0001363  SDFFQX1
u_account_balance/balance_db_reg[14][6]   0.003758   4.861e-05    0.003943   0.0001363  SDFFQX1
u_account_balance/balance_db_reg[7][6]   0.003756    4.94e-05    0.003942   0.0001363  SDFFQX1
u_account_balance/balance_db_reg[2][2]   0.003654   0.0001521    0.003942   0.0001363  SDFFQX1
u_account_balance/balance_db_reg[8][13]   0.003734   6.583e-05    0.003936   0.0001363  SDFFQX1
u_account_balance/balance_db_reg[4][11]   0.003741   5.462e-05    0.003932   0.0001363  SDFFQX1
u_account_balance/balance_db_reg[5][11]   0.003737     5.8e-05    0.003931   0.0001363  SDFFQX1
u_account_balance/balance_db_reg[6][13]   0.003729    6.48e-05     0.00393   0.0001363  SDFFQX1
u_account_balance/balance_db_reg[12][5]   0.003745   5.456e-05    0.003929   0.0001296  SDFFQXL
u_account_balance/balance_db_reg[6][11]   0.003736   5.581e-05    0.003928   0.0001363  SDFFQX1
u_account_balance/balance_db_reg[7][11]   0.003735    5.68e-05    0.003928   0.0001363  SDFFQX1
u_account_balance/balance_db_reg[4][13]   0.003734    5.77e-05    0.003928   0.0001363  SDFFQX1
u_account_balance/balance_db_reg[0][11]   0.003742   4.883e-05    0.003927   0.0001363  SDFFQX1
u_account_balance/balance_db_reg[13][5]   0.003742   5.517e-05    0.003926   0.0001296  SDFFQXL
u_account_balance/balance_db_reg[15][5]    0.00374    5.66e-05    0.003926   0.0001296  SDFFQXL
u_account_balance/balance_db_reg[14][5]   0.003744   5.209e-05    0.003926   0.0001296  SDFFQXL
u_account_balance/balance_db_reg[0][13]   0.003736   5.306e-05    0.003926   0.0001363  SDFFQX1
u_account_balance/balance_db_reg[5][13]    0.00373    5.49e-05    0.003921   0.0001363  SDFFQX1
u_account_balance/balance_db_reg[11][5]    0.00374   4.976e-05    0.003919   0.0001296  SDFFQXL
u_account_balance/balance_db_reg[7][13]   0.003727   5.428e-05    0.003918   0.0001363  SDFFQX1
u_account_balance/balance_db_reg[9][10]   0.003696   6.077e-05    0.003886   0.0001296  SDFFQXL
u_account_balance/balance_db_reg[9][7]   0.003695   5.948e-05    0.003884   0.0001296  SDFFQXL
u_account_balance/balance_db_reg[8][10]   0.003692   6.072e-05    0.003883   0.0001296  SDFFQXL
u_account_balance/balance_db_reg[9][6]   0.003687   6.436e-05    0.003881   0.0001296  SDFFQXL
u_account_balance/balance_db_reg[13][10]   0.003689   6.177e-05     0.00388   0.0001296  SDFFQXL
u_account_balance/balance_db_reg[12][6]   0.003684   6.345e-05    0.003877   0.0001296  SDFFQXL
u_account_balance/balance_db_reg[12][10]   0.003689   5.429e-05    0.003873   0.0001296  SDFFQXL
u_account_balance/balance_db_reg[13][6]    0.00368   5.996e-05    0.003869   0.0001296  SDFFQXL
u_account_balance/balance_db_reg[11][6]   0.003681   5.568e-05    0.003866   0.0001296  SDFFQXL
u_account_balance/balance_db_reg[13][7]   0.003686   4.895e-05    0.003865   0.0001296  SDFFQXL
u_account_balance/balance_db_reg[4][8]   0.003666   6.163e-05    0.003864   0.0001363  SDFFQX1
u_account_balance/balance_db_reg[15][10]   0.003683   5.018e-05    0.003863   0.0001296  SDFFQXL
u_account_balance/balance_db_reg[14][10]   0.003687   4.592e-05    0.003863   0.0001296  SDFFQXL
u_account_balance/balance_db_reg[11][10]   0.003685    4.74e-05    0.003862   0.0001296  SDFFQXL
u_account_balance/balance_db_reg[11][7]   0.003686   4.582e-05    0.003862   0.0001296  SDFFQXL
u_account_balance/balance_db_reg[15][7]   0.003685   4.683e-05    0.003861   0.0001296  SDFFQXL
u_account_balance/balance_db_reg[6][8]   0.003661   6.152e-05    0.003859   0.0001363  SDFFQX1
u_account_balance/balance_db_reg[9][11]   0.003667   6.155e-05    0.003859   0.0001296  SDFFQXL
u_account_balance/balance_db_reg[5][8]   0.003662   5.967e-05    0.003857   0.0001363  SDFFQX1
u_account_balance/balance_db_reg[10][13]   0.003658   6.784e-05    0.003855   0.0001296  SDFFQXL
u_account_balance/balance_db_reg[15][6]   0.003679   4.583e-05    0.003854   0.0001296  SDFFQXL
u_account_balance/balance_db_reg[7][8]    0.00366   5.616e-05    0.003852   0.0001363  SDFFQX1
u_account_balance/balance_db_reg[10][11]   0.003665   5.639e-05    0.003851   0.0001296  SDFFQXL
u_account_balance/balance_db_reg[0][8]   0.003669   4.626e-05    0.003851   0.0001363  SDFFQX1
u_account_balance/balance_db_reg[14][8]   0.003661   5.354e-05    0.003851   0.0001363  SDFFQX1
u_account_balance/balance_db_reg[11][11]   0.003659   6.156e-05     0.00385   0.0001296  SDFFQXL
u_account_balance/balance_db_reg[12][11]   0.003665   5.572e-05     0.00385   0.0001296  SDFFQXL
u_account_balance/balance_db_reg[14][11]   0.003663   5.528e-05    0.003848   0.0001296  SDFFQXL
u_account_balance/balance_db_reg[9][13]    0.00366   5.804e-05    0.003848   0.0001296  SDFFQXL
u_account_balance/balance_db_reg[13][11]   0.003659   5.747e-05    0.003846   0.0001296  SDFFQXL
u_account_balance/balance_db_reg[8][11]   0.003667   4.756e-05    0.003844   0.0001296  SDFFQXL
u_account_balance/balance_db_reg[12][13]   0.003657   5.719e-05    0.003844   0.0001296  SDFFQXL
u_account_balance/balance_db_reg[14][13]   0.003654   5.776e-05    0.003842   0.0001296  SDFFQXL
u_account_balance/balance_db_reg[13][13]   0.003652    5.57e-05    0.003838   0.0001296  SDFFQXL
u_account_balance/balance_db_reg[15][11]   0.003657   4.929e-05    0.003836   0.0001296  SDFFQXL
u_account_balance/balance_db_reg[8][9]   0.003639   5.987e-05    0.003835   0.0001363  SDFFQX1
u_account_balance/balance_db_reg[6][9]   0.003634    6.36e-05    0.003834   0.0001363  SDFFQX1
u_account_balance/balance_db_reg[4][9]   0.003638   5.446e-05    0.003829   0.0001363  SDFFQX1
u_account_balance/balance_db_reg[11][13]   0.003652   4.708e-05    0.003829   0.0001296  SDFFQXL
u_account_balance/balance_db_reg[15][13]    0.00365   4.771e-05    0.003828   0.0001296  SDFFQXL
u_account_balance/balance_db_reg[0][9]   0.003639   4.838e-05    0.003824   0.0001363  SDFFQX1
u_account_balance/balance_db_reg[5][9]   0.003634   5.035e-05    0.003821   0.0001363  SDFFQX1
u_account_balance/balance_db_reg[7][9]   0.003632   4.621e-05    0.003815   0.0001363  SDFFQX1
u_account_balance/balance_db_reg[0][14]   0.003609   6.163e-05    0.003807   0.0001363  SDFFQX1
u_account_balance/balance_db_reg[8][14]   0.003608   6.141e-05    0.003805   0.0001363  SDFFQX1
u_account_balance/balance_db_reg[4][14]   0.003607   5.632e-05      0.0038   0.0001363  SDFFQX1
u_account_balance/balance_db_reg[6][14]   0.003603   5.919e-05    0.003798   0.0001363  SDFFQX1
u_account_balance/balance_db_reg[9][8]   0.003592   7.498e-05    0.003797   0.0001296  SDFFQXL
u_account_balance/balance_db_reg[7][14]   0.003601   5.874e-05    0.003796   0.0001363  SDFFQX1
u_account_balance/balance_db_reg[5][14]   0.003603   5.565e-05    0.003795   0.0001363  SDFFQX1
u_account_balance/balance_db_reg[8][8]   0.003592    6.85e-05    0.003791   0.0001296  SDFFQXL
u_account_balance/balance_db_reg[11][8]   0.003586   6.334e-05    0.003779   0.0001296  SDFFQXL
u_account_balance/balance_db_reg[13][8]   0.003585   6.095e-05    0.003776   0.0001296  SDFFQXL
u_account_balance/balance_db_reg[12][8]   0.003589    5.68e-05    0.003776   0.0001296  SDFFQXL
u_account_balance/balance_db_reg[10][8]    0.00359   4.712e-05    0.003766   0.0001296  SDFFQXL
u_account_balance/balance_db_reg[15][8]   0.003584   5.013e-05    0.003763   0.0001296  SDFFQXL
u_account_balance/balance_db_reg[0][15]   0.003571   5.571e-05    0.003763   0.0001363  SDFFQX1
u_account_balance/balance_db_reg[7][15]   0.003563   6.038e-05     0.00376   0.0001363  SDFFQX1
u_account_balance/balance_db_reg[8][15]    0.00357   5.063e-05    0.003757   0.0001363  SDFFQX1
u_account_balance/balance_db_reg[14][15]   0.003565   5.564e-05    0.003757   0.0001363  SDFFQX1
u_account_balance/balance_db_reg[6][15]   0.003565    5.41e-05    0.003755   0.0001363  SDFFQX1
u_account_balance/balance_db_reg[10][15]   0.003567   5.108e-05    0.003755   0.0001363  SDFFQX1
u_account_balance/balance_db_reg[12][15]   0.003567   5.103e-05    0.003754   0.0001363  SDFFQX1
u_account_balance/balance_db_reg[4][15]   0.003569   4.794e-05    0.003753   0.0001363  SDFFQX1
u_account_balance/balance_db_reg[9][15]    0.00357    4.63e-05    0.003752   0.0001363  SDFFQX1
u_account_balance/balance_db_reg[5][15]   0.003565    4.94e-05    0.003751   0.0001363  SDFFQX1
u_account_balance/balance_db_reg[9][9]   0.003566    5.48e-05    0.003751   0.0001296  SDFFQXL
u_account_balance/balance_db_reg[14][9]   0.003562   5.784e-05    0.003749   0.0001296  SDFFQXL
u_account_balance/balance_db_reg[13][9]   0.003558   6.062e-05    0.003749   0.0001296  SDFFQXL
u_account_balance/balance_db_reg[12][9]   0.003563   5.394e-05    0.003747   0.0001296  SDFFQXL
u_account_balance/balance_db_reg[11][9]   0.003558   5.669e-05    0.003745   0.0001296  SDFFQXL
u_account_balance/balance_db_reg[10][9]   0.003564   5.099e-05    0.003745   0.0001296  SDFFQXL
u_account_balance/balance_db_reg[15][9]   0.003557   5.152e-05    0.003738   0.0001296  SDFFQXL
u_account_balance/balance_db_reg[9][14]   0.003535   5.839e-05    0.003723   0.0001296  SDFFQXL
u_account_balance/balance_db_reg[13][14]   0.003527   5.926e-05    0.003716   0.0001296  SDFFQXL
u_account_balance/balance_db_reg[12][14]   0.003532   5.306e-05    0.003715   0.0001296  SDFFQXL
u_account_balance/balance_db_reg[10][14]   0.003533   5.033e-05    0.003713   0.0001296  SDFFQXL
u_account_balance/balance_db_reg[14][14]    0.00353   4.858e-05    0.003709   0.0001296  SDFFQXL
u_account_balance/balance_db_reg[15][14]   0.003526   5.199e-05    0.003707   0.0001296  SDFFQXL
u_account_balance/balance_db_reg[11][14]   0.003527   4.945e-05    0.003707   0.0001296  SDFFQXL
u_account_balance/balance_db_reg[4][12]    0.00349   6.605e-05    0.003692   0.0001363  SDFFQX1
u_account_balance/balance_db_reg[0][12]   0.003492   5.794e-05    0.003687   0.0001363  SDFFQX1
u_account_balance/g13202        0.002177    0.001473    0.003686   3.607e-05  NOR2X2
u_account_balance/balance_db_reg[15][15]   0.003489   6.323e-05    0.003682   0.0001296  SDFFQXL
u_account_balance/balance_db_reg[7][12]   0.003484   5.936e-05    0.003679   0.0001363  SDFFQX1
u_account_balance/balance_db_reg[6][12]   0.003485   5.641e-05    0.003678   0.0001363  SDFFQX1
u_account_balance/balance_db_reg[5][12]   0.003485   5.514e-05    0.003677   0.0001363  SDFFQX1
u_account_balance/balance_db_reg[11][15]    0.00349   5.012e-05     0.00367   0.0001296  SDFFQXL
u_account_balance/balance_db_reg[13][15]    0.00349   4.655e-05    0.003666   0.0001296  SDFFQXL
u_account_balance/balance_db_reg[8][12]   0.003419    6.24e-05    0.003611   0.0001296  SDFFQXL
u_account_balance/balance_db_reg[10][12]   0.003417   6.264e-05    0.003609   0.0001296  SDFFQXL
u_account_balance/g13188        0.000684    0.002877    0.003604   4.264e-05  AO21X1
u_account_balance/balance_db_reg[9][12]   0.003419   5.531e-05    0.003604   0.0001296  SDFFQXL
u_account_balance/balance_db_reg[12][12]   0.003416    5.08e-05    0.003596   0.0001296  SDFFQXL
u_account_balance/balance_db_reg[13][12]   0.003412   5.281e-05    0.003595   0.0001296  SDFFQXL
u_account_balance/balance_db_reg[15][12]   0.003411   5.432e-05    0.003595   0.0001296  SDFFQXL
u_account_balance/balance_db_reg[14][12]   0.003414   4.828e-05    0.003592   0.0001296  SDFFQXL
u_account_balance/balance_db_reg[11][12]   0.003412   4.661e-05    0.003589   0.0001296  SDFFQXL
u_account_balance/g13149       0.0006602    0.002861    0.003563   4.264e-05  AO21X1
u_account_balance/g13407       0.0005625    0.002956    0.003546   2.717e-05  AND2X1
u_account_balance/g13142       0.0006783    0.002523    0.003244   4.264e-05  AO21X1
u_account_balance/g13138       0.0005721    0.002501    0.003086   1.299e-05  OAI21X1
u_account_balance/g13456        0.001296    0.001705    0.003081   8.078e-05  CLKAND2X3
u_account_balance/g13168       0.0005438    0.002441    0.002998   1.299e-05  OAI21X1
u_account_balance/g13139       0.0004525    0.002348    0.002835   3.499e-05  NAND2BX1
u_account_balance/g3407        0.0004064    0.002384    0.002803   1.301e-05  CLKINVX1
u_account_balance/g13178       0.0006184    0.002088    0.002749   4.264e-05  AO21X1
u_account_balance/g13157       0.0004866    0.002188    0.002688   1.299e-05  OAI21X1
u_account_balance/g13174       0.0003606    0.002121    0.002495   1.301e-05  CLKINVX1
u_account_balance/g13405       0.0004629    0.001992    0.002473   1.816e-05  NOR2X1
u_account_balance/g13444       0.0006216    0.001763    0.002403   1.816e-05  NOR2X1
u_account_balance/g13474       0.0008028    0.001519    0.002353   3.151e-05  OAI2BB1X2
u_account_balance/g13455       0.0005902    0.001605     0.00224     4.5e-05  CLKAND2X2
u_account_balance/g13192        0.001039    0.001083    0.002141   1.816e-05  NOR2X1
u_account_balance/g13221        0.001676   0.0004251    0.002137   3.607e-05  NOR2X2
u_account_balance/g13175        0.001159    0.000882    0.002136   9.553e-05  ADDHX1
u_account_balance/g13137       0.0004917    0.001551    0.002056   1.299e-05  OAI21X1
u_account_balance/g13408       0.0003014    0.001716    0.002045   2.717e-05  AND2X1
u_account_balance/g13209        0.001548   0.0003779    0.001948   2.186e-05  NOR3BX1
u_account_balance/g13406       0.0003025    0.001594    0.001923   2.717e-05  AND2X1
u_account_balance/g3403        0.0002572    0.001518    0.001788   1.301e-05  CLKINVX1
u_account_balance/g13194       0.0006336   0.0009723    0.001619   1.299e-05  OAI21X1
u_account_balance/g13205        0.001193   0.0004039    0.001617   2.034e-05  NOR3X1
u_account_balance/g3405        0.0008286   0.0007643    0.001606   1.301e-05  CLKINVX1
u_account_balance/g4343        9.446e-05    0.001492    0.001595   9.289e-06  NAND2XL
u_account_balance/g13390       0.0001413    0.001395    0.001549   1.301e-05  CLKINVX1
u_account_balance/g4347        0.0002342    0.001205    0.001474   3.499e-05  NAND2BX1
u_account_balance/g13210       0.0009263   0.0005254     0.00147   1.816e-05  NOR2X1
u_account_balance/g4346        0.0002863    0.001127    0.001456   4.264e-05  AO21X1
u_account_balance/g13450       0.0002542    0.001155    0.001435   2.599e-05  CLKINVX2
u_account_balance/g13453        0.000384   0.0009732    0.001384   2.717e-05  AND2X1
u_account_balance/g13462       0.0004203   0.0009291    0.001375   2.599e-05  CLKINVX2
u_account_balance/g13447       0.0003112    0.001014    0.001338   1.301e-05  CLKINVX1
u_account_balance/g13454       0.0003163   0.0009824    0.001311   1.236e-05  NOR2XL
u_account_balance/g13437       0.0003625   0.0009261    0.001302   1.301e-05  CLKINVX1
u_account_balance/g13432       0.0001775    0.001051    0.001256   2.717e-05  AND2X1
u_account_balance/g13449       0.0005065   0.0006431    0.001176   2.599e-05  CLKINVX2
u_account_balance/g13264       0.0009772   0.0001749    0.001172   1.995e-05  AOI211X1
u_account_balance/g13218       0.0006554   0.0004766    0.001158   2.601e-05  AND4X1
u_account_balance/g13172       0.0005449   0.0005356    0.001101   2.004e-05  NOR2BX1
u_account_balance/g13246       0.0008887   0.0001926      0.0011   1.833e-05  AOI22X1
u_account_balance/g13213       0.0007555     0.00031    0.001086   2.034e-05  NOR3X1
g354                           0.0005349   0.0005221    0.001075   1.791e-05  OAI22X1
u_account_balance/g13204       0.0009456   9.553e-05    0.001061   1.995e-05  AOI211X1
u_account_balance/g13468       0.0006313   0.0004083     0.00106   2.004e-05  NOR2BX1
u_account_balance/g13414       8.337e-05   0.0009623    0.001059   1.301e-05  CLKINVX1
u_account_balance/g13446       0.0002274   0.0008145    0.001055   1.301e-05  CLKINVX1
u_account_balance/g13286       0.0009088   0.0001263    0.001055    1.95e-05  AOI221X1
u_barrier_ctrl/g335             0.000677   0.0003513     0.00105   2.186e-05  NOR3BX1
u_account_balance/g13226       0.0003295   0.0007087    0.001048   9.289e-06  NAND2XL
u_account_balance/g13287       0.0007959   0.0002315    0.001047    1.95e-05  AOI221X1
u_account_balance/g13389       0.0001025   0.0008925    0.001008   1.301e-05  CLKINVX1
u_account_balance/g13473       0.0002947   0.0006725    0.001006   3.838e-05  NOR2BX2
u_account_balance/g13211       0.0005039   0.0004839    0.001003   1.511e-05  NAND3X1
u_account_balance/g13247       0.0006362   0.0002982   0.0009523   1.791e-05  OAI22X1
u_account_balance/g13451       0.0002074   0.0007275   0.0009479   1.301e-05  CLKINVX1
u_account_balance/g13220       0.0004893   0.0004381   0.0009397   1.236e-05  NOR2XL
u_account_balance/g3408         0.000448   0.0004715   0.0009326   1.301e-05  CLKINVX1
u_account_balance/g13283       0.0007472   0.0001493   0.0009166   2.004e-05  NOR2BX1
u_account_balance/g4366        0.0004977   0.0003938   0.0009046   1.301e-05  CLKINVX1
u_account_balance/g13277       0.0005889   0.0002765   0.0008835   1.815e-05  AOI21X1
u_account_balance/g3406        0.0003865   0.0004766    0.000876   1.301e-05  CLKINVX1
u_account_balance/g13229       0.0006773   0.0001798   0.0008751   1.791e-05  OAI22X1
u_account_balance/g13230       0.0007205   0.0001279   0.0008678    1.95e-05  AOI221X1
u_account_balance/g13452       0.0004499   0.0003963   0.0008585   1.236e-05  NOR2XL
u_account_balance/g13219       0.0004113   0.0004317   0.0008553   1.236e-05  NOR2XL
u_account_balance/g13424       0.0006319   0.0002039   0.0008537   1.791e-05  OAI22X1
u_account_balance/g13443       0.0002462    0.000571   0.0008295   1.236e-05  NOR2XL
u_account_balance/g13368       0.0006951   9.867e-05   0.0008138   2.004e-05  NOR2BX1
u_account_balance/g13256       0.0006122   0.0001796   0.0008122   2.034e-05  NOR3X1
u_account_balance/g13214       0.0004117   0.0003762   0.0008003   1.236e-05  NOR2XL
u_account_balance/g13275       0.0006501   0.0001171   0.0007802     1.3e-05  AOI222XL
u_account_balance/g13346       0.0005786   0.0001822   0.0007792   1.833e-05  AOI22X1
u_account_balance/g13260        0.000642   9.403e-05   0.0007555    1.95e-05  AOI221X1
u_account_balance/g13349       0.0004325    0.000284   0.0007435   2.704e-05  MXI2XL
u_account_balance/g13445       0.0001474   0.0005689   0.0007434   2.717e-05  AND2X1
u_account_balance/g13272       0.0005781   0.0001432   0.0007343     1.3e-05  AOI222XL
u_account_balance/g13369       0.0005222   0.0001917   0.0007269   1.299e-05  OAI21X1
u_account_balance/g13274       0.0005673   0.0001447   0.0007251     1.3e-05  AOI222XL
u_account_balance/g13267       0.0005346   0.0001774    0.000725     1.3e-05  AOI222XL
g352                           0.0002931   0.0004196    0.000722   9.336e-06  OAI211XL
u_account_balance/g13282       0.0004891   0.0001986   0.0007149   2.717e-05  AND2X1
u_account_balance/g13475       0.0005564   0.0001383   0.0007142    1.95e-05  AOI221X1
u_account_balance/g13244       0.0004592   0.0002363   0.0007078   1.236e-05  NOR2XL
g353                           0.0002738   0.0004138   0.0007068    1.92e-05  OAI2BB1XL
g423                           0.0004476   0.0002401   0.0007057   1.791e-05  OAI22X1
g419                           0.0006023   8.458e-05   0.0007047   1.787e-05  OAI32X1
u_account_balance/g13288       0.0005305   0.0001512   0.0006996   1.791e-05  OAI22X1
u_account_balance/g13234       0.0005177   0.0001633   0.0006991   1.815e-05  AOI21X1
u_account_balance/g13430       0.0005298   0.0001448   0.0006929   1.833e-05  AOI22X1
u_account_balance/g13201       0.0004616   0.0002012   0.0006917   2.877e-05  NAND2BXL
u_account_balance/g13279       0.0005173    0.000161   0.0006913     1.3e-05  AOI222XL
u_account_balance/g13176       0.0005385   0.0001284    0.000687   2.004e-05  NOR2BX1
u_account_balance/g13351        0.000506   0.0001463   0.0006705   1.815e-05  AOI21X1
u_barrier_ctrl/g220            0.0004312   0.0001667   0.0006549   5.698e-05  OR3X1
u_account_balance/g13412       9.003e-05   0.0005373   0.0006545   2.717e-05  AND2X1
u_account_balance/g13413       7.014e-05   0.0005655   0.0006486   1.301e-05  CLKINVX1
u_account_balance/g13350       0.0003685   0.0002491   0.0006447   2.704e-05  MXI2XL
g429                           0.0001991   0.0004268   0.0006389   1.301e-05  INVX1
u_account_balance/g13212       0.0002505   0.0003767   0.0006377   1.046e-05  NAND4XL
u_account_balance/g13222        0.000378   0.0002443   0.0006363   1.403e-05  NAND2X1
u_account_balance/g13200        0.000246   0.0003766   0.0006319   9.289e-06  NAND2XL
u_account_balance/g13438       9.018e-05   0.0005264   0.0006296   1.301e-05  CLKINVX1
u_account_balance/g13371       0.0004755    0.000131    0.000626    1.95e-05  AOI221X1
u_account_balance/g13325       0.0005102   9.467e-05   0.0006232   1.833e-05  AOI22X1
u_barrier_ctrl/g333            0.0003293   0.0002775   0.0006192   1.236e-05  NOR2XL
u_account_balance/g13250       0.0003882   0.0002154    0.000616   1.236e-05  NOR2XL
u_account_balance/g13224       0.0003309   0.0002718   0.0006151   1.236e-05  NOR2XL
u_account_balance/g13347       0.0005099   8.514e-05   0.0006134   1.833e-05  AOI22X1
u_account_balance/g13278       0.0005069   8.627e-05   0.0006131   1.995e-05  AOI211X1
u_account_balance/g13299       0.0004964   9.822e-05    0.000613   1.833e-05  AOI22X1
u_account_balance/g13422        0.000506   8.776e-05   0.0006121   1.833e-05  AOI22X1
u_account_balance/g13199       0.0004081   0.0001762   0.0006089   2.466e-05  AND2XL
u_account_balance/g4365        9.534e-05   0.0004958   0.0006041   1.301e-05  CLKINVX1
u_account_balance/g13352       0.0003837   0.0001918   0.0006026   2.704e-05  MXI2XL
u_account_balance/g13285         0.00048   9.385e-05    0.000592   1.815e-05  AOI21X1
u_account_balance/g13187       0.0001679   0.0004092   0.0005911   1.403e-05  NAND2X1
u_account_balance/g13206       0.0002006   0.0003736   0.0005846   1.046e-05  NAND4XL
u_account_balance/g13353       0.0003543   0.0001953   0.0005767   2.704e-05  MXI2XL
u_account_balance/g13196       0.0003632   0.0001701   0.0005716   3.828e-05  OR2XL
u_account_balance/g13380       0.0003987   0.0001497   0.0005667   1.833e-05  AOI22X1
u_account_balance/g13317       0.0004559   9.193e-05   0.0005662   1.833e-05  AOI22X1
u_account_balance/g13366        0.000367   0.0001844   0.0005638   1.236e-05  NOR2XL
u_vehicle_interface/g201       0.0002386   0.0003105   0.0005614   1.236e-05  NOR2XL
g357                           0.0002554   0.0002578   0.0005558   4.256e-05  OR2X1
u_account_balance/g13421       0.0004292   0.0001063   0.0005534   1.791e-05  OAI22X1
u_account_balance/g13375       0.0004241   0.0001097   0.0005521   1.833e-05  AOI22X1
u_barrier_ctrl/g214            0.0003446   0.0001602   0.0005475   4.264e-05  AO21X1
u_vehicle_interface/g202       0.0002795   0.0002476   0.0005471   2.004e-05  NOR2BX1
g363                           0.0001626   0.0003601   0.0005357   1.301e-05  CLKINVX1
u_account_balance/g13416       0.0003815   0.0001392    0.000533   1.229e-05  AOI22XL
u_account_balance/g13140       0.0004032   0.0001171   0.0005327   1.236e-05  NOR2XL
u_account_balance/g13461       0.0002594     0.00026   0.0005324   1.301e-05  CLKINVX1
u_account_balance/g13354       0.0003546   0.0001505   0.0005321   2.704e-05  MXI2XL
u_account_balance/g13427        0.000412   0.0001009   0.0005312   1.833e-05  AOI22X1
u_barrier_ctrl/g336            0.0003219   0.0001879   0.0005222   1.236e-05  NOR2XL
u_account_balance/g13415       0.0004153    8.75e-05   0.0005211   1.833e-05  AOI22X1
u_account_balance/g13314        0.000399   0.0001028   0.0005201   1.833e-05  AOI22X1
u_account_balance/g13426       0.0004135   8.773e-05   0.0005196   1.833e-05  AOI22X1
u_account_balance/g13276       0.0003834   0.0001133   0.0005151   1.833e-05  AOI22X1
u_account_balance/g13203       0.0002892   0.0002122   0.0005145   1.301e-05  CLKINVX1
g418                           0.0003869   0.0001092   0.0005144   1.833e-05  AOI22X1
u_account_balance/g13429       0.0004151   8.071e-05   0.0005141   1.833e-05  AOI22X1
u_account_balance/g13385       0.0003806   0.0001122   0.0005112   1.833e-05  AOI22X1
u_account_balance/g13479       0.0003943     9.8e-05   0.0005106   1.833e-05  AOI22X1
u_account_balance/g13381       0.0003143   0.0001822   0.0005095   1.299e-05  OAI21X1
u_account_balance/g13420       0.0004166   7.339e-05   0.0005083   1.833e-05  AOI22X1
g358                           0.0001699   0.0003286   0.0005078   9.289e-06  NAND2XL
u_account_balance/g13428       0.0004161   6.902e-05   0.0005034   1.833e-05  AOI22X1
u_account_balance/g13298       0.0004018   8.263e-05   0.0005028   1.833e-05  AOI22X1
g425                           0.0002574   0.0002327   0.0005024   1.236e-05  NOR2XL
u_account_balance/g13373       0.0003998   8.285e-05    0.000501   1.833e-05  AOI22X1
u_account_balance/g13225       0.0003635   0.0001152   0.0004966   1.791e-05  OAI22X1
g355                           0.0002463   0.0002365   0.0004951   1.236e-05  NOR2XL
u_account_balance/g13484       0.0003495   0.0001067    0.000495   3.881e-05  AO22XL
u_account_balance/g13376       0.0003411   0.0001346   0.0004886   1.299e-05  OAI21X1
u_account_balance/g13207       0.0001795   0.0002931   0.0004831   1.046e-05  NAND4XL
g360                           0.0002114   0.0002592   0.0004829   1.236e-05  NOR2XL
u_account_balance/g13482       0.0003153   0.0001259     0.00048   3.881e-05  AO22XL
g427                           0.0003194   0.0001465   0.0004782   1.236e-05  NOR2XL
u_account_balance/g4321          0.00036   7.462e-05   0.0004777   4.309e-05  AO22X1
u_account_balance/g13330       0.0004059   5.346e-05   0.0004777   1.833e-05  AOI22X1
u_account_balance/g4312          0.00032   0.0001139   0.0004727   3.881e-05  AO22XL
u_account_balance/g13392       3.963e-05   0.0004187   0.0004713   1.301e-05  CLKINVX1
u_account_balance/g13198       0.0003086   0.0001287   0.0004651    2.78e-05  NAND4BXL
u_account_balance/g13384       0.0003275   9.903e-05   0.0004448   1.833e-05  AOI22X1
g424                           0.0002362   0.0001707   0.0004419   3.499e-05  NAND2BX1
u_account_balance/g13309       0.0003504   7.009e-05   0.0004388   1.833e-05  AOI22X1
u_account_balance/g13457        0.000152   0.0002718   0.0004378   1.403e-05  NAND2X1
u_account_balance/g13367       0.0003075   0.0001174   0.0004373   1.236e-05  NOR2XL
u_account_balance/g13419        0.000303   0.0001217    0.000437   1.229e-05  AOI22XL
u_account_balance/g13248       0.0003536   6.425e-05   0.0004362   1.833e-05  AOI22X1
u_account_balance/g13476       0.0003348   8.158e-05   0.0004294     1.3e-05  AOI222XL
g364                           0.0002299   0.0001837   0.0004265   1.301e-05  CLKINVX1
u_account_balance/g4315        0.0002934   9.415e-05   0.0004263   3.881e-05  AO22XL
u_account_balance/g13391       3.464e-05   0.0003741   0.0004217   1.301e-05  CLKINVX1
u_barrier_ctrl/g330            0.0003423   6.136e-05   0.0004203   1.662e-05  NOR2BXL
u_barrier_ctrl/g328            0.0003318   7.421e-05    0.000419   1.299e-05  OAI21X1
u_account_balance/g13398       0.0002778   0.0001148   0.0004092   1.662e-05  NOR2BXL
g361                           9.374e-05   0.0003039    0.000407   9.289e-06  NAND2XL
u_account_balance/g4305        0.0002626   0.0001049   0.0004063   3.881e-05  AO22XL
u_account_balance/g13243       0.0002938   8.954e-05   0.0003985   1.511e-05  NAND3X1
u_account_balance/g4316        0.0002484   0.0001112   0.0003985   3.881e-05  AO22XL
u_account_balance/g4313        0.0002704   8.585e-05   0.0003951   3.881e-05  AO22XL
u_account_balance/g13418       0.0003011   7.725e-05   0.0003907   1.229e-05  AOI22XL
u_account_balance/g13442       8.925e-05   0.0002921   0.0003906   9.289e-06  NAND2XL
u_account_balance/g4311        0.0002658    8.31e-05   0.0003877   3.881e-05  AO22XL
u_account_balance/g13231       0.0003192   4.522e-05   0.0003839    1.95e-05  AOI221X1
u_account_balance/g3           0.0002223   0.0001346   0.0003839   2.704e-05  MXI2XL
u_account_balance/g13383       0.0002772    9.37e-05   0.0003832   1.229e-05  AOI22XL
u_vehicle_interface/g199       0.0002739   6.959e-05   0.0003823   3.881e-05  AO22XL
u_account_balance/g4280        0.0002551   8.821e-05   0.0003821   3.881e-05  AO22XL
u_account_balance/g13355        0.000243   0.0001258   0.0003817   1.299e-05  OAI21X1
u_vehicle_interface/g197        0.000237   0.0001032    0.000379   3.881e-05  AO22XL
u_account_balance/g13377       0.0002291   0.0001108   0.0003787   3.881e-05  AO22XL
u_account_balance/g13378       0.0002777   8.407e-05    0.000374   1.229e-05  AOI22XL
u_account_balance/g4318        0.0002523   8.289e-05    0.000374   3.881e-05  AO22XL
u_account_balance/g13465       0.0002583   0.0001026   0.0003739   1.301e-05  INVX1
u_barrier_ctrl/g327            0.0002512   9.552e-05   0.0003738   2.704e-05  MXI2XL
u_account_balance/g13304       0.0002311   0.0001219   0.0003713   1.833e-05  AOI22X1
g413                           0.0002831    7.28e-05    0.000369   1.314e-05  OAI221X1
u_account_balance/g13326       0.0003053   4.435e-05    0.000368   1.833e-05  AOI22X1
u_account_balance/g13483       0.0002623   6.674e-05   0.0003678   3.881e-05  AO22XL
u_account_balance/g13387       0.0002267   0.0001021   0.0003676   3.881e-05  AO22XL
g421                           0.0002324   0.0001219   0.0003673   1.301e-05  INVX1
u_vehicle_interface/g196       0.0002399   8.751e-05   0.0003662   3.881e-05  AO22XL
u_account_balance/g13241       0.0002786    7.47e-05   0.0003656   1.236e-05  NOR2XL
u_account_balance/g4319        0.0002536   7.246e-05   0.0003649   3.881e-05  AO22XL
u_barrier_ctrl/g332            0.0001115   0.0002169   0.0003562    2.78e-05  NAND4BXL
u_vehicle_interface/g198       0.0002368   7.935e-05    0.000355   3.881e-05  AO22XL
u_account_balance/g4317        0.0002492   6.463e-05   0.0003526   3.881e-05  AO22XL
u_account_balance/g13216       0.0002432   9.672e-05   0.0003523   1.236e-05  NOR2XL
u_account_balance/g13302       0.0002151   0.0001162   0.0003494   1.815e-05  AOI21X1
u_account_balance/g4302        0.0002485   6.059e-05   0.0003479   3.881e-05  AO22XL
u_account_balance/g4314        0.0002393   6.685e-05    0.000345   3.881e-05  AO22XL
u_account_balance/g4310        0.0002222    7.94e-05   0.0003404   3.881e-05  AO22XL
u_account_balance/g4307        0.0002224   7.905e-05   0.0003402   3.881e-05  AO22XL
u_account_balance/g13470       0.0002261   7.626e-05   0.0003374   3.499e-05  NAND2BX1
u_account_balance/g13481       0.0002117    8.62e-05   0.0003367   3.881e-05  AO22XL
u_account_balance/g4306         0.000233   6.294e-05   0.0003347   3.881e-05  AO22XL
u_account_balance/g13382        0.000211   8.479e-05   0.0003346   3.881e-05  AO22XL
u_account_balance/g13253       0.0001769   0.0001482   0.0003344   9.289e-06  NAND2XL
u_account_balance/g4309        0.0002164    7.38e-05   0.0003291   3.881e-05  AO22XL
u_account_balance/g4308        0.0002165   7.321e-05   0.0003285   3.881e-05  AO22XL
u_account_balance/g4336        0.0001513   0.0001655   0.0003261   9.289e-06  NAND2XL
u_account_balance/g4294        0.0001753   0.0001382   0.0003223   8.728e-06  OAI21XL
u_account_balance/g13242       0.0002106   0.0001011   0.0003222   1.046e-05  NAND4XL
g428                           0.0001475   0.0001388   0.0003214   3.499e-05  NAND2BX1
u_account_balance/g13345       0.0002456   5.632e-05   0.0003203   1.833e-05  AOI22X1
u_account_balance/g13379       0.0002082   9.891e-05   0.0003194   1.229e-05  AOI22XL
u_account_balance/g13337       0.0002266   7.871e-05   0.0003176   1.229e-05  AOI22XL
u_account_balance/g4304        0.0002158   6.187e-05   0.0003165   3.881e-05  AO22XL
u_account_balance/g13296       0.0002463   4.953e-05   0.0003141   1.833e-05  AOI22X1
u_account_balance/g13170       0.0001314   0.0001669   0.0003123   1.403e-05  NAND2X1
u_account_balance/g13280       0.0002468   4.479e-05   0.0003099   1.833e-05  AOI22X1
u_account_balance/g13291       0.0002372   5.197e-05   0.0003075   1.833e-05  AOI22X1
u_account_balance/g13331        0.000224   6.386e-05   0.0003062   1.833e-05  AOI22X1
u_account_balance/g13238       0.0001558   0.0001386   0.0003049   1.046e-05  NAND4XL
u_barrier_ctrl/g334             0.000222    6.88e-05   0.0003038   1.301e-05  INVX1
u_account_balance/g13269       0.0002295   6.111e-05   0.0003036     1.3e-05  AOI222XL
u_account_balance/g13281       0.0001614   0.0001313    0.000302   9.289e-06  NAND2XL
u_account_balance/g4345        0.0001449   0.0001459      0.0003   9.289e-06  NAND2XL
u_account_balance/g13320       0.0002385   4.108e-05   0.0002979   1.833e-05  AOI22X1
u_account_balance/g13262       0.0001776   0.0001096   0.0002965   9.289e-06  NAND2XL
u_account_balance/g13289       0.0002329   4.472e-05    0.000296   1.833e-05  AOI22X1
u_account_balance/g13239       0.0001871   9.831e-05   0.0002959   1.046e-05  NAND4XL
u_account_balance/g13372       0.0002084   7.387e-05   0.0002945   1.229e-05  AOI22XL
u_account_balance/g13336       0.0002149   6.115e-05   0.0002943   1.833e-05  AOI22X1
u_account_balance/g4344        0.0001393    0.000145   0.0002936   9.289e-06  NAND2XL
u_account_balance/g4326        0.0001686   0.0001114   0.0002892   9.289e-06  NAND2XL
g349                           0.0001571   0.0001002    0.000286   2.877e-05  NAND2BXL
g350                           9.853e-05   0.0001736   0.0002845   1.236e-05  NOR2XL
u_account_balance/g13315       0.0002183   4.632e-05   0.0002829   1.833e-05  AOI22X1
u_account_balance/g4341        0.0001384   0.0001342   0.0002819   9.289e-06  NAND2XL
u_account_balance/g13236       0.0001609   0.0001044   0.0002794    1.41e-05  OAI211X1
u_account_balance/g13227       0.0001894   7.503e-05   0.0002785    1.41e-05  OAI211X1
u_account_balance/g13300       0.0002129   4.537e-05   0.0002766   1.833e-05  AOI22X1
u_account_balance/g13328       0.0001941   6.372e-05   0.0002762   1.833e-05  AOI22X1
u_account_balance/g4325        0.0001861   8.077e-05   0.0002761   9.289e-06  NAND2XL
u_account_balance/g4295        0.0001643   0.0001026   0.0002757   8.728e-06  OAI21XL
u_account_balance/g13307       0.0002227   3.309e-05   0.0002741   1.833e-05  AOI22X1
u_account_balance/g13240       9.975e-05   0.0001625   0.0002727   1.046e-05  NAND4XL
u_account_balance/g13305       0.0002196   3.137e-05   0.0002693   1.833e-05  AOI22X1
u_account_balance/g13396       0.0001633   9.162e-05   0.0002673   1.236e-05  NOR2XL
u_account_balance/g13251       0.0002137   3.538e-05   0.0002672   1.815e-05  AOI21X1
u_account_balance/g13435       0.0001586   9.521e-05   0.0002668   1.301e-05  CLKINVX1
u_account_balance/g13386       0.0001926   5.878e-05   0.0002636   1.229e-05  AOI22XL
u_account_balance/g13290       0.0002082   3.442e-05    0.000261   1.833e-05  AOI22X1
u_account_balance/g13237       0.0001904   5.786e-05   0.0002606   1.236e-05  NOR2XL
u_account_balance/g4338        0.0001398   0.0001102   0.0002593   9.289e-06  NAND2XL
u_account_balance/g13341       0.0001721   6.813e-05   0.0002585   1.833e-05  AOI22X1
g414                           0.0002058   3.905e-05   0.0002579   1.314e-05  OAI221X1
u_account_balance/g4293        0.0001446   0.0001044   0.0002577   8.728e-06  OAI21XL
u_account_balance/g4299          0.00015   9.781e-05   0.0002565   8.728e-06  OAI21XL
u_account_balance/g4287         0.000157   8.975e-05   0.0002555   8.728e-06  OAI21XL
u_account_balance/g13344       0.0001783   5.773e-05   0.0002543   1.833e-05  AOI22X1
u_account_balance/g13184       6.634e-05   0.0001164   0.0002539   7.123e-05  OR4X1
u_account_balance/g4322        0.0001597   8.457e-05   0.0002536   9.289e-06  NAND2XL
g415                           0.0001863   5.196e-05   0.0002524    1.41e-05  OAI211X1
u_account_balance/g3409        0.0001278   0.0001106   0.0002514   1.301e-05  CLKINVX1
u_account_balance/g4282        0.0001627   7.448e-05   0.0002513    1.41e-05  OAI211X1
u_account_balance/g13399       0.0001637   7.041e-05   0.0002464   1.236e-05  NOR2XL
u_account_balance/g13180       0.0001092   0.0001246   0.0002461   1.236e-05  NOR2XL
g348                           0.0001659   3.714e-05   0.0002456   4.256e-05  OR2X1
u_account_balance/g4327        0.0001629   7.326e-05   0.0002454   9.289e-06  NAND2XL
u_account_balance/g13294       0.0001899   3.515e-05   0.0002434   1.833e-05  AOI22X1
u_account_balance/g4298        0.0001303   0.0001017   0.0002408   8.728e-06  OAI21XL
u_account_balance/g13365       0.0001494   8.176e-05   0.0002404   9.289e-06  NAND2XL
u_account_balance/g4320         0.000168   5.706e-05   0.0002392    1.41e-05  OAI211X1
u_account_balance/g13394       0.0001374   6.643e-05   0.0002388   3.499e-05  NAND2BX1
u_account_balance/g13339       0.0001868    3.33e-05   0.0002385   1.833e-05  AOI22X1
u_account_balance/g13388       3.868e-05   0.0001736   0.0002383   2.599e-05  INVX2
u_account_balance/g4303        0.0001398   8.908e-05   0.0002377   8.728e-06  OAI21XL
u_account_balance/g4330        0.0001605    6.65e-05   0.0002363   9.289e-06  NAND2XL
u_barrier_ctrl/g331            0.0001638   5.042e-05   0.0002325   1.833e-05  AOI22X1
u_account_balance/g13228       9.649e-05   0.0001243   0.0002301   9.289e-06  NAND2XL
u_account_balance/g4301        0.0001651   5.016e-05   0.0002293    1.41e-05  OAI211X1
u_account_balance/g13472       0.0001269    7.49e-05   0.0002289   2.704e-05  MXI2XL
u_account_balance/g13409       9.167e-05   0.0001272   0.0002282   9.289e-06  NAND2XL
u_barrier_ctrl/g152            0.0001407    7.79e-05   0.0002274   8.757e-06  INVXL
u_account_balance/g4335        0.0001352   8.092e-05   0.0002254   9.289e-06  NAND2XL
u_account_balance/g4328        0.0001437   7.199e-05    0.000225   9.289e-06  NAND2XL
u_account_balance/g13292       0.0001687   3.784e-05   0.0002248   1.833e-05  AOI22X1
u_account_balance/g13232       0.0001433   7.175e-05   0.0002243   9.289e-06  NAND2XL
u_account_balance/g4292        0.0001383   7.637e-05   0.0002234   8.728e-06  OAI21XL
u_account_balance/g4288        0.0001448   6.954e-05    0.000223   8.728e-06  OAI21XL
u_account_balance/g4289        0.0001329   8.111e-05   0.0002227   8.728e-06  OAI21XL
u_account_balance/g4329        0.0001207   9.083e-05   0.0002208   9.289e-06  NAND2XL
u_account_balance/g13266        0.000145   6.271e-05   0.0002199    1.22e-05  AOI21XL
g356                           7.578e-05    0.000117   0.0002199   2.717e-05  AND2X1
u_account_balance/g13343        0.000168   3.133e-05   0.0002177   1.833e-05  AOI22X1
u_account_balance/g4323        0.0001334    7.49e-05   0.0002176   9.289e-06  NAND2XL
u_account_balance/g13306        0.000169    3.02e-05   0.0002176   1.833e-05  AOI22X1
u_account_balance/g13342       0.0001697   2.814e-05   0.0002162   1.833e-05  AOI22X1
u_account_balance/g4333        0.0001319   7.435e-05   0.0002156   9.289e-06  NAND2XL
g430                            0.000122   8.033e-05   0.0002153   1.301e-05  INVX1
u_account_balance/g13348       0.0001685   2.764e-05   0.0002145   1.833e-05  AOI22X1
u_account_balance/g13478       0.0001199   5.522e-05   0.0002139   3.881e-05  AO22XL
u_account_balance/g4337         0.000132   6.896e-05   0.0002103   9.289e-06  NAND2XL
u_account_balance/g13223       0.0001124   8.727e-05   0.0002089   9.289e-06  NAND2XL
u_account_balance/g13273       0.0001416   5.389e-05   0.0002085   1.299e-05  OAI21X1
u_account_balance/g4291         0.000124   7.549e-05   0.0002083   8.728e-06  OAI21XL
u_account_balance/g13471       0.0001277   4.411e-05   0.0002068   3.499e-05  NAND2BX1
u_account_balance/g13401       4.068e-05   0.0001534   0.0002064   1.236e-05  NOR2XL
u_account_balance/g13395       0.0001074   8.927e-05    0.000206   9.289e-06  NAND2XL
u_account_balance/g4332        0.0001188   7.373e-05   0.0002018   9.289e-06  NAND2XL
g420                           5.794e-05   0.0001345   0.0002018   9.289e-06  NAND2XL
u_account_balance/g4334        0.0001228   6.918e-05   0.0002013   9.289e-06  NAND2XL
u_account_balance/g13254       0.0001374   5.092e-05   0.0002007   1.236e-05  NOR2XL
u_account_balance/g13397       0.0001076   8.329e-05   0.0002001   9.289e-06  NAND2XL
u_barrier_ctrl/g326            0.0001434   4.197e-05   0.0001994   1.402e-05  OAI31X1
u_account_balance/g13329       0.0001501   3.019e-05   0.0001987   1.833e-05  AOI22X1
u_account_balance/g13252       0.0001422   4.404e-05   0.0001986   1.236e-05  NOR2XL
u_account_balance/g4296        0.0001162   6.932e-05   0.0001942   8.728e-06  OAI21XL
u_account_balance/g4324        0.0001246   5.877e-05   0.0001927   9.289e-06  NAND2XL
u_account_balance/g13293       0.0001377   4.222e-05    0.000192   1.205e-05  OAI22XL
u_account_balance/g4286        0.0001183   6.446e-05   0.0001915   8.728e-06  OAI21XL
g416                           9.844e-05    8.26e-05   0.0001903   9.289e-06  NAND2XL
u_account_balance/g13233       9.984e-05     7.8e-05   0.0001871   9.289e-06  NAND2XL
u_account_balance/g4331        0.0001161   5.937e-05   0.0001847   9.289e-06  NAND2XL
u_account_balance/g4290         0.000119   5.537e-05   0.0001831   8.728e-06  OAI21XL
u_account_balance/g4283        0.0001093   6.324e-05   0.0001812   8.728e-06  OAI21XL
u_account_balance/g13215       9.676e-05   7.065e-05   0.0001779   1.046e-05  NAND4XL
u_account_balance/g13486       0.0001045   4.446e-05    0.000176   2.704e-05  MXI2XL
u_account_balance/g4284        0.0001037    6.29e-05   0.0001753   8.728e-06  OAI21XL
u_account_balance/g13270       0.0001008   5.385e-05    0.000173   1.833e-05  AOI22X1
u_account_balance/g13480       9.519e-05   3.745e-05   0.0001715   3.881e-05  AO22XL
u_account_balance/g13258       0.0001039   5.361e-05   0.0001668   9.289e-06  NAND2XL
u_barrier_ctrl/g215            0.0001084   4.389e-05   0.0001663   1.402e-05  OAI31X1
g426                           7.645e-05   8.107e-05   0.0001663   8.757e-06  INVXL
u_barrier_ctrl/g217            5.427e-05   9.704e-05   0.0001637   1.236e-05  NOR2XL
u_barrier_ctrl/g337            9.498e-05   4.089e-05    0.000163   2.717e-05  AND2X1
u_account_balance/g4297        0.0001016    5.22e-05   0.0001625   8.728e-06  OAI21XL
u_account_balance/g13319       0.0001164   2.666e-05   0.0001614   1.833e-05  AOI22X1
u_account_balance/g13310       0.0001014   4.524e-05   0.0001589   1.229e-05  AOI22XL
g224                           6.209e-05   8.665e-05   0.0001575   8.757e-06  INVXL
u_barrier_ctrl/g324            9.724e-05   3.708e-05   0.0001556   2.127e-05  OAI2BB1X1
u_account_balance/g13165       4.467e-05   9.924e-05   0.0001532   9.289e-06  NAND2XL
u_account_balance/g13144       8.121e-05   5.839e-05    0.000152   1.236e-05  NOR2XL
u_barrier_ctrl/g218            5.609e-05   8.557e-05    0.000151   9.289e-06  NAND2XL
u_account_balance/g4357        6.043e-05   8.006e-05   0.0001498   9.289e-06  NAND2XL
u_account_balance/g13255       8.615e-05   5.316e-05   0.0001486   9.289e-06  NAND2XL
u_account_balance/g13327       9.434e-05   4.049e-05   0.0001471   1.229e-05  AOI22XL
u_account_balance/g13434       5.458e-05   8.221e-05   0.0001461   9.289e-06  NAND2XL
g359                           4.968e-05    8.45e-05   0.0001435   9.289e-06  NAND2XL
u_account_balance/g13404       7.913e-05   5.408e-05   0.0001425   9.289e-06  NAND2XL
g422                           5.789e-05   4.203e-05   0.0001425   4.256e-05  OR2X1
u_account_balance/g13257       8.555e-05   4.669e-05   0.0001415   9.289e-06  NAND2XL
u_barrier_ctrl/g329            9.045e-05   3.712e-05   0.0001399   1.236e-05  NOR2XL
u_account_balance/g13245       7.329e-05   5.293e-05   0.0001367   1.046e-05  NAND4XL
u_account_balance/g13334       9.526e-05   2.847e-05    0.000136   1.229e-05  AOI22XL
u_account_balance/g13431       5.259e-05   7.283e-05   0.0001347   9.289e-06  NAND2XL
u_account_balance/g13332       9.466e-05    2.07e-05   0.0001337   1.833e-05  AOI22X1
FE_DBTC0_n_68                  5.482e-05   6.978e-05   0.0001334   8.757e-06  INVXL
u_account_balance/g13259       6.059e-05   6.261e-05   0.0001325   9.289e-06  NAND2XL
u_account_balance/g13312       8.802e-05   2.703e-05   0.0001273   1.229e-05  AOI22XL
u_account_balance/g13313       8.299e-05   2.462e-05   0.0001259   1.833e-05  AOI22X1
u_account_balance/g13249        7.61e-05   3.968e-05   0.0001251   9.289e-06  NAND2XL
u_account_balance/g13485       6.181e-05   5.221e-05   0.0001233   9.289e-06  NAND2XL
u_account_balance/g13324        8.34e-05   2.021e-05   0.0001219   1.833e-05  AOI22X1
u_account_balance/g13321       8.352e-05    1.89e-05   0.0001208   1.833e-05  AOI22X1
u_account_balance/g13303       8.356e-05   1.847e-05   0.0001204   1.833e-05  AOI22X1
u_account_balance/g13261       6.281e-05   4.467e-05   0.0001168   9.289e-06  NAND2XL
u_account_balance/g13335       6.521e-05   3.906e-05   0.0001166   1.229e-05  AOI22XL
u_account_balance/g13235       5.207e-05   4.924e-05   0.0001106   9.289e-06  NAND2XL
u_account_balance/g13358        6.27e-05   2.777e-05   0.0001071   1.662e-05  NOR2BXL
u_account_balance/g13177       4.063e-05   3.032e-05   0.0001059   3.499e-05  NAND2BX1
u_account_balance/g13477       5.222e-05   1.415e-05   0.0001052   3.881e-05  AO22XL
g417                           1.966e-05   1.705e-05   0.0001036    6.69e-05  OR4XL
u_account_balance/g13459       5.441e-05   3.377e-05   0.0001012   1.301e-05  INVX1
u_account_balance/g13460       5.547e-05   3.201e-05   0.0001005   1.301e-05  INVX1
u_barrier_ctrl/g216            5.121e-05   3.394e-05   9.816e-05   1.301e-05  CLKINVX1
g351                            2.06e-05   5.607e-05   8.903e-05   1.236e-05  NOR2XL
u_account_balance/g13271       5.937e-05   1.082e-05   8.834e-05   1.815e-05  AOI21X1
u_account_balance/g13402       1.616e-05   5.876e-05   8.728e-05   1.236e-05  NOR2XL
u_account_balance/g13333       5.467e-05    1.04e-05    8.34e-05   1.833e-05  AOI22X1
u_account_balance/g13361        4.21e-05   1.168e-05   8.095e-05   2.717e-05  AND2X1
u_account_balance/g13179       1.491e-05   2.134e-05   7.881e-05   4.256e-05  OR2X1
u_account_balance/g13265       3.896e-05    1.93e-05   7.056e-05   1.229e-05  AOI22XL
u_account_balance/g4362        4.244e-06   6.793e-06   6.814e-05    5.71e-05  NAND4BBXL
u_account_balance/g13167       2.195e-06   2.326e-05   6.802e-05   4.256e-05  OR2X1
u_account_balance/g13464       3.511e-05   2.322e-05   6.708e-05   8.757e-06  INVXL
u_account_balance/g13411       3.225e-05   2.115e-05   6.269e-05   9.289e-06  NAND2XL
u_account_balance/g13155       2.532e-05   2.132e-05     5.9e-05   1.236e-05  NOR2XL
u_account_balance/g13284       2.872e-05   1.632e-05   5.732e-05   1.228e-05  AOI32XL
u_account_balance/g13318       2.964e-05   1.497e-05    5.69e-05   1.229e-05  AOI22XL
u_account_balance/g13316       2.897e-05   1.341e-05   5.474e-05   1.236e-05  NOR2XL
u_account_balance/g13340       3.001e-05   1.192e-05   5.422e-05   1.229e-05  AOI22XL
u_account_balance/g13301       3.005e-05   1.158e-05   5.392e-05   1.229e-05  AOI22XL
u_account_balance/g13323       3.009e-05   1.122e-05    5.36e-05   1.229e-05  AOI22XL
u_account_balance/g13410       2.433e-05   1.966e-05   5.328e-05   9.289e-06  NAND2XL
u_account_balance/g4358        4.428e-06   1.123e-05   5.064e-05   3.499e-05  NAND2BX1
u_account_balance/g4361        2.254e-06   3.589e-06    4.84e-05   4.256e-05  OR2X1
u_account_balance/g13147        2.13e-07   2.244e-06   4.501e-05   4.256e-05  OR2X1
u_account_balance/g2           5.702e-06   3.987e-06   4.468e-05   3.499e-05  NAND2BX1
u_account_balance/g13146       1.788e-07   1.897e-06   4.463e-05   4.256e-05  OR2X1
u_account_balance/g13160       1.305e-06   1.496e-05   4.343e-05   2.717e-05  AND2X1
u_account_balance/g13403       1.378e-05   2.012e-05   4.319e-05   9.289e-06  NAND2XL
u_account_balance/g13145       5.052e-08    4.51e-07   4.306e-05   4.256e-05  OR2X1
u_account_balance/g13173       8.914e-06   1.598e-05       4e-05   1.511e-05  NAND3X1
u_barrier_ctrl/g219            1.815e-05    5.95e-06   3.921e-05   1.511e-05  NAND3X1
u_account_balance/g13359       1.672e-05   1.087e-05   3.688e-05   9.289e-06  NAND2XL
u_account_balance/g13154       8.333e-07   8.294e-06    3.63e-05   2.717e-05  AND2X1
u_account_balance/g13148       7.563e-07   7.995e-06   3.592e-05   2.717e-05  AND2X1
u_account_balance/g13159       5.707e-07   5.795e-06   3.279e-05   2.642e-05  AND3X1
u_account_balance/g13158       4.741e-07   4.853e-06   3.175e-05   2.642e-05  AND3X1
u_account_balance/g13143       9.113e-06   1.187e-05   3.028e-05   9.289e-06  NAND2XL
u_account_balance/g13162       3.213e-07   3.185e-06   2.993e-05   2.642e-05  AND3X1
u_account_balance/g13152        2.52e-07   2.475e-06   2.915e-05   2.642e-05  AND3X1
u_account_balance/g4363        1.019e-05   3.763e-06   2.906e-05   1.511e-05  NAND3X1
g221                           1.452e-05   5.738e-06   2.901e-05   8.757e-06  INVXL
u_account_balance/g13469       5.053e-06    1.97e-06   2.889e-05   2.186e-05  NOR3BX1
u_account_balance/g13161       2.237e-07   1.993e-06   2.864e-05   2.642e-05  AND3X1
u_account_balance/g13141       8.288e-06   1.103e-05   2.807e-05   8.757e-06  INVXL
u_account_balance/g13153       9.278e-08   8.985e-07   2.741e-05   2.642e-05  AND3X1
u_account_balance/g13363       7.474e-06   5.985e-06   2.275e-05   9.289e-06  NAND2XL
u_account_balance/g13163       3.783e-06   5.199e-06     2.2e-05   1.301e-05  CLKINVX1
u_account_balance/g13164       5.839e-06   2.348e-06   2.055e-05   1.236e-05  NOR2XL
u_account_balance/g13357       6.255e-06   3.194e-06   1.874e-05   9.289e-06  NAND2XL
u_account_balance/g4349        1.035e-06   3.715e-06   1.776e-05   1.301e-05  CLKINVX1
u_account_balance/g4352        9.573e-07   4.179e-06   1.749e-05   1.236e-05  NOR2XL
u_account_balance/g4350        8.225e-07   2.778e-06   1.662e-05   1.301e-05  CLKINVX1
u_account_balance/g4360        1.317e-06   1.155e-06   1.549e-05   1.301e-05  INVX1
u_account_balance/g13150       6.623e-07   8.955e-07   1.457e-05   1.301e-05  INVX1
u_account_balance/g4356        1.414e-06   7.619e-07   1.453e-05   1.236e-05  NOR2XL
u_account_balance/g4355        3.374e-07   9.542e-07   1.431e-05   1.301e-05  CLKINVX1
u_account_balance/g4359        2.779e-07   1.415e-06   1.405e-05   1.236e-05  NOR2XL
u_account_balance/g13156       8.763e-07   7.456e-07   1.398e-05   1.236e-05  NOR2XL
u_account_balance/g4353        3.668e-07   3.821e-06   1.348e-05   9.289e-06  NAND2XL
u_account_balance/g4351        2.638e-07   1.299e-06   1.085e-05   9.289e-06  NAND2XL

---------------------------------------------------------------------------------------

Total (    710 of    710  )        1.118      0.1706      1.332     0.04283
Total Capacitance                7.798e-12 F
Power Density                   *** No Die Area ***
