###############################################################
#  Generated by:      Cadence Tempus 20.10-p003_1
#  OS:                Linux x86_64(Host ID edatools-server2.iiitd.edu.in)
#  Generated on:      Sun Nov 16 17:26:51 2025
#  Design:            toll_gate
#  Command:           report_timing > $report_dir/timing_report_area.rpt
###############################################################
Path 1: MET Setup Check with Pin u_account_balance/balance_db_reg[6][1]/CK 
Endpoint:   u_account_balance/balance_db_reg[6][1]/SE (v) checked with  leading edge of 'clk'
Beginpoint: u_vehicle_interface/id_to_check_reg[3]/Q  (^) triggered by  leading edge of 'clk'
Path Groups: {clk}
Other End Arrival Time          0.010
- Setup                         0.418
+ Phase Shift                  12.000
= Required Time                11.592
- Arrival Time                  4.650
= Slack Time                    6.942
     Clock Rise Edge                 0.000
     + Clock Network Latency (Ideal) 0.010
     = Beginpoint Arrival Time       0.010
      ---------------------------------------------------------------------------------------
      Instance                                Arc          Cell      Delay  Arrival  Required  
                                                                            Time     Time  
      ---------------------------------------------------------------------------------------
      u_vehicle_interface/id_to_check_reg[3]  CK ^         -         -      0.010    6.952  
      u_vehicle_interface/id_to_check_reg[3]  CK ^ -> Q ^  DFFQX1    0.531  0.542    7.484  
      u_account_balance/g17076                A ^ -> Y v   CLKINVX1  0.445  0.986    7.929  
      u_account_balance/g17074                A v -> Y ^   NOR2XL    0.751  1.738    8.680  
      u_account_balance/g17070                A ^ -> Y v   CLKINVX1  0.136  1.874    8.816  
      u_account_balance/g17044                B v -> Y ^   NOR2XL    0.542  2.416    9.359  
      u_account_balance/g16923                B1 ^ -> Y v  AOI221X1  0.166  2.582    9.525  
      u_account_balance/g16910                B0 v -> Y ^  OAI21X1   0.095  2.677    9.619  
      u_account_balance/g16904                C0 ^ -> Y v  AOI211X1  0.052  2.729    9.672  
      u_account_balance/g16896                B v -> Y ^   NAND2XL   0.115  2.845    9.787  
      u_account_balance/g16891                B ^ -> Y v   NOR2XL    0.093  2.938    9.880  
      u_account_balance/g16890                A v -> Y ^   INVX1     0.048  2.986    9.928  
      u_account_balance/g16888                C ^ -> Y ^   OR4X1     0.139  3.126    10.068  
      u_account_balance/g16887                AN ^ -> Y ^  NAND3BX1  0.117  3.243    10.185  
      u_account_balance/g16886                A2 ^ -> Y v  OAI31X1   0.114  3.357    10.299  
      u_account_balance/g16885                B v -> Y ^   NOR2BX1   0.126  3.482    10.425  
      u_account_balance/g3679                 AN ^ -> Y ^  NOR2BX1   0.146  3.629    10.571  
      u_account_balance/g3668                 B ^ -> Y ^   AND2X1    0.199  3.828    10.770  
      u_account_balance/g3643                 C ^ -> Y v   NAND3X1   0.822  4.650    11.592  
      u_account_balance/balance_db_reg[6][1]  SE v         SDFFQX1   0.000  4.650    11.592  
      ---------------------------------------------------------------------------------------

