###############################################################
#  Generated by:      Cadence Tempus 20.10-p003_1
#  OS:                Linux x86_64(Host ID edatools-server2.iiitd.edu.in)
#  Generated on:      Sun Nov 16 17:20:23 2025
#  Design:            toll_gate
#  Command:           report_timing > $report_dir/timing_report_area.rpt
###############################################################
Path 1: MET Setup Check with Pin u_account_balance/balance_db_reg[2][15]/CK 
Endpoint:   u_account_balance/balance_db_reg[2][15]/D (^) checked with  leading edge of 'clk'
Beginpoint: u_vehicle_interface/id_to_check_reg[3]/Q  (^) triggered by  leading edge of 'clk'
Path Groups: {clk}
Other End Arrival Time          0.010
- Setup                         0.138
+ Phase Shift                   5.600
= Required Time                 5.472
- Arrival Time                  2.883
= Slack Time                    2.589
     Clock Rise Edge                 0.000
     + Clock Network Latency (Ideal) 0.010
     = Beginpoint Arrival Time       0.010
      -----------------------------------------------------------------------------------------
      Instance                                 Arc          Cell       Delay  Arrival  Required  
                                                                              Time     Time  
      -----------------------------------------------------------------------------------------
      u_vehicle_interface/id_to_check_reg[3]   CK ^         -          -      0.010    2.599  
      u_vehicle_interface/id_to_check_reg[3]   CK ^ -> Q ^  DFFQX4     0.569  0.579    3.168  
      u_account_balance/g18655                 A ^ -> Y v   INVX8      0.155  0.734    3.323  
      u_account_balance/g18630                 B v -> Y ^   NAND2X2    0.091  0.825    3.414  
      u_account_balance/g18625                 A ^ -> Y v   CLKINVX2   0.145  0.970    3.559  
      u_account_balance/g18480                 A1 v -> Y ^  AOI222XL   0.265  1.235    3.824  
      u_account_balance/g18413                 A1 ^ -> Y v  AOI21X1    0.116  1.350    3.940  
      u_account_balance/g18397                 C0 v -> Y ^  AOI211X1   0.114  1.465    4.054  
      u_account_balance/g18393                 A ^ -> Y v   NAND2XL    0.163  1.628    4.217  
      u_account_balance/g18389                 A v -> Y ^   INVX1      0.099  1.727    4.316  
      u_account_balance/g18372                 B ^ -> Y v   NAND3BX2   0.152  1.878    4.468  
      u_account_balance/g3633                  AN v -> Y v  NAND2BX1   0.179  2.058    4.647  
      u_account_balance/g3617                  AN v -> Y v  NAND2BX1   0.147  2.204    4.794  
      u_account_balance/g3602                  B v -> Y ^   NOR2XL     0.161  2.366    4.955  
      u_account_balance/g3529                  B ^ -> Y ^   CLKXOR2X1  0.323  2.689    5.278  
      u_account_balance/g3335                  A1 ^ -> Y ^  AO22XL     0.194  2.883    5.472  
      u_account_balance/balance_db_reg[2][15]  D ^          DFFQX1     0.000  2.883    5.472  
      -----------------------------------------------------------------------------------------

