*** Statistics for net list toll_gate ***
Number of cells      = 710
Number of nets       = 722
Number of tri-nets   = 0
Number of degen nets = 0
Number of pins       = 3040
Number of i/os       = 29

Number of nets with    2 terms = 307 (42.5%)
Number of nets with    3 terms = 234 (32.4%)
Number of nets with    4 terms = 76 (10.5%)
Number of nets with    5 terms = 19 (2.6%)
Number of nets with    6 terms = 10 (1.4%)
Number of nets with    7 terms = 6 (0.8%)
Number of nets with    8 terms = 6 (0.8%)
Number of nets with    9 terms = 5 (0.7%)
Number of nets with >=10 terms = 59 (8.2%)

*** 63 Primitives used:
Primitive MXI2XL (9 insts)
Primitive INVX2 (1 insts)
Primitive CLKAND2X3 (1 insts)
Primitive NAND4XL (9 insts)
Primitive OAI2BB1XL (1 insts)
Primitive AO22XL (32 insts)
Primitive OR3X1 (1 insts)
Primitive AOI21XL (1 insts)
Primitive AOI22X1 (62 insts)
Primitive CLKINVX2 (3 insts)
Primitive NOR2BXL (3 insts)
Primitive NOR2XL (41 insts)
Primitive OAI22XL (1 insts)
Primitive INVX1 (9 insts)
Primitive NAND2BXL (2 insts)
Primitive AO22X1 (1 insts)
Primitive NOR3X1 (3 insts)
Primitive AO21X1 (7 insts)
Primitive AOI221X1 (7 insts)
Primitive AND2X6 (1 insts)
Primitive INVXL (7 insts)
Primitive NOR3BX1 (3 insts)
Primitive NOR2X1 (4 insts)
Primitive AOI21X1 (7 insts)
Primitive OAI32X1 (1 insts)
Primitive OAI21XL (17 insts)
Primitive OAI22X1 (8 insts)
Primitive CLKAND2X2 (1 insts)
Primitive NOR2BX1 (6 insts)
Primitive ADDHX1 (1 insts)
Primitive NAND2XL (63 insts)
Primitive NAND3X1 (5 insts)
Primitive SDFFQXL (77 insts)
Primitive OR4X1 (1 insts)
Primitive OAI211XL (1 insts)
Primitive NAND2BX1 (10 insts)
Primitive AOI211X1 (3 insts)
Primitive CLKINVX1 (30 insts)
Primitive OAI31X1 (2 insts)
Primitive OAI221X1 (2 insts)
Primitive NAND4BBXL (1 insts)
Primitive OAI21X1 (12 insts)
Primitive AOI222XL (7 insts)
Primitive NAND2X1 (4 insts)
Primitive AND2XL (1 insts)
Primitive OR4XL (1 insts)
Primitive SDFFQX1 (173 insts)
Primitive OAI2BB1X2 (1 insts)
Primitive AND4X1 (1 insts)
Primitive AND3X1 (6 insts)
Primitive OAI211X1 (6 insts)
Primitive AND2X1 (14 insts)
Primitive OR2X1 (9 insts)
Primitive SDFFHQX4 (1 insts)
Primitive CLKXOR2X1 (1 insts)
Primitive NOR2X2 (2 insts)
Primitive NOR2BX2 (1 insts)
Primitive NAND4BXL (2 insts)
Primitive OR2XL (1 insts)
Primitive AOI32XL (1 insts)
Primitive INVX8 (1 insts)
Primitive AOI22XL (19 insts)
Primitive OAI2BB1X1 (1 insts)
************
*** Net length and connection length statistics (cell toll_gate) ***

Total net length = 1.657e+04 (8.556e+03 8.010e+03)

Avg net length = 2.295e+01 (sigma = 3.443e+01)
Sqrt of avg square net length = 4.138e+01

Avg connection length = 7.147e+00 (sigma = 5.912e+00)
Sqrt of avg square connection length = 9.275e+00

Net and connection length distribution:

[length   range   ]      #net #connection
[0.00e+00 5.80e+00]:      150      355
[5.80e+00 1.16e+01]:      256      266
[1.16e+01 1.74e+01]:      123       69
[1.74e+01 2.32e+01]:       46       14
[2.32e+01 2.90e+01]:       25        6
[2.90e+01 3.48e+01]:       16        4
[3.48e+01 4.06e+01]:       10        1
[4.06e+01 4.64e+01]:        6        0
[4.64e+01 5.22e+01]:        8        0
[5.22e+01 5.80e+01]:       11        2
[5.80e+01 6.38e+01]:        5        0
[6.38e+01 6.96e+01]:        4        2
[6.96e+01 7.54e+01]:        6        1
[7.54e+01 8.12e+01]:        5        1
[8.12e+01 8.70e+01]:        3        0
[8.70e+01 9.28e+01]:        3        0
[9.28e+01 9.86e+01]:        4        1
[9.86e+01 1.04e+02]:        3        0
[1.04e+02 1.10e+02]:        5        0
[1.10e+02 1.16e+02]:        1        0
[1.16e+02 1.22e+02]:        3        0
[1.22e+02 1.28e+02]:        4        0
[1.28e+02 1.33e+02]:        3        0
[1.33e+02 1.39e+02]:        6        0
[1.45e+02 1.51e+02]:        2        0
[1.51e+02 1.57e+02]:        1        0
[1.57e+02 1.62e+02]:        2        0
[1.62e+02 1.68e+02]:        1        0
[1.68e+02 1.74e+02]:        4        0
[1.74e+02 1.80e+02]:        1        0
[1.80e+02 1.86e+02]:        2        0
[1.86e+02 1.91e+02]:        1        0
[2.20e+02 2.26e+02]:        1        0
[2.44e+02 2.49e+02]:        1        0


Total number of long connections = 0
Io: nrCon=0


Total length: 2.348e+04um, number of vias: 8137
M1(H) length: 0.000e+00um, number of vias: 3015
M2(V) length: 1.045e+04um, number of vias: 4973
M3(H) length: 1.187e+04um, number of vias: 146
M4(V) length: 1.136e+03um, number of vias: 3
M5(H) length: 2.291e+01um, number of vias: 0
M6(V) length: 0.000e+00um, number of vias: 0
M7(H) length: 0.000e+00um, number of vias: 0
M8(V) length: 0.000e+00um, number of vias: 0
M9(H) length: 0.000e+00um

