Hinst Name           Module Name          Inst Count           Total Area               Buffer             Inverter        Combinational                 Flop                Latch           Clock Gate                Macro             Physical
----------------------------------------------------------------------------------------------------------------------------------------------------------------------------------------------------------------------------------------------------------
toll_gate                                        714             7406.266               68.121              121.104             2082.989             5134.053                0.000                0.000                0.000                0.000
 u_account_balance   account_balance             635             6812.100               25.735               93.856             1828.670             4863.839                0.000                0.000                0.000                0.000
 u_barrier_ctrl      barrier_ctrl                 26              197.551                0.000                6.812               88.557              102.181                0.000                0.000                0.000                0.000
 u_vehicle_interface vehicle_interface            11              144.568                0.000                0.000               37.845              106.723                0.000                0.000                0.000                0.000
