*----------------------------------------------------------------------------------------
*	Innovus 20.10-p004_1 (64bit) 05/07/2020 20:02 (Linux 2.6.32-431.11.2.el6.x86_64)
*	
*
* 	Date & Time:	2025-Nov-10 17:52:21 (2025-Nov-10 12:22:21 GMT)
*
*----------------------------------------------------------------------------------------
*
*	Design: toll_gate
*
*	Liberty Libraries used: 
*	        view1: slow.lib
*
*	Power Domain used: 
*              Rail:        VDD      Voltage:        0.9 
*
*       Power View : view1
*
*       User-Defined Activity : N.A.
*
*       Activity File: N.A.
*
*       Hierarchical Global Activity: N.A.
*
*       Global Activity: N.A.
*
*       Sequential Element Activity: 0.200000
*
*       Primary Input Activity: 0.200000
*
*       Default icg ratio: N.A.
*
*       Global Comb ClockGate Ratio: N.A.
*
*	Power Units = 1mW
*
*	Time Units = 1e-09 secs 
*
*       Temperature = 125 
*
*       report_power -outfile post_route_reports/routeafteranalysis.rpt -rail_analysis_format VS
*
-----------------------------------------------------------------------------------------
Cell                            Internal   Switching       Total     Leakage   Cell
                                   Power       Power       Power       Power   Name
--------------------------------------------------------------------------------------
u_account_balance/CTS_ccl_a_buf_00007    0.02762       0.032     0.05981   0.0001864  CLKBUFX16
CTS_ccl_a_buf_00009              0.02762     0.03133     0.05914   0.0001864  CLKBUFX16
CTS_ccl_a_buf_00005              0.02761     0.03114     0.05894   0.0001864  CLKBUFX16
u_vehicle_interface/id_to_check_reg[0]   0.004573    0.001362    0.006152   0.0002172  SDFFQX4
u_vehicle_interface/id_to_check_reg[3]   0.003556    0.001522    0.005214   0.0001363  SDFFQX1
state_reg[0]                    0.003584    0.000485    0.004205   0.0001363  SDFFQX1
u_vehicle_interface/id_to_check_reg[1]   0.003554   0.0004833    0.004174   0.0001363  SDFFQX1
u_vehicle_interface/id_to_check_reg[2]   0.003557   0.0004297    0.004123   0.0001363  SDFFQX1
state_reg[2]                     0.00359    0.000326    0.004052   0.0001363  SDFFQX1
u_barrier_ctrl/barrier_position_counter_reg[0]   0.003647   0.0002645    0.004048   0.0001363  SDFFQX1
u_barrier_ctrl/barrier_position_counter_reg[1]   0.003647   0.0002631    0.004046   0.0001363  SDFFQX1
u_account_balance/balance_db_reg[5][5]   0.003802    9.78e-05    0.004036   0.0001363  SDFFQX1
u_account_balance/balance_db_reg[10][4]     0.0038   9.822e-05    0.004035   0.0001363  SDFFQX1
u_account_balance/balance_db_reg[10][5]   0.003802   9.532e-05    0.004033   0.0001363  SDFFQX1
u_account_balance/balance_db_reg[5][4]   0.003801   9.528e-05    0.004032   0.0001363  SDFFQX1
u_account_balance/balance_db_reg[8][5]   0.003802   9.364e-05    0.004032   0.0001363  SDFFQX1
u_account_balance/balance_db_reg[7][4]   0.003802    9.35e-05    0.004031   0.0001363  SDFFQX1
u_account_balance/balance_db_reg[12][4]     0.0038   9.415e-05    0.004031   0.0001363  SDFFQX1
u_account_balance/balance_db_reg[7][5]   0.003802    9.13e-05    0.004029   0.0001363  SDFFQX1
u_account_balance/balance_db_reg[9][5]   0.003801   8.959e-05    0.004027   0.0001363  SDFFQX1
u_account_balance/balance_db_reg[6][5]   0.003803   8.751e-05    0.004027   0.0001363  SDFFQX1
u_account_balance/balance_db_reg[4][5]   0.003803   8.731e-05    0.004027   0.0001363  SDFFQX1
u_account_balance/balance_db_reg[6][4]     0.0038   8.769e-05    0.004024   0.0001363  SDFFQX1
u_account_balance/balance_db_reg[0][5]     0.0038   8.206e-05    0.004019   0.0001363  SDFFQX1
u_account_balance/balance_db_reg[8][4]   0.003801   7.919e-05    0.004016   0.0001363  SDFFQX1
u_account_balance/balance_db_reg[14][4]     0.0038   7.622e-05    0.004013   0.0001363  SDFFQX1
u_account_balance/balance_db_reg[4][4]     0.0038   7.557e-05    0.004012   0.0001363  SDFFQX1
u_account_balance/balance_db_reg[9][4]     0.0038   7.497e-05    0.004011   0.0001363  SDFFQX1
u_account_balance/balance_db_reg[0][4]   0.003797   7.685e-05     0.00401   0.0001363  SDFFQX1
u_account_balance/balance_db_reg[6][3]   0.003749   0.0001209    0.004006   0.0001363  SDFFQX1
state_reg[1]                    0.003562   0.0003026       0.004   0.0001363  SDFFQX1
u_account_balance/balance_db_reg[5][6]   0.003748   0.0001104    0.003994   0.0001363  SDFFQX1
u_account_balance/balance_db_reg[5][3]   0.003749   0.0001056    0.003991   0.0001363  SDFFQX1
u_account_balance/balance_db_reg[7][3]   0.003749   0.0001037    0.003989   0.0001363  SDFFQX1
u_account_balance/balance_db_reg[4][6]   0.003748   0.0001049    0.003989   0.0001363  SDFFQX1
u_account_balance/balance_db_reg[4][3]   0.003748   0.0001012    0.003985   0.0001363  SDFFQX1
u_account_balance/balance_db_reg[6][2]    0.00373    0.000117    0.003983   0.0001363  SDFFQX1
u_account_balance/balance_db_reg[6][6]   0.003748   9.868e-05    0.003983   0.0001363  SDFFQX1
u_account_balance/balance_db_reg[0][3]   0.003746   9.867e-05    0.003981   0.0001363  SDFFQX1
u_account_balance/balance_db_reg[10][3]   0.003749   9.016e-05    0.003976   0.0001363  SDFFQX1
u_account_balance/balance_db_reg[14][3]   0.003748   8.947e-05    0.003973   0.0001363  SDFFQX1
u_account_balance/balance_db_reg[9][3]   0.003749   8.832e-05    0.003973   0.0001363  SDFFQX1
u_account_balance/balance_db_reg[10][6]   0.003748   8.905e-05    0.003973   0.0001363  SDFFQX1
u_account_balance/balance_db_reg[0][6]   0.003745   9.109e-05    0.003972   0.0001363  SDFFQX1
u_account_balance/balance_db_reg[14][2]    0.00373    0.000106    0.003972   0.0001363  SDFFQX1
u_account_balance/balance_db_reg[14][6]   0.003746    8.87e-05    0.003971   0.0001363  SDFFQX1
u_account_balance/balance_db_reg[7][6]   0.003748   8.391e-05    0.003968   0.0001363  SDFFQX1
u_account_balance/balance_db_reg[5][2]    0.00373   9.928e-05    0.003966   0.0001363  SDFFQX1
u_account_balance/balance_db_reg[8][6]   0.003746   7.901e-05    0.003961   0.0001363  SDFFQX1
u_account_balance/balance_db_reg[13][2]   0.003729   9.603e-05    0.003961   0.0001363  SDFFQX1
u_account_balance/balance_db_reg[3][5]   0.003552   0.0002712    0.003959   0.0001363  SDFFQX1
u_account_balance/balance_db_reg[4][2]    0.00373   9.265e-05    0.003959   0.0001363  SDFFQX1
u_account_balance/balance_db_reg[12][3]   0.003749   7.268e-05    0.003958   0.0001363  SDFFQX1
u_account_balance/balance_db_reg[8][3]   0.003749   7.153e-05    0.003957   0.0001363  SDFFQX1
u_account_balance/balance_db_reg[0][2]   0.003729   9.139e-05    0.003956   0.0001363  SDFFQX1
u_account_balance/balance_db_reg[8][2]    0.00373   8.839e-05    0.003955   0.0001363  SDFFQX1
u_account_balance/balance_db_reg[12][2]    0.00373    8.79e-05    0.003954   0.0001363  SDFFQX1
u_account_balance/balance_db_reg[10][2]    0.00373   8.593e-05    0.003952   0.0001363  SDFFQX1
u_account_balance/balance_db_reg[7][2]    0.00373   8.469e-05    0.003951   0.0001363  SDFFQX1
u_account_balance/balance_db_reg[9][2]    0.00373   7.611e-05    0.003942   0.0001363  SDFFQX1
u_barrier_ctrl/barrier_position_counter_reg[2]   0.003623    0.000177    0.003936   0.0001363  SDFFQX1
u_account_balance/balance_db_reg[11][4]   0.003702   0.0001034    0.003935   0.0001296  SDFFQXL
u_account_balance/balance_db_reg[13][5]   0.003703   9.817e-05    0.003931   0.0001296  SDFFQXL
u_account_balance/balance_db_reg[12][5]   0.003705   9.175e-05    0.003927   0.0001296  SDFFQXL
u_account_balance/balance_db_reg[13][4]   0.003702   9.227e-05    0.003923   0.0001296  SDFFQXL
u_account_balance/balance_db_reg[15][5]   0.003703   8.951e-05    0.003922   0.0001296  SDFFQXL
u_account_balance/balance_db_reg[15][4]   0.003701   9.048e-05    0.003922   0.0001296  SDFFQXL
u_account_balance/balance_db_reg[11][5]   0.003703   8.627e-05    0.003919   0.0001296  SDFFQXL
u_account_balance/balance_db_reg[14][5]   0.003705   7.786e-05    0.003912   0.0001296  SDFFQXL
u_account_balance/balance_db_reg[15][3]   0.003651   0.0001099     0.00389   0.0001296  SDFFQXL
u_account_balance/balance_db_reg[13][3]   0.003652   0.0001046    0.003886   0.0001296  SDFFQXL
u_account_balance/balance_db_reg[13][6]   0.003649   0.0001027    0.003881   0.0001296  SDFFQXL
u_account_balance/balance_db_reg[11][3]    0.00365   0.0001006     0.00388   0.0001296  SDFFQXL
u_account_balance/balance_db_reg[11][6]    0.00365   9.967e-05    0.003879   0.0001296  SDFFQXL
u_account_balance/balance_db_reg[12][6]    0.00365   9.915e-05    0.003879   0.0001296  SDFFQXL
u_account_balance/balance_db_reg[5][7]   0.003634   0.0001023    0.003872   0.0001363  SDFFQX1
u_account_balance/balance_db_reg[9][6]    0.00365   8.747e-05    0.003867   0.0001296  SDFFQXL
u_account_balance/balance_db_reg[6][7]   0.003633   9.666e-05    0.003866   0.0001363  SDFFQX1
u_account_balance/balance_db_reg[3][13]   0.003551   0.0001765    0.003864   0.0001363  SDFFQX1
u_account_balance/balance_db_reg[1][3]   0.003548   0.0001797    0.003864   0.0001363  SDFFQX1
u_account_balance/balance_db_reg[3][14]   0.003552   0.0001746    0.003862   0.0001363  SDFFQX1
u_account_balance/balance_db_reg[3][1]   0.003552   0.0001732    0.003861   0.0001363  SDFFQX1
u_account_balance/balance_db_reg[0][7]   0.003631   9.392e-05    0.003861   0.0001363  SDFFQX1
u_account_balance/balance_db_reg[15][2]   0.003633   9.567e-05    0.003858   0.0001296  SDFFQXL
u_account_balance/balance_db_reg[4][7]   0.003633   8.737e-05    0.003857   0.0001363  SDFFQX1
u_account_balance/balance_db_reg[8][7]   0.003633   8.388e-05    0.003854   0.0001363  SDFFQX1
u_account_balance/balance_db_reg[2][10]   0.003555   0.0001618    0.003853   0.0001363  SDFFQX1
u_account_balance/balance_db_reg[3][12]   0.003552   0.0001641    0.003852   0.0001363  SDFFQX1
u_account_balance/balance_db_reg[15][6]   0.003648   7.261e-05     0.00385   0.0001296  SDFFQXL
u_account_balance/balance_db_reg[1][14]   0.003548   0.0001642    0.003848   0.0001363  SDFFQX1
u_account_balance/balance_db_reg[12][7]   0.003633   7.751e-05    0.003847   0.0001363  SDFFQX1
u_account_balance/balance_db_reg[10][7]   0.003633   7.669e-05    0.003846   0.0001363  SDFFQX1
u_account_balance/balance_db_reg[7][7]   0.003633   7.614e-05    0.003846   0.0001363  SDFFQX1
u_account_balance/balance_db_reg[14][7]   0.003633   7.543e-05    0.003845   0.0001363  SDFFQX1
u_account_balance/balance_db_reg[2][9]   0.003551   0.0001561    0.003843   0.0001363  SDFFQX1
u_account_balance/balance_db_reg[1][4]   0.003548   0.0001585    0.003843   0.0001363  SDFFQX1
u_account_balance/balance_db_reg[1][13]   0.003548   0.0001578    0.003842   0.0001363  SDFFQX1
u_account_balance/balance_db_reg[1][1]   0.003549   0.0001561    0.003841   0.0001363  SDFFQX1
u_account_balance/balance_db_reg[3][7]   0.003551   0.0001533    0.003841   0.0001363  SDFFQX1
u_account_balance/balance_db_reg[3][9]   0.003551   0.0001532     0.00384   0.0001363  SDFFQX1
u_account_balance/balance_db_reg[1][10]   0.003549   0.0001547     0.00384   0.0001363  SDFFQX1
u_account_balance/balance_db_reg[3][3]   0.003551   0.0001527     0.00384   0.0001363  SDFFQX1
u_account_balance/balance_db_reg[11][2]   0.003632   7.537e-05    0.003837   0.0001296  SDFFQXL
u_account_balance/balance_db_reg[2][11]   0.003551   0.0001491    0.003836   0.0001363  SDFFQX1
u_account_balance/balance_db_reg[3][11]   0.003551   0.0001486    0.003836   0.0001363  SDFFQX1
u_barrier_ctrl/barrier_close_cmd_reg   0.003587   0.0001116    0.003835   0.0001363  SDFFQX1
u_account_balance/balance_db_reg[2][3]   0.003551   0.0001461    0.003834   0.0001363  SDFFQX1
u_account_balance/balance_db_reg[2][13]   0.003551   0.0001467    0.003834   0.0001363  SDFFQX1
u_account_balance/balance_db_reg[2][12]   0.003556   0.0001408    0.003833   0.0001363  SDFFQX1
u_account_balance/balance_db_reg[2][6]   0.003556     0.00014    0.003832   0.0001363  SDFFQX1
u_account_balance/balance_db_reg[2][7]   0.003551   0.0001404    0.003828   0.0001363  SDFFQX1
u_account_balance/balance_db_reg[2][1]   0.003555   0.0001364    0.003827   0.0001363  SDFFQX1
u_account_balance/balance_db_reg[1][7]   0.003549   0.0001389    0.003824   0.0001363  SDFFQX1
u_account_balance/balance_db_reg[3][6]   0.003551   0.0001345    0.003822   0.0001363  SDFFQX1
u_account_balance/balance_db_reg[2][5]   0.003554   0.0001311    0.003822   0.0001363  SDFFQX1
u_account_balance/balance_db_reg[1][11]   0.003548    0.000135    0.003819   0.0001363  SDFFQX1
u_account_balance/balance_db_reg[3][10]   0.003552   0.0001295    0.003818   0.0001363  SDFFQX1
u_account_balance/balance_db_reg[2][4]   0.003555    0.000126    0.003817   0.0001363  SDFFQX1
u_account_balance/balance_db_reg[2][8]   0.003555   0.0001247    0.003816   0.0001363  SDFFQX1
u_account_balance/balance_db_reg[3][4]   0.003532   0.0001479    0.003816   0.0001363  SDFFQX1
u_account_balance/balance_db_reg[1][9]   0.003548   0.0001191    0.003804   0.0001363  SDFFQX1
u_account_balance/balance_db_reg[3][8]   0.003552   0.0001118      0.0038   0.0001363  SDFFQX1
u_account_balance/balance_db_reg[1][6]   0.003493   0.0001665    0.003796   0.0001363  SDFFQX1
u_account_balance/balance_db_reg[1][8]   0.003549   0.0001084    0.003794   0.0001363  SDFFQX1
u_account_balance/balance_db_reg[1][12]   0.003549   0.0001083    0.003794   0.0001363  SDFFQX1
u_account_balance/balance_db_reg[1][5]   0.003493   0.0001629    0.003792   0.0001363  SDFFQX1
u_account_balance/balance_db_reg[5][11]   0.003527   0.0001052    0.003768   0.0001363  SDFFQX1
u_account_balance/balance_db_reg[2][14]    0.00355   8.115e-05    0.003768   0.0001363  SDFFQX1
u_account_balance/balance_db_reg[9][7]    0.00354   9.564e-05    0.003765   0.0001296  SDFFQXL
u_account_balance/balance_db_reg[7][11]   0.003526   0.0001012    0.003763   0.0001363  SDFFQX1
u_account_balance/balance_db_reg[8][9]   0.003533   9.332e-05    0.003763   0.0001363  SDFFQX1
u_account_balance/balance_db_reg[6][9]   0.003533   9.016e-05    0.003759   0.0001363  SDFFQX1
u_account_balance/balance_db_reg[1][2]   0.003491   0.0001314    0.003759   0.0001363  SDFFQX1
u_account_balance/balance_db_reg[4][9]   0.003533   8.977e-05    0.003759   0.0001363  SDFFQX1
u_account_balance/balance_db_reg[6][11]   0.003527   9.226e-05    0.003755   0.0001363  SDFFQX1
u_account_balance/balance_db_reg[4][11]   0.003527   9.112e-05    0.003754   0.0001363  SDFFQX1
u_account_balance/balance_db_reg[11][7]   0.003537   8.504e-05    0.003752   0.0001296  SDFFQXL
u_account_balance/balance_db_reg[6][1]   0.003509   0.0001066    0.003752   0.0001363  SDFFQX1
u_account_balance/balance_db_reg[5][1]   0.003509   0.0001058    0.003751   0.0001363  SDFFQX1
u_account_balance/balance_db_reg[13][7]   0.003537   8.312e-05     0.00375   0.0001296  SDFFQXL
u_account_balance/balance_db_reg[3][2]   0.003493   0.0001201    0.003749   0.0001363  SDFFQX1
u_account_balance/balance_db_reg[5][9]   0.003533   7.878e-05    0.003748   0.0001363  SDFFQX1
u_account_balance/balance_db_reg[0][9]    0.00353   8.089e-05    0.003748   0.0001363  SDFFQX1
u_account_balance/balance_db_reg[4][1]   0.003509   0.0001017    0.003747   0.0001363  SDFFQX1
u_account_balance/balance_db_reg[7][9]   0.003533   7.286e-05    0.003743   0.0001363  SDFFQX1
u_account_balance/balance_db_reg[2][2]   0.003493   0.0001125    0.003741   0.0001363  SDFFQX1
u_account_balance/balance_db_reg[15][7]   0.003537    7.38e-05    0.003741   0.0001296  SDFFQXL
u_account_balance/balance_db_reg[13][1]   0.003508   9.605e-05     0.00374   0.0001363  SDFFQX1
u_account_balance/balance_db_reg[14][1]   0.003509   9.477e-05     0.00374   0.0001363  SDFFQX1
u_account_balance/balance_db_reg[0][11]   0.003524   7.756e-05    0.003738   0.0001363  SDFFQX1
u_account_balance/balance_db_reg[7][1]   0.003509   9.069e-05    0.003736   0.0001363  SDFFQX1
u_account_balance/balance_db_reg[8][1]   0.003509   8.948e-05    0.003735   0.0001363  SDFFQX1
u_account_balance/balance_db_reg[10][1]   0.003509   8.838e-05    0.003734   0.0001363  SDFFQX1
u_account_balance/balance_db_reg[12][1]   0.003509   7.972e-05    0.003725   0.0001363  SDFFQX1
u_account_balance/balance_db_reg[9][1]   0.003509    7.92e-05    0.003724   0.0001363  SDFFQX1
u_account_balance/balance_db_reg[0][1]   0.003508   7.698e-05    0.003721   0.0001363  SDFFQX1
u_account_balance/balance_db_reg[6][8]   0.003478   0.0001051    0.003719   0.0001363  SDFFQX1
u_account_balance/balance_db_reg[11][1]   0.003508     7.4e-05    0.003718   0.0001363  SDFFQX1
u_account_balance/balance_db_reg[7][8]   0.003478    9.92e-05    0.003713   0.0001363  SDFFQX1
u_account_balance/balance_db_reg[6][10]   0.003465   0.0001118    0.003713   0.0001363  SDFFQX1
u_account_balance/balance_db_reg[4][8]   0.003478   8.968e-05    0.003704   0.0001363  SDFFQX1
u_account_balance/balance_db_reg[5][10]   0.003465   9.952e-05    0.003701   0.0001363  SDFFQX1
u_account_balance/balance_db_reg[10][10]   0.003465    9.91e-05      0.0037   0.0001363  SDFFQX1
u_account_balance/balance_db_reg[0][10]   0.003464   9.718e-05    0.003697   0.0001363  SDFFQX1
u_account_balance/balance_db_reg[4][10]   0.003465   9.529e-05    0.003696   0.0001363  SDFFQX1
u_account_balance/balance_db_reg[5][8]   0.003478   8.183e-05    0.003696   0.0001363  SDFFQX1
u_barrier_ctrl/barrier_open_cmd_reg   0.003468   9.127e-05    0.003695   0.0001363  SDFFQX1
u_account_balance/balance_db_reg[14][8]   0.003478   8.004e-05    0.003694   0.0001363  SDFFQX1
u_account_balance/balance_db_reg[0][8]   0.003477   8.067e-05    0.003694   0.0001363  SDFFQX1
u_account_balance/balance_db_reg[6][13]   0.003448   0.0001032    0.003688   0.0001363  SDFFQX1
u_account_balance/balance_db_reg[5][13]   0.003448    9.49e-05    0.003679   0.0001363  SDFFQX1
u_account_balance/balance_db_reg[7][13]   0.003448    9.25e-05    0.003676   0.0001363  SDFFQX1
u_account_balance/balance_db_reg[7][10]   0.003465   7.478e-05    0.003676   0.0001363  SDFFQX1
u_account_balance/balance_db_reg[4][13]   0.003448   8.956e-05    0.003673   0.0001363  SDFFQX1
u_account_balance/balance_db_reg[12][9]   0.003441   0.0001011    0.003672   0.0001296  SDFFQXL
u_account_balance/balance_db_reg[11][11]   0.003433    0.000104    0.003666   0.0001296  SDFFQXL
u_account_balance/balance_db_reg[14][9]   0.003441   9.542e-05    0.003666   0.0001296  SDFFQXL
u_account_balance/balance_db_reg[13][9]   0.003439   9.684e-05    0.003665   0.0001296  SDFFQXL
u_account_balance/balance_db_reg[9][9]   0.003441   9.417e-05    0.003665   0.0001296  SDFFQXL
u_account_balance/balance_db_reg[0][13]   0.003446   8.176e-05    0.003664   0.0001363  SDFFQX1
u_account_balance/balance_db_reg[11][9]   0.003439   9.422e-05    0.003663   0.0001296  SDFFQXL
u_account_balance/balance_db_reg[12][11]   0.003435    9.67e-05    0.003661   0.0001296  SDFFQXL
u_vehicle_interface/id_valid_reg   0.003381   0.0001431    0.003661   0.0001363  SDFFQX1
u_account_balance/balance_db_reg[8][13]   0.003448   7.545e-05    0.003659   0.0001363  SDFFQX1
u_account_balance/balance_db_reg[15][9]   0.003439    9.04e-05    0.003659   0.0001296  SDFFQXL
u_account_balance/balance_db_reg[13][11]   0.003433   9.622e-05    0.003659   0.0001296  SDFFQXL
u_account_balance/balance_db_reg[14][11]   0.003433   9.316e-05    0.003656   0.0001296  SDFFQXL
u_account_balance/balance_db_reg[10][11]   0.003435   9.169e-05    0.003656   0.0001296  SDFFQXL
u_account_balance/balance_db_reg[9][11]   0.003434   8.805e-05    0.003652   0.0001296  SDFFQXL
u_account_balance/balance_db_reg[10][9]   0.003441   7.711e-05    0.003647   0.0001296  SDFFQXL
u_account_balance/balance_db_reg[6][15]   0.003413   9.624e-05    0.003646   0.0001363  SDFFQX1
u_account_balance/balance_db_reg[15][11]   0.003431   8.468e-05    0.003646   0.0001296  SDFFQXL
u_account_balance/balance_db_reg[14][15]   0.003414   9.555e-05    0.003645   0.0001363  SDFFQX1
u_account_balance/balance_db_reg[7][15]   0.003413   9.188e-05    0.003641   0.0001363  SDFFQX1
u_account_balance/balance_db_reg[15][1]   0.003416   9.579e-05    0.003641   0.0001296  SDFFQXL
u_account_balance/balance_db_reg[9][15]   0.003413   9.049e-05     0.00364   0.0001363  SDFFQX1
u_account_balance/balance_db_reg[8][11]   0.003435   7.416e-05    0.003638   0.0001296  SDFFQXL
u_account_balance/balance_db_reg[5][15]   0.003413   8.643e-05    0.003636   0.0001363  SDFFQX1
u_account_balance/balance_db_reg[10][15]   0.003414   7.931e-05    0.003629   0.0001363  SDFFQX1
u_account_balance/balance_db_reg[12][15]   0.003413   7.746e-05    0.003627   0.0001363  SDFFQX1
u_account_balance/balance_db_reg[4][15]   0.003413    7.62e-05    0.003626   0.0001363  SDFFQX1
u_account_balance/balance_db_reg[8][8]   0.003387   0.0001092    0.003626   0.0001296  SDFFQXL
u_account_balance/balance_db_reg[8][15]   0.003413   7.543e-05    0.003625   0.0001363  SDFFQX1
u_account_balance/balance_db_reg[0][15]   0.003412   7.672e-05    0.003625   0.0001363  SDFFQX1
u_account_balance/balance_db_reg[12][8]   0.003386   9.489e-05    0.003611   0.0001296  SDFFQXL
u_account_balance/balance_db_reg[11][8]   0.003385    9.57e-05     0.00361   0.0001296  SDFFQXL
u_account_balance/balance_db_reg[9][8]   0.003386   9.443e-05     0.00361   0.0001296  SDFFQXL
u_account_balance/balance_db_reg[9][10]   0.003373   0.0001014    0.003604   0.0001296  SDFFQXL
u_account_balance/balance_db_reg[8][10]   0.003374   0.0001009    0.003604   0.0001296  SDFFQXL
u_account_balance/balance_db_reg[13][8]   0.003385   8.938e-05    0.003604   0.0001296  SDFFQXL
u_account_balance/balance_db_reg[10][8]   0.003386   8.604e-05    0.003602   0.0001296  SDFFQXL
u_account_balance/balance_db_reg[15][8]   0.003385   8.533e-05      0.0036   0.0001296  SDFFQXL
u_account_balance/balance_db_reg[13][10]   0.003372   9.453e-05    0.003597   0.0001296  SDFFQXL
u_account_balance/balance_db_reg[12][10]   0.003373    8.28e-05    0.003586   0.0001296  SDFFQXL
u_account_balance/balance_db_reg[11][10]   0.003372   8.107e-05    0.003583   0.0001296  SDFFQXL
u_account_balance/balance_db_reg[14][10]   0.003373   7.978e-05    0.003582   0.0001296  SDFFQXL
u_account_balance/balance_db_reg[12][13]   0.003356   9.582e-05    0.003582   0.0001296  SDFFQXL
u_account_balance/balance_db_reg[15][10]   0.003372   7.918e-05    0.003581   0.0001296  SDFFQXL
u_account_balance/balance_db_reg[10][13]   0.003356    9.44e-05     0.00358   0.0001296  SDFFQXL
u_account_balance/balance_db_reg[13][13]   0.003355   9.459e-05     0.00358   0.0001296  SDFFQXL
u_account_balance/balance_db_reg[9][13]   0.003356   9.289e-05    0.003579   0.0001296  SDFFQXL
u_account_balance/balance_db_reg[11][13]   0.003355   8.691e-05    0.003572   0.0001296  SDFFQXL
u_account_balance/balance_db_reg[15][13]   0.003355   8.086e-05    0.003566   0.0001296  SDFFQXL
u_account_balance/balance_db_reg[14][13]   0.003356   7.798e-05    0.003564   0.0001296  SDFFQXL
u_account_balance/balance_db_reg[15][15]   0.003322   0.0001073    0.003559   0.0001296  SDFFQXL
u_account_balance/charge_done_reg   0.003306   0.0001017    0.003544   0.0001363  SDFFQX1
u_account_balance/balance_db_reg[13][15]   0.003322   8.855e-05     0.00354   0.0001296  SDFFQXL
u_account_balance/balance_db_reg[5][12]   0.003283   0.0001122    0.003531   0.0001363  SDFFQX1
u_account_balance/balance_db_reg[11][15]   0.003322   7.654e-05    0.003528   0.0001296  SDFFQXL
u_account_balance/balance_db_reg[6][12]   0.003282   0.0001081    0.003527   0.0001363  SDFFQX1
u_account_balance/balance_db_reg[4][12]   0.003282   9.775e-05    0.003516   0.0001363  SDFFQX1
u_account_balance/balance_db_reg[7][12]   0.003282   9.679e-05    0.003515   0.0001363  SDFFQX1
u_account_balance/balance_db_reg[0][12]   0.003282   9.455e-05    0.003512   0.0001363  SDFFQX1
u_account_balance/balance_db_reg[4][14]   0.003262     9.8e-05    0.003496   0.0001363  SDFFQX1
u_account_balance/balance_db_reg[5][14]   0.003262   9.432e-05    0.003493   0.0001363  SDFFQX1
u_account_balance/balance_db_reg[6][14]   0.003262   9.109e-05    0.003489   0.0001363  SDFFQX1
u_account_balance/balance_db_reg[0][14]   0.003261   9.138e-05    0.003488   0.0001363  SDFFQX1
u_account_balance/balance_db_reg[8][14]   0.003262   9.008e-05    0.003488   0.0001363  SDFFQX1
u_account_balance/balance_db_reg[7][14]   0.003262   8.853e-05    0.003487   0.0001363  SDFFQX1
u_account_balance/balance_db_reg[9][12]   0.003193   9.333e-05    0.003416   0.0001296  SDFFQXL
u_account_balance/balance_db_reg[8][12]   0.003194   9.201e-05    0.003415   0.0001296  SDFFQXL
u_account_balance/balance_db_reg[10][12]   0.003194   9.154e-05    0.003415   0.0001296  SDFFQXL
u_account_balance/balance_db_reg[14][12]   0.003193   8.584e-05    0.003409   0.0001296  SDFFQXL
u_account_balance/balance_db_reg[13][12]   0.003193   8.005e-05    0.003403   0.0001296  SDFFQXL
u_account_balance/balance_db_reg[15][12]   0.003193   7.817e-05    0.003401   0.0001296  SDFFQXL
u_account_balance/balance_db_reg[12][12]   0.003193   7.721e-05      0.0034   0.0001296  SDFFQXL
u_account_balance/balance_db_reg[9][14]   0.003173   9.689e-05      0.0034   0.0001296  SDFFQXL
u_account_balance/balance_db_reg[11][12]   0.003193   7.716e-05    0.003399   0.0001296  SDFFQXL
u_account_balance/balance_db_reg[13][14]   0.003173    9.42e-05    0.003397   0.0001296  SDFFQXL
u_account_balance/balance_db_reg[10][14]   0.003174   8.571e-05    0.003389   0.0001296  SDFFQXL
u_account_balance/balance_db_reg[12][14]   0.003174   8.534e-05    0.003389   0.0001296  SDFFQXL
u_account_balance/balance_db_reg[15][14]   0.003173   8.224e-05    0.003385   0.0001296  SDFFQXL
u_account_balance/balance_db_reg[14][14]   0.003174   7.747e-05    0.003381   0.0001296  SDFFQXL
u_account_balance/balance_db_reg[11][14]   0.003172   7.856e-05    0.003381   0.0001296  SDFFQXL
u_account_balance/g13195       0.0007474    0.002087    0.002907   7.254e-05  CLKXOR2X1
u_account_balance/g13188       0.0005703    0.002183    0.002796   4.264e-05  AO21X1
u_account_balance/g13197       0.0005084    0.001976    0.002527   4.264e-05  AO21X1
u_account_balance/g13193       0.0003814    0.001992    0.002386   1.299e-05  OAI21X1
u_account_balance/g13168        0.000358    0.001739     0.00211   1.299e-05  OAI21X1
u_account_balance/g13174        0.000295    0.001706    0.002014   1.301e-05  CLKINVX1
u_account_balance/g13175        0.001022   0.0007199    0.001837   9.553e-05  ADDHX1
u_account_balance/g13157       0.0003204    0.001483    0.001817   1.299e-05  OAI21X1
u_account_balance/g13202        0.001047   0.0007012    0.001784   3.607e-05  NOR2X2
u_account_balance/g13138       0.0003331    0.001419    0.001765   1.299e-05  OAI21X1
u_account_balance/g13458       0.0005138    0.001102    0.001697   8.078e-05  CLKAND2X3
u_account_balance/g13149       0.0003397    0.001254    0.001637   4.264e-05  AO21X1
u_account_balance/g13178       0.0003666    0.001215    0.001624   4.264e-05  AO21X1
u_account_balance/g13142       0.0003412    0.001221    0.001605   4.264e-05  AO21X1
u_account_balance/g13463       0.0004395   0.0009204    0.001399   3.898e-05  CLKINVX3
u_account_balance/g3407        0.0002126    0.001103    0.001328   1.301e-05  CLKINVX1
u_account_balance/g4343        0.0001229     0.00109    0.001227   1.403e-05  NAND2X1
u_account_balance/g13137       0.0002787   0.0009278    0.001219   1.299e-05  OAI21X1
u_account_balance/FE_OFC0_n_483   0.000187   0.0009693    0.001182   2.599e-05  CLKINVX2
u_account_balance/g4346        0.0002226   0.0009115    0.001177   4.264e-05  AO21X1
u_account_balance/g4347        0.0001675     0.00097    0.001173   3.499e-05  NAND2BX1
u_account_balance/g13192       0.0005258   0.0005831    0.001127   1.816e-05  NOR2X1
u_account_balance/g13455       0.0003009    0.000769    0.001115     4.5e-05  CLKAND2X2
u_account_balance/g13474       0.0002408   0.0007346   0.0009967   2.127e-05  OAI2BB1X1
u_account_balance/g13194       0.0003765   0.0005899   0.0009793   1.299e-05  OAI21X1
u_account_balance/g3405        0.0004804   0.0004513   0.0009446   1.301e-05  CLKINVX1
u_account_balance/g13456       0.0003018   0.0005418   0.0008886     4.5e-05  CLKAND2X2
u_account_balance/g13139       0.0001578   0.0006867   0.0008795   3.499e-05  NAND2BX1
u_account_balance/g13209        0.000598   0.0002281    0.000848   2.186e-05  NOR3BX1
u_account_balance/g13213       0.0006014   0.0002142   0.0008359   2.034e-05  NOR3X1
u_barrier_ctrl/g335            0.0005335   0.0002703   0.0008258   2.186e-05  NOR3BX1
u_account_balance/g13445       0.0001646   0.0006089   0.0008007   2.717e-05  AND2X1
u_account_balance/g13438        9.94e-05   0.0006876      0.0008   1.301e-05  CLKINVX1
u_account_balance/g13205       0.0005579   0.0002054   0.0007837   2.034e-05  NOR3X1
u_account_balance/g3403        0.0001139   0.0006507   0.0007776   1.301e-05  CLKINVX1
u_account_balance/g13444        0.000207   0.0005065   0.0007316   1.816e-05  NOR2X1
u_account_balance/g13473       0.0002299   0.0004583   0.0007265   3.838e-05  NOR2BX2
u_account_balance/g4366        0.0004005   0.0002966   0.0007102   1.301e-05  CLKINVX1
u_account_balance/g13453       0.0001608   0.0004254   0.0006134   2.717e-05  AND2X1
u_account_balance/g13414       4.635e-05   0.0005377   0.0005971   1.301e-05  CLKINVX1
u_account_balance/g13432        8.67e-05   0.0004634   0.0005773   2.717e-05  AND2X1
u_account_balance/g13412        8.22e-05   0.0004528   0.0005622   2.717e-05  AND2X1
u_account_balance/g13408       8.586e-05   0.0004478   0.0005608   2.717e-05  AND2X1
u_account_balance/g13391       4.598e-05   0.0005017   0.0005607   1.301e-05  CLKINVX1
u_account_balance/g13187        0.000144   0.0003792   0.0005372   1.403e-05  NAND2X1
u_account_balance/g13204       0.0004547   5.854e-05   0.0005332   1.995e-05  AOI211X1
u_account_balance/g13172       0.0002434   0.0002682   0.0005316   2.004e-05  NOR2BX1
u_account_balance/g13390        4.62e-05   0.0004633   0.0005226   1.301e-05  CLKINVX1
u_account_balance/g13454       0.0001308   0.0003693   0.0005125   1.236e-05  NOR2XL
u_account_balance/g13447       0.0001238   0.0003749   0.0005118   1.301e-05  CLKINVX1
u_account_balance/g13221        0.000367    0.000125   0.0005101   1.816e-05  NOR2X1
u_account_balance/g13218       0.0002841   0.0001957   0.0005057   2.601e-05  AND4X1
u_account_balance/g13406        8.46e-05   0.0003907   0.0005025   2.717e-05  AND2X1
g354                           0.0002519   0.0002318   0.0005016   1.791e-05  OAI22X1
u_account_balance/g13287       0.0003879   9.325e-05   0.0005007    1.95e-05  AOI221X1
u_account_balance/g13457       0.0002632   0.0002039   0.0004951   2.802e-05  NAND2X2
u_account_balance/g13405       0.0001022   0.0003726    0.000493   1.816e-05  NOR2X1
u_account_balance/g13407       8.382e-05   0.0003811   0.0004921   2.717e-05  AND2X1
u_account_balance/g3406        0.0002288   0.0002398   0.0004816   1.301e-05  CLKINVX1
u_account_balance/g13392       4.652e-05    0.000422   0.0004815   1.301e-05  CLKINVX1
u_account_balance/g13230       0.0003566   0.0001003   0.0004764    1.95e-05  AOI221X1
u_account_balance/g4365        9.226e-05   0.0003623   0.0004676   1.301e-05  CLKINVX1
u_account_balance/g3408         0.000224   0.0002301   0.0004671   1.301e-05  CLKINVX1
u_account_balance/g13462       9.514e-05   0.0003573   0.0004654   1.301e-05  CLKINVX1
u_account_balance/g13206       0.0001164   0.0003358   0.0004626   1.046e-05  NAND4XL
u_account_balance/g13283       0.0003635   7.764e-05   0.0004611   2.004e-05  NOR2BX1
u_account_balance/g13371       0.0003706   6.811e-05   0.0004582    1.95e-05  AOI221X1
u_account_balance/g13475        0.000356   7.484e-05   0.0004503    1.95e-05  AOI221X1
u_account_balance/g13277       0.0003392   9.256e-05   0.0004499   1.815e-05  AOI21X1
u_account_balance/g13286       0.0003713   5.463e-05   0.0004455    1.95e-05  AOI221X1
u_account_balance/g13389       4.638e-05    0.000375   0.0004344   1.301e-05  CLKINVX1
u_account_balance/g13388       4.611e-05   0.0003728    0.000432   1.301e-05  CLKINVX1
u_account_balance/g13413       4.734e-05    0.000371   0.0004313   1.301e-05  CLKINVX1
u_account_balance/g13210       0.0002358   0.0001818   0.0004299   1.236e-05  NOR2XL
u_account_balance/g13260       0.0003317   7.772e-05   0.0004289    1.95e-05  AOI221X1
u_account_balance/g13231       0.0003529   5.273e-05   0.0004252    1.95e-05  AOI221X1
u_account_balance/g13443        0.000131   0.0002786   0.0004219   1.236e-05  NOR2XL
u_account_balance/g13256       0.0003482   4.894e-05   0.0004175   2.034e-05  NOR3X1
u_account_balance/g13288       0.0003206   7.609e-05   0.0004146   1.791e-05  OAI22X1
g356                           0.0001227   0.0002615   0.0004114   2.717e-05  AND2X1
u_account_balance/g13451       9.769e-05   0.0003001   0.0004108   1.301e-05  CLKINVX1
g423                           0.0002522   0.0001297   0.0003998   1.791e-05  OAI22X1
u_barrier_ctrl/g326            0.0003147   7.071e-05   0.0003994   1.402e-05  OAI31X1
u_account_balance/g13437       0.0001176   0.0002626   0.0003933   1.301e-05  CLKINVX1
u_account_balance/g13351       0.0002946   8.022e-05    0.000393   1.815e-05  AOI21X1
u_account_balance/g13225       0.0002989   7.592e-05   0.0003927   1.791e-05  OAI22X1
u_account_balance/g13282       0.0002479   0.0001167   0.0003918   2.717e-05  AND2X1
u_account_balance/g13211        0.000176    0.000199   0.0003901   1.511e-05  NAND3X1
u_account_balance/g13278        0.000314   5.448e-05   0.0003885   1.995e-05  AOI211X1
u_account_balance/g13264       0.0003162   5.118e-05   0.0003873   1.995e-05  AOI211X1
u_account_balance/g13247       0.0002958   7.198e-05   0.0003857   1.791e-05  OAI22X1
u_account_balance/g13196       0.0002386   0.0001036   0.0003804   3.828e-05  OR2XL
u_vehicle_interface/g201       0.0001691   0.0001963   0.0003778   1.236e-05  NOR2XL
u_account_balance/g13446       9.926e-05   0.0002614   0.0003736   1.301e-05  CLKINVX1
g419                            0.000309   4.456e-05   0.0003714   1.787e-05  OAI32X1
u_account_balance/g13226       0.0001114   0.0002471   0.0003677   9.289e-06  NAND2XL
u_account_balance/g13421       0.0002749   7.474e-05   0.0003675   1.791e-05  OAI22X1
u_account_balance/g13229       0.0002996   4.969e-05   0.0003672   1.791e-05  OAI22X1
u_account_balance/g13424       0.0002752   6.765e-05   0.0003608   1.791e-05  OAI22X1
u_account_balance/g13246        0.000287   4.949e-05   0.0003549   1.833e-05  AOI22X1
u_account_balance/g13285       0.0002826    5.32e-05   0.0003539   1.815e-05  AOI21X1
u_vehicle_interface/g202       0.0001342    0.000196   0.0003502   2.004e-05  NOR2BX1
u_account_balance/g13212       0.0001242    0.000215   0.0003496   1.046e-05  NAND4XL
g224                           5.854e-05   0.0002793   0.0003466   8.757e-06  INVXL
u_account_balance/g13248        0.000272   5.529e-05   0.0003456   1.833e-05  AOI22X1
u_account_balance/g13207       0.0001159    0.000218   0.0003443   1.046e-05  NAND4XL
u_barrier_ctrl/g214            0.0002383   6.184e-05   0.0003428   4.264e-05  AO21X1
u_account_balance/g13380       0.0002299   9.252e-05   0.0003407   1.833e-05  AOI22X1
u_account_balance/g13203       0.0001924   0.0001345   0.0003399   1.301e-05  CLKINVX1
u_account_balance/g13180       0.0001362   0.0001904   0.0003389   1.236e-05  NOR2XL
u_account_balance/g13468       0.0001978   0.0001196   0.0003375   2.004e-05  NOR2BX1
u_account_balance/g13427        0.000249   6.344e-05   0.0003307   1.833e-05  AOI22X1
u_account_balance/g13384       0.0002319   7.876e-05    0.000329   1.833e-05  AOI22X1
u_account_balance/g4321        0.0002404   4.382e-05   0.0003273   4.309e-05  AO22X1
u_account_balance/g13420       0.0002496   5.669e-05   0.0003246   1.833e-05  AOI22X1
u_account_balance/g13170       5.811e-05   0.0002567   0.0003241   9.289e-06  NAND2XL
u_account_balance/g13353       0.0001795   0.0001159   0.0003224   2.704e-05  MXI2XL
u_account_balance/g13426       0.0002502    5.23e-05   0.0003208   1.833e-05  AOI22X1
g414                           0.0002242   8.316e-05   0.0003205   1.314e-05  OAI221X1
u_barrier_ctrl/g331             0.000231   7.122e-05   0.0003205   1.833e-05  AOI22X1
g418                           0.0002236   7.677e-05   0.0003187   1.833e-05  AOI22X1
u_account_balance/g13449       9.468e-05   0.0002106   0.0003183   1.301e-05  CLKINVX1
u_account_balance/g13214       0.0001685   0.0001369   0.0003177   1.236e-05  NOR2XL
g429                           0.0001027   0.0001997   0.0003154   1.301e-05  INVX1
u_account_balance/g13430       0.0002248   7.164e-05   0.0003147   1.833e-05  AOI22X1
u_account_balance/g13428       0.0002505   4.557e-05   0.0003144   1.833e-05  AOI22X1
g355                           9.685e-05   0.0002043   0.0003135   1.236e-05  NOR2XL
u_account_balance/g13422       0.0002507   4.242e-05   0.0003115   1.833e-05  AOI22X1
u_account_balance/g13350       0.0001798   0.0001042    0.000311   2.704e-05  MXI2XL
u_account_balance/g13429       0.0002508   4.147e-05   0.0003106   1.833e-05  AOI22X1
u_account_balance/g13385       0.0002303   6.123e-05   0.0003099   1.833e-05  AOI22X1
u_barrier_ctrl/g333             0.000163   0.0001314   0.0003067   1.236e-05  NOR2XL
u_account_balance/g13349       0.0001799   9.945e-05   0.0003064   2.704e-05  MXI2XL
u_account_balance/g13176       0.0002316   5.346e-05   0.0003051   2.004e-05  NOR2BX1
u_account_balance/g13199        0.000199   7.958e-05   0.0003033   2.466e-05  AND2XL
u_account_balance/g13354       0.0001795   9.552e-05    0.000302   2.704e-05  MXI2XL
g413                           0.0002353   5.273e-05   0.0003012   1.314e-05  OAI221X1
g363                           9.531e-05   0.0001889   0.0002972   1.301e-05  CLKINVX1
u_account_balance/g13352       0.0001772   8.959e-05   0.0002938   2.704e-05  MXI2XL
u_account_balance/g13373       0.0002306   4.365e-05   0.0002926   1.833e-05  AOI22X1
u_account_balance/g13402       6.639e-05   0.0002127   0.0002915   1.236e-05  NOR2XL
u_account_balance/g13483       0.0001672   8.373e-05   0.0002898   3.881e-05  AO22XL
u_account_balance/g13452       0.0001473   0.0001275   0.0002872   1.236e-05  NOR2XL
u_account_balance/g13375       0.0002315   3.687e-05   0.0002867   1.833e-05  AOI22X1
u_account_balance/g13442         6.1e-05   0.0002164   0.0002866   9.289e-06  NAND2XL
u_account_balance/g13415       0.0002247   4.222e-05   0.0002852   1.833e-05  AOI22X1
u_barrier_ctrl/g328            0.0002119   5.877e-05   0.0002837   1.299e-05  OAI21X1
u_account_balance/g13219       0.0001246   0.0001459   0.0002828   1.236e-05  NOR2XL
g360                            0.000131   0.0001395   0.0002828   1.236e-05  NOR2XL
u_account_balance/g4304        0.0001824   5.824e-05   0.0002794   3.881e-05  AO22XL
u_account_balance/g13201       0.0001672   8.115e-05   0.0002772   2.877e-05  NAND2BXL
u_account_balance/g13401        6.62e-05   0.0001979   0.0002765   1.236e-05  NOR2XL
u_account_balance/g4308        0.0001824   5.437e-05   0.0002756   3.881e-05  AO22XL
u_account_balance/g13227       0.0001872   7.423e-05   0.0002756    1.41e-05  OAI211X1
u_account_balance/g4309        0.0001823    5.42e-05   0.0002753   3.881e-05  AO22XL
u_account_balance/g4311        0.0001801   5.546e-05   0.0002744   3.881e-05  AO22XL
u_barrier_ctrl/g327            0.0001788   6.792e-05   0.0002738   2.704e-05  MXI2XL
u_account_balance/g13224       0.0001783   8.286e-05   0.0002736   1.236e-05  NOR2XL
u_account_balance/g4307        0.0001825   5.181e-05   0.0002731   3.881e-05  AO22XL
u_account_balance/g4312        0.0001808   5.287e-05   0.0002725   3.881e-05  AO22XL
u_vehicle_interface/g199       0.0001867   4.685e-05   0.0002724   3.881e-05  AO22XL
u_account_balance/g13236        0.000188    6.97e-05   0.0002718    1.41e-05  OAI211X1
u_account_balance/g4280        0.0001799   5.286e-05   0.0002716   3.881e-05  AO22XL
u_account_balance/g4318          0.00018   5.167e-05   0.0002705   3.881e-05  AO22XL
u_account_balance/g4314          0.00018    5.12e-05     0.00027   3.881e-05  AO22XL
u_account_balance/g13482       0.0001678   6.331e-05   0.0002699   3.881e-05  AO22XL
u_account_balance/g13200       0.0001144   0.0001462   0.0002699   9.289e-06  NAND2XL
u_account_balance/g13382       0.0001541   7.628e-05   0.0002691   3.881e-05  AO22XL
u_account_balance/g4306        0.0001827   4.744e-05   0.0002689   3.881e-05  AO22XL
g415                           0.0002009   5.372e-05   0.0002687    1.41e-05  OAI211X1
u_account_balance/g4315        0.0001801   4.692e-05   0.0002658   3.881e-05  AO22XL
u_account_balance/g4302         0.000183   4.363e-05   0.0002655   3.881e-05  AO22XL
u_account_balance/g4317        0.0001802   4.437e-05   0.0002634   3.881e-05  AO22XL
u_barrier_ctrl/g337            0.0001589   7.575e-05   0.0002618   2.717e-05  AND2X1
u_account_balance/g4305        0.0001717    5.09e-05   0.0002614   3.881e-05  AO22XL
g428                           0.0001281   9.738e-05   0.0002604   3.499e-05  NAND2BX1
g425                           0.0001313   0.0001164     0.00026   1.236e-05  NOR2XL
u_account_balance/g4319        0.0001713   4.959e-05   0.0002597   3.881e-05  AO22XL
u_account_balance/g13270       0.0001648   7.647e-05   0.0002596   1.833e-05  AOI22X1
u_account_balance/g4313        0.0001712   4.937e-05   0.0002593   3.881e-05  AO22XL
u_vehicle_interface/g196       0.0001707   4.949e-05    0.000259   3.881e-05  AO22XL
u_vehicle_interface/g197       0.0001692   5.048e-05   0.0002585   3.881e-05  AO22XL
u_account_balance/g4310        0.0001713    4.77e-05   0.0002578   3.881e-05  AO22XL
u_account_balance/g13481       0.0001537   6.426e-05   0.0002568   3.881e-05  AO22XL
u_account_balance/g13377       0.0001541    6.35e-05   0.0002564   3.881e-05  AO22XL
g348                           0.0001566   5.694e-05   0.0002561   4.256e-05  OR2X1
u_account_balance/g4316        0.0001713    4.55e-05   0.0002556   3.881e-05  AO22XL
u_account_balance/g13220       0.0001239   0.0001192   0.0002555   1.236e-05  NOR2XL
u_vehicle_interface/g198       0.0001703   4.514e-05   0.0002542   3.881e-05  AO22XL
u_account_balance/g13369       0.0001512   8.976e-05    0.000254   1.299e-05  OAI21X1
g351                           9.731e-05   0.0001439   0.0002536   1.236e-05  NOR2XL
g424                           0.0001326    8.58e-05   0.0002534   3.499e-05  NAND2BX1
u_account_balance/g13387       0.0001542   5.808e-05   0.0002511   3.881e-05  AO22XL
u_account_balance/g13381       0.0001695   6.689e-05   0.0002493   1.299e-05  OAI21X1
u_account_balance/g13376       0.0001682   6.645e-05   0.0002477   1.299e-05  OAI21X1
u_account_balance/g13484       0.0001685   3.833e-05   0.0002456   3.881e-05  AO22XL
g427                           0.0001693    6.34e-05   0.0002451   1.236e-05  NOR2XL
u_account_balance/g13379       0.0001425   8.809e-05   0.0002429   1.229e-05  AOI22XL
g350                           9.751e-05   0.0001289   0.0002388   1.236e-05  NOR2XL
u_account_balance/g13272       0.0001682   5.725e-05   0.0002385     1.3e-05  AOI222XL
u_barrier_ctrl/g220            0.0001312   4.927e-05   0.0002375   5.698e-05  OR3X1
u_barrier_ctrl/g330            0.0001859   3.463e-05   0.0002371   1.662e-05  NOR2BXL
u_account_balance/g13269       0.0001683   5.578e-05   0.0002371     1.3e-05  AOI222XL
g357                           0.0001207   7.278e-05   0.0002361   4.256e-05  OR2X1
u_account_balance/g13234       0.0001832   3.116e-05   0.0002325   1.815e-05  AOI21X1
u_barrier_ctrl/g334            0.0001703   4.894e-05   0.0002323   1.301e-05  INVX1
u_account_balance/g13216       0.0001684   5.063e-05   0.0002314   1.236e-05  NOR2XL
u_barrier_ctrl/g324            0.0001554   5.427e-05   0.0002309   2.127e-05  OAI2BB1X1
u_account_balance/g13276       0.0001665   4.287e-05   0.0002277   1.833e-05  AOI22X1
u_account_balance/g13367       0.0001552   5.467e-05   0.0002222   1.236e-05  NOR2XL
u_account_balance/g13476       0.0001719   3.715e-05    0.000222     1.3e-05  AOI222XL
u_account_balance/g13355       0.0001326   7.627e-05   0.0002218   1.299e-05  OAI21X1
u_account_balance/g13461       0.0001062    0.000102   0.0002212   1.301e-05  CLKINVX1
u_account_balance/g13275        0.000169   3.904e-05   0.0002211     1.3e-05  AOI222XL
u_account_balance/g3409        0.0001206   8.699e-05   0.0002206   1.301e-05  CLKINVX1
u_account_balance/g13279       0.0001677   3.943e-05   0.0002201     1.3e-05  AOI222XL
u_account_balance/g13267       0.0001664   4.003e-05   0.0002194     1.3e-05  AOI222XL
u_account_balance/g13470       0.0001301   5.156e-05   0.0002166   3.499e-05  NAND2BX1
u_account_balance/g13271       0.0001558   4.261e-05   0.0002166   1.815e-05  AOI21X1
u_account_balance/g13378       0.0001415   6.213e-05   0.0002159   1.229e-05  AOI22XL
u_account_balance/g13274       0.0001677   3.486e-05   0.0002156     1.3e-05  AOI222XL
u_account_balance/g13244        0.000123   7.808e-05   0.0002135   1.236e-05  NOR2XL
u_barrier_ctrl/g215            0.0001622   3.719e-05   0.0002134   1.402e-05  OAI31X1
FE_DBTC0_n_68                  4.792e-05   0.0001555   0.0002121   8.757e-06  INVXL
u_barrier_ctrl/g336            0.0001311   6.436e-05   0.0002078   1.236e-05  NOR2XL
u_account_balance/g13366       0.0001418   5.355e-05   0.0002077   1.236e-05  NOR2XL
u_account_balance/g13419        0.000155   4.017e-05   0.0002075   1.229e-05  AOI22XL
u_account_balance/g13418        0.000155    4.01e-05   0.0002074   1.229e-05  AOI22XL
u_account_balance/g13416       0.0001551   3.885e-05   0.0002063   1.229e-05  AOI22XL
u_barrier_ctrl/g332            6.664e-05   0.0001099   0.0002043    2.78e-05  NAND4BXL
u_account_balance/g13435       0.0001127   7.803e-05   0.0002037   1.301e-05  CLKINVX1
u_account_balance/g13372       0.0001428   4.838e-05   0.0002035   1.229e-05  AOI22XL
g421                           0.0001274   6.151e-05   0.0002019   1.301e-05  INVX1
u_account_balance/g13471       0.0001295   3.707e-05   0.0002015   3.499e-05  NAND2BX1
u_account_balance/g13383       0.0001415   4.609e-05   0.0001999   1.229e-05  AOI22XL
u_account_balance/g13251       0.0001445   3.679e-05   0.0001995   1.815e-05  AOI21X1
u_account_balance/g13386        0.000143       4e-05   0.0001952   1.229e-05  AOI22XL
u_account_balance/g13298       0.0001247   4.985e-05   0.0001928   1.833e-05  AOI22X1
g353                           0.0001239   4.887e-05    0.000192    1.92e-05  OAI2BB1XL
u_account_balance/g4301        0.0001161   5.956e-05   0.0001898    1.41e-05  OAI211X1
u_barrier_ctrl/g217            6.253e-05   0.0001132   0.0001881   1.236e-05  NOR2XL
u_account_balance/g13140       0.0001382    3.66e-05   0.0001872   1.236e-05  NOR2XL
g364                           9.808e-05   7.523e-05   0.0001863   1.301e-05  CLKINVX1
u_account_balance/g13184        6.06e-05   5.415e-05    0.000186   7.123e-05  OR4X1
g417                            6.48e-05   5.358e-05   0.0001853    6.69e-05  OR4XL
g361                           6.046e-05   0.0001132    0.000183   9.289e-06  NAND2XL
u_account_balance/g13281       9.326e-05   7.874e-05   0.0001813   9.289e-06  NAND2XL
u_account_balance/g13273       0.0001214    4.56e-05     0.00018   1.299e-05  OAI21X1
u_account_balance/g13302       0.0001195   4.156e-05   0.0001792   1.815e-05  AOI21X1
u_account_balance/g13198       0.0001134   3.765e-05   0.0001789    2.78e-05  NAND4BXL
g422                           7.964e-05   5.603e-05   0.0001782   4.256e-05  OR2X1
u_account_balance/g13237       0.0001221   4.183e-05   0.0001763   1.236e-05  NOR2XL
g359                           6.254e-05   0.0001044   0.0001763   9.289e-06  NAND2XL
u_account_balance/g13319        0.000125   3.283e-05   0.0001761   1.833e-05  AOI22X1
u_account_balance/g13341       0.0001223   3.514e-05   0.0001758   1.833e-05  AOI22X1
u_account_balance/g13346       0.0001212   3.622e-05   0.0001757   1.833e-05  AOI22X1
u_account_balance/g13336       0.0001277   2.906e-05   0.0001751   1.833e-05  AOI22X1
u_account_balance/g13290       0.0001278   2.871e-05   0.0001748   1.833e-05  AOI22X1
u_account_balance/g13344       0.0001245   3.089e-05   0.0001738   1.833e-05  AOI22X1
u_account_balance/g13324       0.0001224   3.246e-05   0.0001732   1.833e-05  AOI22X1
u_account_balance/g13333       0.0001349   1.966e-05   0.0001729   1.833e-05  AOI22X1
u_account_balance/g13314       0.0001266   2.797e-05   0.0001729   1.833e-05  AOI22X1
u_account_balance/g3           8.811e-05   5.685e-05    0.000172   2.704e-05  MXI2XL
u_account_balance/g13289       0.0001227   3.068e-05   0.0001717   1.833e-05  AOI22X1
g352                           0.0001026   5.971e-05   0.0001716   9.336e-06  OAI211XL
u_account_balance/g13304       0.0001257   2.699e-05    0.000171   1.833e-05  AOI22X1
u_account_balance/g13300       0.0001283    2.44e-05    0.000171   1.833e-05  AOI22X1
u_account_balance/g13328       0.0001283   2.408e-05   0.0001707   1.833e-05  AOI22X1
u_account_balance/g4357        5.895e-05   0.0001023   0.0001706   9.289e-06  NAND2XL
u_account_balance/g13320        0.000123    2.92e-05   0.0001706   1.833e-05  AOI22X1
u_account_balance/g13315        0.000126   2.552e-05   0.0001699   1.833e-05  AOI22X1
u_account_balance/g13330       0.0001269   2.427e-05   0.0001695   1.833e-05  AOI22X1
u_account_balance/g13325       0.0001218   2.942e-05   0.0001695   1.833e-05  AOI22X1
u_account_balance/g4320        0.0001156   3.962e-05   0.0001693    1.41e-05  OAI211X1
u_account_balance/g13306       0.0001229   2.806e-05   0.0001693   1.833e-05  AOI22X1
u_account_balance/g13317        0.000121   2.991e-05   0.0001692   1.833e-05  AOI22X1
u_account_balance/g4282        0.0001157    3.85e-05   0.0001683    1.41e-05  OAI211X1
u_account_balance/g13291        0.000126   2.365e-05    0.000168   1.833e-05  AOI22X1
u_account_balance/g13307       0.0001277   2.196e-05    0.000168   1.833e-05  AOI22X1
u_account_balance/g13348       0.0001251   2.461e-05    0.000168   1.833e-05  AOI22X1
u_account_balance/g13472       8.805e-05   5.266e-05   0.0001677   2.704e-05  MXI2XL
u_account_balance/g13305       0.0001287   2.025e-05   0.0001673   1.833e-05  AOI22X1
u_account_balance/g13347        0.000122   2.699e-05   0.0001673   1.833e-05  AOI22X1
g420                           4.473e-05   0.0001132   0.0001672   9.289e-06  NAND2XL
u_account_balance/g13329         0.00013   1.877e-05   0.0001671   1.833e-05  AOI22X1
u_account_balance/g13309       0.0001271   2.154e-05    0.000167   1.833e-05  AOI22X1
u_account_balance/g13368       0.0001281    1.84e-05   0.0001665   2.004e-05  NOR2BX1
u_account_balance/g13326       0.0001289   1.905e-05   0.0001663   1.833e-05  AOI22X1
u_account_balance/g13241       0.0001231   3.057e-05    0.000166   1.236e-05  NOR2XL
u_account_balance/g13394       9.206e-05   3.837e-05   0.0001654   3.499e-05  NAND2BX1
u_account_balance/g13343       0.0001253   2.172e-05   0.0001654   1.833e-05  AOI22X1
u_account_balance/g13296       0.0001235     2.3e-05   0.0001649   1.833e-05  AOI22X1
u_account_balance/g13280       0.0001236   2.256e-05   0.0001644   1.833e-05  AOI22X1
u_account_balance/g13479        0.000125   2.109e-05   0.0001644   1.833e-05  AOI22X1
u_account_balance/g13313       0.0001233   2.281e-05   0.0001644   1.833e-05  AOI22X1
u_account_balance/g13332       0.0001256    2.04e-05   0.0001643   1.833e-05  AOI22X1
u_account_balance/g13243       0.0001151   3.393e-05   0.0001642   1.511e-05  NAND3X1
u_account_balance/g13292       0.0001257   1.982e-05   0.0001638   1.833e-05  AOI22X1
u_account_balance/g13345       0.0001236    2.17e-05   0.0001637   1.833e-05  AOI22X1
u_account_balance/g13342       0.0001257   1.939e-05   0.0001634   1.833e-05  AOI22X1
u_account_balance/g13299       0.0001243   2.048e-05   0.0001631   1.833e-05  AOI22X1
u_account_balance/g13321       0.0001234   2.105e-05   0.0001628   1.833e-05  AOI22X1
u_account_balance/g13331       0.0001237   2.068e-05   0.0001627   1.833e-05  AOI22X1
u_account_balance/g13398       0.0001096   3.508e-05   0.0001613   1.662e-05  NOR2BXL
u_account_balance/g13339       0.0001254   1.755e-05   0.0001613   1.833e-05  AOI22X1
u_account_balance/g13294       0.0001237   1.926e-05   0.0001613   1.833e-05  AOI22X1
u_account_balance/g13303       0.0001236   1.919e-05   0.0001611   1.833e-05  AOI22X1
g430                           9.537e-05   5.205e-05   0.0001604   1.301e-05  INVX1
u_account_balance/g13480       7.951e-05   4.162e-05   0.0001599   3.881e-05  AO22XL
u_account_balance/g4292        8.988e-05   6.099e-05   0.0001596   8.728e-06  OAI21XL
u_account_balance/g13459       8.942e-05   5.628e-05   0.0001587   1.301e-05  INVX1
u_account_balance/g4333        9.144e-05   5.759e-05   0.0001583   9.289e-06  NAND2XL
u_account_balance/g4296        8.637e-05   6.084e-05   0.0001559   8.728e-06  OAI21XL
u_account_balance/g4293        8.567e-05   5.963e-05    0.000154   8.728e-06  OAI21XL
u_account_balance/g4295        8.913e-05   5.615e-05    0.000154   8.728e-06  OAI21XL
u_account_balance/g13222       7.374e-05   7.069e-05   0.0001537   9.289e-06  NAND2XL
u_account_balance/g4286         9.03e-05   5.405e-05   0.0001531   8.728e-06  OAI21XL
u_account_balance/g13254       9.812e-05   4.208e-05   0.0001526   1.236e-05  NOR2XL
u_account_balance/g13460       9.214e-05   4.714e-05   0.0001523   1.301e-05  INVX1
u_account_balance/g13165       5.091e-05   9.207e-05   0.0001523   9.289e-06  NAND2XL
g358                           5.952e-05   8.343e-05   0.0001522   9.289e-06  NAND2XL
u_account_balance/g13173       3.329e-05   0.0001033   0.0001517   1.511e-05  NAND3X1
u_account_balance/g4324        9.468e-05   4.769e-05   0.0001517   9.289e-06  NAND2XL
u_account_balance/g4291        8.945e-05   5.296e-05   0.0001511   8.728e-06  OAI21XL
u_account_balance/g13396       9.776e-05   4.088e-05    0.000151   1.236e-05  NOR2XL
u_account_balance/g4284        9.017e-05   5.191e-05   0.0001508   8.728e-06  OAI21XL
u_account_balance/g4331        9.523e-05   4.508e-05   0.0001496   9.289e-06  NAND2XL
u_account_balance/g4336         9.16e-05   4.832e-05   0.0001492   9.289e-06  NAND2XL
u_account_balance/g13266       0.0001091   2.759e-05   0.0001489    1.22e-05  AOI21XL
u_account_balance/g13250        9.45e-05   4.196e-05   0.0001488   1.236e-05  NOR2XL
u_account_balance/g4334         8.24e-05   5.697e-05   0.0001487   9.289e-06  NAND2XL
u_account_balance/g13399       9.779e-05   3.846e-05   0.0001486   1.236e-05  NOR2XL
u_account_balance/g4288        8.982e-05   5.001e-05   0.0001486   8.728e-06  OAI21XL
u_barrier_ctrl/g329            9.997e-05   3.586e-05   0.0001482   1.236e-05  NOR2XL
u_account_balance/g4330         9.52e-05   4.338e-05   0.0001479   9.289e-06  NAND2XL
u_account_balance/g4328        9.512e-05   4.344e-05   0.0001478   9.289e-06  NAND2XL
u_account_balance/g13293       8.119e-05   5.427e-05   0.0001475   1.205e-05  OAI22XL
u_account_balance/g4283        8.605e-05   5.208e-05   0.0001469   8.728e-06  OAI21XL
u_account_balance/g4287        8.958e-05   4.777e-05   0.0001461   8.728e-06  OAI21XL
u_account_balance/g4303         8.95e-05   4.776e-05    0.000146   8.728e-06  OAI21XL
u_account_balance/g13486       8.626e-05   3.268e-05    0.000146   2.704e-05  MXI2XL
u_account_balance/g4290        8.999e-05   4.622e-05   0.0001449   8.728e-06  OAI21XL
u_account_balance/g4338        9.245e-05    4.31e-05   0.0001448   9.289e-06  NAND2XL
u_account_balance/g13240       5.423e-05   7.974e-05   0.0001444   1.046e-05  NAND4XL
u_account_balance/g4289        8.603e-05    4.96e-05   0.0001444   8.728e-06  OAI21XL
u_account_balance/g4332        9.577e-05   3.897e-05    0.000144   9.289e-06  NAND2XL
u_account_balance/g13477       8.131e-05   2.364e-05   0.0001438   3.881e-05  AO22XL
u_account_balance/g4337        9.224e-05   4.221e-05   0.0001437   9.289e-06  NAND2XL
u_account_balance/g4299        8.894e-05   4.539e-05   0.0001431   8.728e-06  OAI21XL
u_account_balance/g4326         9.24e-05   4.096e-05   0.0001427   9.289e-06  NAND2XL
u_account_balance/g4294        8.908e-05    4.42e-05    0.000142   8.728e-06  OAI21XL
u_account_balance/g4297        8.898e-05   4.423e-05   0.0001419   8.728e-06  OAI21XL
u_account_balance/g4298         8.56e-05   4.752e-05   0.0001419   8.728e-06  OAI21XL
u_account_balance/g4327        9.613e-05   3.593e-05   0.0001413   9.289e-06  NAND2XL
u_account_balance/g13215       7.402e-05   5.656e-05    0.000141   1.046e-05  NAND4XL
u_account_balance/g13478       8.214e-05   1.982e-05   0.0001408   3.881e-05  AO22XL
u_account_balance/g4325        9.615e-05     3.5e-05   0.0001404   9.289e-06  NAND2XL
u_account_balance/g13465       9.117e-05   3.489e-05   0.0001391   1.301e-05  INVX1
u_account_balance/g13265       9.922e-05   2.518e-05   0.0001367   1.229e-05  AOI22XL
u_barrier_ctrl/g218            5.073e-05   7.549e-05   0.0001355   9.289e-06  NAND2XL
u_account_balance/g13239       5.435e-05   6.882e-05   0.0001336   1.046e-05  NAND4XL
u_account_balance/g13228       6.619e-05   5.629e-05   0.0001318   9.289e-06  NAND2XL
u_account_balance/g4322        8.337e-05   3.865e-05   0.0001313   9.289e-06  NAND2XL
u_account_balance/g4323        8.342e-05    3.77e-05   0.0001304   9.289e-06  NAND2XL
u_account_balance/g4329        8.319e-05   3.569e-05   0.0001282   9.289e-06  NAND2XL
u_account_balance/g4335        8.321e-05   3.543e-05   0.0001279   9.289e-06  NAND2XL
u_account_balance/g13323        7.59e-05   3.945e-05   0.0001276   1.229e-05  AOI22XL
u_account_balance/g13144       6.532e-05    4.93e-05    0.000127   1.236e-05  NOR2XL
u_account_balance/g13485       6.189e-05   5.373e-05   0.0001249   9.289e-06  NAND2XL
u_account_balance/g13252       8.661e-05   2.572e-05   0.0001247   1.236e-05  NOR2XL
u_account_balance/g13232       7.426e-05   4.086e-05   0.0001244   9.289e-06  NAND2XL
u_account_balance/g4341        5.632e-05   5.823e-05   0.0001238   9.289e-06  NAND2XL
u_account_balance/g13334       7.243e-05   3.897e-05   0.0001237   1.229e-05  AOI22XL
u_account_balance/g13233       6.541e-05   4.865e-05   0.0001233   9.289e-06  NAND2XL
u_account_balance/g13316       7.377e-05   3.636e-05   0.0001225   1.236e-05  NOR2XL
u_account_balance/g13310       7.282e-05    3.71e-05   0.0001222   1.229e-05  AOI22XL
g426                           5.838e-05   5.436e-05   0.0001215   8.757e-06  INVXL
u_account_balance/g13223       7.193e-05   4.019e-05   0.0001214   9.289e-06  NAND2XL
u_account_balance/g13235       6.238e-05    4.93e-05    0.000121   9.289e-06  NAND2XL
u_account_balance/g13335       7.296e-05   3.502e-05   0.0001203   1.229e-05  AOI22XL
g349                            8.12e-05   1.003e-05     0.00012   2.877e-05  NAND2BXL
u_account_balance/g13284       7.543e-05   3.143e-05   0.0001191   1.228e-05  AOI32XL
u_account_balance/g4345        5.636e-05    5.25e-05   0.0001182   9.289e-06  NAND2XL
u_barrier_ctrl/g219            8.023e-05   2.121e-05   0.0001165   1.511e-05  NAND3X1
u_account_balance/g13301       7.698e-05   2.653e-05   0.0001158   1.229e-05  AOI22XL
u_account_balance/g4344        5.637e-05   4.821e-05   0.0001139   9.289e-06  NAND2XL
u_account_balance/g13327       7.313e-05   2.546e-05   0.0001109   1.229e-05  AOI22XL
u_barrier_ctrl/g216            5.897e-05    3.77e-05   0.0001097   1.301e-05  CLKINVX1
u_account_balance/g13318       7.774e-05   1.947e-05   0.0001095   1.229e-05  AOI22XL
u_account_balance/g13340       7.775e-05   1.928e-05   0.0001093   1.229e-05  AOI22XL
u_account_balance/g13312       7.408e-05   2.234e-05   0.0001087   1.229e-05  AOI22XL
u_account_balance/g13337       7.416e-05   2.133e-05   0.0001078   1.229e-05  AOI22XL
u_account_balance/g13361       5.587e-05   1.675e-05    9.98e-05   2.717e-05  AND2X1
u_account_balance/g13464       5.706e-05   3.258e-05   9.839e-05   8.757e-06  INVXL
u_account_balance/g13249        4.68e-05   3.957e-05   9.566e-05   9.289e-06  NAND2XL
u_account_balance/g13242       5.476e-05   2.997e-05   9.519e-05   1.046e-05  NAND4XL
u_account_balance/g13253       4.772e-05   3.785e-05   9.487e-05   9.289e-06  NAND2XL
u_account_balance/g13259       4.837e-05   3.685e-05   9.451e-05   9.289e-06  NAND2XL
u_account_balance/g13245       5.502e-05    2.78e-05   9.328e-05   1.046e-05  NAND4XL
u_account_balance/g13395       4.624e-05   3.664e-05   9.217e-05   9.289e-06  NAND2XL
u_account_balance/g13431       3.491e-05    4.68e-05     9.1e-05   9.289e-06  NAND2XL
u_account_balance/g13434       3.132e-05   5.037e-05   9.098e-05   9.289e-06  NAND2XL
u_account_balance/g13238        5.47e-05    2.51e-05   9.026e-05   1.046e-05  NAND4XL
u_account_balance/g13258       4.692e-05   3.361e-05   8.983e-05   9.289e-06  NAND2XL
u_account_balance/g13397       4.625e-05   3.318e-05   8.872e-05   9.289e-06  NAND2XL
u_account_balance/g13177       3.266e-05   2.097e-05   8.862e-05   3.499e-05  NAND2BX1
u_account_balance/g13257       4.754e-05   3.052e-05   8.734e-05   9.289e-06  NAND2XL
u_account_balance/g13261       4.734e-05   2.989e-05   8.652e-05   9.289e-06  NAND2XL
u_account_balance/g2           3.199e-05   1.839e-05   8.537e-05   3.499e-05  NAND2BX1
u_account_balance/g13262       4.668e-05   2.648e-05   8.245e-05   9.289e-06  NAND2XL
g416                           4.042e-05    3.18e-05   8.151e-05   9.289e-06  NAND2XL
u_account_balance/g13409       3.085e-05   4.126e-05    8.14e-05   9.289e-06  NAND2XL
u_account_balance/g13255       4.741e-05   2.446e-05   8.116e-05   9.289e-06  NAND2XL
u_account_balance/g13146       3.085e-06   3.293e-05   7.857e-05   4.256e-05  OR2X1
u_account_balance/g13145        3.13e-06   3.234e-05   7.803e-05   4.256e-05  OR2X1
u_account_balance/g13358       4.396e-05    1.69e-05   7.748e-05   1.662e-05  NOR2BXL
g221                           5.618e-05   1.154e-05   7.648e-05   8.757e-06  INVXL
u_account_balance/g13469       3.885e-05   1.554e-05   7.625e-05   2.186e-05  NOR3BX1
u_account_balance/g13167       3.266e-06   3.028e-05    7.61e-05   4.256e-05  OR2X1
u_account_balance/g13147       3.109e-06   2.964e-05   7.531e-05   4.256e-05  OR2X1
u_barrier_ctrl/g152            4.289e-05   2.313e-05   7.478e-05   8.757e-06  INVXL
u_account_balance/g13404       3.503e-05   2.707e-05   7.138e-05   9.289e-06  NAND2XL
u_account_balance/g13179       1.048e-05   1.831e-05   7.135e-05   4.256e-05  OR2X1
u_account_balance/g4362        6.243e-06   7.783e-06   7.112e-05    5.71e-05  NAND4BBXL
u_account_balance/g13411       3.717e-05   2.373e-05   7.019e-05   9.289e-06  NAND2XL
u_account_balance/g4361        1.037e-05   1.282e-05   6.574e-05   4.256e-05  OR2X1
u_account_balance/g13162       3.374e-06   3.516e-05   6.495e-05   2.642e-05  AND3X1
u_account_balance/g13160       3.097e-06   3.408e-05   6.435e-05   2.717e-05  AND2X1
u_account_balance/g13403       3.313e-05   2.165e-05   6.408e-05   9.289e-06  NAND2XL
u_account_balance/g13410       3.267e-05   2.167e-05   6.362e-05   9.289e-06  NAND2XL
u_account_balance/g13154       3.259e-06    3.29e-05   6.333e-05   2.717e-05  AND2X1
u_account_balance/g13152       3.427e-06   3.304e-05   6.289e-05   2.642e-05  AND3X1
u_account_balance/g13153       3.382e-06   3.272e-05   6.253e-05   2.642e-05  AND3X1
u_account_balance/g13159       3.388e-06   3.262e-05   6.243e-05   2.642e-05  AND3X1
u_account_balance/g13158       3.276e-06   3.273e-05   6.243e-05   2.642e-05  AND3X1
u_account_balance/g13148       3.217e-06   2.983e-05   6.021e-05   2.717e-05  AND2X1
u_account_balance/g13161       3.345e-06   3.022e-05   5.999e-05   2.642e-05  AND3X1
u_account_balance/g13163       1.962e-05    2.55e-05   5.814e-05   1.301e-05  CLKINVX1
u_account_balance/FE_OFC1_n_279    5.4e-06   1.026e-05   5.695e-05   4.129e-05  BUFX2
u_account_balance/g13359       2.511e-05    1.86e-05     5.3e-05   9.289e-06  NAND2XL
u_account_balance/g13357       2.765e-05   1.473e-05   5.167e-05   9.289e-06  NAND2XL
u_account_balance/g4358         5.71e-06    1.05e-05    5.12e-05   3.499e-05  NAND2BX1
u_account_balance/g13363       2.302e-05   1.456e-05   4.688e-05   9.289e-06  NAND2XL
u_account_balance/g13155       1.868e-05   1.565e-05   4.669e-05   1.236e-05  NOR2XL
u_account_balance/g13164       2.609e-05   6.841e-06   4.529e-05   1.236e-05  NOR2XL
u_account_balance/g4363        2.189e-05   7.728e-06   4.472e-05   1.511e-05  NAND3X1
u_account_balance/g13365       2.088e-05   1.057e-05   4.074e-05   9.289e-06  NAND2XL
u_account_balance/g4359        3.914e-06   1.181e-05   3.389e-05   1.816e-05  NOR2X1
u_account_balance/g13156       8.307e-06   7.309e-06   2.797e-05   1.236e-05  NOR2XL
u_account_balance/g13150       6.375e-06   6.847e-06   2.624e-05   1.301e-05  INVX1
u_account_balance/g4350         2.44e-06   9.851e-06   2.531e-05   1.301e-05  CLKINVX1
u_account_balance/g13143        6.17e-06   7.502e-06   2.296e-05   9.289e-06  NAND2XL
u_account_balance/g4360        5.878e-06   3.983e-06   2.288e-05   1.301e-05  INVX1
u_account_balance/FE_OFC2_n_279  1.823e-06   6.761e-06    2.16e-05   1.301e-05  CLKINVX1
u_account_balance/g4355        2.455e-06    4.84e-06   2.031e-05   1.301e-05  CLKINVX1
u_account_balance/g4353        1.241e-06   9.501e-06   2.003e-05   9.289e-06  NAND2XL
u_account_balance/g13141       5.566e-06   4.857e-06   1.918e-05   8.757e-06  INVXL
u_account_balance/g4356        4.507e-06   2.138e-06     1.9e-05   1.236e-05  NOR2XL
u_account_balance/g4351        2.224e-06   7.462e-06   1.898e-05   9.289e-06  NAND2XL
u_account_balance/g4352        2.746e-06   6.358e-07   1.574e-05   1.236e-05  NOR2XL

---------------------------------------------------------------------------------------

Total (    714 of    714  )        1.036      0.1934      1.273     0.04322
Total Capacitance                8.004e-12 F
Power Density                   *** No Die Area ***
