*----------------------------------------------------------------------------------------
*	Innovus 20.10-p004_1 (64bit) 05/07/2020 20:02 (Linux 2.6.32-431.11.2.el6.x86_64)
*	
*
* 	Date & Time:	2025-Nov-10 22:29:31 (2025-Nov-10 16:59:31 GMT)
*
*----------------------------------------------------------------------------------------
*
*	Design: toll_gate
*
*	Liberty Libraries used: 
*	        view1: slow.lib
*
*	Power Domain used: 
*              Rail:        VDD      Voltage:        0.9 
*
*       Power View : view1
*
*       User-Defined Activity : N.A.
*
*       Activity File: N.A.
*
*       Hierarchical Global Activity: N.A.
*
*       Global Activity: N.A.
*
*       Sequential Element Activity: N.A.
*
*       Primary Input Activity: 0.200000
*
*       Default icg ratio: N.A.
*
*       Global Comb ClockGate Ratio: N.A.
*
*	Power Units = 1mW
*
*	Time Units = 1e-09 secs 
*
*       Temperature = 125 
*
*       report_power -outfile placement_reports/power.rpt -rail_analysis_format VS
*
-----------------------------------------------------------------------------------------
Cell                            Internal   Switching       Total     Leakage   Cell
                                   Power       Power       Power       Power   Name
--------------------------------------------------------------------------------------
u_vehicle_interface/id_to_check_reg[0]   0.007061    0.001935    0.009233   0.0002371  SDFFHQX4
u_vehicle_interface/id_to_check_reg[1]   0.004455   0.0007593     0.00535   0.0001363  SDFFQX1
u_barrier_ctrl/barrier_position_counter_reg[1]   0.004717   0.0004912    0.005344   0.0001363  SDFFQX1
u_vehicle_interface/id_to_check_reg[2]   0.004496   0.0006903    0.005323   0.0001363  SDFFQX1
state_reg[0]                    0.004381   0.0007758    0.005293   0.0001363  SDFFQX1
u_account_balance/balance_db_reg[3][7]   0.004866   0.0002772     0.00528   0.0001363  SDFFQX1
u_account_balance/balance_db_reg[3][6]   0.004837   0.0002722    0.005245   0.0001363  SDFFQX1
u_barrier_ctrl/barrier_position_counter_reg[0]   0.004611    0.000479    0.005226   0.0001363  SDFFQX1
u_account_balance/balance_db_reg[3][9]   0.004822   0.0002517     0.00521   0.0001363  SDFFQX1
u_account_balance/balance_db_reg[1][7]   0.004794   0.0002711    0.005202   0.0001363  SDFFQX1
u_account_balance/balance_db_reg[3][5]    0.00478   0.0002688    0.005185   0.0001363  SDFFQX1
u_account_balance/balance_db_reg[3][8]   0.004788   0.0002208    0.005145   0.0001363  SDFFQX1
u_account_balance/balance_db_reg[3][10]   0.004745   0.0002425    0.005124   0.0001363  SDFFQX1
u_account_balance/balance_db_reg[2][3]   0.004663   0.0002454    0.005045   0.0001363  SDFFQX1
u_account_balance/balance_db_reg[1][3]   0.004647   0.0002369     0.00502   0.0001363  SDFFQX1
u_account_balance/balance_db_reg[3][3]   0.004639   0.0002361    0.005011   0.0001363  SDFFQX1
u_account_balance/balance_db_reg[1][4]   0.004658   0.0002059       0.005   0.0001363  SDFFQX1
u_account_balance/balance_db_reg[1][10]    0.00463   0.0002298    0.004996   0.0001363  SDFFQX1
u_account_balance/balance_db_reg[1][14]   0.004616   0.0002273     0.00498   0.0001363  SDFFQX1
u_account_balance/balance_db_reg[1][12]   0.004635   0.0001945    0.004966   0.0001363  SDFFQX1
u_account_balance/balance_db_reg[1][9]    0.00459   0.0002248    0.004951   0.0001363  SDFFQX1
u_account_balance/balance_db_reg[1][13]   0.004625   0.0001886     0.00495   0.0001363  SDFFQX1
u_account_balance/balance_db_reg[1][5]   0.004568   0.0002405    0.004945   0.0001363  SDFFQX1
u_vehicle_interface/id_to_check_reg[3]   0.004493    0.000313    0.004942   0.0001363  SDFFQX1
u_account_balance/balance_db_reg[2][4]   0.004586   0.0002022    0.004924   0.0001363  SDFFQX1
u_account_balance/g13195        0.001676    0.003144    0.004893   7.254e-05  CLKXOR2X1
u_account_balance/balance_db_reg[2][5]   0.004515   0.0002266    0.004877   0.0001363  SDFFQX1
u_account_balance/balance_db_reg[1][11]   0.004541   0.0001976    0.004875   0.0001363  SDFFQX1
u_account_balance/balance_db_reg[2][2]   0.004537   0.0002008    0.004874   0.0001363  SDFFQX1
u_account_balance/balance_db_reg[3][13]    0.00454    0.000185    0.004861   0.0001363  SDFFQX1
u_account_balance/balance_db_reg[3][14]   0.004495   0.0002256    0.004857   0.0001363  SDFFQX1
u_account_balance/balance_db_reg[1][8]    0.00452    0.000177    0.004833   0.0001363  SDFFQX1
u_account_balance/balance_db_reg[3][4]   0.004459   0.0002252    0.004821   0.0001363  SDFFQX1
u_account_balance/balance_db_reg[3][12]   0.004463   0.0002118    0.004811   0.0001363  SDFFQX1
u_account_balance/balance_db_reg[1][6]   0.004452   0.0002211     0.00481   0.0001363  SDFFQX1
u_account_balance/balance_db_reg[2][6]   0.004442   0.0002163    0.004795   0.0001363  SDFFQX1
u_account_balance/balance_db_reg[2][1]   0.004426   0.0002137    0.004776   0.0001363  SDFFQX1
u_barrier_ctrl/barrier_position_counter_reg[2]   0.004283   0.0003264    0.004745   0.0001363  SDFFQX1
u_account_balance/balance_db_reg[3][11]    0.00439   0.0001963    0.004722   0.0001363  SDFFQX1
u_account_balance/balance_db_reg[10][4]   0.004534   4.302e-05    0.004713   0.0001363  SDFFQX1
u_account_balance/balance_db_reg[2][7]   0.004369   0.0002074    0.004713   0.0001363  SDFFQX1
u_account_balance/balance_db_reg[12][4]   0.004534   4.287e-05    0.004713   0.0001363  SDFFQX1
u_account_balance/balance_db_reg[0][4]   0.004541   3.319e-05    0.004711   0.0001363  SDFFQX1
u_account_balance/balance_db_reg[8][4]   0.004539    3.41e-05     0.00471   0.0001363  SDFFQX1
u_account_balance/balance_db_reg[5][4]   0.004526   4.202e-05    0.004704   0.0001363  SDFFQX1
u_account_balance/balance_db_reg[4][4]   0.004535   3.256e-05    0.004704   0.0001363  SDFFQX1
u_account_balance/balance_db_reg[9][4]   0.004533   3.387e-05    0.004703   0.0001363  SDFFQX1
g222                            0.001874    0.002707    0.004702   0.0001212  BUFX6
u_account_balance/balance_db_reg[0][3]    0.00452   4.292e-05      0.0047   0.0001363  SDFFQX1
u_account_balance/balance_db_reg[14][4]   0.004529   3.354e-05    0.004699   0.0001363  SDFFQX1
u_account_balance/balance_db_reg[0][2]   0.004519   4.223e-05    0.004698   0.0001363  SDFFQX1
u_account_balance/balance_db_reg[8][2]   0.004516   4.333e-05    0.004696   0.0001363  SDFFQX1
u_account_balance/balance_db_reg[6][4]   0.004526    3.33e-05    0.004696   0.0001363  SDFFQX1
u_account_balance/balance_db_reg[7][4]   0.004524   3.314e-05    0.004693   0.0001363  SDFFQX1
u_account_balance/balance_db_reg[4][3]   0.004513   4.354e-05    0.004692   0.0001363  SDFFQX1
u_account_balance/balance_db_reg[10][3]   0.004512   4.307e-05    0.004691   0.0001363  SDFFQX1
u_account_balance/balance_db_reg[4][2]   0.004512   4.286e-05    0.004691   0.0001363  SDFFQX1
u_account_balance/balance_db_reg[12][2]   0.004511   4.314e-05    0.004691   0.0001363  SDFFQX1
u_account_balance/balance_db_reg[9][3]   0.004511   4.275e-05     0.00469   0.0001363  SDFFQX1
u_account_balance/balance_db_reg[0][6]   0.004511   4.222e-05     0.00469   0.0001363  SDFFQX1
u_account_balance/balance_db_reg[8][3]   0.004517   3.338e-05    0.004687   0.0001363  SDFFQX1
u_account_balance/balance_db_reg[14][3]   0.004507   4.246e-05    0.004686   0.0001363  SDFFQX1
u_account_balance/balance_db_reg[14][2]   0.004506   4.261e-05    0.004685   0.0001363  SDFFQX1
u_account_balance/balance_db_reg[4][6]   0.004503   4.284e-05    0.004682   0.0001363  SDFFQX1
u_account_balance/balance_db_reg[5][3]   0.004503   4.219e-05    0.004682   0.0001363  SDFFQX1
u_account_balance/balance_db_reg[12][3]   0.004512   3.324e-05    0.004682   0.0001363  SDFFQX1
u_account_balance/balance_db_reg[6][3]   0.004503   4.204e-05    0.004682   0.0001363  SDFFQX1
u_account_balance/balance_db_reg[10][6]   0.004502   4.293e-05    0.004682   0.0001363  SDFFQX1
u_account_balance/balance_db_reg[10][2]   0.004511   3.403e-05    0.004681   0.0001363  SDFFQX1
u_account_balance/balance_db_reg[6][2]   0.004502   4.204e-05    0.004681   0.0001363  SDFFQX1
u_account_balance/balance_db_reg[5][2]   0.004502   4.204e-05    0.004681   0.0001363  SDFFQX1
u_account_balance/balance_db_reg[9][2]    0.00451   3.395e-05     0.00468   0.0001363  SDFFQX1
u_account_balance/balance_db_reg[7][3]   0.004501   4.198e-05    0.004679   0.0001363  SDFFQX1
u_account_balance/balance_db_reg[13][2]   0.004501    4.12e-05    0.004679   0.0001363  SDFFQX1
u_account_balance/balance_db_reg[7][2]     0.0045   4.183e-05    0.004678   0.0001363  SDFFQX1
u_account_balance/balance_db_reg[8][6]   0.004508   3.296e-05    0.004677   0.0001363  SDFFQX1
u_account_balance/balance_db_reg[6][6]   0.004494   4.219e-05    0.004673   0.0001363  SDFFQX1
u_account_balance/balance_db_reg[5][6]   0.004494   4.219e-05    0.004673   0.0001363  SDFFQX1
state_reg[1]                    0.004127   0.0004055    0.004669   0.0001363  SDFFQX1
u_account_balance/balance_db_reg[14][6]   0.004497    3.36e-05    0.004667   0.0001363  SDFFQX1
u_account_balance/balance_db_reg[2][8]   0.004329   0.0002009    0.004666   0.0001363  SDFFQX1
u_account_balance/balance_db_reg[7][6]   0.004492   3.312e-05    0.004661   0.0001363  SDFFQX1
state_reg[2]                    0.004084   0.0004238    0.004644   0.0001363  SDFFQX1
u_account_balance/balance_db_reg[2][9]   0.004281    0.000198    0.004615   0.0001363  SDFFQX1
u_vehicle_interface/id_valid_reg   0.004249    0.000228    0.004613   0.0001363  SDFFQX1
u_account_balance/balance_db_reg[11][4]   0.004434   4.182e-05    0.004605   0.0001296  SDFFQXL
u_account_balance/balance_db_reg[13][4]   0.004434   4.095e-05    0.004605   0.0001296  SDFFQXL
u_account_balance/balance_db_reg[15][4]   0.004432   3.186e-05    0.004593   0.0001296  SDFFQXL
u_account_balance/balance_db_reg[2][11]   0.004263   0.0001928    0.004592   0.0001363  SDFFQX1
u_account_balance/balance_db_reg[12][6]   0.004414   4.273e-05    0.004587   0.0001296  SDFFQXL
u_account_balance/balance_db_reg[11][3]   0.004412   4.171e-05    0.004583   0.0001296  SDFFQXL
u_account_balance/balance_db_reg[13][3]   0.004412   4.071e-05    0.004582   0.0001296  SDFFQXL
u_account_balance/balance_db_reg[15][3]    0.00441   4.159e-05    0.004581   0.0001296  SDFFQXL
u_account_balance/balance_db_reg[15][2]   0.004409   4.072e-05    0.004579   0.0001296  SDFFQXL
u_account_balance/balance_db_reg[9][6]   0.004414   3.371e-05    0.004577   0.0001296  SDFFQXL
u_account_balance/balance_db_reg[13][6]   0.004403   4.097e-05    0.004573   0.0001296  SDFFQXL
u_account_balance/balance_db_reg[11][6]   0.004403   4.097e-05    0.004573   0.0001296  SDFFQXL
u_account_balance/balance_db_reg[11][2]   0.004411   3.206e-05    0.004573   0.0001296  SDFFQXL
u_account_balance/balance_db_reg[15][6]   0.004401    3.07e-05    0.004561   0.0001296  SDFFQXL
u_account_balance/balance_db_reg[2][10]   0.004264   0.0001605    0.004561   0.0001363  SDFFQX1
u_account_balance/balance_db_reg[2][12]   0.004231    0.000192    0.004559   0.0001363  SDFFQX1
u_account_balance/balance_db_reg[2][13]    0.00423   0.0001925    0.004559   0.0001363  SDFFQX1
u_account_balance/balance_db_reg[2][14]   0.004245   0.0001363    0.004517   0.0001363  SDFFQX1
u_account_balance/balance_db_reg[8][5]   0.004296    4.39e-05    0.004476   0.0001363  SDFFQX1
u_account_balance/balance_db_reg[1][2]   0.004175   0.0001611    0.004472   0.0001363  SDFFQX1
u_barrier_ctrl/barrier_close_cmd_reg   0.004276   5.815e-05    0.004471   0.0001363  SDFFQX1
u_account_balance/balance_db_reg[4][5]   0.004292   4.276e-05    0.004471   0.0001363  SDFFQX1
u_account_balance/balance_db_reg[10][5]    0.00429   4.296e-05     0.00447   0.0001363  SDFFQX1
u_account_balance/balance_db_reg[9][5]   0.004289    4.28e-05    0.004468   0.0001363  SDFFQX1
u_account_balance/balance_db_reg[0][5]     0.0043   3.179e-05    0.004468   0.0001363  SDFFQX1
u_account_balance/balance_db_reg[3][2]    0.00417   0.0001606    0.004467   0.0001363  SDFFQX1
u_account_balance/balance_db_reg[6][5]   0.004283   4.202e-05    0.004461   0.0001363  SDFFQX1
u_account_balance/balance_db_reg[5][5]   0.004283   4.192e-05    0.004461   0.0001363  SDFFQX1
u_account_balance/balance_db_reg[7][5]   0.004281   4.198e-05    0.004459   0.0001363  SDFFQX1
u_account_balance/balance_db_reg[12][5]   0.004206   4.276e-05    0.004378   0.0001296  SDFFQXL
u_account_balance/g13197        0.001187    0.003136    0.004366   4.264e-05  AO21X1
u_account_balance/balance_db_reg[13][5]   0.004195   4.088e-05    0.004366   0.0001296  SDFFQXL
u_account_balance/balance_db_reg[14][5]   0.004201   3.331e-05    0.004364   0.0001296  SDFFQXL
u_account_balance/balance_db_reg[11][5]   0.004195   3.276e-05    0.004358   0.0001296  SDFFQXL
u_account_balance/balance_db_reg[15][5]   0.004193   3.186e-05    0.004355   0.0001296  SDFFQXL
u_account_balance/balance_db_reg[0][7]   0.004176   4.211e-05    0.004354   0.0001363  SDFFQX1
u_account_balance/balance_db_reg[8][7]   0.004174   4.299e-05    0.004353   0.0001363  SDFFQX1
u_account_balance/balance_db_reg[4][7]    0.00417   3.314e-05    0.004339   0.0001363  SDFFQX1
u_account_balance/balance_db_reg[12][7]   0.004169   3.421e-05    0.004339   0.0001363  SDFFQX1
u_account_balance/balance_db_reg[10][7]   0.004169   3.392e-05    0.004339   0.0001363  SDFFQX1
u_account_balance/balance_db_reg[14][7]   0.004164   3.354e-05    0.004334   0.0001363  SDFFQX1
u_account_balance/balance_db_reg[6][7]   0.004161   3.329e-05    0.004331   0.0001363  SDFFQX1
u_account_balance/balance_db_reg[5][7]   0.004161   3.211e-05     0.00433   0.0001363  SDFFQX1
u_account_balance/balance_db_reg[7][7]   0.004159   3.196e-05    0.004327   0.0001363  SDFFQX1
u_account_balance/balance_db_reg[9][7]   0.004086   4.267e-05    0.004258   0.0001296  SDFFQXL
u_account_balance/balance_db_reg[11][7]   0.004075   3.081e-05    0.004236   0.0001296  SDFFQXL
u_account_balance/balance_db_reg[13][7]   0.004076   3.072e-05    0.004236   0.0001296  SDFFQXL
u_account_balance/balance_db_reg[15][7]   0.004074   3.186e-05    0.004235   0.0001296  SDFFQXL
u_account_balance/balance_db_reg[1][1]   0.003919   0.0001381    0.004193   0.0001363  SDFFQX1
u_account_balance/balance_db_reg[3][1]   0.003915   0.0001377    0.004188   0.0001363  SDFFQX1
u_barrier_ctrl/barrier_open_cmd_reg   0.003966   4.789e-05     0.00415   0.0001363  SDFFQX1
u_account_balance/balance_db_reg[4][1]   0.003941   4.344e-05    0.004121   0.0001363  SDFFQX1
u_account_balance/balance_db_reg[10][1]    0.00394   4.299e-05     0.00412   0.0001363  SDFFQX1
u_account_balance/balance_db_reg[0][1]    0.00395   3.311e-05    0.004119   0.0001363  SDFFQX1
u_account_balance/balance_db_reg[8][1]   0.003946   3.285e-05    0.004115   0.0001363  SDFFQX1
u_account_balance/balance_db_reg[14][1]   0.003936   4.235e-05    0.004114   0.0001363  SDFFQX1
u_account_balance/balance_db_reg[12][1]   0.003941   3.468e-05    0.004112   0.0001363  SDFFQX1
u_account_balance/balance_db_reg[6][1]   0.003933   4.203e-05    0.004111   0.0001363  SDFFQX1
u_account_balance/balance_db_reg[5][1]   0.003933   4.202e-05    0.004111   0.0001363  SDFFQX1
u_account_balance/balance_db_reg[13][1]   0.003932   4.204e-05    0.004111   0.0001363  SDFFQX1
u_account_balance/balance_db_reg[7][1]   0.003931   4.198e-05    0.004109   0.0001363  SDFFQX1
u_account_balance/balance_db_reg[9][1]    0.00394   3.267e-05    0.004109   0.0001363  SDFFQX1
u_account_balance/balance_db_reg[11][1]   0.003932   3.109e-05      0.0041   0.0001363  SDFFQX1
u_account_balance/charge_done_reg   0.003821   0.0001003    0.004057   0.0001363  SDFFQX1
u_account_balance/balance_db_reg[15][1]    0.00385   4.072e-05     0.00402   0.0001296  SDFFQXL
u_account_balance/balance_db_reg[0][10]   0.003812   4.202e-05     0.00399   0.0001363  SDFFQX1
u_account_balance/balance_db_reg[4][10]   0.003804    4.27e-05    0.003983   0.0001363  SDFFQX1
u_account_balance/balance_db_reg[10][10]   0.003803   4.271e-05    0.003982   0.0001363  SDFFQX1
u_account_balance/balance_db_reg[6][10]   0.003796   4.304e-05    0.003975   0.0001363  SDFFQX1
u_account_balance/balance_db_reg[5][10]   0.003796   4.216e-05    0.003975   0.0001363  SDFFQX1
u_account_balance/balance_db_reg[7][10]   0.003794   3.182e-05    0.003962   0.0001363  SDFFQX1
u_account_balance/balance_db_reg[4][11]   0.003739   4.269e-05    0.003918   0.0001363  SDFFQX1
u_account_balance/balance_db_reg[0][11]   0.003746   3.159e-05    0.003914   0.0001363  SDFFQX1
u_account_balance/balance_db_reg[5][11]   0.003731   4.216e-05    0.003909   0.0001363  SDFFQX1
u_account_balance/balance_db_reg[6][11]   0.003731   4.201e-05    0.003909   0.0001363  SDFFQX1
u_account_balance/balance_db_reg[7][11]   0.003729   4.198e-05    0.003907   0.0001363  SDFFQX1
u_account_balance/balance_db_reg[8][10]   0.003731   4.266e-05    0.003903   0.0001296  SDFFQXL
u_account_balance/balance_db_reg[9][10]   0.003725   4.242e-05    0.003897   0.0001296  SDFFQXL
u_account_balance/balance_db_reg[12][10]   0.003726   3.293e-05    0.003888   0.0001296  SDFFQXL
u_account_balance/balance_db_reg[13][10]   0.003717   4.092e-05    0.003888   0.0001296  SDFFQXL
u_account_balance/balance_db_reg[14][10]   0.003721   3.326e-05    0.003884   0.0001296  SDFFQXL
u_account_balance/balance_db_reg[11][10]   0.003717   3.253e-05    0.003879   0.0001296  SDFFQXL
u_account_balance/balance_db_reg[15][10]   0.003715   3.186e-05    0.003877   0.0001296  SDFFQXL
u_account_balance/balance_db_reg[4][8]   0.003672   4.269e-05    0.003851   0.0001363  SDFFQX1
u_account_balance/balance_db_reg[0][8]   0.003679   3.152e-05    0.003847   0.0001363  SDFFQX1
u_account_balance/balance_db_reg[6][8]   0.003664   4.304e-05    0.003843   0.0001363  SDFFQX1
u_account_balance/balance_db_reg[7][8]   0.003662   4.192e-05     0.00384   0.0001363  SDFFQX1
u_account_balance/balance_db_reg[14][8]   0.003666   3.347e-05    0.003836   0.0001363  SDFFQX1
u_account_balance/balance_db_reg[12][11]   0.003662   4.267e-05    0.003835   0.0001296  SDFFQXL
u_account_balance/balance_db_reg[10][11]   0.003662    4.25e-05    0.003834   0.0001296  SDFFQXL
u_account_balance/balance_db_reg[9][11]   0.003661   4.258e-05    0.003834   0.0001296  SDFFQXL
u_account_balance/balance_db_reg[5][8]   0.003664    3.21e-05    0.003832   0.0001363  SDFFQX1
u_account_balance/balance_db_reg[8][11]   0.003667   3.304e-05     0.00383   0.0001296  SDFFQXL
u_account_balance/balance_db_reg[14][11]   0.003658   4.204e-05    0.003829   0.0001296  SDFFQXL
u_account_balance/balance_db_reg[13][11]   0.003653   4.092e-05    0.003824   0.0001296  SDFFQXL
u_account_balance/balance_db_reg[11][11]   0.003653   4.092e-05    0.003824   0.0001296  SDFFQXL
u_account_balance/balance_db_reg[8][9]   0.003635   4.285e-05    0.003814   0.0001363  SDFFQX1
u_account_balance/balance_db_reg[15][11]   0.003651   3.055e-05    0.003811   0.0001296  SDFFQXL
u_account_balance/balance_db_reg[4][9]   0.003631   4.269e-05     0.00381   0.0001363  SDFFQX1
u_account_balance/balance_db_reg[0][9]   0.003638   3.158e-05    0.003806   0.0001363  SDFFQX1
u_account_balance/balance_db_reg[6][9]   0.003623   4.217e-05    0.003802   0.0001363  SDFFQX1
u_account_balance/balance_db_reg[5][9]   0.003623   3.259e-05    0.003792   0.0001363  SDFFQX1
u_account_balance/balance_db_reg[7][9]   0.003621   3.196e-05     0.00379   0.0001363  SDFFQX1
u_account_balance/balance_db_reg[8][8]     0.0036   4.264e-05    0.003772   0.0001296  SDFFQXL
u_account_balance/balance_db_reg[9][8]   0.003595   4.346e-05    0.003768   0.0001296  SDFFQXL
u_account_balance/balance_db_reg[12][8]   0.003596   4.251e-05    0.003768   0.0001296  SDFFQXL
u_account_balance/balance_db_reg[0][14]   0.003588   4.197e-05    0.003766   0.0001363  SDFFQX1
u_account_balance/balance_db_reg[8][14]   0.003584   4.282e-05    0.003763   0.0001363  SDFFQX1
u_account_balance/balance_db_reg[4][14]    0.00358   4.267e-05    0.003759   0.0001363  SDFFQX1
u_account_balance/balance_db_reg[10][8]   0.003595   3.414e-05    0.003759   0.0001296  SDFFQXL
u_account_balance/balance_db_reg[13][8]   0.003587   4.092e-05    0.003758   0.0001296  SDFFQXL
u_account_balance/balance_db_reg[11][8]   0.003587   4.092e-05    0.003758   0.0001296  SDFFQXL
u_account_balance/g13188        0.001046    0.002663    0.003752   4.264e-05  AO21X1
u_account_balance/balance_db_reg[0][15]   0.003583   3.157e-05    0.003751   0.0001363  SDFFQX1
u_account_balance/balance_db_reg[6][14]   0.003572   4.201e-05    0.003751   0.0001363  SDFFQX1
u_account_balance/balance_db_reg[5][14]   0.003572   4.201e-05    0.003751   0.0001363  SDFFQX1
u_account_balance/balance_db_reg[8][15]   0.003579   3.393e-05     0.00375   0.0001363  SDFFQX1
u_account_balance/balance_db_reg[7][14]    0.00357   4.198e-05    0.003749   0.0001363  SDFFQX1
u_account_balance/balance_db_reg[14][15]    0.00357   4.224e-05    0.003748   0.0001363  SDFFQX1
u_account_balance/balance_db_reg[15][8]   0.003585   3.186e-05    0.003747   0.0001296  SDFFQXL
u_account_balance/balance_db_reg[6][15]   0.003568   4.201e-05    0.003746   0.0001363  SDFFQX1
u_account_balance/balance_db_reg[4][15]   0.003576   3.311e-05    0.003745   0.0001363  SDFFQX1
u_account_balance/balance_db_reg[12][15]   0.003575   3.435e-05    0.003745   0.0001363  SDFFQX1
u_account_balance/balance_db_reg[7][15]   0.003566   4.285e-05    0.003745   0.0001363  SDFFQX1
u_account_balance/balance_db_reg[10][15]   0.003575   3.383e-05    0.003745   0.0001363  SDFFQX1
u_account_balance/balance_db_reg[9][15]   0.003574   3.375e-05    0.003744   0.0001363  SDFFQX1
u_account_balance/balance_db_reg[5][15]   0.003568   3.328e-05    0.003738   0.0001363  SDFFQX1
u_account_balance/balance_db_reg[12][9]   0.003556   4.267e-05    0.003728   0.0001296  SDFFQXL
u_account_balance/balance_db_reg[9][9]   0.003555   4.242e-05    0.003727   0.0001296  SDFFQXL
u_account_balance/balance_db_reg[14][9]   0.003552    4.22e-05    0.003724   0.0001296  SDFFQXL
u_account_balance/balance_db_reg[10][9]   0.003556   3.414e-05     0.00372   0.0001296  SDFFQXL
u_account_balance/balance_db_reg[13][9]   0.003547   4.092e-05    0.003718   0.0001296  SDFFQXL
u_account_balance/balance_db_reg[11][9]   0.003547   4.092e-05    0.003718   0.0001296  SDFFQXL
u_account_balance/balance_db_reg[4][13]    0.00353   4.268e-05    0.003709   0.0001363  SDFFQX1
u_account_balance/balance_db_reg[15][9]   0.003546   3.187e-05    0.003707   0.0001296  SDFFQXL
u_account_balance/balance_db_reg[0][13]   0.003537   3.225e-05    0.003706   0.0001363  SDFFQX1
u_account_balance/balance_db_reg[8][13]   0.003534   3.323e-05    0.003703   0.0001363  SDFFQX1
u_account_balance/balance_db_reg[5][13]   0.003522   4.216e-05    0.003701   0.0001363  SDFFQX1
u_account_balance/balance_db_reg[6][13]   0.003522   4.201e-05      0.0037   0.0001363  SDFFQX1
u_account_balance/balance_db_reg[7][13]    0.00352   4.198e-05    0.003698   0.0001363  SDFFQX1
u_account_balance/balance_db_reg[12][14]   0.003506   4.263e-05    0.003678   0.0001296  SDFFQXL
u_account_balance/balance_db_reg[9][14]   0.003505   4.255e-05    0.003677   0.0001296  SDFFQXL
u_account_balance/balance_db_reg[0][12]   0.003497   4.196e-05    0.003675   0.0001363  SDFFQX1
u_account_balance/balance_db_reg[10][14]   0.003505    3.36e-05    0.003669   0.0001296  SDFFQXL
u_account_balance/g13193        0.000863    0.002792    0.003668   1.299e-05  OAI21X1
u_account_balance/balance_db_reg[13][14]   0.003497   4.092e-05    0.003668   0.0001296  SDFFQXL
u_account_balance/balance_db_reg[4][12]   0.003489   4.267e-05    0.003668   0.0001363  SDFFQX1
u_account_balance/balance_db_reg[14][14]   0.003501   3.324e-05    0.003664   0.0001296  SDFFQXL
u_account_balance/balance_db_reg[15][15]   0.003491   4.072e-05    0.003662   0.0001296  SDFFQXL
u_account_balance/balance_db_reg[5][12]   0.003481   4.216e-05    0.003659   0.0001363  SDFFQX1
u_account_balance/balance_db_reg[6][12]   0.003481   4.201e-05    0.003659   0.0001363  SDFFQX1
u_account_balance/balance_db_reg[11][14]   0.003497   3.201e-05    0.003659   0.0001296  SDFFQXL
u_account_balance/balance_db_reg[15][14]   0.003496   3.186e-05    0.003657   0.0001296  SDFFQXL
u_account_balance/balance_db_reg[7][12]   0.003479   4.198e-05    0.003657   0.0001363  SDFFQX1
u_account_balance/balance_db_reg[13][15]   0.003493   3.202e-05    0.003655   0.0001296  SDFFQXL
u_account_balance/balance_db_reg[11][15]   0.003493   3.201e-05    0.003655   0.0001296  SDFFQXL
u_account_balance/balance_db_reg[10][13]   0.003456   4.265e-05    0.003628   0.0001296  SDFFQXL
u_account_balance/balance_db_reg[12][13]   0.003456    4.25e-05    0.003628   0.0001296  SDFFQXL
u_account_balance/balance_db_reg[9][13]   0.003455   3.407e-05    0.003619   0.0001296  SDFFQXL
u_account_balance/balance_db_reg[13][13]   0.003448   4.092e-05    0.003619   0.0001296  SDFFQXL
u_account_balance/balance_db_reg[14][13]   0.003452   3.326e-05    0.003615   0.0001296  SDFFQXL
u_account_balance/balance_db_reg[11][13]   0.003448   3.061e-05    0.003608   0.0001296  SDFFQXL
u_account_balance/balance_db_reg[15][13]   0.003446   3.186e-05    0.003608   0.0001296  SDFFQXL
u_account_balance/balance_db_reg[8][12]    0.00342    4.26e-05    0.003592   0.0001296  SDFFQXL
u_account_balance/balance_db_reg[10][12]   0.003415   4.263e-05    0.003587   0.0001296  SDFFQXL
u_account_balance/balance_db_reg[9][12]   0.003414   4.255e-05    0.003587   0.0001296  SDFFQXL
u_account_balance/balance_db_reg[12][12]   0.003415   3.361e-05    0.003578   0.0001296  SDFFQXL
u_account_balance/balance_db_reg[14][12]   0.003411   3.284e-05    0.003573   0.0001296  SDFFQXL
u_account_balance/balance_db_reg[13][12]   0.003407   3.201e-05    0.003569   0.0001296  SDFFQXL
u_account_balance/balance_db_reg[11][12]   0.003407   3.201e-05    0.003569   0.0001296  SDFFQXL
u_account_balance/balance_db_reg[15][12]   0.003406   3.242e-05    0.003568   0.0001296  SDFFQXL
u_account_balance/g13175        0.002269    0.001173    0.003538   9.553e-05  ADDHX1
u_account_balance/g13458        0.002049    0.001297    0.003457    0.000111  AND2X6
u_account_balance/g13202        0.002369   0.0008862    0.003291   3.607e-05  NOR2X2
u_account_balance/g13174        0.000669    0.002574    0.003256   1.301e-05  CLKINVX1
u_account_balance/g13168       0.0008223    0.002375     0.00321   1.299e-05  OAI21X1
u_account_balance/g13463        0.001614    0.001468    0.003183   0.0001012  INVX8
u_account_balance/g13142       0.0007348    0.001663     0.00244   4.264e-05  AO21X1
u_account_balance/g13221        0.001891   0.0004101    0.002337   3.607e-05  NOR2X2
u_account_balance/g13456        0.001261   0.0009549    0.002297   8.078e-05  CLKAND2X3
u_account_balance/g13138       0.0006271    0.001605    0.002245   1.299e-05  OAI21X1
u_account_balance/g3407        0.0004462    0.001714    0.002173   1.301e-05  CLKINVX1
u_account_balance/g13178       0.0006242    0.001436    0.002103   4.264e-05  AO21X1
u_account_balance/g13192        0.001181    0.000825    0.002024   1.816e-05  NOR2X1
u_account_balance/g13474       0.0008621    0.001108    0.002001   3.151e-05  OAI2BB1X2
u_account_balance/g13157       0.0005279    0.001416    0.001957   1.299e-05  OAI21X1
u_account_balance/g13209        0.001611   0.0002835    0.001917   2.186e-05  NOR3BX1
u_account_balance/g13149       0.0005342    0.001302    0.001879   4.264e-05  AO21X1
u_account_balance/g13139       0.0004745    0.001366    0.001875   3.499e-05  NAND2BX1
u_account_balance/g13407       0.0005784    0.001244     0.00185   2.717e-05  AND2X1
u_account_balance/g13213        0.001375   0.0003996    0.001795   2.034e-05  NOR3X1
u_account_balance/g13137       0.0005369    0.001101    0.001651   1.299e-05  OAI21X1
u_account_balance/g13205          0.0013   0.0002652    0.001585   2.034e-05  NOR3X1
u_account_balance/g3405        0.0009121   0.0006534    0.001579   1.301e-05  CLKINVX1
u_account_balance/g13194       0.0008478   0.0006758    0.001537   1.299e-05  OAI21X1
u_account_balance/g13455       0.0006006   0.0008181    0.001464     4.5e-05  CLKAND2X2
u_account_balance/g13444        0.000594   0.0007982     0.00141   1.816e-05  NOR2X1
u_account_balance/g13204        0.001208   0.0001052    0.001333   1.995e-05  AOI211X1
u_account_balance/g13405       0.0004866   0.0007821    0.001287   1.816e-05  NOR2X1
u_account_balance/g3403        0.0002646    0.001008    0.001285   1.301e-05  CLKINVX1
u_account_balance/g13408       0.0003161   0.0007856    0.001129   2.717e-05  AND2X1
u_account_balance/g13247       0.0007653   0.0003404    0.001124   1.791e-05  OAI22X1
u_account_balance/g13264       0.0009546   0.0001383    0.001113   1.995e-05  AOI211X1
u_account_balance/g4366        0.0006675   0.0004234    0.001104   1.301e-05  CLKINVX1
u_account_balance/g13210       0.0007639   0.0003168    0.001099   1.816e-05  NOR2X1
u_account_balance/g13287       0.0008772   0.0001413    0.001038    1.95e-05  AOI221X1
u_account_balance/g13462       0.0003889   0.0006153     0.00103   2.599e-05  CLKINVX2
u_account_balance/g13214       0.0005995   0.0003951    0.001007   1.236e-05  NOR2XL
u_account_balance/g13246       0.0008715   0.0001167    0.001007   1.833e-05  AOI22X1
u_account_balance/g13406       0.0002905   0.0006686   0.0009863   2.717e-05  AND2X1
u_account_balance/g13286       0.0008796   8.403e-05   0.0009832    1.95e-05  AOI221X1
u_account_balance/g13468       0.0006693   0.0002886    0.000978   2.004e-05  NOR2BX1
u_account_balance/g13390       0.0001742   0.0007894   0.0009766   1.301e-05  CLKINVX1
g354                           0.0005489   0.0004081   0.0009749   1.791e-05  OAI22X1
u_account_balance/g13449       0.0005003   0.0004467    0.000973   2.599e-05  CLKINVX2
u_account_balance/g13218       0.0006896   0.0002548   0.0009704   2.601e-05  AND4X1
u_account_balance/g13283       0.0008013   0.0001388   0.0009601   2.004e-05  NOR2BX1
u_account_balance/g13172       0.0005735   0.0003416   0.0009352   2.004e-05  NOR2BX1
u_account_balance/g13226       0.0003275   0.0005891   0.0009259   9.289e-06  NAND2XL
u_barrier_ctrl/g335            0.0006461   0.0002424   0.0009104   2.186e-05  NOR3BX1
u_account_balance/g13368       0.0007872   8.735e-05   0.0008946   2.004e-05  NOR2BX1
u_account_balance/g13229       0.0007089   0.0001568   0.0008836   1.791e-05  OAI22X1
u_account_balance/g13453        0.000371    0.000462   0.0008601   2.717e-05  AND2X1
u_account_balance/g13196        0.000586   0.0002295   0.0008537   3.828e-05  OR2XL
u_account_balance/g13211       0.0004883   0.0003424   0.0008458   1.511e-05  NAND3X1
u_account_balance/g13277        0.000639   0.0001584   0.0008155   1.815e-05  AOI21X1
u_account_balance/g13220       0.0004969   0.0002849   0.0007942   1.236e-05  NOR2XL
u_account_balance/g13454       0.0002903   0.0004913   0.0007939   1.236e-05  NOR2XL
u_account_balance/g13199       0.0005451    0.000207   0.0007769   2.466e-05  AND2XL
u_account_balance/g3408        0.0004353   0.0003235   0.0007719   1.301e-05  CLKINVX1
u_account_balance/g13430       0.0006062   0.0001408   0.0007653   1.833e-05  AOI22X1
u_barrier_ctrl/g220            0.0005468   0.0001582    0.000762   5.698e-05  OR3X1
u_account_balance/g13275        0.000652   9.313e-05   0.0007581     1.3e-05  AOI222XL
g423                           0.0005113   0.0002256   0.0007548   1.791e-05  OAI22X1
u_account_balance/g13437       0.0002976   0.0004379   0.0007485   1.301e-05  CLKINVX1
u_account_balance/g13346       0.0005974    0.000128   0.0007437   1.833e-05  AOI22X1
u_account_balance/g13256       0.0005757   0.0001467   0.0007427   2.034e-05  NOR3X1
u_account_balance/g4346        0.0002708   0.0004266     0.00074   4.264e-05  AO21X1
u_account_balance/g13230       0.0006288   8.772e-05    0.000736    1.95e-05  AOI221X1
u_barrier_ctrl/g333            0.0004306   0.0002915   0.0007345   1.236e-05  NOR2XL
u_account_balance/g4347        0.0002201   0.0004576   0.0007128   3.499e-05  NAND2BX1
u_account_balance/g13288       0.0005575   0.0001312   0.0007066   1.791e-05  OAI22X1
u_account_balance/g13187       0.0003041   0.0003819      0.0007   1.403e-05  NAND2X1
u_account_balance/g13260       0.0006293   4.993e-05   0.0006987    1.95e-05  AOI221X1
u_account_balance/g13424       0.0005514   0.0001251   0.0006944   1.791e-05  OAI22X1
u_account_balance/g13272       0.0005988   7.879e-05   0.0006906     1.3e-05  AOI222XL
u_account_balance/g13176       0.0005539   0.0001164   0.0006903   2.004e-05  NOR2BX1
u_account_balance/g13234       0.0005252    0.000137   0.0006804   1.815e-05  AOI21X1
u_account_balance/g13282       0.0005078   0.0001403   0.0006753   2.717e-05  AND2X1
u_account_balance/g13351       0.0005229   0.0001336   0.0006747   1.815e-05  AOI21X1
u_account_balance/g13446       0.0002134    0.000448   0.0006744   1.301e-05  CLKINVX1
u_account_balance/g13447       0.0002549   0.0004014   0.0006693   1.301e-05  CLKINVX1
u_account_balance/g3406        0.0003766   0.0002794    0.000669   1.301e-05  CLKINVX1
u_account_balance/g13452       0.0003779   0.0002778   0.0006681   1.236e-05  NOR2XL
u_account_balance/g13443        0.000255   0.0003708   0.0006382   1.236e-05  NOR2XL
u_account_balance/g13451       0.0002216      0.0004   0.0006346   1.301e-05  CLKINVX1
u_account_balance/g13219       0.0003318   0.0002893   0.0006335   1.236e-05  NOR2XL
u_account_balance/g13200       0.0002892   0.0003287   0.0006272   9.289e-06  NAND2XL
u_account_balance/g13244       0.0004518   0.0001588   0.0006229   1.236e-05  NOR2XL
u_account_balance/g13422       0.0005253   7.672e-05   0.0006203   1.833e-05  AOI22X1
u_account_balance/g13369       0.0004511   0.0001444   0.0006085   1.299e-05  OAI21X1
u_account_balance/g13475       0.0005424   4.518e-05   0.0006071    1.95e-05  AOI221X1
u_account_balance/g13201       0.0004356   0.0001371   0.0006015   2.877e-05  NAND2BXL
u_account_balance/g13347       0.0005124   6.348e-05   0.0005942   1.833e-05  AOI22X1
u_account_balance/g4343        9.223e-05   0.0004924   0.0005939   9.289e-06  NAND2XL
u_account_balance/g13278       0.0005003   7.149e-05   0.0005917   1.995e-05  AOI211X1
u_account_balance/g13279       0.0005101   6.511e-05   0.0005882     1.3e-05  AOI222XL
u_account_balance/g13349       0.0003996   0.0001582   0.0005848   2.704e-05  MXI2XL
u_barrier_ctrl/g336            0.0004058   0.0001662   0.0005843   1.236e-05  NOR2XL
u_account_balance/g13325       0.0005012   6.225e-05   0.0005817   1.833e-05  AOI22X1
u_account_balance/g13222       0.0003797   0.0001806   0.0005743   1.403e-05  NAND2X1
u_account_balance/g13299       0.0004932   6.054e-05   0.0005721   1.833e-05  AOI22X1
u_account_balance/g13350       0.0003953   0.0001492   0.0005715   2.704e-05  MXI2XL
u_account_balance/g13250       0.0004172     0.00014   0.0005695   1.236e-05  NOR2XL
g419                           0.0004903    5.09e-05   0.0005591   1.787e-05  OAI32X1
u_account_balance/g13285        0.000453   7.424e-05   0.0005454   1.815e-05  AOI21X1
u_account_balance/g13450       0.0001408   0.0003764   0.0005431   2.599e-05  CLKINVX2
u_account_balance/g13421       0.0004281   9.688e-05   0.0005429   1.791e-05  OAI22X1
u_account_balance/g13352       0.0003738   0.0001394   0.0005403   2.704e-05  MXI2XL
u_account_balance/g13380       0.0004195   9.754e-05   0.0005354   1.833e-05  AOI22X1
u_account_balance/g13398       0.0004089   0.0001087   0.0005342   1.662e-05  NOR2BXL
u_account_balance/g13243       0.0004204   9.821e-05   0.0005337   1.511e-05  NAND3X1
u_account_balance/g13274       0.0004612   5.717e-05   0.0005314     1.3e-05  AOI222XL
u_account_balance/g13366       0.0003826   0.0001298   0.0005247   1.236e-05  NOR2XL
u_account_balance/g13140       0.0004164   8.548e-05   0.0005143   1.236e-05  NOR2XL
g429                           0.0002079   0.0002905   0.0005115   1.301e-05  INVX1
u_account_balance/g13180       0.0002827   0.0002126   0.0005077   1.236e-05  NOR2XL
u_vehicle_interface/g202        0.000318   0.0001653   0.0005033   2.004e-05  NOR2BX1
u_account_balance/g13373       0.0004191    5.84e-05   0.0004959   1.833e-05  AOI22X1
u_account_balance/g13429       0.0004182   5.912e-05   0.0004956   1.833e-05  AOI22X1
u_account_balance/g13420       0.0004175   5.902e-05   0.0004948   1.833e-05  AOI22X1
u_account_balance/g13427       0.0004172   5.898e-05   0.0004946   1.833e-05  AOI22X1
u_account_balance/g13428       0.0004171   5.703e-05   0.0004925   1.833e-05  AOI22X1
u_account_balance/g13426       0.0004168   5.697e-05   0.0004921   1.833e-05  AOI22X1
u_barrier_ctrl/g330            0.0004137   5.876e-05   0.0004891   1.662e-05  NOR2BXL
u_account_balance/g13376       0.0003633    0.000111   0.0004873   1.299e-05  OAI21X1
u_account_balance/g13267       0.0004171   5.669e-05   0.0004868     1.3e-05  AOI222XL
u_account_balance/g13415       0.0004099   5.796e-05   0.0004862   1.833e-05  AOI22X1
u_account_balance/g4321        0.0003824    5.96e-05   0.0004851   4.309e-05  AO22X1
u_account_balance/g13385       0.0003757   8.535e-05   0.0004794   1.833e-05  AOI22X1
u_account_balance/g13375       0.0004094   5.107e-05   0.0004788   1.833e-05  AOI22X1
u_account_balance/g13371       0.0003904   6.367e-05   0.0004736    1.95e-05  AOI221X1
u_account_balance/g13353       0.0003239   0.0001226   0.0004736   2.704e-05  MXI2XL
u_account_balance/g13354       0.0003245   0.0001218   0.0004734   2.704e-05  MXI2XL
u_account_balance/g13473       0.0002269   0.0002044   0.0004696   3.838e-05  NOR2BX2
g427                           0.0003466   0.0001087   0.0004676   1.236e-05  NOR2XL
g360                           0.0002435   0.0002095   0.0004654   1.236e-05  NOR2XL
u_barrier_ctrl/g328            0.0003779   7.187e-05   0.0004628   1.299e-05  OAI21X1
u_account_balance/g13367       0.0003325   0.0001112   0.0004561   1.236e-05  NOR2XL
u_account_balance/g13203       0.0002676   0.0001744   0.0004551   1.301e-05  CLKINVX1
u_account_balance/g13482       0.0002961   0.0001118   0.0004466   3.881e-05  AO22XL
u_vehicle_interface/g201       0.0002476   0.0001865   0.0004465   1.236e-05  NOR2XL
u_account_balance/g13381       0.0003178    0.000111   0.0004417   1.299e-05  OAI21X1
g424                           0.0002539   0.0001511     0.00044   3.499e-05  NAND2BX1
u_barrier_ctrl/g214            0.0003391   5.533e-05    0.000437   4.264e-05  AO21X1
u_account_balance/g4305        0.0003259   7.147e-05   0.0004362   3.881e-05  AO22XL
u_account_balance/g13206       0.0002049     0.00022   0.0004353   1.046e-05  NAND4XL
u_account_balance/g4311        0.0003251   7.094e-05   0.0004348   3.881e-05  AO22XL
u_account_balance/g13418       0.0003449   7.614e-05   0.0004333   1.229e-05  AOI22XL
u_account_balance/g13419       0.0003439   7.363e-05   0.0004299   1.229e-05  AOI22XL
u_account_balance/g13416       0.0003439   7.363e-05   0.0004298   1.229e-05  AOI22XL
g363                           0.0001742   0.0002411   0.0004284   1.301e-05  CLKINVX1
u_account_balance/g13432       0.0001171   0.0002778   0.0004221   2.717e-05  AND2X1
u_account_balance/g13461       0.0002231   0.0001839   0.0004201   1.301e-05  CLKINVX1
u_account_balance/g13212       0.0001945   0.0002148   0.0004198   1.046e-05  NAND4XL
u_account_balance/g13276       0.0003286   7.277e-05   0.0004197   1.833e-05  AOI22X1
g357                           0.0002786   9.354e-05   0.0004147   4.256e-05  OR2X1
u_barrier_ctrl/g327            0.0003035   8.078e-05   0.0004113   2.704e-05  MXI2XL
u_account_balance/g13302       0.0003225   6.921e-05   0.0004099   1.815e-05  AOI21X1
g355                           0.0002794   0.0001139   0.0004057   1.236e-05  NOR2XL
u_account_balance/g13479       0.0003161   7.073e-05   0.0004052   1.833e-05  AOI22X1
g425                           0.0002324   0.0001586   0.0004033   1.236e-05  NOR2XL
u_account_balance/g4315        0.0002981   6.556e-05   0.0004024   3.881e-05  AO22XL
u_account_balance/g13484       0.0002961   6.615e-05   0.0004011   3.881e-05  AO22XL
g418                           0.0003109   7.007e-05   0.0003993   1.833e-05  AOI22X1
u_account_balance/g4310        0.0002932   6.428e-05   0.0003963   3.881e-05  AO22XL
u_account_balance/g13317       0.0003357   3.909e-05   0.0003931   1.833e-05  AOI22X1
u_account_balance/g4313        0.0002871   6.315e-05   0.0003891   3.881e-05  AO22XL
u_account_balance/g4312        0.0002846   6.218e-05   0.0003856   3.881e-05  AO22XL
u_account_balance/g13414       6.572e-05   0.0003048   0.0003835   1.301e-05  CLKINVX1
u_account_balance/g13298       0.0003224   4.082e-05   0.0003816   1.833e-05  AOI22X1
u_account_balance/g13314       0.0003224    4.02e-05   0.0003809   1.833e-05  AOI22X1
u_account_balance/g13330       0.0003225   3.861e-05   0.0003794   1.833e-05  AOI22X1
g421                           0.0002563   0.0001087    0.000378   1.301e-05  INVX1
u_account_balance/g13248       0.0003161   4.149e-05   0.0003759   1.833e-05  AOI22X1
u_account_balance/g13207       0.0001836   0.0001812   0.0003752   1.046e-05  NAND4XL
u_account_balance/g13378       0.0002921    6.99e-05   0.0003743   1.229e-05  AOI22XL
u_account_balance/g13383       0.0002906   7.112e-05    0.000374   1.229e-05  AOI22XL
u_account_balance/g4319        0.0002721   6.001e-05    0.000371   3.881e-05  AO22XL
u_account_balance/g13170       0.0001782   0.0001782   0.0003705   1.403e-05  NAND2X1
u_barrier_ctrl/g332             0.000154   0.0001869   0.0003688    2.78e-05  NAND4BXL
u_account_balance/g13224       0.0002952   5.946e-05    0.000367   1.236e-05  NOR2XL
u_account_balance/g4318        0.0002691   5.907e-05   0.0003669   3.881e-05  AO22XL
u_account_balance/g13384       0.0002837   6.344e-05   0.0003654   1.833e-05  AOI22X1
u_account_balance/g13225       0.0002812   6.228e-05   0.0003614   1.791e-05  OAI22X1
u_account_balance/g4314        0.0002636    5.79e-05   0.0003604   3.881e-05  AO22XL
u_account_balance/g4302        0.0002615   5.579e-05   0.0003561   3.881e-05  AO22XL
g413                           0.0002855   5.575e-05   0.0003544   1.314e-05  OAI221X1
u_account_balance/g13483       0.0002549     5.9e-05   0.0003527   3.881e-05  AO22XL
u_account_balance/g13465       0.0002592   7.852e-05   0.0003508   1.301e-05  INVX1
u_account_balance/g13309        0.000293   3.643e-05   0.0003478   1.833e-05  AOI22X1
u_vehicle_interface/g197       0.0002233   8.197e-05   0.0003441   3.881e-05  AO22XL
u_account_balance/g4365        9.765e-05   0.0002296   0.0003403   1.301e-05  CLKINVX1
u_account_balance/g13476       0.0002822   3.831e-05   0.0003335     1.3e-05  AOI222XL
u_account_balance/g13412       7.787e-05   0.0002212   0.0003262   2.717e-05  AND2X1
u_vehicle_interface/g198       0.0002325   5.378e-05   0.0003251   3.881e-05  AO22XL
u_account_balance/g13387       0.0002098   7.395e-05   0.0003226   3.881e-05  AO22XL
u_vehicle_interface/g196       0.0002305   5.317e-05   0.0003225   3.881e-05  AO22XL
u_account_balance/g3409        0.0001756    0.000133   0.0003217   1.301e-05  CLKINVX1
u_account_balance/g13253       0.0001807   0.0001314   0.0003214   9.289e-06  NAND2XL
u_vehicle_interface/g199       0.0002291   5.294e-05   0.0003208   3.881e-05  AO22XL
u_account_balance/g13389       6.223e-05   0.0002413   0.0003166   1.301e-05  CLKINVX1
g358                           0.0001379   0.0001635   0.0003107   9.289e-06  NAND2XL
u_account_balance/g4316        0.0002225   4.903e-05   0.0003103   3.881e-05  AO22XL
u_account_balance/g4280         0.000222    4.88e-05   0.0003096   3.881e-05  AO22XL
u_account_balance/g13445       0.0001016   0.0001801   0.0003089   2.717e-05  AND2X1
u_account_balance/g13216       0.0002462   4.914e-05   0.0003077   1.236e-05  NOR2XL
u_account_balance/g13320       0.0002508   3.263e-05   0.0003018   1.833e-05  AOI22X1
u_account_balance/g13345       0.0002487   3.214e-05   0.0002991   1.833e-05  AOI22X1
u_account_balance/g13280       0.0002487   3.193e-05   0.0002989   1.833e-05  AOI22X1
u_account_balance/g13304       0.0002486   3.194e-05   0.0002989   1.833e-05  AOI22X1
u_account_balance/g13296       0.0002487   3.166e-05   0.0002987   1.833e-05  AOI22X1
u_account_balance/g13291       0.0002487   3.146e-05   0.0002985   1.833e-05  AOI22X1
u_account_balance/g13486       0.0002098   6.166e-05   0.0002985   2.704e-05  MXI2XL
u_account_balance/g13242       0.0002105   7.667e-05   0.0002976   1.046e-05  NAND4XL
g364                           0.0001652   0.0001168    0.000295   1.301e-05  CLKINVX1
u_account_balance/g13472       0.0001741   9.072e-05   0.0002918   2.704e-05  MXI2XL
u_account_balance/g13355       0.0002002   7.661e-05   0.0002898   1.299e-05  OAI21X1
u_account_balance/g3            0.000172   9.006e-05   0.0002891   2.704e-05  MXI2XL
u_account_balance/g13227       0.0002054   6.936e-05   0.0002889    1.41e-05  OAI211X1
u_account_balance/g13198       0.0001927   6.298e-05   0.0002835    2.78e-05  NAND4BXL
u_account_balance/g13382       0.0001805   6.397e-05   0.0002832   3.881e-05  AO22XL
u_account_balance/g13262       0.0001869   8.674e-05   0.0002829   9.289e-06  NAND2XL
u_account_balance/g13379       0.0001955   7.336e-05   0.0002812   1.229e-05  AOI22XL
g352                           0.0002715           0   0.0002809   9.336e-06  OAI211XL
g361                           0.0001007   0.0001699   0.0002799   9.289e-06  NAND2XL
u_account_balance/g13331       0.0002309   2.912e-05   0.0002783   1.833e-05  AOI22X1
u_account_balance/g4304        0.0001963   4.244e-05   0.0002776   3.881e-05  AO22XL
u_account_balance/g13241       0.0002185   4.385e-05   0.0002747   1.236e-05  NOR2XL
u_account_balance/g13377       0.0001739    6.13e-05    0.000274   3.881e-05  AO22XL
u_account_balance/g4307        0.0001927   4.169e-05   0.0002732   3.881e-05  AO22XL
u_account_balance/g4309        0.0001924    4.16e-05   0.0002728   3.881e-05  AO22XL
u_account_balance/g4317        0.0001919   4.202e-05   0.0002728   3.881e-05  AO22XL
u_account_balance/g4345        0.0001437   0.0001169   0.0002699   9.289e-06  NAND2XL
g430                           0.0001709   8.432e-05   0.0002682   1.301e-05  INVX1
u_account_balance/g13481       0.0001873   4.144e-05   0.0002675   3.881e-05  AO22XL
u_account_balance/g13307       0.0002213   2.627e-05   0.0002659   1.833e-05  AOI22X1
u_account_balance/g13442       7.824e-05   0.0001784   0.0002659   9.289e-06  NAND2XL
g415                           0.0002135   3.794e-05   0.0002655    1.41e-05  OAI211X1
u_barrier_ctrl/g152            0.0001781   7.791e-05   0.0002648   8.757e-06  INVXL
u_barrier_ctrl/g334            0.0002014   4.944e-05   0.0002638   1.301e-05  INVX1
u_account_balance/g4306         0.000185       4e-05   0.0002638   3.881e-05  AO22XL
u_account_balance/g13365       0.0001766   7.715e-05   0.0002631   9.289e-06  NAND2XL
u_account_balance/g13251       0.0002088   3.044e-05   0.0002574   1.815e-05  AOI21X1
u_account_balance/g4308        0.0001796   3.884e-05   0.0002572   3.881e-05  AO22XL
u_account_balance/g13372       0.0001953   4.512e-05   0.0002527   1.229e-05  AOI22XL
u_account_balance/g4341        0.0001341   0.0001092   0.0002525   9.289e-06  NAND2XL
u_account_balance/g4344        0.0001319   0.0001073   0.0002485   9.289e-06  NAND2XL
u_barrier_ctrl/g337            0.0001658   5.445e-05   0.0002474   2.717e-05  AND2X1
u_account_balance/g13231        0.000209   1.886e-05   0.0002474    1.95e-05  AOI221X1
g414                            0.000203   3.096e-05   0.0002471   1.314e-05  OAI221X1
u_account_balance/g13471       0.0001697   4.096e-05   0.0002456   3.499e-05  NAND2BX1
u_account_balance/g13470       0.0001689   4.075e-05   0.0002446   3.499e-05  NAND2BX1
u_account_balance/g13281       0.0001635   7.186e-05   0.0002446   9.289e-06  NAND2XL
u_account_balance/g4326        0.0001646   6.993e-05   0.0002438   9.289e-06  NAND2XL
u_account_balance/g13409       0.0001081   0.0001263   0.0002436   9.289e-06  NAND2XL
u_account_balance/g13337       0.0001876   4.289e-05   0.0002428   1.229e-05  AOI22XL
u_account_balance/g13438       5.979e-05   0.0001696   0.0002424   1.301e-05  CLKINVX1
u_barrier_ctrl/g331            0.0001775   4.648e-05   0.0002423   1.833e-05  AOI22X1
u_account_balance/g13399       0.0001691   5.777e-05   0.0002392   1.236e-05  NOR2XL
u_account_balance/g13396        0.000169   5.775e-05   0.0002392   1.236e-05  NOR2XL
u_account_balance/g13326       0.0001921   2.425e-05   0.0002347   1.833e-05  AOI22X1
u_account_balance/g13269       0.0001826   3.858e-05   0.0002342     1.3e-05  AOI222XL
u_account_balance/g13394       0.0001368   5.822e-05     0.00023   3.499e-05  NAND2BX1
u_account_balance/g13237       0.0001794   3.584e-05   0.0002276   1.236e-05  NOR2XL
u_barrier_ctrl/g329            0.0001625   5.251e-05   0.0002274   1.236e-05  NOR2XL
u_barrier_ctrl/g326            0.0001705    4.06e-05   0.0002251   1.402e-05  OAI31X1
u_account_balance/g4322        0.0001503   6.488e-05   0.0002245   9.289e-06  NAND2XL
u_account_balance/g4336        0.0001502   6.383e-05   0.0002234   9.289e-06  NAND2XL
g356                           0.0001041   9.095e-05   0.0002222   2.717e-05  AND2X1
u_account_balance/g13184       8.709e-05   6.248e-05   0.0002208   7.123e-05  OR4X1
g428                           0.0001058   7.926e-05   0.0002201   3.499e-05  NAND2BX1
u_account_balance/g4297        0.0001482   6.303e-05     0.00022   8.728e-06  OAI21XL
u_account_balance/g13386       0.0001676   3.926e-05   0.0002192   1.229e-05  AOI22XL
u_account_balance/g13413       4.645e-05    0.000158   0.0002175   1.301e-05  CLKINVX1
u_account_balance/g4296        0.0001454   6.228e-05   0.0002164   8.728e-06  OAI21XL
u_account_balance/g4282        0.0001589    3.97e-05   0.0002127    1.41e-05  OAI211X1
u_account_balance/g13294       0.0001734   2.042e-05   0.0002121   1.833e-05  AOI22X1
u_account_balance/g4298        0.0001415    6.06e-05   0.0002108   8.728e-06  OAI21XL
g420                           6.748e-05   0.0001331   0.0002099   9.289e-06  NAND2XL
u_account_balance/g13457       7.486e-05   0.0001206   0.0002095   1.403e-05  NAND2X1
u_account_balance/g13239       0.0001461   5.235e-05   0.0002089   1.046e-05  NAND4XL
u_account_balance/g13435        0.000127   6.872e-05   0.0002087   1.301e-05  CLKINVX1
g353                           0.0001875           0   0.0002067    1.92e-05  OAI2BB1XL
u_account_balance/g4337        0.0001372   5.826e-05   0.0002048   9.289e-06  NAND2XL
u_account_balance/g4335        0.0001359   5.889e-05   0.0002041   9.289e-06  NAND2XL
u_account_balance/g13300       0.0001644   2.098e-05   0.0002037   1.833e-05  AOI22X1
u_account_balance/g4299        0.0001365   5.807e-05   0.0002033   8.728e-06  OAI21XL
u_account_balance/g13395       0.0001131   8.095e-05   0.0002033   9.289e-06  NAND2XL
u_account_balance/g4301         0.000151   3.763e-05   0.0002027    1.41e-05  OAI211X1
u_account_balance/g4334        0.0001336   5.749e-05   0.0002003   9.289e-06  NAND2XL
u_account_balance/g13289       0.0001603   2.133e-05      0.0002   1.833e-05  AOI22X1
u_account_balance/g13238        0.000137   5.243e-05   0.0001999   1.046e-05  NAND4XL
u_account_balance/g13315         0.00016   2.061e-05   0.0001989   1.833e-05  AOI22X1
u_account_balance/g13290       0.0001599   2.059e-05   0.0001989   1.833e-05  AOI22X1
u_account_balance/g13397       0.0001128   7.635e-05   0.0001984   9.289e-06  NAND2XL
u_account_balance/g13328       0.0001586   1.961e-05   0.0001965   1.833e-05  AOI22X1
u_account_balance/g4294        0.0001312   5.578e-05   0.0001957   8.728e-06  OAI21XL
u_account_balance/g4329        0.0001302   5.594e-05   0.0001954   9.289e-06  NAND2XL
u_account_balance/g4320        0.0001447   3.603e-05   0.0001948    1.41e-05  OAI211X1
u_account_balance/g13293       0.0001497   3.065e-05   0.0001924   1.205e-05  OAI22XL
u_account_balance/g4338        0.0001263   5.367e-05   0.0001893   9.289e-06  NAND2XL
u_account_balance/g13223       0.0001041   7.511e-05   0.0001885   9.289e-06  NAND2XL
u_account_balance/g13240       0.0001066   7.006e-05   0.0001871   1.046e-05  NAND4XL
u_account_balance/g4295        0.0001245   5.296e-05   0.0001862   8.728e-06  OAI21XL
u_account_balance/g4289        0.0001238   5.302e-05   0.0001856   8.728e-06  OAI21XL
g349                           0.0001559           0   0.0001847   2.877e-05  NAND2BXL
u_account_balance/g13306       0.0001413   1.907e-05   0.0001787   1.833e-05  AOI22X1
u_account_balance/g13266       0.0001346   3.078e-05   0.0001776    1.22e-05  AOI21XL
u_account_balance/g13336       0.0001403   1.786e-05   0.0001765   1.833e-05  AOI22X1
u_account_balance/g13305       0.0001403   1.786e-05   0.0001764   1.833e-05  AOI22X1
g348                           0.0001326           0   0.0001752   4.256e-05  OR2X1
u_account_balance/g13232       0.0001165    4.92e-05    0.000175   9.289e-06  NAND2XL
u_account_balance/g4324        0.0001169   4.725e-05   0.0001734   9.289e-06  NAND2XL
u_account_balance/g4333        0.0001144    4.87e-05   0.0001724   9.289e-06  NAND2XL
u_account_balance/g4323        0.0001126   4.901e-05   0.0001709   9.289e-06  NAND2XL
u_account_balance/g13228       9.163e-05   6.818e-05   0.0001691   9.289e-06  NAND2XL
u_account_balance/g4286        0.0001117   4.642e-05   0.0001669   8.728e-06  OAI21XL
g416                            9.04e-05    6.51e-05   0.0001648   9.289e-06  NAND2XL
u_account_balance/g13485       0.0001038    5.08e-05   0.0001639   9.289e-06  NAND2XL
u_account_balance/g4303        0.0001077   4.473e-05   0.0001611   8.728e-06  OAI21XL
u_account_balance/g4325        0.0001077   4.369e-05   0.0001606   9.289e-06  NAND2XL
g350                           7.239e-05   7.423e-05    0.000159   1.236e-05  NOR2XL
u_account_balance/g13344       0.0001141   2.628e-05   0.0001587   1.833e-05  AOI22X1
u_account_balance/g4287        0.0001053   4.373e-05   0.0001578   8.728e-06  OAI21XL
u_account_balance/g13215       0.0001061   4.103e-05   0.0001576   1.046e-05  NAND4XL
u_account_balance/g13252       0.0001206   2.436e-05   0.0001573   1.236e-05  NOR2XL
u_account_balance/g13341       0.0001116   2.665e-05   0.0001565   1.833e-05  AOI22X1
u_barrier_ctrl/g324            0.0001019   3.168e-05   0.0001548   2.127e-05  OAI2BB1X1
u_account_balance/g4288        0.0001029   4.274e-05   0.0001543   8.728e-06  OAI21XL
u_account_balance/g4284        0.0001022   4.244e-05   0.0001534   8.728e-06  OAI21XL
u_account_balance/g13165       5.755e-05   8.503e-05   0.0001519   9.289e-06  NAND2XL
u_account_balance/g13144       9.048e-05   4.901e-05   0.0001518   1.236e-05  NOR2XL
u_account_balance/g4327        0.0001009   4.105e-05   0.0001512   9.289e-06  NAND2XL
u_account_balance/g13236       0.0001026   3.381e-05   0.0001506    1.41e-05  OAI211X1
u_account_balance/g4283        9.875e-05   4.227e-05   0.0001498   8.728e-06  OAI21XL
u_account_balance/g4293        9.871e-05   4.228e-05   0.0001497   8.728e-06  OAI21XL
u_account_balance/g4292        9.872e-05   4.198e-05   0.0001494   8.728e-06  OAI21XL
u_account_balance/g13339       0.0001171   1.391e-05   0.0001494   1.833e-05  AOI22X1
u_account_balance/g4330        9.877e-05   4.023e-05   0.0001483   9.289e-06  NAND2XL
u_account_balance/g4290        9.542e-05   3.964e-05   0.0001438   8.728e-06  OAI21XL
u_account_balance/g13255       9.279e-05   4.102e-05   0.0001431   9.289e-06  NAND2XL
u_account_balance/g13233       9.476e-05   3.853e-05   0.0001426   9.289e-06  NAND2XL
u_account_balance/g4291        9.328e-05   3.875e-05   0.0001408   8.728e-06  OAI21XL
u_account_balance/g4328        9.194e-05    3.75e-05   0.0001387   9.289e-06  NAND2XL
u_account_balance/g4357        5.682e-05   6.934e-05   0.0001355   9.289e-06  NAND2XL
u_account_balance/g4331        8.957e-05   3.655e-05   0.0001354   9.289e-06  NAND2XL
u_account_balance/g4332        8.757e-05   3.573e-05   0.0001326   9.289e-06  NAND2XL
u_account_balance/g13254       9.921e-05   2.016e-05   0.0001317   1.236e-05  NOR2XL
u_account_balance/g13478       7.481e-05   1.657e-05   0.0001302   3.881e-05  AO22XL
u_account_balance/g13257       8.475e-05   3.415e-05   0.0001282   9.289e-06  NAND2XL
u_account_balance/g13273       8.919e-05   2.404e-05   0.0001262   1.299e-05  OAI21X1
u_account_balance/g13329       9.185e-05   1.178e-05    0.000122   1.833e-05  AOI22X1
u_account_balance/g13348       9.109e-05    1.11e-05   0.0001205   1.833e-05  AOI22X1
u_account_balance/g13343       9.107e-05   1.066e-05   0.0001201   1.833e-05  AOI22X1
g422                           4.841e-05   2.622e-05   0.0001172   4.256e-05  OR2X1
u_account_balance/g13342       8.726e-05   1.131e-05   0.0001169   1.833e-05  AOI22X1
u_account_balance/g13310       8.675e-05   1.758e-05   0.0001166   1.229e-05  AOI22XL
u_account_balance/g13292       8.728e-05    1.07e-05   0.0001163   1.833e-05  AOI22X1
u_account_balance/g13258       7.137e-05   3.314e-05   0.0001138   9.289e-06  NAND2XL
u_account_balance/g13177       5.098e-05    2.77e-05   0.0001137   3.499e-05  NAND2BX1
g224                           6.401e-05    4.01e-05   0.0001129   8.757e-06  INVXL
u_account_balance/g13480       5.285e-05   1.857e-05   0.0001102   3.881e-05  AO22XL
g426                           5.679e-05    4.33e-05   0.0001088   8.757e-06  INVXL
u_barrier_ctrl/g217            3.881e-05   5.458e-05   0.0001057   1.236e-05  NOR2XL
u_account_balance/g13434       4.197e-05   4.985e-05   0.0001011   9.289e-06  NAND2XL
u_account_balance/g13270       7.293e-05   9.433e-06   0.0001007   1.833e-05  AOI22X1
u_account_balance/g13391       1.505e-05   7.026e-05   9.832e-05   1.301e-05  CLKINVX1
u_barrier_ctrl/g215            7.106e-05   1.286e-05   9.795e-05   1.402e-05  OAI31X1
u_account_balance/g13245       6.272e-05   2.387e-05   9.705e-05   1.046e-05  NAND4XL
u_account_balance/g13319       6.815e-05   8.793e-06   9.527e-05   1.833e-05  AOI22X1
g417                            1.65e-05   1.117e-05   9.456e-05    6.69e-05  OR4XL
g359                           3.641e-05   4.858e-05   9.428e-05   9.289e-06  NAND2XL
u_account_balance/g13459       5.498e-05   2.605e-05   9.405e-05   1.301e-05  INVX1
u_barrier_ctrl/g218            3.804e-05   4.653e-05   9.386e-05   9.289e-06  NAND2XL
u_account_balance/g13460       5.429e-05   2.473e-05   9.204e-05   1.301e-05  INVX1
u_account_balance/g13324       6.159e-05   7.909e-06   8.782e-05   1.833e-05  AOI22X1
u_account_balance/g13313       6.159e-05    7.79e-06   8.771e-05   1.833e-05  AOI22X1
u_account_balance/g13321       6.159e-05    7.79e-06   8.771e-05   1.833e-05  AOI22X1
u_account_balance/g13303        6.16e-05   7.482e-06   8.741e-05   1.833e-05  AOI22X1
u_account_balance/g13249       5.457e-05   2.321e-05   8.708e-05   9.289e-06  NAND2XL
u_account_balance/g13392       1.515e-05   5.809e-05   8.625e-05   1.301e-05  CLKINVX1
u_account_balance/g13388       1.951e-05   3.709e-05   8.258e-05   2.599e-05  INVX2
u_account_balance/g13477       3.564e-05     7.7e-06   8.215e-05   3.881e-05  AO22XL
u_account_balance/g13404        4.31e-05   2.883e-05   8.123e-05   9.289e-06  NAND2XL
u_account_balance/g13358       4.859e-05     1.6e-05   8.122e-05   1.662e-05  NOR2BXL
u_account_balance/g13312       5.343e-05    1.17e-05   7.741e-05   1.229e-05  AOI22XL
u_account_balance/g13334       5.316e-05   1.173e-05   7.717e-05   1.229e-05  AOI22XL
u_account_balance/g13327       5.316e-05   1.165e-05   7.709e-05   1.229e-05  AOI22XL
u_account_balance/g13332       5.068e-05   6.723e-06   7.573e-05   1.833e-05  AOI22X1
u_account_balance/g13179       1.782e-05   1.494e-05   7.531e-05   4.256e-05  OR2X1
u_account_balance/g4362        9.659e-06   8.075e-06   7.483e-05    5.71e-05  NAND4BBXL
u_account_balance/g13431       3.173e-05   3.367e-05   7.469e-05   9.289e-06  NAND2XL
u_account_balance/g13167       4.395e-06   2.449e-05   7.144e-05   4.256e-05  OR2X1
u_barrier_ctrl/g221            3.673e-05   2.364e-05   6.912e-05   8.757e-06  INVXL
u_account_balance/g13235       3.475e-05   2.446e-05   6.851e-05   9.289e-06  NAND2XL
u_barrier_ctrl/g216            3.421e-05   2.072e-05   6.795e-05   1.301e-05  CLKINVX1
u_account_balance/g13259       3.443e-05   2.377e-05   6.749e-05   9.289e-06  NAND2XL
u_account_balance/g13401        2.16e-05   3.038e-05   6.434e-05   1.236e-05  NOR2XL
u_account_balance/g13155       3.105e-05   1.949e-05    6.29e-05   1.236e-05  NOR2XL
u_account_balance/g13335       3.971e-05   9.473e-06   6.147e-05   1.229e-05  AOI22XL
u_account_balance/g13464       3.499e-05   1.643e-05   6.018e-05   8.757e-06  INVXL
u_barrier_ctrl/g219            3.386e-05   7.757e-06   5.673e-05   1.511e-05  NAND3X1
u_account_balance/g13261       3.319e-05   1.352e-05     5.6e-05   9.289e-06  NAND2XL
u_account_balance/g13271       2.815e-05   3.793e-06   5.009e-05   1.815e-05  AOI21X1
u_account_balance/g4361        3.461e-06    2.63e-06   4.865e-05   4.256e-05  OR2X1
g223                           3.973e-05           0   4.849e-05   8.757e-06  INVXL
u_account_balance/g13173       1.516e-05   1.816e-05   4.843e-05   1.511e-05  NAND3X1
u_account_balance/g2           8.133e-06   3.994e-06   4.711e-05   3.499e-05  NAND2BX1
u_account_balance/g13160       2.705e-06   1.522e-05   4.509e-05   2.717e-05  AND2X1
u_account_balance/g13361        1.35e-05   3.644e-06   4.431e-05   2.717e-05  AND2X1
u_account_balance/g13147       1.591e-07   8.687e-07   4.358e-05   4.256e-05  OR2X1
u_account_balance/g13146       1.585e-07   8.691e-07   4.358e-05   4.256e-05  OR2X1
u_account_balance/g13145       2.997e-08   1.621e-07   4.275e-05   4.256e-05  OR2X1
u_account_balance/g13333       2.135e-05   2.477e-06   4.216e-05   1.833e-05  AOI22X1
u_account_balance/g4358        2.813e-06   3.847e-06   4.165e-05   3.499e-05  NAND2BX1
u_account_balance/g13154       1.664e-06   9.295e-06   3.813e-05   2.717e-05  AND2X1
u_account_balance/g13265       1.811e-05   3.669e-06   3.406e-05   1.229e-05  AOI22XL
u_account_balance/g13469       8.716e-06   2.586e-06   3.316e-05   2.186e-05  NOR3BX1
g351                           1.682e-05   3.296e-06   3.247e-05   1.236e-05  NOR2XL
u_account_balance/g13148       8.144e-07   4.485e-06   3.247e-05   2.717e-05  AND2X1
u_account_balance/g4363        1.372e-05   3.375e-06   3.221e-05   1.511e-05  NAND3X1
u_account_balance/g13159        9.14e-07    4.72e-06   3.206e-05   2.642e-05  AND3X1
u_account_balance/g13158       9.047e-07   4.688e-06   3.201e-05   2.642e-05  AND3X1
u_account_balance/g13143       1.081e-05   1.175e-05   3.185e-05   9.289e-06  NAND2XL
u_account_balance/g13316       1.316e-05   4.295e-06   2.981e-05   1.236e-05  NOR2XL
u_account_balance/g13161       3.677e-07   1.925e-06   2.871e-05   2.642e-05  AND3X1
u_account_balance/g13162       3.527e-07   1.881e-06   2.866e-05   2.642e-05  AND3X1
u_account_balance/g13152       3.522e-07   1.861e-06   2.863e-05   2.642e-05  AND3X1
u_account_balance/g13284       1.291e-05   2.395e-06   2.758e-05   1.228e-05  AOI32XL
u_account_balance/g13318       1.231e-05   2.477e-06   2.708e-05   1.229e-05  AOI22XL
u_account_balance/g13340       1.231e-05   2.477e-06   2.708e-05   1.229e-05  AOI22XL
u_account_balance/g13301       1.231e-05   2.395e-06     2.7e-05   1.229e-05  AOI22XL
u_account_balance/g13323       1.231e-05   2.395e-06     2.7e-05   1.229e-05  AOI22XL
u_account_balance/g13411       1.061e-05   6.983e-06   2.688e-05   9.289e-06  NAND2XL
u_account_balance/g13153       6.771e-08    3.63e-07   2.685e-05   2.642e-05  AND3X1
u_account_balance/g13410       9.951e-06   6.996e-06   2.624e-05   9.289e-06  NAND2XL
u_account_balance/g13141        9.93e-06   7.208e-06   2.589e-05   8.757e-06  INVXL
u_account_balance/g13403       6.483e-06   8.904e-06   2.468e-05   9.289e-06  NAND2XL
u_account_balance/g13164       9.895e-06   2.184e-06   2.444e-05   1.236e-05  NOR2XL
u_account_balance/g13163       5.204e-06   6.052e-06   2.427e-05   1.301e-05  CLKINVX1
u_account_balance/g13402        4.52e-06   6.733e-06   2.361e-05   1.236e-05  NOR2XL
u_account_balance/g13359       5.738e-06   3.676e-06    1.87e-05   9.289e-06  NAND2XL
g221                            7.48e-06           0   1.624e-05   8.757e-06  INVXL
u_account_balance/g4360        1.941e-06   1.121e-06   1.608e-05   1.301e-05  INVX1
u_account_balance/g4356        2.449e-06   1.125e-06   1.593e-05   1.236e-05  NOR2XL
u_account_balance/g4350        1.098e-06   1.603e-06   1.572e-05   1.301e-05  CLKINVX1
u_account_balance/g4352         1.32e-06   2.036e-06   1.571e-05   1.236e-05  NOR2XL
u_account_balance/g4349         1.14e-06   1.308e-06   1.546e-05   1.301e-05  CLKINVX1
u_account_balance/g13363       3.539e-06   2.446e-06   1.527e-05   9.289e-06  NAND2XL
u_account_balance/g13150       6.212e-07   5.048e-07   1.414e-05   1.301e-05  INVX1
u_account_balance/g13156       8.498e-07   4.541e-07   1.366e-05   1.236e-05  NOR2XL
u_account_balance/g4355        2.362e-07   2.612e-07   1.351e-05   1.301e-05  CLKINVX1
u_account_balance/g4359        2.596e-07    4.62e-07   1.308e-05   1.236e-05  NOR2XL
u_account_balance/g4353        6.399e-07   2.245e-06   1.217e-05   9.289e-06  NAND2XL
u_account_balance/g13357       1.288e-06   7.674e-07   1.134e-05   9.289e-06  NAND2XL
u_account_balance/g4351        2.434e-07   5.002e-07   1.003e-05   9.289e-06  NAND2XL

---------------------------------------------------------------------------------------

Total (    712 of    712  )        1.145      0.1086      1.297     0.04296
Total Capacitance                4.415e-12 F
Power Density                   *** No Die Area ***
