###############################################################
#  Generated by:      Cadence Innovus 20.10-p004_1
#  OS:                Linux x86_64(Host ID edatools-server2.iiitd.edu.in)
#  Generated on:      Mon Nov 10 22:29:31 2025
#  Design:            toll_gate
#  Command:           report_timing > $report_dir/timing_report.rpt
###############################################################
Path 1: MET Setup Check with Pin u_account_balance/balance_db_reg[2][7]/CK 
Endpoint:   u_account_balance/balance_db_reg[2][7]/D (^) checked with  leading 
edge of 'clk'
Beginpoint: u_vehicle_interface/id_to_check_reg[3]/Q (^) triggered by  leading 
edge of 'clk'
Path Groups: {clk}
Analysis View: view1
Other End Arrival Time          0.010
- Setup                         0.277
+ Phase Shift                   5.200
- Uncertainty                   0.010
= Required Time                 4.923
- Arrival Time                  3.026
= Slack Time                    1.898
     Clock Rise Edge                 0.000
     + Clock Network Latency (Prop)  0.010
     = Beginpoint Arrival Time       0.010
     +-----------------------------------------------------------------------------------------------+ 
     |                Instance                |     Arc     |   Cell    | Delay | Arrival | Required | 
     |                                        |             |           |       |  Time   |   Time   | 
     |----------------------------------------+-------------+-----------+-------+---------+----------| 
     | u_vehicle_interface/id_to_check_reg[3] | CK ^        |           |       |   0.010 |    1.908 | 
     | u_vehicle_interface/id_to_check_reg[3] | CK ^ -> Q ^ | SDFFQX1   | 0.338 |   0.348 |    2.246 | 
     | g222                                   | A ^ -> Y ^  | BUFX6     | 0.176 |   0.525 |    2.422 | 
     | u_account_balance/g13463               | A ^ -> Y v  | INVX8     | 0.065 |   0.589 |    2.487 | 
     | u_account_balance/g13456               | B v -> Y v  | CLKAND2X3 | 0.148 |   0.737 |    2.635 | 
     | u_account_balance/g13449               | A v -> Y ^  | CLKINVX2  | 0.064 |   0.801 |    2.699 | 
     | u_account_balance/g13398               | B ^ -> Y v  | NOR2BXL   | 0.053 |   0.855 |    2.752 | 
     | u_account_balance/g13286               | C0 v -> Y ^ | AOI221X1  | 0.111 |   0.966 |    2.863 | 
     | u_account_balance/g13252               | B ^ -> Y v  | NOR2XL    | 0.055 |   1.021 |    2.918 | 
     | u_account_balance/g13237               | B v -> Y ^  | NOR2XL    | 0.079 |   1.100 |    2.997 | 
     | u_account_balance/g13223               | B ^ -> Y v  | NAND2XL   | 0.089 |   1.189 |    3.086 | 
     | u_account_balance/g13210               | B v -> Y ^  | NOR2X1    | 0.112 |   1.301 |    3.198 | 
     | u_account_balance/g13194               | B0 ^ -> Y v | OAI21X1   | 0.128 |   1.429 |    3.327 | 
     | u_account_balance/g13192               | B v -> Y ^  | NOR2X1    | 0.166 |   1.596 |    3.493 | 
     | u_account_balance/g13187               | B ^ -> Y v  | NAND2X1   | 0.137 |   1.733 |    3.630 | 
     | u_account_balance/g13184               | D v -> Y v  | OR4X1     | 0.297 |   2.029 |    3.927 | 
     | u_account_balance/g13179               | B v -> Y v  | OR2X1     | 0.196 |   2.225 |    4.122 | 
     | u_account_balance/g13170               | B v -> Y ^  | NAND2X1   | 0.081 |   2.306 |    4.203 | 
     | u_account_balance/g4361                | B ^ -> Y ^  | OR2X1     | 0.131 |   2.436 |    4.334 | 
     | u_account_balance/g4357                | B ^ -> Y v  | NAND2XL   | 0.115 |   2.552 |    4.449 | 
     | u_account_balance/g4343                | A v -> Y ^  | NAND2XL   | 0.273 |   2.824 |    4.722 | 
     | u_account_balance/g4304                | A0 ^ -> Y ^ | AO22XL    | 0.201 |   3.026 |    4.923 | 
     | u_account_balance/balance_db_reg[2][7] | D ^         | SDFFQX1   | 0.000 |   3.026 |    4.923 | 
     +-----------------------------------------------------------------------------------------------+ 

