###############################################################
#  Generated by:      Cadence Tempus 20.10-p003_1
#  OS:                Linux x86_64(Host ID edatools-server2.iiitd.edu.in)
#  Generated on:      Mon Nov 17 02:04:08 2025
#  Design:            toll_gate
#  Command:           report_timing > $report_dir/timing_report_area.rpt
###############################################################
Path 1: MET Setup Check with Pin u_account_balance/balance_db_reg[14][1]/CK 
Endpoint:   u_account_balance/balance_db_reg[14][1]/SE (^) checked with  leading edge of 'clk'
Beginpoint: u_vehicle_interface/id_to_check_reg[0]/Q   (v) triggered by  leading edge of 'clk'
Path Groups: {clk}
Other End Arrival Time          0.010
- Setup                         0.301
+ Phase Shift                  12.000
= Required Time                11.709
- Arrival Time                  4.624
= Slack Time                    7.085
     Clock Rise Edge                 0.000
     + Clock Network Latency (Ideal) 0.010
     = Beginpoint Arrival Time       0.010
      ----------------------------------------------------------------------------------------
      Instance                                 Arc          Cell      Delay  Arrival  Required  
                                                                             Time     Time  
      ----------------------------------------------------------------------------------------
      u_vehicle_interface/id_to_check_reg[0]   CK ^         -         -      0.010    7.095  
      u_vehicle_interface/id_to_check_reg[0]   CK ^ -> Q v  SDFFQX1   0.567  0.577    7.662  
      u_account_balance/g12137                 B v -> Y ^   NOR2XL    0.555  1.132    8.217  
      u_account_balance/g12131                 A ^ -> Y v   CLKINVX1  0.216  1.348    8.433  
      u_account_balance/g12100                 B v -> Y ^   NOR2XL    0.501  1.849    8.934  
      u_account_balance/g11978                 A1 ^ -> Y v  AOI221X1  0.187  2.036    9.121  
      u_account_balance/g11964                 C0 v -> Y ^  OAI221X1  0.193  2.229    9.314  
      u_account_balance/g11941                 A ^ -> Y v   NOR2XL    0.157  2.385    9.470  
      u_account_balance/g11936                 B v -> Y ^   NOR2XL    0.142  2.527    9.613  
      u_account_balance/g11934                 A ^ -> Y v   NOR2XL    0.109  2.637    9.722  
      u_account_balance/g11932                 B v -> Y ^   NAND2XL   0.117  2.754    9.839  
      u_account_balance/g11930                 B ^ -> Y v   NOR2XL    0.096  2.851    9.936  
      u_account_balance/g11928                 B v -> Y ^   NAND2XL   0.161  3.011    10.096  
      u_account_balance/g12145                 D ^ -> Y v   NOR4BBX1  0.086  3.097    10.182  
      u_account_balance/g11921                 C v -> Y ^   NAND3BX1  0.092  3.189    10.274  
      u_account_balance/g11917                 C ^ -> Y v   NAND3X1   0.175  3.364    10.449  
      u_account_balance/g11915                 A v -> Y ^   INVX1     0.091  3.455    10.540  
      u_account_balance/g11912                 B ^ -> Y v   NAND2XL   0.156  3.611    10.696  
      u_account_balance/g11909                 B v -> Y ^   NOR2XL    0.254  3.866    10.951  
      u_account_balance/g11906                 A ^ -> Y v   INVX1     0.087  3.953    11.038  
      u_account_balance/g11898                 B v -> Y ^   NOR2X1    0.671  4.624    11.709  
      u_account_balance/balance_db_reg[14][1]  SE ^         SDFFQX1   0.000  4.624    11.709  
      ----------------------------------------------------------------------------------------

