###############################################################
#  Generated by:      Cadence Tempus 20.10-p003_1
#  OS:                Linux x86_64(Host ID edatools-server2.iiitd.edu.in)
#  Generated on:      Sun Nov 16 17:35:14 2025
#  Design:            toll_gate
#  Command:           report_timing > $report_dir/timing_report_area.rpt
###############################################################
Path 1: MET Setup Check with Pin u_account_balance/balance_db_reg[1][1]/CK 
Endpoint:   u_account_balance/balance_db_reg[1][1]/D (^) checked with  leading edge of 'clk'
Beginpoint: u_vehicle_interface/id_to_check_reg[0]/Q (v) triggered by  leading edge of 'clk'
Path Groups: {clk}
Other End Arrival Time          0.010
- Setup                         0.258
+ Phase Shift                   5.600
= Required Time                 5.352
- Arrival Time                  3.066
= Slack Time                    2.286
     Clock Rise Edge                 0.000
     + Clock Network Latency (Ideal) 0.010
     = Beginpoint Arrival Time       0.010
      ----------------------------------------------------------------------------------------
      Instance                                Arc          Cell       Delay  Arrival  Required  
                                                                             Time     Time  
      ----------------------------------------------------------------------------------------
      u_vehicle_interface/id_to_check_reg[0]  CK ^         -          -      0.010    2.296  
      u_vehicle_interface/id_to_check_reg[0]  CK ^ -> Q v  SDFFHQX4   0.525  0.535    2.821  
      u_account_balance/g13462                A v -> Y ^   CLKINVX2   0.102  0.636    2.923  
      u_account_balance/g13458                A ^ -> Y ^   AND2X6     0.192  0.828    3.114  
      u_account_balance/g13451                A ^ -> Y v   CLKINVX1   0.085  0.913    3.199  
      u_account_balance/g13401                B v -> Y ^   NOR2XL     0.288  1.201    3.487  
      u_account_balance/g13318                A0 ^ -> Y v  AOI22XL    0.142  1.343    3.629  
      u_account_balance/g13257                A v -> Y ^   NAND2XL    0.082  1.425    3.711  
      u_account_balance/g13241                A ^ -> Y v   NOR2XL     0.051  1.476    3.762  
      u_account_balance/g13200                B v -> Y ^   NAND2XL    0.076  1.551    3.838  
      u_account_balance/g13192                A ^ -> Y v   NOR2X1     0.087  1.638    3.924  
      u_account_balance/g13187                B v -> Y ^   NAND2X1    0.093  1.730    4.017  
      u_account_balance/g13184                D ^ -> Y ^   OR4X1      0.140  1.870    4.156  
      u_account_balance/g13179                B ^ -> Y ^   OR2X1      0.137  2.006    4.293  
      u_account_balance/g13170                B ^ -> Y v   NAND2X1    0.099  2.105    4.392  
      u_account_balance/g4362                 BN v -> Y v  NAND4BBXL  0.333  2.438    4.724  
      u_account_balance/g4352                 B v -> Y ^   NOR2XL     0.376  2.814    5.100  
      u_account_balance/g4349                 A ^ -> Y v   CLKINVX1   0.123  2.937    5.223  
      u_account_balance/g4283                 A1 v -> Y ^  OAI21XL    0.128  3.066    5.352  
      u_account_balance/balance_db_reg[1][1]  D ^          SDFFQX1    0.000  3.066    5.352  
      ----------------------------------------------------------------------------------------

