###############################################################
#  Generated by:      Cadence Tempus 20.10-p003_1
#  OS:                Linux x86_64(Host ID edatools-server2.iiitd.edu.in)
#  Generated on:      Mon Nov 17 02:03:09 2025
#  Design:            toll_gate
#  Command:           report_timing > $report_dir/timing_report_area.rpt
###############################################################
Path 1: MET Setup Check with Pin u_account_balance/balance_db_reg[9][1]/CK 
Endpoint:   u_account_balance/balance_db_reg[9][1]/SE (^) checked with  leading edge of 'clk'
Beginpoint: u_vehicle_interface/id_to_check_reg[3]/Q  (v) triggered by  leading edge of 'clk'
Path Groups: {clk}
Other End Arrival Time          0.010
- Setup                         0.301
+ Phase Shift                   8.000
= Required Time                 7.709
- Arrival Time                  4.526
= Slack Time                    3.183
     Clock Rise Edge                 0.000
     + Clock Network Latency (Ideal) 0.010
     = Beginpoint Arrival Time       0.010
      ---------------------------------------------------------------------------------------
      Instance                                Arc          Cell      Delay  Arrival  Required  
                                                                            Time     Time  
      ---------------------------------------------------------------------------------------
      u_vehicle_interface/id_to_check_reg[3]  CK ^         -         -      0.010    3.193  
      u_vehicle_interface/id_to_check_reg[3]  CK ^ -> Q v  SDFFQX1   0.486  0.496    3.679  
      u_account_balance/g11418                A v -> Y ^   CLKINVX1  0.151  0.647    3.830  
      u_account_balance/g11413                B ^ -> Y v   NAND2XL   0.324  0.971    4.154  
      u_account_balance/g11377                B v -> Y ^   NOR2XL    0.634  1.605    4.788  
      u_account_balance/g11313                B0 ^ -> Y v  AOI22XL   0.121  1.726    4.909  
      u_account_balance/g11257                A v -> Y ^   NAND2XL   0.110  1.836    5.019  
      u_account_balance/g11219                C0 ^ -> Y v  AOI211X1  0.055  1.891    5.074  
      u_account_balance/g11213                C v -> Y ^   NAND3X1   0.178  2.069    5.253  
      u_account_balance/g11209                B ^ -> Y v   NOR2XL    0.113  2.183    5.366  
      u_account_balance/g11207                B v -> Y ^   NOR2XL    0.261  2.443    5.627  
      u_account_balance/g11205                D ^ -> Y v   NOR4BX1   0.102  2.546    5.729  
      u_account_balance/g11201                B v -> Y ^   NAND2XL   0.126  2.671    5.855  
      u_account_balance/g11197                B ^ -> Y v   NOR2XL    0.121  2.793    5.976  
      u_account_balance/g11195                C v -> Y ^   NAND3X1   0.116  2.909    6.092  
      u_account_balance/g11189                B ^ -> Y ^   OR2X1     0.117  3.026    6.209  
      u_account_balance/g11186                B ^ -> Y v   NAND2XL   0.165  3.191    6.374  
      u_account_balance/g11185                AN v -> Y v  NAND2BX1  0.181  3.372    6.555  
      u_account_balance/g11178                B v -> Y ^   NOR2XL    0.231  3.603    6.787  
      u_account_balance/g11171                B ^ -> Y v   NAND2XL   0.216  3.819    7.003  
      u_account_balance/g11164                B v -> Y ^   NOR2X1    0.706  4.526    7.709  
      u_account_balance/balance_db_reg[9][1]  SE ^         SDFFQX1   0.000  4.526    7.709  
      ---------------------------------------------------------------------------------------

