###############################################################
#  Generated by:      Cadence Innovus 20.10-p004_1
#  OS:                Linux x86_64(Host ID edatools-server2.iiitd.edu.in)
#  Generated on:      Mon Nov 17 02:19:55 2025
#  Design:            toll_gate
#  Command:           report_timing > $report_dir/timing_report.rpt
###############################################################
Path 1: MET Setup Check with Pin u_account_balance/balance_db_reg[2][7]/CK 
Endpoint:   u_account_balance/balance_db_reg[2][7]/D (^) checked with  leading 
edge of 'clk'
Beginpoint: u_vehicle_interface/id_to_check_reg[3]/Q (^) triggered by  leading 
edge of 'clk'
Path Groups: {clk}
Analysis View: view1
Other End Arrival Time          0.010
- Setup                         0.309
+ Phase Shift                   5.200
- Uncertainty                   0.010
= Required Time                 4.891
- Arrival Time                  2.986
= Slack Time                    1.904
     Clock Rise Edge                 0.000
     + Clock Network Latency (Prop)  0.010
     = Beginpoint Arrival Time       0.010
     +-----------------------------------------------------------------------------------------------+ 
     |                Instance                |     Arc     |   Cell    | Delay | Arrival | Required | 
     |                                        |             |           |       |  Time   |   Time   | 
     |----------------------------------------+-------------+-----------+-------+---------+----------| 
     | u_vehicle_interface/id_to_check_reg[3] | CK ^        |           |       |   0.010 |    1.914 | 
     | u_vehicle_interface/id_to_check_reg[3] | CK ^ -> Q ^ | SDFFQX1   | 0.300 |   0.310 |    2.215 | 
     | g222                                   | A ^ -> Y ^  | BUFX6     | 0.176 |   0.487 |    2.391 | 
     | u_account_balance/g13463               | A ^ -> Y v  | INVX8     | 0.065 |   0.551 |    2.456 | 
     | u_account_balance/g13456               | B v -> Y v  | CLKAND2X3 | 0.148 |   0.699 |    2.604 | 
     | u_account_balance/g13449               | A v -> Y ^  | CLKINVX2  | 0.064 |   0.763 |    2.668 | 
     | u_account_balance/g13398               | B ^ -> Y v  | NOR2BXL   | 0.053 |   0.817 |    2.721 | 
     | u_account_balance/g13286               | C0 v -> Y ^ | AOI221X1  | 0.111 |   0.928 |    2.832 | 
     | u_account_balance/g13252               | B ^ -> Y v  | NOR2XL    | 0.055 |   0.983 |    2.887 | 
     | u_account_balance/g13237               | B v -> Y ^  | NOR2XL    | 0.079 |   1.062 |    2.966 | 
     | u_account_balance/g13223               | B ^ -> Y v  | NAND2XL   | 0.089 |   1.151 |    3.055 | 
     | u_account_balance/g13210               | B v -> Y ^  | NOR2X1    | 0.112 |   1.263 |    3.167 | 
     | u_account_balance/g13194               | B0 ^ -> Y v | OAI21X1   | 0.128 |   1.391 |    3.296 | 
     | u_account_balance/g13192               | B v -> Y ^  | NOR2X1    | 0.166 |   1.557 |    3.462 | 
     | u_account_balance/g13187               | B ^ -> Y v  | NAND2X1   | 0.137 |   1.695 |    3.599 | 
     | u_account_balance/g13184               | D v -> Y v  | OR4X1     | 0.297 |   1.991 |    3.896 | 
     | u_account_balance/g13179               | B v -> Y v  | OR2X1     | 0.196 |   2.187 |    4.091 | 
     | u_account_balance/g13170               | B v -> Y ^  | NAND2X1   | 0.081 |   2.267 |    4.172 | 
     | u_account_balance/g4361                | B ^ -> Y ^  | OR2X1     | 0.131 |   2.398 |    4.303 | 
     | u_account_balance/g4357                | B ^ -> Y v  | NAND2XL   | 0.115 |   2.514 |    4.418 | 
     | u_account_balance/g4343                | A v -> Y ^  | NAND2XL   | 0.272 |   2.785 |    4.690 | 
     | u_account_balance/g4304                | A0 ^ -> Y ^ | AO22XL    | 0.201 |   2.986 |    4.891 | 
     | u_account_balance/balance_db_reg[2][7] | D ^         | SDFFQX1   | 0.000 |   2.986 |    4.891 | 
     +-----------------------------------------------------------------------------------------------+ 

