###############################################################
#  Generated by:      Cadence Innovus 20.10-p004_1
#  OS:                Linux x86_64(Host ID edatools-server2.iiitd.edu.in)
#  Generated on:      Mon Nov 10 17:51:07 2025
#  Design:            toll_gate
#  Command:           checkDesign -netlist
###############################################################
Design: toll_gate

------ Design Summary:
Total Standard Cell Number   (cells) : 712
Total Block Cell Number      (cells) : 0
Total I/O Pad Cell Number    (cells) : 0
Total Standard Cell Area     ( um^2) : 7369.18
Total Block Cell Area        ( um^2) : 0.00
Total I/O Pad Cell Area      ( um^2) : 0.00

------ Design Statistics:

Number of Instances            : 712
Number of Non-uniquified Insts : 686
Number of Nets                 : 763
Average number of Pins per Net : 4.00
Maximum number of Pins in Net  : 252

------ I/O Port summary

Number of Primary I/O Ports    : 29
Number of Input Ports          : 15
Number of Output Ports         : 14
Number of Bidirectional Ports  : 0
Number of Power/Ground Ports   : 0



------------------------------------------------------------
Detail report:


------ I/O Pad/Port Checking

WARN : Port vehicle_id_in[7] is floating in the top design.
WARN : Port vehicle_id_in[6] is floating in the top design.
WARN : Port vehicle_id_in[5] is floating in the top design.
WARN : Port vehicle_id_in[4] is floating in the top design.
WARN : Port display_out[7] is floating in the top design.
WARN : Port display_out[4] is floating in the top design.

------ Primitive Pins DRC Checking


------ Primitive Net DRC Check

WARNING : Net u_barrier_ctrl/barrier_position_counter[2] has no FanOut pin
WARNING : Net u_account_balance/balance_db[2][0] has no FanOut pin
WARNING : Net u_account_balance/balance_db[2][14] has no FanOut pin
WARNING : Net u_account_balance/balance_db[2][15] has no FanOut pin
WARNING : Net u_account_balance/balance_db[1][0] has no FanOut pin
WARNING : Net u_account_balance/balance_db[1][15] has no FanOut pin
WARNING : Net u_account_balance/balance_db[3][0] has no FanOut pin
WARNING : Net u_account_balance/balance_db[3][15] has no FanOut pin
WARNING : Net u_account_balance/balance_db[15][0] has no FanOut pin
WARNING : Net u_account_balance/balance_db[14][0] has no FanOut pin
WARNING : Net u_account_balance/balance_db[13][0] has no FanOut pin
WARNING : Net u_account_balance/balance_db[12][0] has no FanOut pin
WARNING : Net u_account_balance/balance_db[11][0] has no FanOut pin
WARNING : Net u_account_balance/balance_db[10][0] has no FanOut pin
WARNING : Net u_account_balance/balance_db[9][0] has no FanOut pin
WARNING : Net u_account_balance/balance_db[8][0] has no FanOut pin
WARNING : Net u_account_balance/balance_db[7][0] has no FanOut pin
WARNING : Net u_account_balance/balance_db[6][0] has no FanOut pin
WARNING : Net u_account_balance/balance_db[5][0] has no FanOut pin
WARNING : Net u_account_balance/balance_db[4][0] has no FanOut pin
WARNING : Net u_account_balance/balance_db[0][0] has no FanOut pin
WARNING : Net gate_is_open has no FanOut pin
WARNING : Net UNCONNECTED_HIER_Z2 has no FanOut pin
WARNING : Net UNCONNECTED_HIER_Z1 has no FanOut pin
WARNING : Net UNCONNECTED_HIER_Z0 has no FanOut pin
WARNING : Net UNCONNECTED_HIER_Z has no FanOut pin
WARNING : Net UNCONNECTED2 has no FanOut pin
WARNING : Net UNCONNECTED1 has no FanOut pin
WARNING : Net UNCONNECTED0 has no FanOut pin
WARNING : Net UNCONNECTED has no FanOut pin
WARNING : Net state[2] has no FanOut pin
WARNING : Net vehicle_id_in[4] has no FanOut pin
WARNING : Net vehicle_id_in[5] has no FanOut pin
WARNING : Net vehicle_id_in[6] has no FanOut pin
WARNING : Net vehicle_id_in[7] has no FanOut pin
WARNING : Net scan_en has 56 fanout
WARNING : Net clk has 251 fanout

