*----------------------------------------------------------------------------------------
*	Innovus 20.10-p004_1 (64bit) 05/07/2020 20:02 (Linux 2.6.32-431.11.2.el6.x86_64)
*	
*
* 	Date & Time:	2025-Nov-10 17:51:19 (2025-Nov-10 12:21:19 GMT)
*
*----------------------------------------------------------------------------------------
*
*	Design: toll_gate
*
*	Liberty Libraries used: 
*	        view1: slow.lib
*
*	Power Domain used: 
*              Rail:        VDD      Voltage:        0.9 
*
*       Power View : view1
*
*       User-Defined Activity : N.A.
*
*       Activity File: N.A.
*
*       Hierarchical Global Activity: N.A.
*
*       Global Activity: N.A.
*
*       Sequential Element Activity: N.A.
*
*       Primary Input Activity: 0.200000
*
*       Default icg ratio: N.A.
*
*       Global Comb ClockGate Ratio: N.A.
*
*	Power Units = 1mW
*
*	Time Units = 1e-09 secs 
*
*       Temperature = 125 
*
*       report_power -outfile placement_reports/power/power.rpt -rail_analysis_format VS
*
-----------------------------------------------------------------------------------------
Cell                            Internal   Switching       Total     Leakage   Cell
                                   Power       Power       Power       Power   Name
--------------------------------------------------------------------------------------
u_vehicle_interface/id_to_check_reg[0]   0.006663    0.002929    0.009829   0.0002371  SDFFHQX4
u_vehicle_interface/id_to_check_reg[3]   0.004368    0.003889    0.008393   0.0001363  SDFFQX1
u_account_balance/g13195        0.001863    0.005378    0.007314   7.254e-05  CLKXOR2X1
u_vehicle_interface/id_to_check_reg[2]   0.004551    0.001074     0.00576   0.0001363  SDFFQX1
u_vehicle_interface/id_to_check_reg[1]   0.004388    0.001177    0.005701   0.0001363  SDFFQX1
u_account_balance/g13463        0.003374    0.002189    0.005664   0.0001012  INVX8
state_reg[0]                    0.004172    0.001016    0.005325   0.0001363  SDFFQX1
u_account_balance/g13197        0.001055    0.004176    0.005273   4.264e-05  AO21X1
u_barrier_ctrl/barrier_position_counter_reg[1]   0.004484   0.0006167    0.005237   0.0001363  SDFFQX1
u_account_balance/balance_db_reg[1][7]   0.004687   0.0004084    0.005232   0.0001363  SDFFQX1
state_reg[2]                    0.004334   0.0007197     0.00519   0.0001363  SDFFQX1
u_account_balance/balance_db_reg[3][5]   0.004375   0.0006471    0.005159   0.0001363  SDFFQX1
u_account_balance/balance_db_reg[3][1]   0.004517   0.0004757    0.005129   0.0001363  SDFFQX1
u_account_balance/balance_db_reg[3][7]   0.004568   0.0004224    0.005126   0.0001363  SDFFQX1
u_account_balance/balance_db_reg[1][1]   0.004547    0.000422    0.005105   0.0001363  SDFFQX1
u_account_balance/g13188        0.001011     0.00405    0.005103   4.264e-05  AO21X1
state_reg[1]                     0.00426   0.0007031    0.005099   0.0001363  SDFFQX1
u_account_balance/balance_db_reg[3][6]   0.004568   0.0003946    0.005099   0.0001363  SDFFQX1
u_account_balance/balance_db_reg[2][6]   0.004584   0.0003744    0.005094   0.0001363  SDFFQX1
u_account_balance/balance_db_reg[2][8]   0.004617   0.0003292    0.005082   0.0001363  SDFFQX1
u_barrier_ctrl/barrier_position_counter_reg[0]   0.004409   0.0005328    0.005078   0.0001363  SDFFQX1
u_account_balance/balance_db_reg[3][4]   0.004508   0.0004087    0.005053   0.0001363  SDFFQX1
u_account_balance/balance_db_reg[1][4]    0.00449   0.0004054    0.005032   0.0001363  SDFFQX1
u_account_balance/balance_db_reg[1][8]   0.004549    0.000296    0.004982   0.0001363  SDFFQX1
u_account_balance/balance_db_reg[2][12]   0.004459    0.000364    0.004959   0.0001363  SDFFQX1
u_account_balance/balance_db_reg[2][4]   0.004489   0.0003256    0.004951   0.0001363  SDFFQX1
u_account_balance/balance_db_reg[1][5]   0.004395   0.0004138    0.004945   0.0001363  SDFFQX1
u_account_balance/balance_db_reg[3][13]   0.004393   0.0004004     0.00493   0.0001363  SDFFQX1
u_account_balance/balance_db_reg[3][3]   0.004404   0.0003806    0.004921   0.0001363  SDFFQX1
u_account_balance/balance_db_reg[3][14]   0.004375   0.0004084     0.00492   0.0001363  SDFFQX1
u_account_balance/balance_db_reg[1][6]   0.004376   0.0004034    0.004916   0.0001363  SDFFQX1
u_account_balance/balance_db_reg[3][9]   0.004405   0.0003393    0.004881   0.0001363  SDFFQX1
u_account_balance/balance_db_reg[2][5]   0.004427   0.0003139    0.004877   0.0001363  SDFFQX1
u_account_balance/balance_db_reg[1][14]   0.004358   0.0003707    0.004864   0.0001363  SDFFQX1
u_account_balance/balance_db_reg[3][11]   0.004382   0.0003464    0.004864   0.0001363  SDFFQX1
u_account_balance/balance_db_reg[1][13]   0.004362   0.0003608    0.004859   0.0001363  SDFFQX1
u_account_balance/balance_db_reg[5][3]   0.004644   7.187e-05    0.004852   0.0001363  SDFFQX1
u_account_balance/balance_db_reg[9][3]   0.004653    5.56e-05    0.004845   0.0001363  SDFFQX1
u_account_balance/balance_db_reg[0][3]   0.004646   6.229e-05    0.004844   0.0001363  SDFFQX1
u_account_balance/balance_db_reg[6][3]    0.00464    6.74e-05    0.004843   0.0001363  SDFFQX1
u_account_balance/balance_db_reg[10][3]   0.004646   5.633e-05    0.004839   0.0001363  SDFFQX1
u_account_balance/balance_db_reg[2][10]   0.004318   0.0003834    0.004838   0.0001363  SDFFQX1
u_account_balance/balance_db_reg[7][3]   0.004638   5.936e-05    0.004834   0.0001363  SDFFQX1
u_account_balance/balance_db_reg[14][3]    0.00464   5.476e-05    0.004831   0.0001363  SDFFQX1
u_account_balance/balance_db_reg[3][12]   0.004318    0.000377    0.004831   0.0001363  SDFFQX1
u_account_balance/balance_db_reg[8][3]   0.004648   4.616e-05    0.004831   0.0001363  SDFFQX1
u_account_balance/balance_db_reg[4][3]   0.004632   6.002e-05    0.004828   0.0001363  SDFFQX1
u_account_balance/balance_db_reg[12][3]   0.004643   4.587e-05    0.004825   0.0001363  SDFFQX1
u_account_balance/balance_db_reg[2][7]   0.004307   0.0003456    0.004789   0.0001363  SDFFQX1
u_account_balance/balance_db_reg[3][10]    0.00436   0.0002916    0.004788   0.0001363  SDFFQX1
u_account_balance/balance_db_reg[1][3]   0.004274   0.0003756    0.004786   0.0001363  SDFFQX1
u_account_balance/balance_db_reg[2][9]     0.0043    0.000344     0.00478   0.0001363  SDFFQX1
u_account_balance/balance_db_reg[2][13]   0.004306   0.0003366    0.004779   0.0001363  SDFFQX1
u_account_balance/balance_db_reg[2][3]     0.0043   0.0003367    0.004773   0.0001363  SDFFQX1
u_account_balance/balance_db_reg[2][1]   0.004299   0.0003369    0.004772   0.0001363  SDFFQX1
u_account_balance/balance_db_reg[1][10]   0.004293   0.0003364    0.004766   0.0001363  SDFFQX1
u_account_balance/balance_db_reg[1][9]   0.004346   0.0002831    0.004765   0.0001363  SDFFQX1
u_barrier_ctrl/barrier_close_cmd_reg   0.004337   0.0002824    0.004756   0.0001363  SDFFQX1
u_account_balance/balance_db_reg[2][11]   0.004278   0.0003395    0.004754   0.0001363  SDFFQX1
u_account_balance/g13168       0.0007932    0.003934     0.00474   1.299e-05  OAI21X1
u_account_balance/balance_db_reg[11][3]   0.004548   6.153e-05    0.004739   0.0001296  SDFFQXL
u_account_balance/balance_db_reg[13][3]   0.004546   6.351e-05    0.004739   0.0001296  SDFFQXL
u_account_balance/balance_db_reg[15][3]   0.004542   6.441e-05    0.004736   0.0001296  SDFFQXL
u_account_balance/balance_db_reg[3][8]   0.004299   0.0002531    0.004688   0.0001363  SDFFQX1
u_account_balance/balance_db_reg[0][6]   0.004473   6.215e-05    0.004672   0.0001363  SDFFQX1
u_account_balance/balance_db_reg[10][6]   0.004456   6.471e-05    0.004657   0.0001363  SDFFQX1
u_account_balance/balance_db_reg[4][6]   0.004457   6.269e-05    0.004656   0.0001363  SDFFQX1
u_account_balance/balance_db_reg[5][6]   0.004454   6.053e-05    0.004651   0.0001363  SDFFQX1
u_barrier_ctrl/barrier_position_counter_reg[2]    0.00415   0.0003569    0.004644   0.0001363  SDFFQX1
u_account_balance/balance_db_reg[8][6]   0.004458   4.783e-05    0.004642   0.0001363  SDFFQX1
u_account_balance/balance_db_reg[7][6]   0.004448   5.669e-05    0.004641   0.0001363  SDFFQX1
u_account_balance/balance_db_reg[6][6]    0.00445    5.48e-05    0.004641   0.0001363  SDFFQX1
u_account_balance/balance_db_reg[14][6]    0.00445   5.197e-05    0.004638   0.0001363  SDFFQX1
u_account_balance/balance_db_reg[2][14]     0.0043   0.0001853    0.004622   0.0001363  SDFFQX1
u_account_balance/balance_db_reg[1][12]   0.004244    0.000231    0.004612   0.0001363  SDFFQX1
u_account_balance/balance_db_reg[1][11]   0.004191   0.0002709    0.004598   0.0001363  SDFFQX1
u_account_balance/g13174       0.0006704    0.003897     0.00458   1.301e-05  CLKINVX1
u_account_balance/balance_db_reg[9][6]   0.004374   5.676e-05     0.00456   0.0001296  SDFFQXL
u_account_balance/balance_db_reg[12][6]   0.004366   6.028e-05    0.004556   0.0001296  SDFFQXL
u_account_balance/balance_db_reg[13][6]   0.004359   6.381e-05    0.004552   0.0001296  SDFFQXL
u_account_balance/balance_db_reg[11][6]   0.004361   5.817e-05    0.004549   0.0001296  SDFFQXL
u_account_balance/balance_db_reg[15][6]   0.004355   4.449e-05    0.004529   0.0001296  SDFFQXL
u_account_balance/balance_db_reg[0][2]   0.004242   5.622e-05    0.004435   0.0001363  SDFFQX1
u_account_balance/balance_db_reg[8][2]   0.004227   5.774e-05    0.004421   0.0001363  SDFFQX1
u_account_balance/balance_db_reg[5][2]   0.004223   5.798e-05    0.004418   0.0001363  SDFFQX1
u_account_balance/balance_db_reg[4][2]   0.004226   5.388e-05    0.004416   0.0001363  SDFFQX1
u_account_balance/balance_db_reg[12][2]   0.004222   5.658e-05    0.004414   0.0001363  SDFFQX1
u_account_balance/balance_db_reg[10][2]   0.004224   5.354e-05    0.004414   0.0001363  SDFFQX1
u_account_balance/balance_db_reg[9][2]    0.00423   4.689e-05    0.004413   0.0001363  SDFFQX1
u_account_balance/balance_db_reg[6][2]   0.004219   5.706e-05    0.004412   0.0001363  SDFFQX1
u_account_balance/balance_db_reg[14][2]   0.004218   5.544e-05     0.00441   0.0001363  SDFFQX1
u_account_balance/balance_db_reg[13][2]   0.004217   5.608e-05     0.00441   0.0001363  SDFFQX1
u_account_balance/balance_db_reg[7][2]   0.004217   5.114e-05    0.004404   0.0001363  SDFFQX1
u_account_balance/balance_db_reg[0][5]   0.004206   4.973e-05    0.004392   0.0001363  SDFFQX1
u_account_balance/balance_db_reg[9][5]   0.004195   5.783e-05    0.004389   0.0001363  SDFFQX1
u_account_balance/balance_db_reg[0][7]   0.004192   6.084e-05    0.004389   0.0001363  SDFFQX1
u_account_balance/balance_db_reg[5][5]   0.004186   6.513e-05    0.004388   0.0001363  SDFFQX1
u_account_balance/balance_db_reg[8][5]   0.004191   5.885e-05    0.004386   0.0001363  SDFFQX1
u_account_balance/balance_db_reg[4][5]    0.00419   5.901e-05    0.004386   0.0001363  SDFFQX1
u_account_balance/balance_db_reg[10][5]   0.004186   5.979e-05    0.004382   0.0001363  SDFFQX1
u_account_balance/balance_db_reg[5][7]   0.004178   6.333e-05    0.004378   0.0001363  SDFFQX1
u_account_balance/balance_db_reg[7][5]   0.004181   5.677e-05    0.004374   0.0001363  SDFFQX1
u_account_balance/balance_db_reg[6][5]   0.004183   5.484e-05    0.004374   0.0001363  SDFFQX1
u_account_balance/balance_db_reg[4][7]   0.004181   5.664e-05    0.004374   0.0001363  SDFFQX1
u_account_balance/balance_db_reg[10][4]   0.004174   6.225e-05    0.004373   0.0001363  SDFFQX1
u_account_balance/balance_db_reg[8][7]   0.004182   5.342e-05    0.004371   0.0001363  SDFFQX1
u_account_balance/balance_db_reg[6][7]   0.004174   6.001e-05     0.00437   0.0001363  SDFFQX1
u_account_balance/balance_db_reg[9][4]    0.00418   5.024e-05    0.004367   0.0001363  SDFFQX1
u_account_balance/balance_db_reg[12][4]   0.004172   5.854e-05    0.004366   0.0001363  SDFFQX1
u_account_balance/g13202        0.002597    0.001729    0.004361   3.607e-05  NOR2X2
u_account_balance/balance_db_reg[10][7]    0.00418   4.533e-05    0.004361   0.0001363  SDFFQX1
u_account_balance/balance_db_reg[12][7]   0.004177    4.76e-05    0.004361   0.0001363  SDFFQX1
u_account_balance/balance_db_reg[7][4]   0.004167   5.422e-05    0.004358   0.0001363  SDFFQX1
u_account_balance/balance_db_reg[14][7]   0.004174   4.738e-05    0.004357   0.0001363  SDFFQX1
u_account_balance/balance_db_reg[0][4]   0.004168   5.217e-05    0.004357   0.0001363  SDFFQX1
u_account_balance/balance_db_reg[7][7]   0.004173   4.719e-05    0.004356   0.0001363  SDFFQX1
u_account_balance/balance_db_reg[8][4]    0.00416   4.716e-05    0.004344   0.0001363  SDFFQX1
u_account_balance/balance_db_reg[4][4]   0.004157   4.709e-05     0.00434   0.0001363  SDFFQX1
u_account_balance/balance_db_reg[5][4]    0.00414   6.176e-05    0.004338   0.0001363  SDFFQX1
u_account_balance/balance_db_reg[6][4]   0.004143   5.451e-05    0.004334   0.0001363  SDFFQX1
u_account_balance/balance_db_reg[14][4]   0.004145   5.019e-05    0.004332   0.0001363  SDFFQX1
u_account_balance/balance_db_reg[15][2]   0.004128    5.71e-05    0.004314   0.0001296  SDFFQXL
u_account_balance/balance_db_reg[11][2]   0.004133   4.737e-05     0.00431   0.0001296  SDFFQXL
u_account_balance/balance_db_reg[9][7]   0.004103   6.437e-05    0.004297   0.0001296  SDFFQXL
u_account_balance/balance_db_reg[12][5]   0.004103   5.724e-05    0.004289   0.0001296  SDFFQXL
u_account_balance/balance_db_reg[13][5]   0.004094   6.101e-05    0.004285   0.0001296  SDFFQXL
u_account_balance/balance_db_reg[14][5]   0.004101   5.009e-05     0.00428   0.0001296  SDFFQXL
u_account_balance/balance_db_reg[11][5]   0.004099   5.142e-05     0.00428   0.0001296  SDFFQXL
u_account_balance/balance_db_reg[15][5]   0.004094   4.974e-05    0.004273   0.0001296  SDFFQXL
u_account_balance/balance_db_reg[11][7]   0.004089   4.981e-05    0.004268   0.0001296  SDFFQXL
u_account_balance/balance_db_reg[11][4]   0.004073   6.531e-05    0.004268   0.0001296  SDFFQXL
u_account_balance/balance_db_reg[13][7]   0.004087   4.729e-05    0.004264   0.0001296  SDFFQXL
u_account_balance/balance_db_reg[15][7]   0.004084   4.605e-05    0.004259   0.0001296  SDFFQXL
u_account_balance/balance_db_reg[15][4]   0.004054   5.177e-05    0.004235   0.0001296  SDFFQXL
u_account_balance/balance_db_reg[13][4]   0.004048   5.689e-05    0.004235   0.0001296  SDFFQXL
u_account_balance/balance_db_reg[4][1]   0.003985   6.194e-05    0.004184   0.0001363  SDFFQX1
u_account_balance/balance_db_reg[9][1]    0.00399   5.261e-05    0.004179   0.0001363  SDFFQX1
u_account_balance/balance_db_reg[10][1]   0.003984   5.749e-05    0.004178   0.0001363  SDFFQX1
u_account_balance/balance_db_reg[5][1]   0.003974   6.232e-05    0.004173   0.0001363  SDFFQX1
u_account_balance/balance_db_reg[12][1]   0.003981     4.9e-05    0.004167   0.0001363  SDFFQX1
u_account_balance/balance_db_reg[11][1]    0.00398   4.575e-05    0.004162   0.0001363  SDFFQX1
u_account_balance/balance_db_reg[13][1]   0.003958   5.876e-05    0.004153   0.0001363  SDFFQX1
u_account_balance/balance_db_reg[0][1]   0.003963   4.997e-05    0.004149   0.0001363  SDFFQX1
u_account_balance/balance_db_reg[6][1]   0.003948   6.367e-05    0.004148   0.0001363  SDFFQX1
u_account_balance/balance_db_reg[7][1]   0.003955   5.589e-05    0.004147   0.0001363  SDFFQX1
u_account_balance/balance_db_reg[14][1]   0.003946   5.918e-05    0.004142   0.0001363  SDFFQX1
u_account_balance/balance_db_reg[8][1]    0.00395   5.339e-05    0.004139   0.0001363  SDFFQX1
u_account_balance/g13175        0.002323    0.001706    0.004125   9.553e-05  ADDHX1
u_account_balance/g13193       0.0006846    0.003404    0.004101   1.299e-05  OAI21X1
u_account_balance/balance_db_reg[15][1]   0.003873   6.047e-05    0.004063   0.0001296  SDFFQXL
u_account_balance/balance_db_reg[1][2]   0.003667   0.0002154    0.004019   0.0001363  SDFFQX1
u_account_balance/balance_db_reg[0][8]    0.00383   4.844e-05    0.004015   0.0001363  SDFFQX1
u_vehicle_interface/id_valid_reg   0.003687   0.0001892    0.004012   0.0001363  SDFFQX1
u_account_balance/balance_db_reg[6][8]   0.003809   6.479e-05     0.00401   0.0001363  SDFFQX1
u_account_balance/balance_db_reg[4][8]   0.003816   5.581e-05    0.004008   0.0001363  SDFFQX1
u_account_balance/balance_db_reg[7][8]   0.003807   6.135e-05    0.004005   0.0001363  SDFFQX1
u_barrier_ctrl/barrier_open_cmd_reg   0.003743   0.0001244    0.004004   0.0001363  SDFFQX1
u_account_balance/charge_done_reg   0.003718   0.0001476    0.004002   0.0001363  SDFFQX1
u_account_balance/balance_db_reg[5][8]   0.003813   4.872e-05    0.003998   0.0001363  SDFFQX1
u_account_balance/balance_db_reg[14][8]   0.003809   4.908e-05    0.003994   0.0001363  SDFFQX1
u_account_balance/balance_db_reg[8][8]   0.003739   6.575e-05    0.003934   0.0001296  SDFFQXL
u_account_balance/balance_db_reg[9][8]   0.003742   6.144e-05    0.003933   0.0001296  SDFFQXL
u_account_balance/balance_db_reg[12][8]   0.003734   5.818e-05    0.003922   0.0001296  SDFFQXL
u_account_balance/balance_db_reg[11][8]   0.003731   5.943e-05     0.00392   0.0001296  SDFFQXL
u_account_balance/balance_db_reg[10][8]   0.003737   5.093e-05    0.003917   0.0001296  SDFFQXL
u_account_balance/balance_db_reg[13][8]   0.003729   5.446e-05    0.003913   0.0001296  SDFFQXL
u_account_balance/balance_db_reg[15][8]   0.003726   5.143e-05    0.003907   0.0001296  SDFFQXL
u_account_balance/balance_db_reg[0][10]   0.003692   6.106e-05    0.003889   0.0001363  SDFFQX1
u_account_balance/g13458        0.001838    0.001927    0.003876    0.000111  AND2X6
u_account_balance/balance_db_reg[6][10]    0.00367   6.742e-05    0.003874   0.0001363  SDFFQX1
u_account_balance/balance_db_reg[10][10]   0.003675   6.094e-05    0.003872   0.0001363  SDFFQX1
u_account_balance/balance_db_reg[4][10]   0.003677   5.759e-05     0.00387   0.0001363  SDFFQX1
u_account_balance/balance_db_reg[5][10]   0.003674   6.012e-05     0.00387   0.0001363  SDFFQX1
u_account_balance/balance_db_reg[0][14]   0.003672   5.904e-05    0.003867   0.0001363  SDFFQX1
u_account_balance/balance_db_reg[4][14]   0.003659   5.917e-05    0.003854   0.0001363  SDFFQX1
u_account_balance/balance_db_reg[7][10]   0.003668   4.882e-05    0.003854   0.0001363  SDFFQX1
u_account_balance/balance_db_reg[8][14]   0.003659   5.461e-05     0.00385   0.0001363  SDFFQX1
u_account_balance/balance_db_reg[5][14]   0.003656   5.721e-05    0.003849   0.0001363  SDFFQX1
u_account_balance/balance_db_reg[6][14]   0.003652   5.431e-05    0.003842   0.0001363  SDFFQX1
u_account_balance/balance_db_reg[7][14]    0.00365    5.32e-05     0.00384   0.0001363  SDFFQX1
u_account_balance/balance_db_reg[3][2]     0.0035   0.0001741     0.00381   0.0001363  SDFFQX1
u_account_balance/balance_db_reg[5][11]   0.003602   6.567e-05    0.003804   0.0001363  SDFFQX1
u_account_balance/balance_db_reg[0][11]   0.003618   4.796e-05    0.003802   0.0001363  SDFFQX1
u_account_balance/balance_db_reg[4][11]   0.003605   5.695e-05    0.003798   0.0001363  SDFFQX1
u_account_balance/balance_db_reg[7][11]   0.003597   6.388e-05    0.003797   0.0001363  SDFFQX1
u_account_balance/balance_db_reg[9][10]   0.003604   6.191e-05    0.003796   0.0001296  SDFFQXL
u_account_balance/balance_db_reg[6][11]   0.003598   5.821e-05    0.003793   0.0001363  SDFFQX1
u_account_balance/balance_db_reg[8][10]   0.003601   6.116e-05    0.003792   0.0001296  SDFFQXL
u_account_balance/balance_db_reg[0][12]   0.003591   5.931e-05    0.003787   0.0001363  SDFFQX1
u_account_balance/balance_db_reg[2][2]   0.003501    0.000143     0.00378   0.0001363  SDFFQX1
u_account_balance/balance_db_reg[12][10]   0.003597   5.347e-05     0.00378   0.0001296  SDFFQXL
u_account_balance/balance_db_reg[5][12]   0.003574    6.97e-05     0.00378   0.0001363  SDFFQX1
u_account_balance/balance_db_reg[13][10]   0.003593   5.698e-05    0.003779   0.0001296  SDFFQXL
u_account_balance/balance_db_reg[11][10]   0.003594   5.453e-05    0.003779   0.0001296  SDFFQXL
u_account_balance/balance_db_reg[9][14]   0.003587   5.991e-05    0.003777   0.0001296  SDFFQXL
u_account_balance/balance_db_reg[4][12]   0.003577   6.045e-05    0.003773   0.0001363  SDFFQX1
u_account_balance/balance_db_reg[14][10]   0.003594   4.826e-05    0.003772   0.0001296  SDFFQXL
u_account_balance/balance_db_reg[6][12]    0.00357   6.564e-05    0.003772   0.0001363  SDFFQX1
u_account_balance/balance_db_reg[15][10]    0.00359   4.913e-05    0.003768   0.0001296  SDFFQXL
u_account_balance/balance_db_reg[7][12]   0.003568   6.098e-05    0.003766   0.0001363  SDFFQX1
u_account_balance/balance_db_reg[12][14]    0.00358   5.259e-05    0.003762   0.0001296  SDFFQXL
u_account_balance/balance_db_reg[10][14]   0.003582   5.021e-05    0.003762   0.0001296  SDFFQXL
u_account_balance/balance_db_reg[13][14]   0.003574   5.449e-05    0.003759   0.0001296  SDFFQXL
u_account_balance/balance_db_reg[14][14]   0.003577   4.706e-05    0.003753   0.0001296  SDFFQXL
u_account_balance/balance_db_reg[11][14]   0.003576   4.555e-05    0.003751   0.0001296  SDFFQXL
u_account_balance/balance_db_reg[15][14]   0.003571   4.925e-05     0.00375   0.0001296  SDFFQXL
u_account_balance/balance_db_reg[9][11]   0.003534   5.566e-05     0.00372   0.0001296  SDFFQXL
u_account_balance/balance_db_reg[12][11]   0.003527   6.005e-05    0.003717   0.0001296  SDFFQXL
u_account_balance/balance_db_reg[11][11]   0.003524   6.232e-05    0.003716   0.0001296  SDFFQXL
u_account_balance/balance_db_reg[10][11]    0.00353   5.587e-05    0.003715   0.0001296  SDFFQXL
u_account_balance/balance_db_reg[13][11]   0.003522   5.922e-05    0.003711   0.0001296  SDFFQXL
u_account_balance/balance_db_reg[14][11]   0.003524   5.605e-05     0.00371   0.0001296  SDFFQXL
u_account_balance/balance_db_reg[8][11]   0.003531    4.64e-05    0.003707   0.0001296  SDFFQXL
u_account_balance/balance_db_reg[15][11]   0.003519   5.111e-05      0.0037   0.0001296  SDFFQXL
u_account_balance/balance_db_reg[0][9]   0.003508   5.346e-05    0.003697   0.0001363  SDFFQX1
u_account_balance/balance_db_reg[9][12]   0.003506    5.71e-05    0.003693   0.0001296  SDFFQXL
u_account_balance/balance_db_reg[8][12]   0.003503   5.743e-05     0.00369   0.0001296  SDFFQXL
u_account_balance/balance_db_reg[8][9]   0.003494   5.848e-05    0.003689   0.0001363  SDFFQX1
u_account_balance/balance_db_reg[10][12]   0.003501   5.829e-05    0.003689   0.0001296  SDFFQXL
u_account_balance/balance_db_reg[4][9]   0.003494   5.778e-05    0.003688   0.0001363  SDFFQX1
u_account_balance/balance_db_reg[6][9]   0.003488   5.535e-05    0.003679   0.0001363  SDFFQX1
u_account_balance/balance_db_reg[14][12]   0.003496   5.273e-05    0.003678   0.0001296  SDFFQXL
u_account_balance/balance_db_reg[5][9]   0.003492   4.864e-05    0.003676   0.0001363  SDFFQX1
u_account_balance/balance_db_reg[11][12]   0.003496   4.891e-05    0.003675   0.0001296  SDFFQXL
u_account_balance/balance_db_reg[12][12]   0.003498   4.546e-05    0.003673   0.0001296  SDFFQXL
u_account_balance/balance_db_reg[13][12]   0.003494    4.86e-05    0.003673   0.0001296  SDFFQXL
u_account_balance/balance_db_reg[15][12]   0.003491   5.147e-05    0.003672   0.0001296  SDFFQXL
u_account_balance/balance_db_reg[0][13]    0.00348   5.304e-05    0.003669   0.0001363  SDFFQX1
u_account_balance/balance_db_reg[7][9]   0.003486   4.649e-05    0.003669   0.0001363  SDFFQX1
u_account_balance/balance_db_reg[6][13]   0.003458   6.369e-05    0.003658   0.0001363  SDFFQX1
u_account_balance/balance_db_reg[4][13]   0.003465   5.601e-05    0.003657   0.0001363  SDFFQX1
u_account_balance/balance_db_reg[5][13]   0.003462   5.697e-05    0.003656   0.0001363  SDFFQX1
u_account_balance/balance_db_reg[7][13]   0.003457   5.755e-05    0.003651   0.0001363  SDFFQX1
u_account_balance/balance_db_reg[8][13]   0.003465   4.586e-05    0.003647   0.0001363  SDFFQX1
u_account_balance/balance_db_reg[9][9]   0.003425   5.637e-05    0.003611   0.0001296  SDFFQXL
u_account_balance/balance_db_reg[14][9]   0.003415   6.405e-05    0.003609   0.0001296  SDFFQXL
u_account_balance/balance_db_reg[12][9]   0.003418   6.092e-05    0.003609   0.0001296  SDFFQXL
u_account_balance/balance_db_reg[10][9]    0.00342   5.185e-05    0.003602   0.0001296  SDFFQXL
u_account_balance/balance_db_reg[11][9]   0.003415   5.668e-05    0.003601   0.0001296  SDFFQXL
u_account_balance/balance_db_reg[13][9]   0.003413   5.699e-05      0.0036   0.0001296  SDFFQXL
u_account_balance/balance_db_reg[15][9]    0.00341       5e-05    0.003589   0.0001296  SDFFQXL
u_account_balance/balance_db_reg[9][13]   0.003396   5.725e-05    0.003583   0.0001296  SDFFQXL
u_account_balance/g13178       0.0008079    0.002729    0.003579   4.264e-05  AO21X1
u_account_balance/balance_db_reg[12][13]   0.003389   5.941e-05    0.003578   0.0001296  SDFFQXL
u_account_balance/balance_db_reg[10][13]   0.003391   5.647e-05    0.003577   0.0001296  SDFFQXL
u_account_balance/balance_db_reg[13][13]   0.003385   5.604e-05    0.003571   0.0001296  SDFFQXL
u_account_balance/balance_db_reg[14][13]   0.003386   5.324e-05    0.003569   0.0001296  SDFFQXL
u_account_balance/balance_db_reg[11][13]   0.003386   5.118e-05    0.003567   0.0001296  SDFFQXL
u_account_balance/balance_db_reg[15][13]   0.003382    5.18e-05    0.003563   0.0001296  SDFFQXL
u_account_balance/balance_db_reg[0][15]   0.003372   4.722e-05    0.003555   0.0001363  SDFFQX1
u_account_balance/balance_db_reg[9][15]    0.00336   5.449e-05    0.003551   0.0001363  SDFFQX1
u_account_balance/balance_db_reg[6][15]   0.003351   5.889e-05    0.003546   0.0001363  SDFFQX1
u_account_balance/balance_db_reg[14][15]    0.00335   5.852e-05    0.003544   0.0001363  SDFFQX1
u_account_balance/balance_db_reg[5][15]   0.003355   5.236e-05    0.003543   0.0001363  SDFFQX1
u_account_balance/balance_db_reg[7][15]   0.003349   5.694e-05    0.003542   0.0001363  SDFFQX1
u_account_balance/balance_db_reg[8][15]   0.003357    4.64e-05     0.00354   0.0001363  SDFFQX1
u_account_balance/balance_db_reg[10][15]   0.003355   4.818e-05    0.003539   0.0001363  SDFFQX1
u_account_balance/balance_db_reg[4][15]   0.003357   4.505e-05    0.003538   0.0001363  SDFFQX1
u_account_balance/balance_db_reg[12][15]   0.003353    4.61e-05    0.003535   0.0001363  SDFFQX1
u_account_balance/balance_db_reg[15][15]   0.003276    6.11e-05    0.003467   0.0001296  SDFFQXL
u_account_balance/balance_db_reg[13][15]   0.003279   5.303e-05    0.003462   0.0001296  SDFFQXL
u_account_balance/balance_db_reg[11][15]    0.00328   4.614e-05    0.003456   0.0001296  SDFFQXL
u_account_balance/g3407        0.0004961     0.00271    0.003219   1.301e-05  CLKINVX1
u_account_balance/g13142       0.0006772    0.002492    0.003212   4.264e-05  AO21X1
u_account_balance/g13456          0.0013    0.001674    0.003054   8.078e-05  CLKAND2X3
u_account_balance/g13139       0.0005486    0.002377    0.002961   3.499e-05  NAND2BX1
u_account_balance/g13455       0.0007896    0.002089    0.002923     4.5e-05  CLKAND2X2
u_account_balance/g13138       0.0005415    0.002278    0.002832   1.299e-05  OAI21X1
u_account_balance/g13474       0.0009946    0.001799    0.002825   3.151e-05  OAI2BB1X2
u_account_balance/g13407       0.0004847    0.002281    0.002793   2.717e-05  AND2X1
u_account_balance/g13221        0.002048   0.0005895    0.002673   3.607e-05  NOR2X2
u_account_balance/g13149       0.0005346     0.00202    0.002597   4.264e-05  AO21X1
u_account_balance/g13192         0.00119    0.001358    0.002567   1.816e-05  NOR2X1
u_account_balance/g13157       0.0004433    0.002011    0.002467   1.299e-05  OAI21X1
u_account_balance/g13406       0.0004185    0.001953    0.002399   2.717e-05  AND2X1
u_account_balance/g13444       0.0006604     0.00167    0.002349   1.816e-05  NOR2X1
u_account_balance/g13194       0.0009161    0.001393    0.002323   1.299e-05  OAI21X1
u_account_balance/g3403        0.0003308    0.001938    0.002282   1.301e-05  CLKINVX1
u_account_balance/g13408        0.000321    0.001723    0.002071   2.717e-05  AND2X1
u_account_balance/g13213        0.001465   0.0005301    0.002016   2.034e-05  NOR3X1
u_account_balance/g13209        0.001434   0.0005363    0.001993   2.186e-05  NOR3BX1
u_account_balance/g13450       0.0003013    0.001496    0.001824   2.599e-05  CLKINVX2
u_account_balance/g13137       0.0004034     0.00131    0.001726   1.299e-05  OAI21X1
u_account_balance/g13473        0.000528    0.001107    0.001674   3.838e-05  NOR2BX2
u_account_balance/g3405        0.0008335   0.0008117    0.001658   1.301e-05  CLKINVX1
u_account_balance/g13205        0.001121   0.0004206    0.001562   2.034e-05  NOR3X1
u_account_balance/g13172       0.0006923    0.000798     0.00151   2.004e-05  NOR2BX1
u_account_balance/g13390       0.0001356    0.001357    0.001506   1.301e-05  CLKINVX1
u_account_balance/g4346        0.0002829    0.001151    0.001476   4.264e-05  AO21X1
u_account_balance/g4347        0.0002216    0.001215    0.001471   3.499e-05  NAND2BX1
u_account_balance/g4343        9.405e-05    0.001337     0.00144   9.289e-06  NAND2XL
u_account_balance/g13453       0.0003836     0.00102     0.00143   2.717e-05  AND2X1
u_account_balance/g13447       0.0003356    0.001023    0.001371   1.301e-05  CLKINVX1
u_account_balance/g13454       0.0003499    0.001002    0.001364   1.236e-05  NOR2XL
u_account_balance/g13204        0.001131   0.0002096    0.001361   1.995e-05  AOI211X1
u_account_balance/g13405       0.0002904    0.001043    0.001352   1.816e-05  NOR2X1
g354                           0.0006629   0.0006653    0.001346   1.791e-05  OAI22X1
u_account_balance/g13462       0.0003999   0.0009005    0.001326   2.599e-05  CLKINVX2
u_account_balance/g13210       0.0008507   0.0004381    0.001307   1.816e-05  NOR2X1
u_account_balance/g13247        0.000866   0.0004105    0.001294   1.791e-05  OAI22X1
u_account_balance/g4366        0.0007204   0.0005596    0.001293   1.301e-05  CLKINVX1
u_account_balance/g13264        0.001061   0.0001747    0.001256   1.995e-05  AOI211X1
u_account_balance/g13187       0.0003413   0.0008933    0.001249   1.403e-05  NAND2X1
u_account_balance/g13413       0.0001446    0.001074    0.001232   1.301e-05  CLKINVX1
u_account_balance/g13214       0.0006483     0.00056    0.001221   1.236e-05  NOR2XL
u_barrier_ctrl/g335            0.0007734   0.0003945     0.00119   2.186e-05  NOR3BX1
u_account_balance/g13437       0.0003824   0.0007919    0.001187   1.301e-05  CLKINVX1
u_account_balance/g13286       0.0009874   0.0001715    0.001178    1.95e-05  AOI221X1
u_account_balance/g13211       0.0005312   0.0006144    0.001161   1.511e-05  NAND3X1
u_account_balance/g13449       0.0005082   0.0006093    0.001143   2.599e-05  CLKINVX2
u_account_balance/g13445       0.0002216    0.000836    0.001085   2.717e-05  AND2X1
u_account_balance/g13226       0.0003389   0.0007277    0.001076   9.289e-06  NAND2XL
u_account_balance/g13246       0.0008922   0.0001521    0.001063   1.833e-05  AOI22X1
u_account_balance/g3406        0.0005075   0.0005365    0.001057   1.301e-05  CLKINVX1
u_account_balance/g13287       0.0008166   0.0002135     0.00105    1.95e-05  AOI221X1
u_account_balance/g13438       0.0001351   0.0008753    0.001023   1.301e-05  CLKINVX1
u_account_balance/g13206       0.0002558   0.0007498    0.001016   1.046e-05  NAND4XL
u_account_balance/g13389       0.0001066   0.0008658   0.0009854   1.301e-05  CLKINVX1
u_account_balance/g13218       0.0005731   0.0003814   0.0009806   2.601e-05  AND4X1
u_account_balance/g13196       0.0006277    0.000299   0.0009651   3.828e-05  OR2XL
u_account_balance/g13219       0.0004182   0.0005151   0.0009456   1.236e-05  NOR2XL
u_account_balance/g3408        0.0004452   0.0004665   0.0009247   1.301e-05  CLKINVX1
u_account_balance/g13432        0.000135   0.0007431   0.0009053   2.717e-05  AND2X1
u_account_balance/g13176       0.0007038   0.0001637   0.0008875   2.004e-05  NOR2BX1
u_account_balance/g13220       0.0004587   0.0004113   0.0008823   1.236e-05  NOR2XL
u_account_balance/g13170       0.0002245   0.0006378   0.0008762   1.403e-05  NAND2X1
u_account_balance/g13346       0.0006482   0.0002067   0.0008732   1.833e-05  AOI22X1
u_account_balance/g13283       0.0006997   0.0001474   0.0008671   2.004e-05  NOR2BX1
u_account_balance/g13446       0.0002341   0.0006155   0.0008626   1.301e-05  CLKINVX1
u_account_balance/g13412       0.0001304   0.0006998   0.0008574   2.717e-05  AND2X1
u_account_balance/g13256       0.0006397   0.0001788   0.0008389   2.034e-05  NOR3X1
u_account_balance/g13277       0.0006288   0.0001861    0.000833   1.815e-05  AOI21X1
u_account_balance/g13229       0.0006428   0.0001715   0.0008323   1.791e-05  OAI22X1
u_account_balance/g13452       0.0004246   0.0003851   0.0008221   1.236e-05  NOR2XL
u_account_balance/g13199       0.0005569   0.0002263   0.0008078   2.466e-05  AND2XL
u_account_balance/g13369       0.0004957   0.0002956   0.0008043   1.299e-05  OAI21X1
u_account_balance/g13468       0.0004825   0.0003003   0.0008029   2.004e-05  NOR2BX1
u_account_balance/g13244        0.000481   0.0003048   0.0007982   1.236e-05  NOR2XL
u_account_balance/g13424       0.0006243   0.0001546   0.0007968   1.791e-05  OAI22X1
g423                           0.0005042    0.000267   0.0007891   1.791e-05  OAI22X1
u_account_balance/g13351       0.0005971   0.0001624   0.0007777   1.815e-05  AOI21X1
u_account_balance/g13201        0.000493   0.0002468   0.0007686   2.877e-05  NAND2BXL
u_account_balance/g13371        0.000625   0.0001183   0.0007628    1.95e-05  AOI221X1
u_account_balance/g13275       0.0005902   0.0001548    0.000758     1.3e-05  AOI222XL
u_barrier_ctrl/g220            0.0005045   0.0001922   0.0007536   5.698e-05  OR3X1
u_account_balance/g13451       0.0001695   0.0005695    0.000752   1.301e-05  CLKINVX1
u_account_balance/g13180        0.000316   0.0004228   0.0007511   1.236e-05  NOR2XL
u_account_balance/g13288       0.0005802   0.0001523   0.0007504   1.791e-05  OAI22X1
g355                           0.0002286    0.000492    0.000733   1.236e-05  NOR2XL
u_account_balance/g13282       0.0004673   0.0002372   0.0007317   2.717e-05  AND2X1
u_account_balance/g13422       0.0005971   0.0001038   0.0007192   1.833e-05  AOI22X1
u_barrier_ctrl/g333            0.0003916   0.0003071    0.000711   1.236e-05  NOR2XL
u_account_balance/g13430        0.000508   0.0001762   0.0007025   1.833e-05  AOI22X1
u_account_balance/g13475       0.0005619   0.0001194   0.0007008    1.95e-05  AOI221X1
u_account_balance/g13443       0.0002149   0.0004713   0.0006985   1.236e-05  NOR2XL
u_account_balance/g13350        0.000421   0.0002491   0.0006971   2.704e-05  MXI2XL
u_account_balance/g13414       5.615e-05   0.0006274   0.0006966   1.301e-05  CLKINVX1
u_account_balance/g13230       0.0005228    0.000151   0.0006934    1.95e-05  AOI221X1
u_account_balance/g13267       0.0005379   0.0001362   0.0006871     1.3e-05  AOI222XL
u_vehicle_interface/g202       0.0002745   0.0003902   0.0006847   2.004e-05  NOR2BX1
u_account_balance/g13274       0.0005667   0.0001027   0.0006824     1.3e-05  AOI222XL
u_account_balance/g13272       0.0005036   0.0001602   0.0006769     1.3e-05  AOI222XL
g360                           0.0003071   0.0003541   0.0006736   1.236e-05  NOR2XL
g357                           0.0003843   0.0002452   0.0006721   4.256e-05  OR2X1
u_account_balance/g13278       0.0005537   9.523e-05   0.0006689   1.995e-05  AOI211X1
u_account_balance/g13260       0.0005234   0.0001203   0.0006632    1.95e-05  AOI221X1
g419                           0.0005619   8.088e-05   0.0006607   1.787e-05  OAI32X1
u_account_balance/g13349       0.0004037   0.0002297   0.0006604   2.704e-05  MXI2XL
g363                            0.000215    0.000428    0.000656   1.301e-05  CLKINVX1
u_account_balance/g13421       0.0004968   0.0001335   0.0006483   1.791e-05  OAI22X1
u_account_balance/g13352       0.0004107   0.0002046   0.0006423   2.704e-05  MXI2XL
g429                           0.0002088   0.0004175   0.0006393   1.301e-05  INVX1
u_account_balance/g13140        0.000489   0.0001331   0.0006345   1.236e-05  NOR2XL
u_account_balance/g13347       0.0005007   0.0001102   0.0006293   1.833e-05  AOI22X1
u_account_balance/g13325       0.0004814   0.0001214   0.0006212   1.833e-05  AOI22X1
u_account_balance/g13279       0.0004946   0.0001114    0.000619     1.3e-05  AOI222XL
u_account_balance/g13225       0.0004723   0.0001284   0.0006187   1.791e-05  OAI22X1
u_account_balance/g13427       0.0004805   0.0001096   0.0006084   1.833e-05  AOI22X1
u_account_balance/g13380       0.0004107   0.0001788   0.0006079   1.833e-05  AOI22X1
u_account_balance/g13392       5.952e-05    0.000531   0.0006035   1.301e-05  CLKINVX1
u_account_balance/g13243       0.0004531   0.0001324   0.0006007   1.511e-05  NAND3X1
u_account_balance/g13388       0.0001134   0.0004572   0.0005966   2.599e-05  INVX2
u_account_balance/g13428       0.0004823   9.565e-05   0.0005963   1.833e-05  AOI22X1
u_account_balance/g13234       0.0004446   0.0001328   0.0005955   1.815e-05  AOI21X1
u_account_balance/g13384       0.0004197   0.0001553   0.0005933   1.833e-05  AOI22X1
u_account_balance/g13426       0.0004825   9.153e-05   0.0005924   1.833e-05  AOI22X1
u_account_balance/g13285       0.0004806   9.207e-05   0.0005909   1.815e-05  AOI21X1
u_account_balance/g13420       0.0004835   8.886e-05   0.0005907   1.833e-05  AOI22X1
u_account_balance/g13368       0.0004941   7.226e-05   0.0005864   2.004e-05  NOR2BX1
u_account_balance/g13429       0.0004847    7.78e-05   0.0005808   1.833e-05  AOI22X1
u_barrier_ctrl/g336            0.0003761   0.0001912   0.0005796   1.236e-05  NOR2XL
u_account_balance/g13479       0.0004332   0.0001189   0.0005704   1.833e-05  AOI22X1
u_account_balance/g13212       0.0001922   0.0003633    0.000566   1.046e-05  NAND4XL
g427                           0.0003973   0.0001528   0.0005625   1.236e-05  NOR2XL
u_account_balance/g13317       0.0004363   0.0001058   0.0005604   1.833e-05  AOI22X1
u_account_balance/g13353       0.0003311   0.0002016   0.0005598   2.704e-05  MXI2XL
u_barrier_ctrl/g214               0.0004   0.0001061   0.0005487   4.264e-05  AO21X1
u_account_balance/g13222       0.0003253   0.0002086    0.000548   1.403e-05  NAND2X1
u_account_balance/g13457       0.0002115   0.0003215   0.0005471   1.403e-05  NAND2X1
u_account_balance/g13482        0.000366   0.0001417   0.0005465   3.881e-05  AO22XL
u_account_balance/g13391       4.478e-05   0.0004887   0.0005465   1.301e-05  CLKINVX1
u_account_balance/g13461       0.0002635   0.0002699   0.0005464   1.301e-05  CLKINVX1
u_account_balance/g13299       0.0004547   6.836e-05   0.0005414   1.833e-05  AOI22X1
u_account_balance/g13200       0.0002297    0.000299   0.0005379   9.289e-06  NAND2XL
u_vehicle_interface/g201       0.0002399   0.0002827   0.0005349   1.236e-05  NOR2XL
u_account_balance/g13385       0.0003948   0.0001167   0.0005299   1.833e-05  AOI22X1
u_account_balance/g13354       0.0003317    0.000169   0.0005277   2.704e-05  MXI2XL
u_account_balance/g13375       0.0004397   6.801e-05   0.0005261   1.833e-05  AOI22X1
u_account_balance/g13248       0.0004143   8.736e-05     0.00052   1.833e-05  AOI22X1
u_account_balance/g13373       0.0004125   8.828e-05   0.0005191   1.833e-05  AOI22X1
u_account_balance/g13302       0.0003674   0.0001225   0.0005081   1.815e-05  AOI21X1
u_account_balance/g13366       0.0003541   0.0001344   0.0005009   1.236e-05  NOR2XL
u_account_balance/g13484       0.0003679   9.299e-05   0.0004997   3.881e-05  AO22XL
g425                           0.0002516   0.0002324   0.0004964   1.236e-05  NOR2XL
u_account_balance/g13483        0.000297   0.0001542     0.00049   3.881e-05  AO22XL
u_barrier_ctrl/g330            0.0004091   6.193e-05   0.0004876   1.662e-05  NOR2BXL
u_account_balance/g13250       0.0003202   0.0001502   0.0004828   1.236e-05  NOR2XL
u_barrier_ctrl/g328            0.0003775   9.121e-05   0.0004817   1.299e-05  OAI21X1
u_account_balance/g13415       0.0003877   7.505e-05   0.0004811   1.833e-05  AOI22X1
u_account_balance/g13207       0.0001579   0.0003109   0.0004793   1.046e-05  NAND4XL
u_account_balance/g3409        0.0002445   0.0002174   0.0004749   1.301e-05  CLKINVX1
u_account_balance/g13367       0.0003424   0.0001184   0.0004732   1.236e-05  NOR2XL
u_account_balance/g4365        9.226e-05   0.0003669   0.0004722   1.301e-05  CLKINVX1
u_account_balance/g13419       0.0003633   9.644e-05   0.0004721   1.229e-05  AOI22XL
u_account_balance/g13376       0.0003343   0.0001247    0.000472   1.299e-05  OAI21X1
u_account_balance/g13203       0.0002677   0.0001854   0.0004661   1.301e-05  CLKINVX1
u_account_balance/g13416       0.0003585   8.843e-05   0.0004593   1.229e-05  AOI22XL
g352                           0.0002866   0.0001589   0.0004548   9.336e-06  OAI211XL
u_account_balance/g13418       0.0003538   8.771e-05   0.0004538   1.229e-05  AOI22XL
u_account_balance/g13382       0.0002715   0.0001377    0.000448   3.881e-05  AO22XL
u_account_balance/g13289       0.0003645   5.865e-05   0.0004415   1.833e-05  AOI22X1
u_account_balance/g4321        0.0003311   6.601e-05   0.0004402   4.309e-05  AO22X1
u_account_balance/g13355       0.0002587   0.0001628   0.0004344   1.299e-05  OAI21X1
g356                           0.0001303   0.0002764   0.0004339   2.717e-05  AND2X1
u_account_balance/g13224       0.0002803   0.0001408   0.0004334   1.236e-05  NOR2XL
u_account_balance/g13239       0.0001879   0.0002338   0.0004321   1.046e-05  NAND4XL
g413                           0.0003342   8.463e-05    0.000432   1.314e-05  OAI221X1
u_account_balance/g13377       0.0002801   0.0001114   0.0004303   3.881e-05  AO22XL
u_account_balance/g13381       0.0002813    0.000136   0.0004302   1.299e-05  OAI21X1
u_barrier_ctrl/g332            0.0001408   0.0002552   0.0004239    2.78e-05  NAND4BXL
g424                           0.0002288   0.0001589   0.0004227   3.499e-05  NAND2BX1
g361                           0.0001378   0.0002751   0.0004221   9.289e-06  NAND2XL
u_account_balance/g13398       0.0003081   9.246e-05   0.0004172   1.662e-05  NOR2BXL
g358                           0.0001667    0.000241   0.0004169   9.289e-06  NAND2XL
u_account_balance/g13276       0.0003102   8.267e-05   0.0004112   1.833e-05  AOI22X1
u_vehicle_interface/g197       0.0002537   0.0001161   0.0004087   3.881e-05  AO22XL
u_account_balance/g13227       0.0002703   0.0001207   0.0004051    1.41e-05  OAI211X1
u_account_balance/g13298       0.0002823   0.0001026   0.0004032   1.833e-05  AOI22X1
g421                           0.0002545   0.0001352   0.0004027   1.301e-05  INVX1
u_account_balance/g13378       0.0002695   0.0001176   0.0003994   1.229e-05  AOI22XL
u_barrier_ctrl/g327            0.0002656   0.0001032   0.0003958   2.704e-05  MXI2XL
g364                           0.0002147   0.0001676   0.0003954   1.301e-05  CLKINVX1
g353                            0.000254    0.000122   0.0003952    1.92e-05  OAI2BB1XL
u_account_balance/g13231       0.0003303   4.392e-05   0.0003937    1.95e-05  AOI221X1
u_account_balance/g4310        0.0002567   8.503e-05   0.0003806   3.881e-05  AO22XL
u_account_balance/g13442       9.593e-05   0.0002735   0.0003787   9.289e-06  NAND2XL
u_account_balance/g13237       0.0002662   9.509e-05   0.0003737   1.236e-05  NOR2XL
u_account_balance/g13476       0.0002962   6.401e-05   0.0003732     1.3e-05  AOI222XL
u_vehicle_interface/g199       0.0002695   6.465e-05    0.000373   3.881e-05  AO22XL
u_account_balance/g13383       0.0002682   8.855e-05   0.0003691   1.229e-05  AOI22XL
u_account_balance/g13314       0.0002865   6.397e-05   0.0003688   1.833e-05  AOI22X1
u_vehicle_interface/g196       0.0002535   7.558e-05   0.0003679   3.881e-05  AO22XL
g415                           0.0002857    6.79e-05   0.0003677    1.41e-05  OAI211X1
u_account_balance/g4314        0.0002408   8.508e-05   0.0003647   3.881e-05  AO22XL
u_account_balance/g4304        0.0002424   8.243e-05   0.0003636   3.881e-05  AO22XL
u_account_balance/g13296       0.0002896   5.495e-05   0.0003629   1.833e-05  AOI22X1
u_account_balance/g4311        0.0002414   8.114e-05   0.0003614   3.881e-05  AO22XL
u_account_balance/g13345       0.0002898   5.299e-05   0.0003611   1.833e-05  AOI22X1
u_account_balance/g13280         0.00029   5.147e-05   0.0003598   1.833e-05  AOI22X1
u_account_balance/g13330       0.0002877   5.335e-05   0.0003594   1.833e-05  AOI22X1
g418                           0.0002501   9.069e-05   0.0003591   1.833e-05  AOI22X1
u_account_balance/g4312        0.0002451   7.074e-05   0.0003547   3.881e-05  AO22XL
u_vehicle_interface/g198       0.0002476   6.758e-05   0.0003539   3.881e-05  AO22XL
u_account_balance/g4318        0.0002405   7.462e-05   0.0003539   3.881e-05  AO22XL
u_account_balance/g4305         0.000239   7.468e-05   0.0003524   3.881e-05  AO22XL
u_account_balance/g13465       0.0002396   9.961e-05   0.0003523   1.301e-05  INVX1
g430                           0.0002193   0.0001199   0.0003522   1.301e-05  INVX1
u_account_balance/g4315        0.0002425   7.023e-05   0.0003515   3.881e-05  AO22XL
u_account_balance/g4308        0.0002337   7.515e-05   0.0003477   3.881e-05  AO22XL
u_account_balance/g4313        0.0002339   7.463e-05   0.0003474   3.881e-05  AO22XL
u_account_balance/g4319        0.0002343   7.165e-05   0.0003448   3.881e-05  AO22XL
u_account_balance/g13320       0.0002622   6.343e-05    0.000344   1.833e-05  AOI22X1
u_account_balance/g13269       0.0002398   9.068e-05   0.0003435     1.3e-05  AOI222XL
u_account_balance/g13481       0.0002051   9.903e-05    0.000343   3.881e-05  AO22XL
u_account_balance/g4280        0.0002284   7.466e-05   0.0003419   3.881e-05  AO22XL
g224                           5.854e-05   0.0002743   0.0003416   8.757e-06  INVXL
u_account_balance/g4317        0.0002292   7.337e-05   0.0003414   3.881e-05  AO22XL
u_barrier_ctrl/g334            0.0002554   7.228e-05   0.0003407   1.301e-05  INVX1
u_account_balance/g4302         0.000242   5.957e-05   0.0003404   3.881e-05  AO22XL
u_account_balance/g4309        0.0002275   7.339e-05   0.0003397   3.881e-05  AO22XL
u_account_balance/g13386       0.0002487   7.599e-05   0.0003369   1.229e-05  AOI22XL
u_account_balance/g13242       0.0002089   0.0001174   0.0003368   1.046e-05  NAND4XL
u_account_balance/g13251       0.0002492   6.859e-05   0.0003359   1.815e-05  AOI21X1
u_account_balance/g13241       0.0002578   6.533e-05   0.0003355   1.236e-05  NOR2XL
u_account_balance/g13387       0.0002113   8.331e-05   0.0003335   3.881e-05  AO22XL
u_account_balance/g4306        0.0002315   6.258e-05   0.0003329   3.881e-05  AO22XL
u_account_balance/g13379        0.000192   0.0001246   0.0003289   1.229e-05  AOI22XL
u_account_balance/g13304       0.0002528   5.583e-05   0.0003269   1.833e-05  AOI22X1
u_account_balance/g13309        0.000263   4.554e-05   0.0003269   1.833e-05  AOI22X1
u_account_balance/g4301        0.0002002   0.0001106    0.000325    1.41e-05  OAI211X1
u_account_balance/g13293       0.0001796   0.0001329   0.0003245   1.205e-05  OAI22XL
u_account_balance/g13331        0.000262   4.279e-05   0.0003231   1.833e-05  AOI22X1
u_account_balance/g13291       0.0002533   5.142e-05   0.0003231   1.833e-05  AOI22X1
u_account_balance/g4307        0.0002184   6.449e-05   0.0003217   3.881e-05  AO22XL
u_account_balance/g13281       0.0001677   0.0001436   0.0003207   9.289e-06  NAND2XL
u_account_balance/g13236       0.0002193   8.392e-05   0.0003173    1.41e-05  OAI211X1
u_account_balance/g13240       0.0001209   0.0001848   0.0003161   1.046e-05  NAND4XL
u_account_balance/g13294        0.000254   4.052e-05   0.0003128   1.833e-05  AOI22X1
g414                           0.0002208   7.849e-05   0.0003125   1.314e-05  OAI221X1
u_account_balance/g4341        0.0001359   0.0001618    0.000307   9.289e-06  NAND2XL
g420                           8.685e-05    0.000208   0.0003041   9.289e-06  NAND2XL
g428                           0.0001396    0.000129   0.0003035   3.499e-05  NAND2BX1
u_account_balance/g13253        0.000164   0.0001299   0.0003031   9.289e-06  NAND2XL
u_account_balance/g13262       0.0001842   0.0001094   0.0003029   9.289e-06  NAND2XL
u_account_balance/g13223        0.000159   0.0001338   0.0003021   9.289e-06  NAND2XL
u_account_balance/g13252       0.0002212   6.724e-05   0.0003008   1.236e-05  NOR2XL
u_account_balance/g13216       0.0002203   6.704e-05   0.0002997   1.236e-05  NOR2XL
u_account_balance/g4345        0.0001437   0.0001445   0.0002975   9.289e-06  NAND2XL
u_account_balance/g13435       0.0001623   0.0001214   0.0002968   1.301e-05  CLKINVX1
u_account_balance/g4333        0.0001574   0.0001249   0.0002916   9.289e-06  NAND2XL
u_account_balance/g13315       0.0002222   4.908e-05   0.0002896   1.833e-05  AOI22X1
u_account_balance/g13339       0.0002386   3.059e-05   0.0002875   1.833e-05  AOI22X1
u_account_balance/g13307       0.0002265   4.155e-05   0.0002863   1.833e-05  AOI22X1
u_account_balance/g13341       0.0002025   6.387e-05   0.0002847   1.833e-05  AOI22X1
u_account_balance/g13480        0.000161   8.384e-05   0.0002837   3.881e-05  AO22XL
u_account_balance/g4327        0.0001969   7.623e-05   0.0002824   9.289e-06  NAND2XL
u_account_balance/g4330        0.0001879   8.269e-05   0.0002799   9.289e-06  NAND2XL
u_account_balance/g4316         0.000185    5.37e-05   0.0002775   3.881e-05  AO22XL
u_account_balance/g4284        0.0001686   9.979e-05   0.0002771   8.728e-06  OAI21XL
u_barrier_ctrl/g331             0.000192   6.314e-05   0.0002735   1.833e-05  AOI22X1
u_account_balance/g13372       0.0001928   6.682e-05   0.0002719   1.229e-05  AOI22XL
g348                           0.0001636   6.447e-05   0.0002706   4.256e-05  OR2X1
u_account_balance/g13198       0.0001724   6.813e-05   0.0002684    2.78e-05  NAND4BXL
u_account_balance/g13431       0.0001069   0.0001512   0.0002674   9.289e-06  NAND2XL
u_account_balance/g13215       0.0001544   0.0001018   0.0002667   1.046e-05  NAND4XL
u_account_balance/g4283        0.0001555   0.0001024   0.0002667   8.728e-06  OAI21XL
u_account_balance/g13273       0.0001841    6.86e-05   0.0002657   1.299e-05  OAI21X1
u_account_balance/g4344        0.0001368   0.0001189   0.0002649   9.289e-06  NAND2XL
g349                           0.0001995   3.663e-05   0.0002649   2.877e-05  NAND2BXL
u_barrier_ctrl/g152            0.0001645   9.058e-05   0.0002638   8.757e-06  INVXL
u_account_balance/g13344       0.0001931   5.221e-05   0.0002637   1.833e-05  AOI22X1
u_account_balance/g13290       0.0001961   4.576e-05   0.0002602   1.833e-05  AOI22X1
u_account_balance/g13266       0.0001976   4.898e-05   0.0002588    1.22e-05  AOI21XL
u_account_balance/g13326       0.0002074   3.259e-05   0.0002583   1.833e-05  AOI22X1
u_account_balance/g13319       0.0001898   4.809e-05   0.0002562   1.833e-05  AOI22X1
u_account_balance/g13310        0.000166   7.125e-05   0.0002495   1.229e-05  AOI22XL
u_account_balance/g13254       0.0001657   7.121e-05   0.0002493   1.236e-05  NOR2XL
u_account_balance/g13300       0.0001899   3.638e-05   0.0002446   1.833e-05  AOI22X1
u_account_balance/g4282        0.0001669   6.282e-05   0.0002438    1.41e-05  OAI211X1
u_account_balance/g4324        0.0001557   7.608e-05   0.0002411   9.289e-06  NAND2XL
u_account_balance/g4328        0.0001586   7.181e-05   0.0002397   9.289e-06  NAND2XL
u_account_balance/g13328       0.0001889   3.193e-05   0.0002392   1.833e-05  AOI22X1
u_barrier_ctrl/g326            0.0001772   4.786e-05   0.0002391   1.402e-05  OAI31X1
u_account_balance/g13306       0.0001795   4.112e-05    0.000239   1.833e-05  AOI22X1
u_account_balance/g13228       0.0001237   0.0001051   0.0002381   9.289e-06  NAND2XL
u_account_balance/g4326         0.000148   7.966e-05   0.0002369   9.289e-06  NAND2XL
u_account_balance/g4287        0.0001428   8.462e-05   0.0002361   8.728e-06  OAI21XL
u_account_balance/g13472       0.0001292   7.842e-05   0.0002346   2.704e-05  MXI2XL
u_account_balance/g4323        0.0001465   7.857e-05   0.0002344   9.289e-06  NAND2XL
u_barrier_ctrl/g337             0.000134   7.118e-05   0.0002324   2.717e-05  AND2X1
u_account_balance/g13292       0.0001846    2.94e-05   0.0002323   1.833e-05  AOI22X1
u_account_balance/g13342       0.0001847   2.843e-05   0.0002314   1.833e-05  AOI22X1
u_account_balance/g4296        0.0001252   9.629e-05   0.0002302   8.728e-06  OAI21XL
u_account_balance/g13409       8.841e-05   0.0001293    0.000227   9.289e-06  NAND2XL
u_account_balance/g13184       8.143e-05   7.426e-05   0.0002269   7.123e-05  OR4X1
u_account_balance/g4292        0.0001304   8.591e-05    0.000225   8.728e-06  OAI21XL
u_account_balance/g13337       0.0001633   4.791e-05   0.0002235   1.229e-05  AOI22XL
u_account_balance/g4286         0.000127   8.301e-05   0.0002187   8.728e-06  OAI21XL
u_account_balance/g4320        0.0001507   5.273e-05   0.0002175    1.41e-05  OAI211X1
u_account_balance/g4336        0.0001234   8.377e-05   0.0002165   9.289e-06  NAND2XL
u_account_balance/g13478       0.0001435   3.397e-05   0.0002162   3.881e-05  AO22XL
u_account_balance/g4334        0.0001163   8.809e-05   0.0002137   9.289e-06  NAND2XL
u_account_balance/g13232       0.0001275   7.636e-05   0.0002131   9.289e-06  NAND2XL
u_account_balance/g4291        0.0001217   8.186e-05   0.0002123   8.728e-06  OAI21XL
u_account_balance/g13470       0.0001239   5.309e-05    0.000212   3.499e-05  NAND2BX1
u_account_balance/g4288          0.00013   7.212e-05   0.0002109   8.728e-06  OAI21XL
u_account_balance/g13336       0.0001558   3.622e-05   0.0002103   1.833e-05  AOI22X1
u_account_balance/g4293        0.0001174   8.323e-05   0.0002094   8.728e-06  OAI21XL
u_account_balance/g4335        0.0001313   6.852e-05   0.0002091   9.289e-06  NAND2XL
u_account_balance/g4299         0.000129   7.134e-05    0.000209   8.728e-06  OAI21XL
u_account_balance/g4332         0.000137   6.265e-05    0.000209   9.289e-06  NAND2XL
u_account_balance/g4297        0.0001285   7.117e-05   0.0002084   8.728e-06  OAI21XL
u_account_balance/g4322        0.0001303    6.87e-05   0.0002083   9.289e-06  NAND2XL
u_account_balance/g13343       0.0001591   3.057e-05    0.000208   1.833e-05  AOI22X1
u_account_balance/g13270       0.0001274   6.188e-05   0.0002077   1.833e-05  AOI22X1
u_account_balance/g3           0.0001074   7.166e-05   0.0002061   2.704e-05  MXI2XL
u_account_balance/g13348       0.0001597   2.628e-05   0.0002043   1.833e-05  AOI22X1
u_account_balance/g13324       0.0001474   3.836e-05   0.0002041   1.833e-05  AOI22X1
u_account_balance/g4290        0.0001296   6.427e-05   0.0002026   8.728e-06  OAI21XL
u_account_balance/g4325        0.0001367   5.581e-05   0.0002018   9.289e-06  NAND2XL
u_account_balance/g13395       0.0001061   8.535e-05   0.0002008   9.289e-06  NAND2XL
u_barrier_ctrl/g329            0.0001369   5.138e-05   0.0002006   1.236e-05  NOR2XL
u_account_balance/g13305       0.0001574    2.44e-05   0.0002001   1.833e-05  AOI22X1
u_account_balance/g13471       0.0001265   3.796e-05   0.0001995   3.499e-05  NAND2BX1
u_account_balance/g4338        0.0001243   6.563e-05   0.0001993   9.289e-06  NAND2XL
u_account_balance/g4331        0.0001266    6.34e-05   0.0001992   9.289e-06  NAND2XL
u_account_balance/g4294        0.0001235   6.671e-05   0.0001989   8.728e-06  OAI21XL
u_account_balance/g13332       0.0001542   2.608e-05   0.0001986   1.833e-05  AOI22X1
u_account_balance/g4289        0.0001163    7.27e-05   0.0001977   8.728e-06  OAI21XL
u_account_balance/g13396       0.0001275   5.575e-05   0.0001956   1.236e-05  NOR2XL
u_account_balance/g4337        0.0001224   6.316e-05   0.0001949   9.289e-06  NAND2XL
u_account_balance/g13313       0.0001481    2.75e-05    0.000194   1.833e-05  AOI22X1
u_account_balance/g13399       0.0001276   5.372e-05   0.0001936   1.236e-05  NOR2XL
u_account_balance/g13394       0.0001055   5.312e-05   0.0001936   3.499e-05  NAND2BX1
u_account_balance/g4303        0.0001214   6.298e-05   0.0001931   8.728e-06  OAI21XL
u_account_balance/g13397       0.0001057   7.773e-05   0.0001927   9.289e-06  NAND2XL
u_account_balance/g13321       0.0001483   2.535e-05   0.0001919   1.833e-05  AOI22X1
u_account_balance/g13245       0.0001182   6.186e-05   0.0001905   1.046e-05  NAND4XL
u_account_balance/g13303       0.0001484   2.374e-05   0.0001904   1.833e-05  AOI22X1
g350                           7.646e-05   0.0001015   0.0001903   1.236e-05  NOR2XL
u_account_balance/g13165       6.381e-05   0.0001166   0.0001897   9.289e-06  NAND2XL
u_account_balance/g13238       0.0001173   5.737e-05   0.0001851   1.046e-05  NAND4XL
u_account_balance/g13257       0.0001022   7.333e-05   0.0001849   9.289e-06  NAND2XL
g416                            9.79e-05   7.572e-05   0.0001829   9.289e-06  NAND2XL
u_account_balance/g13486       0.0001059   4.945e-05   0.0001824   2.704e-05  MXI2XL
u_barrier_ctrl/g324            0.0001104   5.054e-05   0.0001822   2.127e-05  OAI2BB1X1
u_account_balance/g4329        0.0001144   5.582e-05   0.0001795   9.289e-06  NAND2XL
u_account_balance/g4295        9.843e-05   6.763e-05   0.0001748   8.728e-06  OAI21XL
u_account_balance/g13365       0.0001053   5.812e-05   0.0001728   9.289e-06  NAND2XL
u_account_balance/g13401       4.107e-05   0.0001191   0.0001725   1.236e-05  NOR2XL
u_account_balance/g13335       0.0001082    4.95e-05     0.00017   1.229e-05  AOI22XL
FE_DBTC0_n_68                  3.798e-05   0.0001225   0.0001693   8.757e-06  INVXL
u_account_balance/g13144       8.766e-05   6.851e-05   0.0001685   1.236e-05  NOR2XL
u_account_balance/g13477        9.56e-05   3.344e-05   0.0001679   3.881e-05  AO22XL
u_account_balance/g13271       0.0001184   3.102e-05   0.0001676   1.815e-05  AOI21X1
u_account_balance/g13329       0.0001262   1.893e-05   0.0001634   1.833e-05  AOI22X1
u_account_balance/g13233        8.81e-05    6.47e-05   0.0001621   9.289e-06  NAND2XL
u_account_balance/g4298        9.572e-05   5.545e-05   0.0001599   8.728e-06  OAI21XL
u_account_balance/g13404       8.146e-05   6.569e-05   0.0001564   9.289e-06  NAND2XL
u_account_balance/g13334       8.908e-05   5.164e-05    0.000153   1.229e-05  AOI22XL
u_account_balance/g4357        5.849e-05    8.43e-05   0.0001521   9.289e-06  NAND2XL
u_account_balance/g13402       3.304e-05   0.0001039   0.0001493   1.236e-05  NOR2XL
g426                           7.392e-05   6.624e-05   0.0001489   8.757e-06  INVXL
u_account_balance/g13255        9.16e-05   4.689e-05   0.0001478   9.289e-06  NAND2XL
u_account_balance/g13258       7.395e-05   5.978e-05    0.000143   9.289e-06  NAND2XL
u_account_balance/g13249       6.889e-05   5.895e-05   0.0001371   9.289e-06  NAND2XL
g417                           3.772e-05   3.245e-05   0.0001371    6.69e-05  OR4XL
u_account_balance/g13327       9.062e-05   2.782e-05   0.0001307   1.229e-05  AOI22XL
u_barrier_ctrl/g217            4.084e-05   7.658e-05   0.0001298   1.236e-05  NOR2XL
g422                           5.071e-05   3.623e-05   0.0001295   4.256e-05  OR2X1
g359                           4.383e-05   7.589e-05    0.000129   9.289e-06  NAND2XL
u_account_balance/g13485        6.06e-05   5.801e-05   0.0001279   9.289e-06  NAND2XL
u_account_balance/g13173       2.469e-05   7.996e-05   0.0001198   1.511e-05  NAND3X1
u_account_balance/g13261       6.815e-05   4.161e-05    0.000119   9.289e-06  NAND2XL
u_account_balance/g13259       6.134e-05   4.668e-05   0.0001173   9.289e-06  NAND2XL
u_barrier_ctrl/g215            8.145e-05   2.115e-05   0.0001166   1.402e-05  OAI31X1
u_barrier_ctrl/g218            4.115e-05    6.44e-05   0.0001148   9.289e-06  NAND2XL
u_account_balance/g13312       7.852e-05   2.375e-05   0.0001146   1.229e-05  AOI22XL
u_account_balance/g13177       4.649e-05   3.178e-05   0.0001133   3.499e-05  NAND2BX1
u_account_balance/g13361       6.074e-05   1.959e-05   0.0001075   2.717e-05  AND2X1
u_account_balance/g13434       3.722e-05       6e-05   0.0001065   9.289e-06  NAND2XL
u_account_balance/g13403       4.032e-05   5.499e-05   0.0001046   9.289e-06  NAND2XL
u_account_balance/g13459       5.512e-05   3.595e-05   0.0001041   1.301e-05  INVX1
u_account_balance/g13460       5.653e-05    3.26e-05   0.0001022   1.301e-05  INVX1
u_account_balance/g13265         6.8e-05   2.186e-05   0.0001021   1.229e-05  AOI22XL
u_account_balance/g13167       5.874e-06    5.29e-05   0.0001013   4.256e-05  OR2X1
u_account_balance/g13333       6.687e-05   9.463e-06   9.466e-05   1.833e-05  AOI22X1
u_account_balance/g13235       4.557e-05   3.619e-05   9.104e-05   9.289e-06  NAND2XL
u_account_balance/g13411       4.766e-05   3.077e-05   8.772e-05   9.289e-06  NAND2XL
g351                           2.975e-05   4.255e-05   8.466e-05   1.236e-05  NOR2XL
u_account_balance/g13179       1.419e-05   2.743e-05   8.418e-05   4.256e-05  OR2X1
u_account_balance/g4362         1.04e-05   1.343e-05   8.092e-05    5.71e-05  NAND4BBXL
u_account_balance/g13358       4.201e-05   2.022e-05   7.886e-05   1.662e-05  NOR2BXL
u_barrier_ctrl/g216            3.924e-05   2.483e-05   7.708e-05   1.301e-05  CLKINVX1
u_account_balance/g13316       3.769e-05   1.779e-05   6.785e-05   1.236e-05  NOR2XL
u_account_balance/g13323       3.644e-05   1.829e-05   6.702e-05   1.229e-05  AOI22XL
u_account_balance/g13155       2.829e-05   2.379e-05   6.443e-05   1.236e-05  NOR2XL
u_account_balance/g13284       3.644e-05   1.528e-05   6.399e-05   1.228e-05  AOI32XL
u_account_balance/g13464       3.511e-05   1.978e-05   6.365e-05   8.757e-06  INVXL
u_account_balance/g13410       3.208e-05   2.194e-05   6.331e-05   9.289e-06  NAND2XL
u_account_balance/g13301       3.689e-05   1.368e-05   6.286e-05   1.229e-05  AOI22XL
u_account_balance/g4358        8.611e-06   1.714e-05   6.074e-05   3.499e-05  NAND2BX1
u_account_balance/g13340        3.74e-05    9.28e-06   5.897e-05   1.229e-05  AOI22XL
u_account_balance/g13318       3.751e-05   8.626e-06   5.843e-05   1.229e-05  AOI22XL
u_account_balance/g2           1.396e-05    7.57e-06   5.652e-05   3.499e-05  NAND2BX1
u_account_balance/g4361        6.229e-06   7.403e-06   5.619e-05   4.256e-05  OR2X1
u_account_balance/g13160       2.245e-06   2.382e-05   5.324e-05   2.717e-05  AND2X1
u_account_balance/g13147       1.008e-06   9.465e-06   5.303e-05   4.256e-05  OR2X1
u_account_balance/g13154       2.216e-06   2.203e-05   5.142e-05   2.717e-05  AND2X1
u_account_balance/g13146       7.191e-07   7.754e-06   5.103e-05   4.256e-05  OR2X1
u_account_balance/g13469       2.018e-05   8.444e-06   5.049e-05   2.186e-05  NOR3BX1
u_account_balance/g13148        2.11e-06   1.966e-05   4.894e-05   2.717e-05  AND2X1
u_account_balance/g13363       2.186e-05   1.768e-05   4.883e-05   9.289e-06  NAND2XL
u_account_balance/g4363        2.352e-05   8.781e-06   4.741e-05   1.511e-05  NAND3X1
u_account_balance/g13359       2.145e-05   1.636e-05    4.71e-05   9.289e-06  NAND2XL
u_account_balance/g13145       3.483e-07   3.431e-06   4.634e-05   4.256e-05  OR2X1
u_account_balance/g13162       1.795e-06   1.798e-05    4.62e-05   2.642e-05  AND3X1
u_barrier_ctrl/g219             2.11e-05   5.601e-06   4.181e-05   1.511e-05  NAND3X1
u_account_balance/g13159       1.395e-06   1.336e-05   4.117e-05   2.642e-05  AND3X1
u_account_balance/g13152       1.086e-06   1.021e-05   3.772e-05   2.642e-05  AND3X1
u_account_balance/g13158         9.8e-07   9.665e-06   3.707e-05   2.642e-05  AND3X1
u_account_balance/g13153       8.472e-07   7.951e-06   3.522e-05   2.642e-05  AND3X1
u_account_balance/g13164       1.725e-05   4.564e-06   3.417e-05   1.236e-05  NOR2XL
u_account_balance/g13161       5.886e-07   5.321e-06   3.233e-05   2.642e-05  AND3X1
u_account_balance/g13163        8.54e-06   1.064e-05   3.219e-05   1.301e-05  CLKINVX1
u_account_balance/g13143           1e-05   1.245e-05   3.174e-05   9.289e-06  NAND2XL
u_account_balance/g4352        3.562e-06   1.474e-05   3.066e-05   1.236e-05  NOR2XL
g221                           1.677e-05   5.007e-06   3.053e-05   8.757e-06  INVXL
u_account_balance/g13357       1.201e-05   6.602e-06   2.791e-05   9.289e-06  NAND2XL
u_account_balance/g4349        3.979e-06   9.965e-06   2.696e-05   1.301e-05  CLKINVX1
u_account_balance/g13141       9.096e-06   7.821e-06   2.567e-05   8.757e-06  INVXL
u_account_balance/g4350         1.57e-06   6.263e-06   2.085e-05   1.301e-05  CLKINVX1
u_account_balance/g4359        1.237e-06   6.075e-06   1.967e-05   1.236e-05  NOR2XL
u_account_balance/g4360        3.545e-06   2.694e-06   1.925e-05   1.301e-05  INVX1
u_account_balance/g13150       2.127e-06   2.476e-06   1.762e-05   1.301e-05  INVX1
u_account_balance/g13156       2.804e-06   2.281e-06   1.744e-05   1.236e-05  NOR2XL
u_account_balance/g4355        1.633e-06   2.526e-06   1.717e-05   1.301e-05  CLKINVX1
u_account_balance/g4356        3.055e-06    1.51e-06   1.692e-05   1.236e-05  NOR2XL
u_account_balance/g4353        8.017e-07   6.071e-06   1.616e-05   9.289e-06  NAND2XL
u_account_balance/g4351        1.163e-06   3.952e-06    1.44e-05   9.289e-06  NAND2XL

---------------------------------------------------------------------------------------

Total (    710 of    710  )        1.133      0.1803      1.356     0.04283
Total Capacitance                7.488e-12 F
Power Density                   *** No Die Area ***
