###############################################################
#  Generated by:      Cadence Tempus 20.10-p003_1
#  OS:                Linux x86_64(Host ID edatools-server2.iiitd.edu.in)
#  Generated on:      Mon Nov 17 01:57:27 2025
#  Design:            toll_gate
#  Command:           report_timing > $report_dir/timing_report_area.rpt
###############################################################
Path 1: MET Setup Check with Pin u_account_balance/balance_db_reg[13][1]/CK 
Endpoint:   u_account_balance/balance_db_reg[13][1]/SE (v) checked with  leading edge of 'clk'
Beginpoint: u_vehicle_interface/id_to_check_reg[3]/Q   (v) triggered by  leading edge of 'clk'
Path Groups: {clk}
Other End Arrival Time          0.010
- Setup                         0.418
+ Phase Shift                   8.000
= Required Time                 7.592
- Arrival Time                  4.456
= Slack Time                    3.136
     Clock Rise Edge                 0.000
     + Clock Network Latency (Ideal) 0.010
     = Beginpoint Arrival Time       0.010
      ----------------------------------------------------------------------------------------
      Instance                                 Arc          Cell      Delay  Arrival  Required  
                                                                             Time     Time  
      ----------------------------------------------------------------------------------------
      u_vehicle_interface/id_to_check_reg[3]   CK ^         -         -      0.010    3.146  
      u_vehicle_interface/id_to_check_reg[3]   CK ^ -> Q v  DFFQX1    0.511  0.521    3.657  
      u_account_balance/g12166                 A v -> Y ^   CLKINVX1  0.515  1.036    4.172  
      u_account_balance/g12164                 B ^ -> Y ^   AND2X1    0.560  1.596    4.732  
      u_account_balance/g12159                 A ^ -> Y v   CLKINVX1  0.115  1.711    4.847  
      u_account_balance/g12147                 B v -> Y ^   NOR2XL    0.444  2.155    5.290  
      u_account_balance/g12034                 C0 ^ -> Y v  AOI222XL  0.134  2.289    5.424  
      u_account_balance/g11985                 C v -> Y ^   NAND4XL   0.156  2.444    5.580  
      u_account_balance/g11968                 B ^ -> Y v   NOR2XL    0.090  2.534    5.670  
      u_account_balance/g11965                 AN v -> Y v  NOR3BX1   0.132  2.667    5.803  
      u_account_balance/g11962                 D v -> Y ^   NAND4BXL  0.083  2.750    5.886  
      u_account_balance/g11960                 A1 ^ -> Y v  OAI21X1   0.108  2.858    5.993  
      u_account_balance/g11959                 B v -> Y ^   NOR2BX1   0.160  3.018    6.154  
      u_account_balance/g3648                  B ^ -> Y v   NAND2XL   0.269  3.287    6.423  
      u_account_balance/g3631                  B v -> Y ^   NOR2XL    0.315  3.602    6.738  
      u_account_balance/g3623                  A ^ -> Y v   NAND3X1   0.854  4.456    7.592  
      u_account_balance/balance_db_reg[13][1]  SE v         SDFFQX1   0.000  4.456    7.592  
      ----------------------------------------------------------------------------------------

