*----------------------------------------------------------------------------------------
*	Innovus 20.10-p004_1 (64bit) 05/07/2020 20:02 (Linux 2.6.32-431.11.2.el6.x86_64)
*	
*
* 	Date & Time:	2025-Nov-10 22:31:40 (2025-Nov-10 17:01:40 GMT)
*
*----------------------------------------------------------------------------------------
*
*	Design: toll_gate
*
*	Liberty Libraries used: 
*	        view1: slow.lib
*
*	Power Domain used: 
*              Rail:        VDD      Voltage:        0.9 
*
*       Power View : view1
*
*       User-Defined Activity : N.A.
*
*       Activity File: N.A.
*
*       Hierarchical Global Activity: N.A.
*
*       Global Activity: N.A.
*
*       Sequential Element Activity: 0.200000
*
*       Primary Input Activity: 0.200000
*
*       Default icg ratio: N.A.
*
*       Global Comb ClockGate Ratio: N.A.
*
*	Power Units = 1mW
*
*	Time Units = 1e-09 secs 
*
*       Temperature = 125 
*
*       report_power -outfile post_route_reports/routeafteranalysis.rpt -rail_analysis_format VS
*
-----------------------------------------------------------------------------------------
Cell                            Internal   Switching       Total     Leakage   Cell
                                   Power       Power       Power       Power   Name
--------------------------------------------------------------------------------------
CTS_ccl_a_buf_00005              0.02858     0.03443      0.0632   0.0001864  CLKBUFX16
u_account_balance/CTS_ccl_a_buf_00009    0.02858     0.03236     0.06113   0.0001864  CLKBUFX16
CTS_ccl_a_buf_00007              0.02858     0.03184     0.06061   0.0001864  CLKBUFX16
u_vehicle_interface/id_to_check_reg[0]   0.004629    0.001331    0.006178   0.0002172  SDFFQX4
u_vehicle_interface/id_to_check_reg[3]   0.003574    0.001481    0.005192   0.0001363  SDFFQX1
state_reg[0]                    0.003602   0.0005665    0.004305   0.0001363  SDFFQX1
u_vehicle_interface/id_to_check_reg[1]   0.003573   0.0005125    0.004222   0.0001363  SDFFQX1
u_vehicle_interface/id_to_check_reg[2]   0.003577   0.0004698    0.004183   0.0001363  SDFFQX1
state_reg[2]                    0.003602    0.000396    0.004135   0.0001363  SDFFQX1
state_reg[1]                    0.003585   0.0003412    0.004063   0.0001363  SDFFQX1
u_account_balance/balance_db_reg[5][5]   0.003815   0.0001074    0.004058   0.0001363  SDFFQX1
u_barrier_ctrl/barrier_position_counter_reg[0]   0.003657   0.0002653    0.004058   0.0001363  SDFFQX1
u_account_balance/balance_db_reg[10][5]   0.003819   0.0001031    0.004058   0.0001363  SDFFQX1
u_barrier_ctrl/barrier_position_counter_reg[1]    0.00366   0.0002622    0.004058   0.0001363  SDFFQX1
u_account_balance/balance_db_reg[7][5]   0.003819   9.949e-05    0.004054   0.0001363  SDFFQX1
u_account_balance/balance_db_reg[6][5]   0.003819   9.869e-05    0.004054   0.0001363  SDFFQX1
u_account_balance/balance_db_reg[4][5]   0.003815   9.978e-05    0.004051   0.0001363  SDFFQX1
u_account_balance/balance_db_reg[8][5]   0.003819   9.513e-05     0.00405   0.0001363  SDFFQX1
u_account_balance/balance_db_reg[9][5]   0.003819   8.919e-05    0.004044   0.0001363  SDFFQX1
u_barrier_ctrl/barrier_close_cmd_reg     0.0036   0.0003066    0.004043   0.0001363  SDFFQX1
u_account_balance/balance_db_reg[10][4]   0.003806   9.678e-05    0.004039   0.0001363  SDFFQX1
u_account_balance/balance_db_reg[0][5]   0.003817   8.049e-05    0.004034   0.0001363  SDFFQX1
u_account_balance/balance_db_reg[9][4]   0.003806   8.875e-05    0.004031   0.0001363  SDFFQX1
u_account_balance/balance_db_reg[12][4]   0.003806   8.845e-05    0.004031   0.0001363  SDFFQX1
u_account_balance/balance_db_reg[5][4]   0.003806   8.754e-05     0.00403   0.0001363  SDFFQX1
u_account_balance/balance_db_reg[7][4]   0.003806   8.152e-05    0.004024   0.0001363  SDFFQX1
u_account_balance/balance_db_reg[4][4]   0.003806   8.028e-05    0.004022   0.0001363  SDFFQX1
u_account_balance/balance_db_reg[8][4]   0.003806   7.897e-05    0.004021   0.0001363  SDFFQX1
u_account_balance/balance_db_reg[6][4]   0.003806   7.685e-05    0.004019   0.0001363  SDFFQX1
u_account_balance/balance_db_reg[14][4]   0.003806   7.714e-05    0.004019   0.0001363  SDFFQX1
u_account_balance/balance_db_reg[0][4]   0.003803   7.723e-05    0.004017   0.0001363  SDFFQX1
u_account_balance/balance_db_reg[0][6]    0.00375   0.0001178    0.004004   0.0001363  SDFFQX1
u_account_balance/balance_db_reg[9][3]   0.003762   0.0001017       0.004   0.0001363  SDFFQX1
u_account_balance/balance_db_reg[4][3]   0.003762   0.0001011    0.003999   0.0001363  SDFFQX1
u_account_balance/balance_db_reg[14][3]   0.003762   0.0001006    0.003999   0.0001363  SDFFQX1
u_account_balance/balance_db_reg[5][6]   0.003751   0.0001089    0.003996   0.0001363  SDFFQX1
u_account_balance/balance_db_reg[0][3]   0.003761   9.802e-05    0.003995   0.0001363  SDFFQX1
u_account_balance/balance_db_reg[5][3]   0.003762   9.559e-05    0.003994   0.0001363  SDFFQX1
u_account_balance/balance_db_reg[6][6]   0.003751   0.0001051    0.003992   0.0001363  SDFFQX1
u_account_balance/balance_db_reg[10][6]   0.003751   0.0001039    0.003991   0.0001363  SDFFQX1
u_account_balance/balance_db_reg[8][6]   0.003751   0.0001038    0.003991   0.0001363  SDFFQX1
u_account_balance/balance_db_reg[10][3]   0.003762   9.239e-05    0.003991   0.0001363  SDFFQX1
u_account_balance/balance_db_reg[6][3]   0.003762   9.196e-05     0.00399   0.0001363  SDFFQX1
u_account_balance/balance_db_reg[7][3]   0.003762   9.058e-05    0.003989   0.0001363  SDFFQX1
u_account_balance/balance_db_reg[12][3]   0.003762   8.786e-05    0.003986   0.0001363  SDFFQX1
u_account_balance/balance_db_reg[12][2]   0.003743   9.948e-05    0.003979   0.0001363  SDFFQX1
u_account_balance/balance_db_reg[14][2]   0.003743   9.957e-05    0.003978   0.0001363  SDFFQX1
u_account_balance/balance_db_reg[8][3]   0.003762       8e-05    0.003978   0.0001363  SDFFQX1
u_account_balance/balance_db_reg[8][2]   0.003743   9.876e-05    0.003978   0.0001363  SDFFQX1
u_account_balance/balance_db_reg[4][6]   0.003751   9.028e-05    0.003977   0.0001363  SDFFQX1
u_account_balance/balance_db_reg[3][7]    0.00357     0.00027    0.003976   0.0001363  SDFFQX1
u_account_balance/balance_db_reg[5][2]   0.003743   9.169e-05    0.003971   0.0001363  SDFFQX1
u_account_balance/balance_db_reg[6][2]   0.003743   9.154e-05    0.003971   0.0001363  SDFFQX1
u_account_balance/balance_db_reg[4][2]   0.003743   9.035e-05    0.003969   0.0001363  SDFFQX1
u_account_balance/balance_db_reg[13][2]   0.003742    9.15e-05    0.003969   0.0001363  SDFFQX1
u_account_balance/balance_db_reg[0][2]   0.003742   9.117e-05    0.003969   0.0001363  SDFFQX1
u_account_balance/balance_db_reg[7][2]   0.003743   8.915e-05    0.003968   0.0001363  SDFFQX1
u_account_balance/balance_db_reg[10][2]   0.003743    8.65e-05    0.003966   0.0001363  SDFFQX1
u_account_balance/balance_db_reg[7][6]   0.003751    7.79e-05    0.003965   0.0001363  SDFFQX1
u_account_balance/balance_db_reg[9][2]   0.003743   8.363e-05    0.003963   0.0001363  SDFFQX1
u_account_balance/balance_db_reg[14][6]   0.003751   7.588e-05    0.003963   0.0001363  SDFFQX1
u_barrier_ctrl/barrier_position_counter_reg[2]   0.003636   0.0001898    0.003962   0.0001363  SDFFQX1
u_account_balance/balance_db_reg[3][10]   0.003565   0.0002516    0.003953   0.0001363  SDFFQX1
u_account_balance/balance_db_reg[12][5]   0.003718   9.167e-05     0.00394   0.0001296  SDFFQXL
u_account_balance/balance_db_reg[13][5]    0.00372   9.003e-05     0.00394   0.0001296  SDFFQXL
u_account_balance/balance_db_reg[15][5]    0.00372    9.04e-05     0.00394   0.0001296  SDFFQXL
u_account_balance/balance_db_reg[13][4]   0.003707   0.0001002    0.003937   0.0001296  SDFFQXL
u_account_balance/balance_db_reg[11][4]   0.003707   9.883e-05    0.003936   0.0001296  SDFFQXL
u_account_balance/balance_db_reg[14][5]   0.003722   8.093e-05    0.003932   0.0001296  SDFFQXL
u_account_balance/balance_db_reg[11][5]   0.003716   8.572e-05    0.003931   0.0001296  SDFFQXL
u_account_balance/balance_db_reg[15][4]   0.003707   8.675e-05    0.003923   0.0001296  SDFFQXL
u_account_balance/balance_db_reg[3][5]   0.003569   0.0001929    0.003898   0.0001363  SDFFQX1
u_account_balance/balance_db_reg[2][6]   0.003569   0.0001922    0.003898   0.0001363  SDFFQX1
u_account_balance/balance_db_reg[15][3]   0.003664   0.0001037    0.003897   0.0001296  SDFFQXL
u_account_balance/balance_db_reg[11][3]   0.003664   0.0001001    0.003894   0.0001296  SDFFQXL
u_account_balance/balance_db_reg[9][6]   0.003655   0.0001038    0.003889   0.0001296  SDFFQXL
u_account_balance/balance_db_reg[12][6]   0.003655   0.0001034    0.003888   0.0001296  SDFFQXL
u_account_balance/balance_db_reg[13][3]   0.003664   9.141e-05    0.003885   0.0001296  SDFFQXL
u_account_balance/balance_db_reg[2][5]   0.003573   0.0001757    0.003885   0.0001363  SDFFQX1
u_account_balance/balance_db_reg[3][9]   0.003565   0.0001838    0.003885   0.0001363  SDFFQX1
u_account_balance/balance_db_reg[3][14]   0.003563   0.0001843    0.003884   0.0001363  SDFFQX1
u_account_balance/balance_db_reg[13][6]   0.003653   9.982e-05    0.003883   0.0001296  SDFFQXL
u_account_balance/balance_db_reg[2][7]   0.003565   0.0001812    0.003882   0.0001363  SDFFQX1
u_account_balance/balance_db_reg[3][3]   0.003569   0.0001762    0.003882   0.0001363  SDFFQX1
u_account_balance/balance_db_reg[15][2]   0.003645   0.0001038    0.003879   0.0001296  SDFFQXL
u_account_balance/balance_db_reg[2][10]   0.003567   0.0001749    0.003878   0.0001363  SDFFQX1
u_account_balance/balance_db_reg[11][6]   0.003653   9.387e-05    0.003877   0.0001296  SDFFQXL
u_account_balance/balance_db_reg[2][1]   0.003573   0.0001651    0.003874   0.0001363  SDFFQX1
u_account_balance/balance_db_reg[3][11]   0.003565   0.0001679    0.003869   0.0001363  SDFFQX1
u_account_balance/balance_db_reg[8][7]   0.003633   9.956e-05    0.003869   0.0001363  SDFFQX1
u_account_balance/balance_db_reg[1][14]    0.00356   0.0001681    0.003865   0.0001363  SDFFQX1
u_account_balance/balance_db_reg[15][6]   0.003653   8.121e-05    0.003863   0.0001296  SDFFQXL
u_account_balance/balance_db_reg[0][7]    0.00363   9.658e-05    0.003863   0.0001363  SDFFQX1
u_account_balance/balance_db_reg[2][3]   0.003569   0.0001572    0.003863   0.0001363  SDFFQX1
u_account_balance/balance_db_reg[3][12]   0.003565   0.0001601    0.003862   0.0001363  SDFFQX1
u_account_balance/balance_db_reg[10][7]   0.003633   9.261e-05    0.003861   0.0001363  SDFFQX1
u_account_balance/balance_db_reg[1][3]   0.003567   0.0001543    0.003857   0.0001363  SDFFQX1
u_account_balance/balance_db_reg[1][1]   0.003568    0.000151    0.003855   0.0001363  SDFFQX1
u_account_balance/balance_db_reg[11][2]   0.003645   7.966e-05    0.003855   0.0001296  SDFFQXL
u_account_balance/balance_db_reg[1][8]   0.003563   0.0001548    0.003854   0.0001363  SDFFQX1
u_account_balance/balance_db_reg[2][4]   0.003573    0.000143    0.003852   0.0001363  SDFFQX1
u_account_balance/balance_db_reg[1][7]   0.003561   0.0001532     0.00385   0.0001363  SDFFQX1
u_account_balance/balance_db_reg[3][8]   0.003568   0.0001457     0.00385   0.0001363  SDFFQX1
u_account_balance/balance_db_reg[4][7]   0.003631   8.186e-05    0.003849   0.0001363  SDFFQX1
u_account_balance/balance_db_reg[2][11]   0.003565   0.0001472    0.003848   0.0001363  SDFFQX1
u_account_balance/balance_db_reg[5][7]   0.003631   8.063e-05    0.003848   0.0001363  SDFFQX1
u_account_balance/balance_db_reg[7][7]   0.003631   7.994e-05    0.003847   0.0001363  SDFFQX1
u_account_balance/balance_db_reg[14][7]   0.003632   7.793e-05    0.003846   0.0001363  SDFFQX1
u_account_balance/balance_db_reg[12][7]   0.003631   7.771e-05    0.003845   0.0001363  SDFFQX1
u_account_balance/balance_db_reg[2][9]   0.003565   0.0001419    0.003843   0.0001363  SDFFQX1
u_account_balance/balance_db_reg[6][7]   0.003631   7.487e-05    0.003842   0.0001363  SDFFQX1
u_account_balance/balance_db_reg[1][4]   0.003568   0.0001383    0.003842   0.0001363  SDFFQX1
u_account_balance/balance_db_reg[3][1]   0.003571    0.000133    0.003841   0.0001363  SDFFQX1
u_account_balance/balance_db_reg[2][13]   0.003564   0.0001393    0.003839   0.0001363  SDFFQX1
u_account_balance/balance_db_reg[2][12]   0.003567   0.0001358    0.003839   0.0001363  SDFFQX1
u_account_balance/balance_db_reg[1][10]   0.003561    0.000141    0.003839   0.0001363  SDFFQX1
u_account_balance/balance_db_reg[1][11]   0.003562   0.0001387    0.003837   0.0001363  SDFFQX1
u_account_balance/balance_db_reg[1][9]   0.003562    0.000138    0.003837   0.0001363  SDFFQX1
u_account_balance/balance_db_reg[3][6]   0.003567   0.0001324    0.003836   0.0001363  SDFFQX1
u_account_balance/balance_db_reg[2][8]   0.003568   0.0001295    0.003834   0.0001363  SDFFQX1
u_account_balance/balance_db_reg[3][4]   0.003513   0.0001832    0.003833   0.0001363  SDFFQX1
u_account_balance/balance_db_reg[1][6]   0.003513   0.0001814     0.00383   0.0001363  SDFFQX1
u_account_balance/balance_db_reg[1][12]   0.003562   0.0001268    0.003825   0.0001363  SDFFQX1
u_account_balance/balance_db_reg[1][13]   0.003561   0.0001269    0.003824   0.0001363  SDFFQX1
u_account_balance/balance_db_reg[1][2]   0.003511   0.0001646    0.003811   0.0001363  SDFFQX1
u_account_balance/balance_db_reg[3][13]   0.003563   0.0001087    0.003808   0.0001363  SDFFQX1
u_account_balance/balance_db_reg[2][14]   0.003563   0.0001089    0.003808   0.0001363  SDFFQX1
u_account_balance/balance_db_reg[3][2]   0.003516   0.0001551    0.003807   0.0001363  SDFFQX1
u_account_balance/balance_db_reg[1][5]   0.003513   0.0001305    0.003779   0.0001363  SDFFQX1
u_account_balance/balance_db_reg[6][9]   0.003536   0.0001041    0.003776   0.0001363  SDFFQX1
u_account_balance/balance_db_reg[9][7]   0.003539   0.0001035    0.003773   0.0001296  SDFFQXL
u_account_balance/balance_db_reg[7][11]   0.003536   9.875e-05    0.003771   0.0001363  SDFFQX1
u_account_balance/balance_db_reg[10][1]    0.00352   0.0001147    0.003771   0.0001363  SDFFQX1
u_account_balance/balance_db_reg[8][9]   0.003536   9.897e-05    0.003771   0.0001363  SDFFQX1
u_account_balance/balance_db_reg[6][11]   0.003537   9.628e-05    0.003769   0.0001363  SDFFQX1
u_account_balance/balance_db_reg[5][11]   0.003535   9.752e-05    0.003769   0.0001363  SDFFQX1
u_account_balance/balance_db_reg[4][9]   0.003536    9.57e-05    0.003768   0.0001363  SDFFQX1
u_account_balance/balance_db_reg[2][2]   0.003514   0.0001164    0.003767   0.0001363  SDFFQX1
u_account_balance/balance_db_reg[4][11]   0.003535   9.189e-05    0.003763   0.0001363  SDFFQX1
u_account_balance/balance_db_reg[13][1]   0.003519   0.0001049    0.003761   0.0001363  SDFFQX1
u_account_balance/balance_db_reg[4][1]    0.00352   0.0001016    0.003758   0.0001363  SDFFQX1
u_account_balance/balance_db_reg[6][1]    0.00352   0.0001015    0.003758   0.0001363  SDFFQX1
u_account_balance/balance_db_reg[7][1]    0.00352   0.0001013    0.003758   0.0001363  SDFFQX1
u_account_balance/balance_db_reg[5][9]   0.003536   8.337e-05    0.003755   0.0001363  SDFFQX1
u_account_balance/balance_db_reg[0][11]   0.003534   8.157e-05    0.003752   0.0001363  SDFFQX1
u_account_balance/balance_db_reg[5][1]    0.00352   9.344e-05     0.00375   0.0001363  SDFFQX1
u_account_balance/balance_db_reg[13][7]   0.003537   8.281e-05    0.003749   0.0001296  SDFFQXL
u_account_balance/balance_db_reg[0][9]   0.003533   7.849e-05    0.003748   0.0001363  SDFFQX1
u_account_balance/balance_db_reg[14][1]    0.00352   9.155e-05    0.003748   0.0001363  SDFFQX1
u_account_balance/balance_db_reg[7][9]   0.003536   7.329e-05    0.003745   0.0001363  SDFFQX1
u_account_balance/balance_db_reg[8][1]    0.00352   8.701e-05    0.003744   0.0001363  SDFFQX1
u_account_balance/balance_db_reg[11][7]   0.003536   7.671e-05    0.003743   0.0001296  SDFFQXL
u_account_balance/balance_db_reg[15][7]   0.003536   7.681e-05    0.003743   0.0001296  SDFFQXL
u_account_balance/balance_db_reg[12][1]    0.00352   8.324e-05     0.00374   0.0001363  SDFFQX1
u_account_balance/balance_db_reg[11][1]   0.003519   8.067e-05    0.003736   0.0001363  SDFFQX1
u_account_balance/balance_db_reg[9][1]    0.00352   7.948e-05    0.003736   0.0001363  SDFFQX1
u_account_balance/balance_db_reg[0][1]   0.003519   7.756e-05    0.003733   0.0001363  SDFFQX1
u_account_balance/balance_db_reg[5][10]   0.003469   0.0001191    0.003724   0.0001363  SDFFQX1
u_account_balance/balance_db_reg[4][8]   0.003481   0.0001032    0.003721   0.0001363  SDFFQX1
u_account_balance/balance_db_reg[6][8]   0.003481   0.0001028     0.00372   0.0001363  SDFFQX1
u_account_balance/balance_db_reg[5][8]   0.003481   0.0001001    0.003718   0.0001363  SDFFQX1
u_account_balance/balance_db_reg[7][8]   0.003481   9.545e-05    0.003713   0.0001363  SDFFQX1
u_account_balance/balance_db_reg[0][10]   0.003469   0.0001065    0.003712   0.0001363  SDFFQX1
u_account_balance/balance_db_reg[10][10]    0.00347   9.698e-05    0.003703   0.0001363  SDFFQX1
u_account_balance/balance_db_reg[14][8]   0.003481   8.374e-05    0.003701   0.0001363  SDFFQX1
u_account_balance/balance_db_reg[6][10]    0.00347   9.419e-05    0.003701   0.0001363  SDFFQX1
u_account_balance/balance_db_reg[8][13]   0.003458   0.0001061      0.0037   0.0001363  SDFFQX1
u_account_balance/balance_db_reg[4][10]   0.003469   9.458e-05      0.0037   0.0001363  SDFFQX1
u_account_balance/balance_db_reg[6][13]   0.003458   0.0001027    0.003697   0.0001363  SDFFQX1
u_account_balance/balance_db_reg[0][8]    0.00348   7.673e-05    0.003693   0.0001363  SDFFQX1
u_account_balance/balance_db_reg[7][13]   0.003458   9.695e-05    0.003691   0.0001363  SDFFQX1
u_account_balance/balance_db_reg[4][13]   0.003458   9.652e-05    0.003691   0.0001363  SDFFQX1
u_barrier_ctrl/barrier_open_cmd_reg   0.003481    7.32e-05     0.00369   0.0001363  SDFFQX1
u_account_balance/balance_db_reg[5][13]   0.003458   8.976e-05    0.003684   0.0001363  SDFFQX1
u_account_balance/balance_db_reg[7][10]    0.00347   7.499e-05    0.003681   0.0001363  SDFFQX1
u_vehicle_interface/id_valid_reg   0.003396   0.0001447    0.003677   0.0001363  SDFFQX1
u_account_balance/balance_db_reg[0][13]   0.003457   8.334e-05    0.003677   0.0001363  SDFFQX1
u_account_balance/balance_db_reg[9][11]   0.003445   0.0001017    0.003676   0.0001296  SDFFQXL
u_account_balance/balance_db_reg[13][9]   0.003442   0.0001039    0.003675   0.0001296  SDFFQXL
u_account_balance/balance_db_reg[11][11]   0.003443   0.0001002    0.003672   0.0001296  SDFFQXL
u_account_balance/balance_db_reg[12][11]   0.003443   9.855e-05    0.003671   0.0001296  SDFFQXL
u_account_balance/balance_db_reg[13][11]   0.003443   9.741e-05     0.00367   0.0001296  SDFFQXL
u_account_balance/balance_db_reg[14][11]   0.003444   9.513e-05    0.003669   0.0001296  SDFFQXL
u_account_balance/balance_db_reg[14][9]   0.003443   9.578e-05    0.003669   0.0001296  SDFFQXL
u_account_balance/balance_db_reg[15][1]   0.003427   0.0001097    0.003666   0.0001296  SDFFQXL
u_account_balance/balance_db_reg[11][9]   0.003442   9.418e-05    0.003665   0.0001296  SDFFQXL
u_account_balance/balance_db_reg[10][11]   0.003445   9.117e-05    0.003665   0.0001296  SDFFQXL
u_account_balance/balance_db_reg[12][9]   0.003444   8.882e-05    0.003662   0.0001296  SDFFQXL
u_account_balance/balance_db_reg[9][9]   0.003444   8.628e-05     0.00366   0.0001296  SDFFQXL
u_account_balance/balance_db_reg[15][9]   0.003441   8.847e-05    0.003659   0.0001296  SDFFQXL
u_account_balance/balance_db_reg[10][9]   0.003444    8.44e-05    0.003658   0.0001296  SDFFQXL
u_account_balance/balance_db_reg[8][11]   0.003444   7.881e-05    0.003653   0.0001296  SDFFQXL
u_account_balance/balance_db_reg[7][15]   0.003418   9.867e-05    0.003652   0.0001363  SDFFQX1
u_account_balance/balance_db_reg[15][11]   0.003442   8.031e-05    0.003652   0.0001296  SDFFQXL
u_account_balance/balance_db_reg[6][15]   0.003418   9.356e-05    0.003647   0.0001363  SDFFQX1
u_account_balance/balance_db_reg[9][8]    0.00339   0.0001248    0.003644   0.0001296  SDFFQXL
u_account_balance/balance_db_reg[14][15]   0.003412   9.455e-05    0.003643   0.0001363  SDFFQX1
u_account_balance/balance_db_reg[0][15]   0.003411   9.349e-05    0.003641   0.0001363  SDFFQX1
u_account_balance/balance_db_reg[8][8]    0.00339   0.0001152    0.003635   0.0001296  SDFFQXL
u_account_balance/balance_db_reg[12][15]   0.003412   8.345e-05    0.003632   0.0001363  SDFFQX1
u_account_balance/balance_db_reg[10][15]   0.003412   8.086e-05    0.003629   0.0001363  SDFFQX1
u_account_balance/balance_db_reg[8][15]   0.003412    8.01e-05    0.003629   0.0001363  SDFFQX1
u_account_balance/balance_db_reg[5][15]   0.003412   7.815e-05    0.003627   0.0001363  SDFFQX1
u_account_balance/balance_db_reg[9][15]   0.003412   7.693e-05    0.003625   0.0001363  SDFFQX1
u_account_balance/balance_db_reg[13][8]   0.003389   0.0001059    0.003624   0.0001296  SDFFQXL
u_account_balance/balance_db_reg[4][15]   0.003412   7.475e-05    0.003623   0.0001363  SDFFQX1
u_account_balance/balance_db_reg[11][8]   0.003389   0.0001032    0.003621   0.0001296  SDFFQXL
u_account_balance/balance_db_reg[8][10]   0.003379    0.000102    0.003611   0.0001296  SDFFQXL
u_account_balance/balance_db_reg[13][10]   0.003376   0.0001022    0.003608   0.0001296  SDFFQXL
u_account_balance/balance_db_reg[12][8]   0.003389   8.897e-05    0.003608   0.0001296  SDFFQXL
u_account_balance/balance_db_reg[15][8]   0.003388   8.864e-05    0.003606   0.0001296  SDFFQXL
u_account_balance/balance_db_reg[10][13]   0.003367   0.0001087    0.003605   0.0001296  SDFFQXL
u_account_balance/balance_db_reg[9][10]   0.003379   9.644e-05    0.003605   0.0001296  SDFFQXL
u_account_balance/balance_db_reg[12][10]   0.003379   8.738e-05    0.003596   0.0001296  SDFFQXL
u_account_balance/balance_db_reg[10][8]   0.003389   7.546e-05    0.003594   0.0001296  SDFFQXL
u_account_balance/balance_db_reg[12][13]   0.003367   9.498e-05    0.003591   0.0001296  SDFFQXL
u_account_balance/balance_db_reg[15][10]   0.003377   8.323e-05     0.00359   0.0001296  SDFFQXL
u_account_balance/balance_db_reg[9][13]   0.003367   9.353e-05     0.00359   0.0001296  SDFFQXL
u_account_balance/balance_db_reg[13][13]   0.003366   9.282e-05    0.003588   0.0001296  SDFFQXL
u_account_balance/balance_db_reg[14][13]   0.003366   9.108e-05    0.003587   0.0001296  SDFFQXL
u_account_balance/balance_db_reg[11][10]   0.003377   7.941e-05    0.003586   0.0001296  SDFFQXL
u_account_balance/balance_db_reg[14][10]   0.003378   7.415e-05    0.003582   0.0001296  SDFFQXL
u_account_balance/balance_db_reg[15][13]   0.003365   8.304e-05    0.003578   0.0001296  SDFFQXL
u_account_balance/balance_db_reg[11][13]   0.003365   7.487e-05     0.00357   0.0001296  SDFFQXL
u_account_balance/charge_done_reg   0.003324   0.0001014    0.003562   0.0001363  SDFFQX1
u_account_balance/balance_db_reg[15][15]   0.003321   0.0001088    0.003559   0.0001296  SDFFQXL
u_account_balance/balance_db_reg[11][15]    0.00332   8.699e-05    0.003537   0.0001296  SDFFQXL
u_account_balance/balance_db_reg[13][15]    0.00332   8.179e-05    0.003532   0.0001296  SDFFQXL
u_account_balance/balance_db_reg[4][12]   0.003285    0.000105    0.003527   0.0001363  SDFFQX1
u_account_balance/balance_db_reg[0][12]   0.003285   9.906e-05     0.00352   0.0001363  SDFFQX1
u_account_balance/balance_db_reg[7][12]   0.003286   9.689e-05    0.003519   0.0001363  SDFFQX1
u_account_balance/balance_db_reg[6][12]   0.003286    9.43e-05    0.003516   0.0001363  SDFFQX1
u_account_balance/balance_db_reg[5][12]   0.003286   9.355e-05    0.003515   0.0001363  SDFFQX1
u_account_balance/balance_db_reg[8][14]   0.003273   0.0001005    0.003509   0.0001363  SDFFQX1
u_account_balance/balance_db_reg[0][14]   0.003271   0.0001007    0.003508   0.0001363  SDFFQX1
u_account_balance/balance_db_reg[6][14]   0.003273   9.705e-05    0.003506   0.0001363  SDFFQX1
u_account_balance/balance_db_reg[7][14]   0.003273   9.571e-05    0.003505   0.0001363  SDFFQX1
u_account_balance/balance_db_reg[4][14]   0.003273   9.396e-05    0.003503   0.0001363  SDFFQX1
u_account_balance/balance_db_reg[5][14]   0.003273   9.238e-05    0.003501   0.0001363  SDFFQX1
u_account_balance/balance_db_reg[10][12]   0.003197   0.0001045    0.003431   0.0001296  SDFFQXL
u_account_balance/balance_db_reg[8][12]   0.003197   0.0001026    0.003429   0.0001296  SDFFQXL
u_account_balance/balance_db_reg[13][12]   0.003196   9.854e-05    0.003425   0.0001296  SDFFQXL
u_account_balance/balance_db_reg[9][12]   0.003197   9.196e-05    0.003418   0.0001296  SDFFQXL
u_account_balance/balance_db_reg[13][14]   0.003183   0.0001009    0.003414   0.0001296  SDFFQXL
u_account_balance/balance_db_reg[15][12]   0.003196     8.6e-05    0.003411   0.0001296  SDFFQXL
u_account_balance/balance_db_reg[9][14]   0.003184   9.596e-05     0.00341   0.0001296  SDFFQXL
u_account_balance/balance_db_reg[12][12]   0.003197    8.31e-05    0.003409   0.0001296  SDFFQXL
u_account_balance/balance_db_reg[12][14]   0.003184    9.26e-05    0.003406   0.0001296  SDFFQXL
u_account_balance/balance_db_reg[14][12]   0.003196   7.662e-05    0.003402   0.0001296  SDFFQXL
u_account_balance/balance_db_reg[11][12]   0.003196   7.623e-05    0.003402   0.0001296  SDFFQXL
u_account_balance/balance_db_reg[15][14]   0.003183   8.597e-05    0.003398   0.0001296  SDFFQXL
u_account_balance/balance_db_reg[10][14]   0.003184   8.236e-05    0.003396   0.0001296  SDFFQXL
u_account_balance/balance_db_reg[14][14]   0.003184   7.792e-05    0.003391   0.0001296  SDFFQXL
u_account_balance/balance_db_reg[11][14]   0.003183   7.831e-05    0.003391   0.0001296  SDFFQXL
u_account_balance/g13195       0.0007509    0.002216    0.003039   7.254e-05  CLKXOR2X1
u_account_balance/g13188       0.0005684    0.002403    0.003014   4.264e-05  AO21X1
u_account_balance/g13197       0.0005089    0.002073    0.002624   4.264e-05  AO21X1
u_account_balance/g13193       0.0003804    0.001923    0.002316   1.299e-05  OAI21X1
u_account_balance/g13168       0.0003577    0.001659     0.00203   1.299e-05  OAI21X1
u_account_balance/g13174       0.0002957    0.001655    0.001963   1.301e-05  CLKINVX1
u_account_balance/g13175         0.00102   0.0007555    0.001871   9.553e-05  ADDHX1
u_account_balance/g13149       0.0003396    0.001474    0.001856   4.264e-05  AO21X1
u_account_balance/g13138       0.0003328      0.0015    0.001846   1.299e-05  OAI21X1
u_account_balance/g13157       0.0003198    0.001452    0.001784   1.299e-05  OAI21X1
u_account_balance/g13202        0.001051    0.000681    0.001768   3.607e-05  NOR2X2
u_account_balance/g13458       0.0005114    0.001156    0.001748   8.078e-05  CLKAND2X3
u_account_balance/g13142       0.0003405    0.001258    0.001641   4.264e-05  AO21X1
u_account_balance/g13178        0.000356    0.001185    0.001584   4.264e-05  AO21X1
u_account_balance/g13463       0.0004323   0.0009323    0.001404   3.898e-05  CLKINVX3
u_account_balance/g3407        0.0002137    0.001168    0.001395   1.301e-05  CLKINVX1
u_account_balance/g4343        0.0001233    0.001241    0.001378   1.403e-05  NAND2X1
u_account_balance/g4347        0.0001698   0.0009716    0.001176   3.499e-05  NAND2BX1
u_account_balance/g4346         0.000226   0.0008953    0.001164   4.264e-05  AO21X1
u_account_balance/g13137       0.0002786   0.0008599    0.001151   1.299e-05  OAI21X1
u_account_balance/g13455       0.0003005   0.0008046     0.00115     4.5e-05  CLKAND2X2
u_account_balance/g13450       0.0001957   0.0009003    0.001122   2.599e-05  CLKINVX2
u_account_balance/g13192       0.0005247   0.0005453    0.001088   1.816e-05  NOR2X1
u_account_balance/g13474       0.0002415    0.000774    0.001037   2.127e-05  OAI2BB1X1
u_account_balance/g13139       0.0001579   0.0008415    0.001034   3.499e-05  NAND2BX1
u_account_balance/g13456       0.0003013   0.0005945   0.0009408     4.5e-05  CLKAND2X2
u_account_balance/g13194       0.0003781   0.0005303   0.0009214   1.299e-05  OAI21X1
u_account_balance/g3405        0.0004785   0.0004178   0.0009093   1.301e-05  CLKINVX1
u_account_balance/g13213       0.0006015   0.0002557   0.0008776   2.034e-05  NOR3X1
u_account_balance/g13445       0.0001656   0.0006643   0.0008571   2.717e-05  AND2X1
u_barrier_ctrl/g335             0.000535   0.0002663   0.0008231   2.186e-05  NOR3BX1
u_account_balance/g13444       0.0002072    0.000572   0.0007973   1.816e-05  NOR2X1
u_account_balance/g13473       0.0002305   0.0005278   0.0007967   3.838e-05  NOR2BX2
u_account_balance/g3403        0.0001129     0.00067   0.0007959   1.301e-05  CLKINVX1
u_account_balance/g13209       0.0006015    0.000157   0.0007804   2.186e-05  NOR3BX1
u_account_balance/g13205       0.0005583   0.0001867   0.0007654   2.034e-05  NOR3X1
u_account_balance/g4366        0.0004163   0.0003074   0.0007367   1.301e-05  CLKINVX1
u_account_balance/g13438       0.0001021   0.0005917   0.0007068   1.301e-05  CLKINVX1
u_account_balance/g13432       8.742e-05    0.000536   0.0006506   2.717e-05  AND2X1
u_account_balance/g13408       8.661e-05   0.0005298   0.0006435   2.717e-05  AND2X1
u_account_balance/g13412       8.278e-05   0.0005229   0.0006328   2.717e-05  AND2X1
u_account_balance/g13453       0.0001614   0.0004203   0.0006089   2.717e-05  AND2X1
u_account_balance/g13414       4.621e-05   0.0005375   0.0005967   1.301e-05  CLKINVX1
u_account_balance/g4365        9.539e-05   0.0004859   0.0005943   1.301e-05  CLKINVX1
u_account_balance/g13405       0.0001021   0.0004437   0.0005639   1.816e-05  NOR2X1
u_account_balance/g13407       8.478e-05   0.0004512   0.0005632   2.717e-05  AND2X1
u_account_balance/g13391       4.601e-05   0.0004989   0.0005579   1.301e-05  CLKINVX1
u_account_balance/g13392       4.651e-05   0.0004931   0.0005526   1.301e-05  CLKINVX1
u_account_balance/FE_OFC0_n_481  0.0001922   0.0003293   0.0005475   2.599e-05  INVX2
u_account_balance/g13406       8.555e-05   0.0004327   0.0005454   2.717e-05  AND2X1
u_account_balance/g13447        0.000126   0.0004049   0.0005439   1.301e-05  CLKINVX1
u_account_balance/g13454       0.0001309    0.000394   0.0005373   1.236e-05  NOR2XL
u_account_balance/g13218       0.0002841   0.0002129    0.000523   2.601e-05  AND4X1
u_account_balance/g13204       0.0004559   4.596e-05   0.0005218   1.995e-05  AOI211X1
u_account_balance/g13287       0.0003878   0.0001086   0.0005159    1.95e-05  AOI221X1
u_account_balance/g13390       4.617e-05   0.0004554   0.0005146   1.301e-05  CLKINVX1
u_account_balance/g13277       0.0003363   0.0001574   0.0005119   1.815e-05  AOI21X1
g354                           0.0002538   0.0002332    0.000505   1.791e-05  OAI22X1
u_account_balance/g13172       0.0002432   0.0002403   0.0005035   2.004e-05  NOR2BX1
u_account_balance/g3406        0.0002247   0.0002633    0.000501   1.301e-05  CLKINVX1
u_account_balance/g13187       0.0001435   0.0003415    0.000499   1.403e-05  NAND2X1
u_account_balance/g13371        0.000369   9.494e-05   0.0004834    1.95e-05  AOI221X1
u_account_balance/g3408        0.0002256   0.0002383   0.0004769   1.301e-05  CLKINVX1
u_account_balance/g13388       4.618e-05   0.0004173   0.0004765   1.301e-05  CLKINVX1
u_account_balance/g13389       4.637e-05   0.0004103   0.0004697   1.301e-05  CLKINVX1
u_account_balance/g13475        0.000357   8.933e-05   0.0004659    1.95e-05  AOI221X1
u_account_balance/g13283       0.0003628   8.098e-05   0.0004638   2.004e-05  NOR2BX1
u_account_balance/g13462       9.491e-05   0.0003556   0.0004636   1.301e-05  CLKINVX1
u_account_balance/g13446       9.775e-05   0.0003477   0.0004585   1.301e-05  CLKINVX1
u_account_balance/g13443       0.0001311   0.0003121   0.0004555   1.236e-05  NOR2XL
u_account_balance/g13210       0.0002358   0.0002024   0.0004506   1.236e-05  NOR2XL
u_account_balance/g13230        0.000361   7.001e-05   0.0004505    1.95e-05  AOI221X1
u_account_balance/g13437       0.0001201   0.0003029    0.000436   1.301e-05  CLKINVX1
u_account_balance/g13413        4.75e-05   0.0003741   0.0004346   1.301e-05  CLKINVX1
u_account_balance/g13286        0.000372   4.233e-05   0.0004338    1.95e-05  AOI221X1
u_account_balance/g13231       0.0003562   5.221e-05   0.0004279    1.95e-05  AOI221X1
u_account_balance/g13288       0.0003218   8.341e-05   0.0004231   1.791e-05  OAI22X1
u_account_balance/g13225       0.0002979   9.356e-05   0.0004094   1.791e-05  OAI22X1
u_account_balance/g13256       0.0003501   3.798e-05   0.0004084   2.034e-05  NOR3X1
u_account_balance/g13260       0.0003348   5.359e-05   0.0004079    1.95e-05  AOI221X1
g423                           0.0002529   0.0001323   0.0004031   1.791e-05  OAI22X1
u_barrier_ctrl/g326            0.0003148   7.286e-05   0.0004017   1.402e-05  OAI31X1
u_barrier_ctrl/g214            0.0002413   0.0001134   0.0003974   4.264e-05  AO21X1
u_vehicle_interface/g201       0.0001668   0.0002173   0.0003964   1.236e-05  NOR2XL
u_account_balance/g13264       0.0003153   5.911e-05   0.0003943   1.995e-05  AOI211X1
u_account_balance/g13351       0.0002957   7.972e-05   0.0003936   1.815e-05  AOI21X1
u_account_balance/g13196       0.0002401   0.0001096    0.000388   3.828e-05  OR2XL
u_account_balance/g13278       0.0003138   4.878e-05   0.0003826   1.995e-05  AOI211X1
u_account_balance/g13424       0.0002728   8.936e-05   0.0003801   1.791e-05  OAI22X1
u_account_balance/g13282       0.0002485   0.0001002   0.0003758   2.717e-05  AND2X1
g419                           0.0003095   4.265e-05     0.00037   1.787e-05  OAI32X1
u_account_balance/g13226       0.0001117   0.0002471   0.0003681   9.289e-06  NAND2XL
u_account_balance/g13246       0.0002908   5.786e-05    0.000367   1.833e-05  AOI22X1
u_account_balance/g13421       0.0002743   7.267e-05   0.0003648   1.791e-05  OAI22X1
u_account_balance/g13229       0.0002985   4.822e-05   0.0003646   1.791e-05  OAI22X1
u_account_balance/g13247       0.0002975   4.896e-05   0.0003643   1.791e-05  OAI22X1
g351                           9.717e-05   0.0002517   0.0003613   1.236e-05  NOR2XL
g356                            0.000124   0.0002079   0.0003591   2.717e-05  AND2X1
u_account_balance/g13221       0.0002347    0.000111    0.000358   1.236e-05  NOR2XL
u_account_balance/g13285       0.0002835   5.542e-05   0.0003571   1.815e-05  AOI21X1
u_account_balance/g13211       0.0001762   0.0001605   0.0003519   1.511e-05  NAND3X1
u_account_balance/g13457        0.000123   0.0002072   0.0003442   1.403e-05  NAND2X1
u_account_balance/g13248       0.0002728   5.251e-05   0.0003437   1.833e-05  AOI22X1
u_account_balance/g13212       0.0001257   0.0002066   0.0003428   1.046e-05  NAND4XL
g429                           0.0001054   0.0002237   0.0003421   1.301e-05  INVX1
u_account_balance/g13468       0.0002002   0.0001212   0.0003415   2.004e-05  NOR2BX1
u_account_balance/g13206       0.0001175   0.0002132   0.0003412   1.046e-05  NAND4XL
u_account_balance/g13449       9.531e-05   0.0002316     0.00034   1.301e-05  CLKINVX1
u_account_balance/g13214       0.0001683    0.000157   0.0003377   1.236e-05  NOR2XL
u_account_balance/g13224       0.0001782   0.0001471   0.0003377   1.236e-05  NOR2XL
u_account_balance/g13203       0.0001847   0.0001394   0.0003371   1.301e-05  CLKINVX1
g353                           0.0001282   0.0001883   0.0003357    1.92e-05  OAI2BB1XL
u_account_balance/g13401       6.557e-05   0.0002542   0.0003322   1.236e-05  NOR2XL
u_account_balance/g13427        0.000248    6.53e-05   0.0003316   1.833e-05  AOI22X1
u_account_balance/g13350       0.0001793   0.0001251   0.0003314   2.704e-05  MXI2XL
u_account_balance/g13402       6.619e-05    0.000252   0.0003306   1.236e-05  NOR2XL
u_account_balance/g4321        0.0002401   4.569e-05   0.0003288   4.309e-05  AO22X1
u_account_balance/g13349       0.0001795   0.0001219   0.0003285   2.704e-05  MXI2XL
g363                           9.649e-05   0.0002185    0.000328   1.301e-05  CLKINVX1
u_account_balance/g13380       0.0002306   7.539e-05   0.0003243   1.833e-05  AOI22X1
u_account_balance/g13384       0.0002322   7.374e-05   0.0003243   1.833e-05  AOI22X1
u_account_balance/g13385        0.000231   7.237e-05   0.0003217   1.833e-05  AOI22X1
u_account_balance/g13353       0.0001793   0.0001147    0.000321   2.704e-05  MXI2XL
u_barrier_ctrl/g331            0.0002309   7.031e-05   0.0003196   1.833e-05  AOI22X1
u_account_balance/g13426       0.0002494   5.176e-05   0.0003195   1.833e-05  AOI22X1
u_account_balance/g13236       0.0001884   0.0001161   0.0003187    1.41e-05  OAI211X1
u_account_balance/g13429       0.0002493   4.908e-05   0.0003167   1.833e-05  AOI22X1
u_account_balance/g13422       0.0002494   4.713e-05   0.0003149   1.833e-05  AOI22X1
u_account_balance/g13375       0.0002312    6.37e-05   0.0003133   1.833e-05  AOI22X1
u_barrier_ctrl/g333            0.0001632   0.0001372   0.0003127   1.236e-05  NOR2XL
u_account_balance/g13428       0.0002497   4.458e-05   0.0003126   1.833e-05  AOI22X1
u_account_balance/g13420       0.0002498   4.311e-05   0.0003112   1.833e-05  AOI22X1
u_account_balance/g13430       0.0002248   6.738e-05   0.0003105   1.833e-05  AOI22X1
u_account_balance/g13442        6.16e-05   0.0002388   0.0003097   9.289e-06  NAND2XL
u_account_balance/g13199        0.000199   8.552e-05   0.0003092   2.466e-05  AND2XL
g418                           0.0002244    6.51e-05   0.0003079   1.833e-05  AOI22X1
u_account_balance/g13207       0.0001168   0.0001798    0.000307   1.046e-05  NAND4XL
u_account_balance/g13176       0.0002296   5.345e-05   0.0003031   2.004e-05  NOR2BX1
u_account_balance/g13180       0.0001356   0.0001525   0.0003005   1.236e-05  NOR2XL
u_account_balance/g13200       0.0001145   0.0001764   0.0003002   9.289e-06  NAND2XL
u_account_balance/g13373       0.0002311   4.835e-05   0.0002977   1.833e-05  AOI22X1
g360                           0.0001315   0.0001534   0.0002973   1.236e-05  NOR2XL
g413                           0.0002353   4.864e-05   0.0002971   1.314e-05  OAI221X1
u_account_balance/g13352       0.0001769   9.205e-05    0.000296   2.704e-05  MXI2XL
u_account_balance/g13415       0.0002246   4.874e-05   0.0002917   1.833e-05  AOI22X1
u_account_balance/g13354       0.0001795   8.074e-05   0.0002873   2.704e-05  MXI2XL
u_account_balance/g4307        0.0001856   6.252e-05    0.000287   3.881e-05  AO22XL
u_account_balance/g4308        0.0001856   6.182e-05   0.0002862   3.881e-05  AO22XL
g357                            0.000124   0.0001179   0.0002844   4.256e-05  OR2X1
u_barrier_ctrl/g328            0.0002128   5.811e-05   0.0002839   1.299e-05  OAI21X1
g352                           0.0001029     0.00017   0.0002822   9.336e-06  OAI211XL
u_account_balance/g4309        0.0001856   5.748e-05   0.0002818   3.881e-05  AO22XL
g414                           0.0002241   4.225e-05   0.0002795   1.314e-05  OAI221X1
u_account_balance/g13270       0.0001683    9.22e-05   0.0002788   1.833e-05  AOI22X1
u_account_balance/g4312        0.0001803   5.959e-05   0.0002787   3.881e-05  AO22XL
u_account_balance/g13381        0.000169   9.579e-05   0.0002778   1.299e-05  OAI21X1
g350                           9.763e-05   0.0001669   0.0002769   1.236e-05  NOR2XL
u_vehicle_interface/g199       0.0001841   5.371e-05   0.0002766   3.881e-05  AO22XL
u_account_balance/g13452       0.0001478   0.0001165   0.0002766   1.236e-05  NOR2XL
u_account_balance/g4316        0.0001708   6.637e-05    0.000276   3.881e-05  AO22XL
g415                            0.000201   6.048e-05   0.0002756    1.41e-05  OAI211X1
u_account_balance/g4280        0.0001801   5.412e-05    0.000273   3.881e-05  AO22XL
u_account_balance/g4314        0.0001808   5.303e-05   0.0002726   3.881e-05  AO22XL
u_account_balance/g4304        0.0001863   4.725e-05   0.0002723   3.881e-05  AO22XL
u_account_balance/g13482        0.000167   6.567e-05   0.0002715   3.881e-05  AO22XL
u_account_balance/g4302        0.0001864   4.625e-05   0.0002715   3.881e-05  AO22XL
u_account_balance/g4306         0.000186   4.645e-05   0.0002713   3.881e-05  AO22XL
u_vehicle_interface/g196       0.0001691    6.23e-05   0.0002702   3.881e-05  AO22XL
u_account_balance/g4318        0.0001799   5.158e-05   0.0002702   3.881e-05  AO22XL
u_account_balance/g4305        0.0001712   6.023e-05   0.0002702   3.881e-05  AO22XL
u_account_balance/g13227       0.0001878   6.806e-05     0.00027    1.41e-05  OAI211X1
u_account_balance/g4315        0.0001802   5.036e-05   0.0002694   3.881e-05  AO22XL
g425                           0.0001325   0.0001234   0.0002682   1.236e-05  NOR2XL
u_account_balance/g13377       0.0001541   7.532e-05   0.0002682   3.881e-05  AO22XL
u_barrier_ctrl/g327            0.0001789   6.151e-05   0.0002674   2.704e-05  MXI2XL
u_account_balance/g4311        0.0001805   4.797e-05   0.0002673   3.881e-05  AO22XL
g428                           0.0001318      0.0001   0.0002668   3.499e-05  NAND2BX1
u_account_balance/g13219       0.0001243   0.0001296   0.0002663   1.236e-05  NOR2XL
u_account_balance/g4310        0.0001711   5.517e-05    0.000265   3.881e-05  AO22XL
u_account_balance/g13387       0.0001543   6.928e-05   0.0002624   3.881e-05  AO22XL
u_account_balance/g4317        0.0001805   4.298e-05   0.0002622   3.881e-05  AO22XL
u_vehicle_interface/g198       0.0001688   5.414e-05   0.0002617   3.881e-05  AO22XL
u_account_balance/g13201       0.0001644   6.815e-05   0.0002613   2.877e-05  NAND2BXL
u_vehicle_interface/g202       0.0001283   0.0001121   0.0002604   2.004e-05  NOR2BX1
g424                           0.0001351   9.032e-05   0.0002604   3.499e-05  NAND2BX1
u_account_balance/g4313         0.000171   4.991e-05   0.0002597   3.881e-05  AO22XL
g427                           0.0001699   7.662e-05   0.0002588   1.236e-05  NOR2XL
u_account_balance/g13382       0.0001542   6.291e-05    0.000256   3.881e-05  AO22XL
u_account_balance/g13220       0.0001246   0.0001188   0.0002558   1.236e-05  NOR2XL
u_account_balance/g13484       0.0001674   4.953e-05   0.0002557   3.881e-05  AO22XL
u_account_balance/g4319         0.000171   4.438e-05   0.0002542   3.881e-05  AO22XL
u_vehicle_interface/g197       0.0001674   4.732e-05   0.0002536   3.881e-05  AO22XL
u_barrier_ctrl/g337             0.000159   6.695e-05   0.0002531   2.717e-05  AND2X1
g361                           6.081e-05   0.0001824   0.0002525   9.289e-06  NAND2XL
u_account_balance/g13481        0.000154   5.831e-05   0.0002511   3.881e-05  AO22XL
u_account_balance/g13483       0.0001676   4.167e-05   0.0002481   3.881e-05  AO22XL
u_account_balance/g13279       0.0001685   6.536e-05   0.0002469     1.3e-05  AOI222XL
u_account_balance/g13376       0.0001684   6.534e-05   0.0002467   1.299e-05  OAI21X1
u_account_balance/g13216       0.0001692   6.408e-05   0.0002456   1.236e-05  NOR2XL
u_barrier_ctrl/g330            0.0001879   3.986e-05   0.0002443   1.662e-05  NOR2BXL
u_account_balance/g13267       0.0001672    5.84e-05   0.0002386     1.3e-05  AOI222XL
u_account_balance/g13234       0.0001843   3.612e-05   0.0002386   1.815e-05  AOI21X1
u_barrier_ctrl/g220            0.0001312   4.959e-05   0.0002378   5.698e-05  OR3X1
g348                           0.0001594   3.553e-05   0.0002375   4.256e-05  OR2X1
u_account_balance/g13184        5.95e-05   0.0001048   0.0002356   7.123e-05  OR4X1
u_account_balance/g13276       0.0001667   5.045e-05   0.0002355   1.833e-05  AOI22X1
u_barrier_ctrl/g215            0.0001614   5.902e-05   0.0002345   1.402e-05  OAI31X1
u_barrier_ctrl/g324            0.0001557   5.561e-05   0.0002326   2.127e-05  OAI2BB1X1
u_account_balance/g13274       0.0001689   5.002e-05    0.000232     1.3e-05  AOI222XL
u_barrier_ctrl/g334            0.0001701   4.827e-05   0.0002313   1.301e-05  INVX1
u_account_balance/g13369       0.0001609   5.564e-05   0.0002295   1.299e-05  OAI21X1
u_account_balance/g13269       0.0001702   4.587e-05   0.0002291     1.3e-05  AOI222XL
u_account_balance/g13272       0.0001692   4.677e-05    0.000229     1.3e-05  AOI222XL
u_account_balance/g13419       0.0001535   6.198e-05   0.0002278   1.229e-05  AOI22XL
u_account_balance/g13367       0.0001542   5.946e-05   0.0002261   1.236e-05  NOR2XL
u_account_balance/g13461       0.0001077   0.0001039   0.0002247   1.301e-05  CLKINVX1
u_account_balance/g13476       0.0001737   3.797e-05   0.0002247     1.3e-05  AOI222XL
u_account_balance/g13366       0.0001412   6.957e-05   0.0002231   1.236e-05  NOR2XL
u_account_balance/g13379       0.0001427   6.771e-05   0.0002227   1.229e-05  AOI22XL
u_account_balance/g13416       0.0001538   5.497e-05   0.0002211   1.229e-05  AOI22XL
u_barrier_ctrl/g332            6.788e-05   0.0001221   0.0002177    2.78e-05  NAND4BXL
u_account_balance/g13275       0.0001717   3.271e-05   0.0002174     1.3e-05  AOI222XL
u_barrier_ctrl/g336             0.000131   7.346e-05   0.0002169   1.236e-05  NOR2XL
u_account_balance/g13470       0.0001332   4.285e-05    0.000211   3.499e-05  NAND2BX1
u_account_balance/g13355        0.000133   6.458e-05   0.0002106   1.299e-05  OAI21X1
u_account_balance/g13418       0.0001544    4.33e-05     0.00021   1.229e-05  AOI22XL
u_account_balance/g13304       0.0001242   6.727e-05   0.0002098   1.833e-05  AOI22X1
g421                           0.0001288   6.441e-05   0.0002062   1.301e-05  INVX1
u_account_balance/g13471       0.0001325   3.805e-05   0.0002055   3.499e-05  NAND2BX1
g355                           9.742e-05   9.335e-05   0.0002031   1.236e-05  NOR2XL
u_account_balance/g13435       0.0001183   7.181e-05   0.0002031   1.301e-05  CLKINVX1
u_account_balance/g13372       0.0001429   4.739e-05   0.0002026   1.229e-05  AOI22XL
u_account_balance/g13383       0.0001417   4.765e-05   0.0002017   1.229e-05  AOI22XL
u_account_balance/g13271        0.000157   2.582e-05   0.0002009   1.815e-05  AOI21X1
u_account_balance/g13244       0.0001232    6.49e-05   0.0002004   1.236e-05  NOR2XL
u_account_balance/g13302       0.0001199    6.23e-05   0.0002004   1.815e-05  AOI21X1
u_account_balance/g13386       0.0001429   4.417e-05   0.0001994   1.229e-05  AOI22XL
g364                           0.0001021   8.058e-05   0.0001957   1.301e-05  CLKINVX1
u_account_balance/g13378       0.0001418    4.14e-05   0.0001954   1.229e-05  AOI22XL
u_account_balance/g3409        0.0001004   8.099e-05   0.0001944   1.301e-05  CLKINVX1
u_account_balance/g13341       0.0001237   5.123e-05   0.0001932   1.833e-05  AOI22X1
u_barrier_ctrl/g217            6.276e-05   0.0001132   0.0001883   1.236e-05  NOR2XL
u_account_balance/g13328       0.0001282   4.144e-05    0.000188   1.833e-05  AOI22X1
u_account_balance/g13198       0.0001132   4.667e-05   0.0001877    2.78e-05  NAND4BXL
u_account_balance/g13140       0.0001386   3.676e-05   0.0001877   1.236e-05  NOR2XL
g417                           6.497e-05   5.524e-05   0.0001871    6.69e-05  OR4XL
u_account_balance/g13251       0.0001462    2.27e-05   0.0001871   1.815e-05  AOI21X1
u_account_balance/g13170       5.954e-05   0.0001178   0.0001866   9.289e-06  NAND2XL
u_account_balance/g13333       0.0001409   2.684e-05   0.0001861   1.833e-05  AOI22X1
u_account_balance/g13273       0.0001221   5.025e-05   0.0001853   1.299e-05  OAI21X1
u_account_balance/g13314       0.0001293   3.717e-05   0.0001848   1.833e-05  AOI22X1
u_account_balance/g13336       0.0001289   3.746e-05   0.0001847   1.833e-05  AOI22X1
u_account_balance/g4336         8.95e-05    8.55e-05   0.0001843   9.289e-06  NAND2XL
g359                           6.378e-05   0.0001094   0.0001825   9.289e-06  NAND2XL
u_account_balance/g13346       0.0001237   4.021e-05   0.0001822   1.833e-05  AOI22X1
u_account_balance/g13344       0.0001239   3.827e-05   0.0001805   1.833e-05  AOI22X1
g422                           7.987e-05    5.78e-05   0.0001802   4.256e-05  OR2X1
u_account_balance/g4282        0.0001188   4.723e-05   0.0001801    1.41e-05  OAI211X1
u_account_balance/g13313       0.0001252   3.521e-05   0.0001787   1.833e-05  AOI22X1
u_account_balance/g13281       9.364e-05   7.577e-05   0.0001787   9.289e-06  NAND2XL
u_account_balance/g13343       0.0001283   3.106e-05   0.0001777   1.833e-05  AOI22X1
u_account_balance/g13298       0.0001304   2.838e-05   0.0001771   1.833e-05  AOI22X1
u_account_balance/g13331       0.0001223   3.579e-05   0.0001764   1.833e-05  AOI22X1
u_account_balance/g4320        0.0001189   4.276e-05   0.0001757    1.41e-05  OAI211X1
u_account_balance/g13300         0.00013   2.727e-05   0.0001756   1.833e-05  AOI22X1
u_account_balance/g13309       0.0001294   2.757e-05   0.0001753   1.833e-05  AOI22X1
u_account_balance/g13291       0.0001274   2.919e-05    0.000175   1.833e-05  AOI22X1
g358                           5.979e-05   0.0001057   0.0001748   9.289e-06  NAND2XL
u_account_balance/g13315       0.0001304   2.602e-05   0.0001747   1.833e-05  AOI22X1
u_account_balance/g13324       0.0001257    3.07e-05   0.0001747   1.833e-05  AOI22X1
u_account_balance/g13398       0.0001099   4.778e-05   0.0001743   1.662e-05  NOR2BXL
u_account_balance/g13345       0.0001241   3.114e-05   0.0001736   1.833e-05  AOI22X1
u_account_balance/g13237        0.000122   3.891e-05   0.0001733   1.236e-05  NOR2XL
u_account_balance/g13292       0.0001255   2.885e-05   0.0001727   1.833e-05  AOI22X1
u_account_balance/g13321       0.0001259   2.831e-05   0.0001726   1.833e-05  AOI22X1
u_account_balance/g13329       0.0001292   2.499e-05   0.0001725   1.833e-05  AOI22X1
u_account_balance/g13319       0.0001265   2.752e-05   0.0001724   1.833e-05  AOI22X1
u_account_balance/g13332       0.0001247   2.829e-05   0.0001713   1.833e-05  AOI22X1
u_account_balance/g13303       0.0001261   2.692e-05   0.0001713   1.833e-05  AOI22X1
u_account_balance/g13348       0.0001293   2.331e-05   0.0001709   1.833e-05  AOI22X1
u_account_balance/g4357        6.133e-05   0.0001001   0.0001707   9.289e-06  NAND2XL
u_account_balance/g4301          0.00012   3.606e-05   0.0001701    1.41e-05  OAI211X1
u_account_balance/g13299       0.0001285   2.305e-05   0.0001699   1.833e-05  AOI22X1
u_account_balance/g13290       0.0001309   2.059e-05   0.0001698   1.833e-05  AOI22X1
u_account_balance/g13326       0.0001309   2.056e-05   0.0001698   1.833e-05  AOI22X1
u_account_balance/g13339       0.0001293   2.213e-05   0.0001697   1.833e-05  AOI22X1
u_account_balance/g13330       0.0001314   1.922e-05    0.000169   1.833e-05  AOI22X1
u_account_balance/g13305       0.0001315   1.841e-05   0.0001682   1.833e-05  AOI22X1
u_account_balance/g13289        0.000127   2.286e-05   0.0001681   1.833e-05  AOI22X1
u_account_balance/g13294       0.0001266   2.292e-05   0.0001679   1.833e-05  AOI22X1
u_account_balance/g13479       0.0001284   2.112e-05   0.0001679   1.833e-05  AOI22X1
u_account_balance/g13306        0.000127   2.247e-05   0.0001678   1.833e-05  AOI22X1
u_account_balance/g13241       0.0001231   3.231e-05   0.0001678   1.236e-05  NOR2XL
u_account_balance/g3           8.833e-05   5.197e-05   0.0001673   2.704e-05  MXI2XL
u_account_balance/g13296       0.0001248   2.409e-05   0.0001672   1.833e-05  AOI22X1
u_account_balance/g13280       0.0001248   2.406e-05   0.0001672   1.833e-05  AOI22X1
u_account_balance/g13472       8.827e-05   5.144e-05   0.0001667   2.704e-05  MXI2XL
u_account_balance/g13307       0.0001275   2.074e-05   0.0001666   1.833e-05  AOI22X1
u_account_balance/g13342       0.0001263   2.194e-05   0.0001665   1.833e-05  AOI22X1
u_account_balance/g13325       0.0001254   2.258e-05   0.0001663   1.833e-05  AOI22X1
u_account_balance/g13317       0.0001233   2.437e-05    0.000166   1.833e-05  AOI22X1
u_account_balance/g13368       0.0001285   1.736e-05   0.0001659   2.004e-05  NOR2BX1
u_account_balance/g13266       0.0001065   4.706e-05   0.0001658    1.22e-05  AOI21XL
u_account_balance/g13243       0.0001161   3.425e-05   0.0001655   1.511e-05  NAND3X1
u_account_balance/g13347       0.0001255    2.16e-05   0.0001654   1.833e-05  AOI22X1
u_account_balance/g13394       9.247e-05   3.797e-05   0.0001654   3.499e-05  NAND2BX1
u_account_balance/g4303        9.057e-05   6.609e-05   0.0001654   8.728e-06  OAI21XL
u_account_balance/g4332        9.775e-05   5.808e-05   0.0001651   9.289e-06  NAND2XL
u_account_balance/g13396       9.683e-05   5.547e-05   0.0001647   1.236e-05  NOR2XL
g420                           4.502e-05   0.0001101   0.0001644   9.289e-06  NAND2XL
u_account_balance/g13320       0.0001236   2.142e-05   0.0001633   1.833e-05  AOI22X1
u_account_balance/g13165       4.854e-05   0.0001035   0.0001613   9.289e-06  NAND2XL
u_account_balance/g13478       8.402e-05   3.771e-05   0.0001605   3.881e-05  AO22XL
g349                           8.527e-05   4.645e-05   0.0001605   2.877e-05  NAND2BXL
u_account_balance/g13265       9.941e-05   4.848e-05   0.0001602   1.229e-05  AOI22XL
u_account_balance/g4287        9.064e-05   6.059e-05     0.00016   8.728e-06  OAI21XL
u_account_balance/g4338        9.129e-05   5.927e-05   0.0001598   9.289e-06  NAND2XL
u_account_balance/g4298        8.626e-05   6.446e-05   0.0001594   8.728e-06  OAI21XL
g430                           9.174e-05   5.452e-05   0.0001593   1.301e-05  INVX1
g224                           6.207e-05   8.806e-05   0.0001589   8.757e-06  INVXL
u_account_balance/g4294        8.944e-05   6.033e-05   0.0001585   8.728e-06  OAI21XL
u_account_balance/g13222       7.407e-05   7.475e-05   0.0001581   9.289e-06  NAND2XL
u_account_balance/g4291        9.174e-05   5.736e-05   0.0001578   8.728e-06  OAI21XL
u_account_balance/g13459       8.943e-05   5.532e-05   0.0001578   1.301e-05  INVX1
u_account_balance/g13250       9.477e-05   5.052e-05   0.0001577   1.236e-05  NOR2XL
u_account_balance/g13460       9.206e-05   5.096e-05    0.000156   1.301e-05  INVX1
u_account_balance/g4295        9.157e-05   5.556e-05   0.0001559   8.728e-06  OAI21XL
u_account_balance/g4331        9.904e-05   4.718e-05   0.0001555   9.289e-06  NAND2XL
u_account_balance/g4286        9.092e-05   5.572e-05   0.0001554   8.728e-06  OAI21XL
u_account_balance/g13228       6.698e-05   7.897e-05   0.0001552   9.289e-06  NAND2XL
u_account_balance/g4328         9.88e-05   4.588e-05    0.000154   9.289e-06  NAND2XL
u_account_balance/g4284        9.117e-05   5.377e-05   0.0001537   8.728e-06  OAI21XL
u_account_balance/g4330        9.931e-05   4.444e-05    0.000153   9.289e-06  NAND2XL
u_account_balance/g13240       5.436e-05   8.821e-05    0.000153   1.046e-05  NAND4XL
u_account_balance/g4299        8.973e-05   5.453e-05    0.000153   8.728e-06  OAI21XL
u_account_balance/g4326        9.157e-05   5.133e-05   0.0001522   9.289e-06  NAND2XL
u_account_balance/g4325        9.968e-05   4.258e-05   0.0001515   9.289e-06  NAND2XL
u_account_balance/g4324        9.935e-05    4.27e-05   0.0001513   9.289e-06  NAND2XL
u_barrier_ctrl/g329             0.000101   3.772e-05   0.0001511   1.236e-05  NOR2XL
u_account_balance/g13399       9.682e-05   4.179e-05    0.000151   1.236e-05  NOR2XL
u_account_balance/g4327           0.0001   4.146e-05   0.0001508   9.289e-06  NAND2XL
u_account_balance/g13480       8.065e-05   3.081e-05   0.0001503   3.881e-05  AO22XL
u_account_balance/g4293        8.608e-05   5.522e-05     0.00015   8.728e-06  OAI21XL
u_account_balance/g13465       9.688e-05   3.909e-05    0.000149   1.301e-05  INVX1
u_account_balance/g4329        8.196e-05    5.65e-05   0.0001477   9.289e-06  NAND2XL
u_account_balance/g4333        9.202e-05   4.517e-05   0.0001465   9.289e-06  NAND2XL
u_barrier_ctrl/g218            5.297e-05   8.373e-05    0.000146   9.289e-06  NAND2XL
u_account_balance/g4288        9.114e-05   4.574e-05   0.0001456   8.728e-06  OAI21XL
u_account_balance/g4337        9.353e-05   4.193e-05   0.0001447   9.289e-06  NAND2XL
u_account_balance/g13477       8.374e-05   2.199e-05   0.0001445   3.881e-05  AO22XL
u_account_balance/g13486       8.625e-05   3.119e-05   0.0001445   2.704e-05  MXI2XL
u_account_balance/g4296        8.587e-05   4.977e-05   0.0001444   8.728e-06  OAI21XL
u_account_balance/g4292        8.949e-05   4.527e-05   0.0001435   8.728e-06  OAI21XL
u_account_balance/g4289        8.612e-05    4.86e-05   0.0001435   8.728e-06  OAI21XL
u_account_balance/g4290         9.14e-05   4.305e-05   0.0001432   8.728e-06  OAI21XL
u_account_balance/g13254       9.825e-05   3.224e-05   0.0001429   1.236e-05  NOR2XL
u_account_balance/g4283        8.624e-05   4.586e-05   0.0001408   8.728e-06  OAI21XL
u_account_balance/g4297        8.904e-05   4.305e-05   0.0001408   8.728e-06  OAI21XL
u_account_balance/g4335        8.246e-05   4.806e-05   0.0001398   9.289e-06  NAND2XL
u_account_balance/g13215       7.459e-05   5.007e-05   0.0001351   1.046e-05  NAND4XL
u_account_balance/g4323        8.271e-05   4.308e-05   0.0001351   9.289e-06  NAND2XL
u_account_balance/g4334         8.27e-05   4.202e-05    0.000134   9.289e-06  NAND2XL
u_account_balance/g4322        8.268e-05   4.183e-05   0.0001338   9.289e-06  NAND2XL
u_account_balance/g13233       6.759e-05   5.432e-05   0.0001312   9.289e-06  NAND2XL
u_account_balance/g13318       7.865e-05   4.004e-05    0.000131   1.229e-05  AOI22XL
u_account_balance/g13235        6.23e-05   5.899e-05   0.0001306   9.289e-06  NAND2XL
g426                            5.87e-05   6.271e-05   0.0001302   8.757e-06  INVXL
u_account_balance/g13284       7.621e-05   4.145e-05   0.0001299   1.228e-05  AOI32XL
FE_DBTC0_n_68                  5.344e-05   6.585e-05   0.0001281   8.757e-06  INVXL
u_account_balance/g13335       7.294e-05   4.277e-05    0.000128   1.229e-05  AOI22XL
u_account_balance/g13252       8.692e-05   2.636e-05   0.0001256   1.236e-05  NOR2XL
u_account_balance/g13301       7.948e-05   3.237e-05   0.0001241   1.229e-05  AOI22XL
u_account_balance/g13144       6.534e-05   4.595e-05   0.0001236   1.236e-05  NOR2XL
u_account_balance/g13340       7.956e-05   3.167e-05   0.0001235   1.229e-05  AOI22XL
u_account_balance/g13232       7.567e-05   3.816e-05   0.0001231   9.289e-06  NAND2XL
u_account_balance/g13485       6.386e-05   4.948e-05   0.0001226   9.289e-06  NAND2XL
u_account_balance/g4345        5.619e-05   5.713e-05   0.0001226   9.289e-06  NAND2XL
u_account_balance/g13323       7.977e-05   2.976e-05   0.0001218   1.229e-05  AOI22XL
u_barrier_ctrl/g219            8.031e-05   2.606e-05   0.0001215   1.511e-05  NAND3X1
u_account_balance/g4341        5.675e-05   5.503e-05   0.0001211   9.289e-06  NAND2XL
u_account_balance/g4344        5.663e-05   5.479e-05   0.0001207   9.289e-06  NAND2XL
u_account_balance/g13327       7.447e-05   3.321e-05     0.00012   1.229e-05  AOI22XL
u_account_balance/g13223       7.234e-05   3.728e-05   0.0001189   9.289e-06  NAND2XL
u_account_balance/g13316       7.333e-05   3.207e-05   0.0001178   1.236e-05  NOR2XL
u_account_balance/g13310       7.355e-05   3.149e-05   0.0001173   1.229e-05  AOI22XL
u_account_balance/g13293       8.135e-05   2.232e-05   0.0001157   1.205e-05  OAI22XL
u_account_balance/g13238       5.505e-05   4.855e-05   0.0001141   1.046e-05  NAND4XL
u_account_balance/g13337       7.572e-05   2.443e-05   0.0001124   1.229e-05  AOI22XL
u_account_balance/g13312       7.499e-05   2.467e-05   0.0001119   1.229e-05  AOI22XL
u_barrier_ctrl/g216            5.909e-05   3.948e-05   0.0001116   1.301e-05  CLKINVX1
u_account_balance/g13334       7.517e-05   2.317e-05   0.0001106   1.229e-05  AOI22XL
u_account_balance/g13173       3.325e-05   6.125e-05   0.0001096   1.511e-05  NAND3X1
u_account_balance/g13259        4.81e-05   5.199e-05   0.0001094   9.289e-06  NAND2XL
u_account_balance/g13245       5.534e-05   3.982e-05   0.0001056   1.046e-05  NAND4XL
u_account_balance/g13464       5.706e-05   3.613e-05   0.0001019   8.757e-06  INVXL
u_account_balance/g13361       5.783e-05   1.607e-05   0.0001011   2.717e-05  AND2X1
g221                           6.833e-05   2.282e-05   9.991e-05   8.757e-06  INVXL
u_account_balance/g13253       4.776e-05   3.946e-05   9.651e-05   9.289e-06  NAND2XL
u_account_balance/g13395       4.649e-05   3.769e-05   9.347e-05   9.289e-06  NAND2XL
u_account_balance/g13239       5.478e-05   2.817e-05   9.342e-05   1.046e-05  NAND4XL
u_account_balance/g13431       3.542e-05    4.78e-05   9.251e-05   9.289e-06  NAND2XL
u_account_balance/g13242       5.496e-05   2.665e-05   9.207e-05   1.046e-05  NAND4XL
u_account_balance/g13177       3.354e-05   2.273e-05   9.126e-05   3.499e-05  NAND2BX1
u_account_balance/g13397        4.65e-05   3.522e-05   9.101e-05   9.289e-06  NAND2XL
u_account_balance/g13255       4.874e-05   3.282e-05   9.085e-05   9.289e-06  NAND2XL
u_account_balance/g13261       4.846e-05   3.261e-05   9.036e-05   9.289e-06  NAND2XL
u_account_balance/g2           3.014e-05   2.054e-05   8.567e-05   3.499e-05  NAND2BX1
u_account_balance/g13257       4.906e-05   2.691e-05   8.526e-05   9.289e-06  NAND2XL
u_account_balance/g13262       4.693e-05   2.759e-05   8.381e-05   9.289e-06  NAND2XL
u_account_balance/g13434       3.146e-05   4.282e-05   8.357e-05   9.289e-06  NAND2XL
g416                           4.061e-05    3.25e-05    8.24e-05   9.289e-06  NAND2XL
u_account_balance/g13249       4.734e-05    2.52e-05   8.183e-05   9.289e-06  NAND2XL
u_account_balance/g13258       4.768e-05   2.441e-05   8.138e-05   9.289e-06  NAND2XL
u_account_balance/g13167       3.186e-06   3.488e-05   8.063e-05   4.256e-05  OR2X1
u_account_balance/g13409       3.094e-05   4.002e-05   8.025e-05   9.289e-06  NAND2XL
u_account_balance/g13146       3.097e-06   3.367e-05   7.932e-05   4.256e-05  OR2X1
u_account_balance/g13147       3.119e-06   3.357e-05   7.925e-05   4.256e-05  OR2X1
u_account_balance/g13358        4.38e-05   1.789e-05   7.832e-05   1.662e-05  NOR2BXL
u_barrier_ctrl/g152            4.289e-05   2.336e-05   7.501e-05   8.757e-06  INVXL
u_account_balance/g13469       3.824e-05   1.484e-05   7.494e-05   2.186e-05  NOR3BX1
u_account_balance/g13145       3.124e-06   2.866e-05   7.434e-05   4.256e-05  OR2X1
u_account_balance/g4362        6.007e-06   8.542e-06   7.165e-05    5.71e-05  NAND4BBXL
u_account_balance/g13411       3.771e-05   2.397e-05   7.096e-05   9.289e-06  NAND2XL
u_account_balance/g4361        1.018e-05   1.701e-05   6.975e-05   4.256e-05  OR2X1
u_account_balance/g13404       3.602e-05   2.361e-05   6.892e-05   9.289e-06  NAND2XL
u_account_balance/g13403       3.346e-05   2.567e-05   6.842e-05   9.289e-06  NAND2XL
u_account_balance/g13179       1.065e-05   1.449e-05    6.77e-05   4.256e-05  OR2X1
u_account_balance/g13410       3.248e-05   2.518e-05   6.695e-05   9.289e-06  NAND2XL
u_account_balance/g13160       3.099e-06    3.59e-05   6.617e-05   2.717e-05  AND2X1
u_account_balance/g13162       3.366e-06   3.497e-05   6.476e-05   2.642e-05  AND3X1
u_account_balance/g13152       3.428e-06   3.482e-05   6.467e-05   2.642e-05  AND3X1
u_account_balance/g13159       3.404e-06   3.479e-05   6.461e-05   2.642e-05  AND3X1
u_account_balance/g13158       3.279e-06   3.484e-05   6.454e-05   2.642e-05  AND3X1
u_account_balance/g13148        3.23e-06   3.404e-05   6.444e-05   2.717e-05  AND2X1
u_account_balance/g13154        3.25e-06    3.36e-05   6.402e-05   2.717e-05  AND2X1
u_account_balance/g13153       3.374e-06   3.371e-05    6.35e-05   2.642e-05  AND3X1
u_account_balance/g13161        3.36e-06   3.064e-05   6.042e-05   2.642e-05  AND3X1
u_account_balance/g13163       1.967e-05   2.611e-05    5.88e-05   1.301e-05  CLKINVX1
u_account_balance/FE_OFC1_n_279  5.408e-06   1.108e-05   5.777e-05   4.129e-05  BUFX2
u_account_balance/g4358        5.768e-06   1.416e-05   5.492e-05   3.499e-05  NAND2BX1
u_account_balance/g13357        2.94e-05   1.573e-05   5.441e-05   9.289e-06  NAND2XL
u_account_balance/g13359       2.516e-05   1.752e-05   5.197e-05   9.289e-06  NAND2XL
u_account_balance/g13363        2.38e-05   1.574e-05   4.883e-05   9.289e-06  NAND2XL
u_account_balance/g13164       2.487e-05   9.608e-06   4.684e-05   1.236e-05  NOR2XL
u_account_balance/g13155       1.867e-05   1.573e-05   4.676e-05   1.236e-05  NOR2XL
u_account_balance/g4363        2.157e-05   7.319e-06     4.4e-05   1.511e-05  NAND3X1
u_account_balance/g13365       2.074e-05   1.088e-05   4.091e-05   9.289e-06  NAND2XL
u_account_balance/g4359         3.92e-06   1.284e-05   3.492e-05   1.816e-05  NOR2X1
u_account_balance/g4353         1.97e-06   1.305e-05   2.904e-05   1.403e-05  NAND2X1
u_account_balance/g13156       8.342e-06   7.083e-06   2.778e-05   1.236e-05  NOR2XL
u_account_balance/g13150       6.346e-06   8.239e-06    2.76e-05   1.301e-05  INVX1
u_account_balance/g4360        5.964e-06   6.331e-06   2.531e-05   1.301e-05  INVX1
u_account_balance/g4350        2.246e-06   9.631e-06   2.489e-05   1.301e-05  CLKINVX1
u_account_balance/FE_OFC2_n_279  1.826e-06   9.776e-06   2.462e-05   1.301e-05  INVX1
u_account_balance/g4355        2.371e-06   8.309e-06   2.369e-05   1.301e-05  CLKINVX1
u_account_balance/g13143        6.17e-06   7.609e-06   2.307e-05   9.289e-06  NAND2XL
u_account_balance/g4351        2.228e-06    1.05e-05   2.202e-05   9.289e-06  NAND2XL
u_account_balance/g13141       5.517e-06   7.505e-06   2.178e-05   8.757e-06  INVXL
u_account_balance/g4356        4.524e-06   2.384e-06   1.927e-05   1.236e-05  NOR2XL
u_account_balance/g4352        2.779e-06   6.121e-07   1.575e-05   1.236e-05  NOR2XL

---------------------------------------------------------------------------------------

Total (    714 of    714  )        1.041      0.2014      1.286     0.04322
Total Capacitance                8.416e-12 F
Power Density                   *** No Die Area ***
