Hinst Name           Module Name          Inst Count           Total Area               Buffer             Inverter        Combinational                 Flop                Latch           Clock Gate                Macro             Physical
----------------------------------------------------------------------------------------------------------------------------------------------------------------------------------------------------------------------------------------------------------
toll_gate                                        710             7357.825                0.000              128.673             2094.342             5134.810                0.000                0.000                0.000                0.000
 u_account_balance   account_balance             633             6805.288                0.000              101.425             1840.024             4863.839                0.000                0.000                0.000                0.000
 u_barrier_ctrl      barrier_ctrl                 26              197.551                0.000                6.812               88.557              102.181                0.000                0.000                0.000                0.000
 u_vehicle_interface vehicle_interface            11              145.325                0.000                0.000               37.845              107.480                0.000                0.000                0.000                0.000
