*----------------------------------------------------------------------------------------
*	Innovus 20.10-p004_1 (64bit) 05/07/2020 20:02 (Linux 2.6.32-431.11.2.el6.x86_64)
*	
*
* 	Date & Time:	2025-Nov-17 02:21:17 (2025-Nov-16 20:51:17 GMT)
*
*----------------------------------------------------------------------------------------
*
*	Design: toll_gate
*
*	Liberty Libraries used: 
*	        view1: slow.lib
*
*	Power Domain used: 
*              Rail:        VDD      Voltage:        0.9 
*
*       Power View : view1
*
*       User-Defined Activity : N.A.
*
*       Activity File: N.A.
*
*       Hierarchical Global Activity: N.A.
*
*       Global Activity: N.A.
*
*       Sequential Element Activity: 0.200000
*
*       Primary Input Activity: 0.200000
*
*       Default icg ratio: N.A.
*
*       Global Comb ClockGate Ratio: N.A.
*
*	Power Units = 1mW
*
*	Time Units = 1e-09 secs 
*
*       Temperature = 125 
*
*       report_power -outfile optimised_cts_reports/ctsafteranalysispostoptimization.rpt -rail_analysis_format VS
*
-----------------------------------------------------------------------------------------
Cell                            Internal   Switching       Total     Leakage   Cell
                                   Power       Power       Power       Power   Name
--------------------------------------------------------------------------------------
CTS_ccl_a_buf_00005              0.02764     0.03442     0.06224   0.0001864  CLKBUFX16
u_account_balance/CTS_ccl_a_buf_00009    0.02762     0.03226     0.06007   0.0001864  CLKBUFX16
CTS_ccl_a_buf_00007              0.02762     0.03176     0.05957   0.0001864  CLKBUFX16
u_vehicle_interface/id_to_check_reg[0]   0.004616    0.001317    0.006151   0.0002172  SDFFQX4
u_vehicle_interface/id_to_check_reg[3]   0.003561    0.001467    0.005165   0.0001363  SDFFQX1
state_reg[0]                     0.00359   0.0005564    0.004283   0.0001363  SDFFQX1
u_vehicle_interface/id_to_check_reg[1]   0.003562   0.0005123     0.00421   0.0001363  SDFFQX1
u_vehicle_interface/id_to_check_reg[2]   0.003566   0.0004665    0.004168   0.0001363  SDFFQX1
state_reg[2]                    0.003591   0.0003976    0.004125   0.0001363  SDFFQX1
u_barrier_ctrl/barrier_position_counter_reg[1]   0.003648   0.0002693    0.004054   0.0001363  SDFFQX1
u_account_balance/balance_db_reg[5][5]   0.003811    0.000105    0.004052   0.0001363  SDFFQX1
u_account_balance/balance_db_reg[10][5]   0.003815   0.0001006    0.004052   0.0001363  SDFFQX1
state_reg[1]                    0.003574   0.0003407    0.004051   0.0001363  SDFFQX1
u_barrier_ctrl/barrier_position_counter_reg[0]   0.003645   0.0002641    0.004046   0.0001363  SDFFQX1
u_account_balance/balance_db_reg[6][5]   0.003815   9.383e-05    0.004045   0.0001363  SDFFQX1
u_account_balance/balance_db_reg[8][5]   0.003815   9.319e-05    0.004045   0.0001363  SDFFQX1
u_account_balance/balance_db_reg[4][5]   0.003811   9.457e-05    0.004042   0.0001363  SDFFQX1
u_account_balance/balance_db_reg[7][5]   0.003815   9.034e-05    0.004042   0.0001363  SDFFQX1
u_account_balance/balance_db_reg[9][5]   0.003815   8.726e-05    0.004038   0.0001363  SDFFQX1
u_barrier_ctrl/barrier_close_cmd_reg   0.003588   0.0003131    0.004038   0.0001363  SDFFQX1
u_account_balance/balance_db_reg[10][4]     0.0038    9.53e-05    0.004032   0.0001363  SDFFQX1
u_account_balance/balance_db_reg[12][4]     0.0038   8.823e-05    0.004025   0.0001363  SDFFQX1
u_account_balance/balance_db_reg[0][5]   0.003814   7.195e-05    0.004022   0.0001363  SDFFQX1
u_account_balance/balance_db_reg[5][4]     0.0038   8.479e-05    0.004021   0.0001363  SDFFQX1
u_account_balance/balance_db_reg[9][4]     0.0038   8.468e-05    0.004021   0.0001363  SDFFQX1
u_account_balance/balance_db_reg[7][4]     0.0038   8.117e-05    0.004018   0.0001363  SDFFQX1
u_account_balance/balance_db_reg[8][4]     0.0038   7.888e-05    0.004015   0.0001363  SDFFQX1
u_account_balance/balance_db_reg[14][4]     0.0038   7.731e-05    0.004013   0.0001363  SDFFQX1
u_account_balance/balance_db_reg[6][4]     0.0038   7.303e-05    0.004009   0.0001363  SDFFQX1
u_account_balance/balance_db_reg[0][4]   0.003798   7.557e-05    0.004009   0.0001363  SDFFQX1
u_account_balance/balance_db_reg[4][4]     0.0038   7.205e-05    0.004008   0.0001363  SDFFQX1
u_account_balance/balance_db_reg[9][3]   0.003759   9.832e-05    0.003993   0.0001363  SDFFQX1
u_account_balance/balance_db_reg[0][6]   0.003748   0.0001085    0.003993   0.0001363  SDFFQX1
u_account_balance/balance_db_reg[5][3]   0.003759   9.482e-05     0.00399   0.0001363  SDFFQX1
u_account_balance/balance_db_reg[4][3]   0.003758   9.412e-05    0.003989   0.0001363  SDFFQX1
u_account_balance/balance_db_reg[14][3]   0.003758   9.328e-05    0.003988   0.0001363  SDFFQX1
u_account_balance/balance_db_reg[0][3]   0.003757    9.35e-05    0.003987   0.0001363  SDFFQX1
u_account_balance/balance_db_reg[10][3]   0.003759   9.188e-05    0.003987   0.0001363  SDFFQX1
u_account_balance/balance_db_reg[10][6]   0.003749   0.0001005    0.003986   0.0001363  SDFFQX1
u_account_balance/balance_db_reg[6][3]   0.003758   8.875e-05    0.003983   0.0001363  SDFFQX1
u_account_balance/balance_db_reg[6][6]   0.003749   9.714e-05    0.003982   0.0001363  SDFFQX1
u_account_balance/balance_db_reg[8][6]   0.003749   9.653e-05    0.003982   0.0001363  SDFFQX1
u_account_balance/balance_db_reg[12][3]   0.003759   8.636e-05    0.003981   0.0001363  SDFFQX1
u_account_balance/balance_db_reg[7][3]   0.003758   8.641e-05    0.003981   0.0001363  SDFFQX1
u_account_balance/balance_db_reg[5][6]   0.003749   9.461e-05     0.00398   0.0001363  SDFFQX1
u_account_balance/balance_db_reg[4][6]   0.003749   9.156e-05    0.003977   0.0001363  SDFFQX1
u_account_balance/balance_db_reg[14][2]   0.003739   9.992e-05    0.003976   0.0001363  SDFFQX1
u_account_balance/balance_db_reg[12][2]    0.00374   9.932e-05    0.003975   0.0001363  SDFFQX1
u_account_balance/balance_db_reg[8][2]    0.00374   9.634e-05    0.003972   0.0001363  SDFFQX1
u_account_balance/balance_db_reg[3][7]   0.003558   0.0002771    0.003971   0.0001363  SDFFQX1
u_account_balance/balance_db_reg[8][3]   0.003759   7.383e-05    0.003969   0.0001363  SDFFQX1
u_account_balance/balance_db_reg[4][2]    0.00374   9.051e-05    0.003966   0.0001363  SDFFQX1
u_account_balance/balance_db_reg[7][6]   0.003749   8.103e-05    0.003966   0.0001363  SDFFQX1
u_account_balance/balance_db_reg[5][2]    0.00374   9.003e-05    0.003966   0.0001363  SDFFQX1
u_account_balance/balance_db_reg[10][2]    0.00374   8.979e-05    0.003966   0.0001363  SDFFQX1
u_account_balance/balance_db_reg[13][2]   0.003738   9.039e-05    0.003965   0.0001363  SDFFQX1
u_account_balance/balance_db_reg[0][2]   0.003738   9.024e-05    0.003965   0.0001363  SDFFQX1
u_account_balance/balance_db_reg[7][2]    0.00374   8.863e-05    0.003964   0.0001363  SDFFQX1
u_account_balance/balance_db_reg[6][2]    0.00374   8.744e-05    0.003963   0.0001363  SDFFQX1
u_account_balance/balance_db_reg[14][6]   0.003749   7.796e-05    0.003963   0.0001363  SDFFQX1
u_account_balance/balance_db_reg[9][2]    0.00374   8.373e-05     0.00396   0.0001363  SDFFQX1
u_barrier_ctrl/barrier_position_counter_reg[2]   0.003624   0.0001952    0.003956   0.0001363  SDFFQX1
u_account_balance/balance_db_reg[11][4]   0.003702    0.000109     0.00394   0.0001296  SDFFQXL
u_account_balance/balance_db_reg[13][5]   0.003716   9.188e-05    0.003938   0.0001296  SDFFQXL
u_account_balance/balance_db_reg[15][5]   0.003716   9.053e-05    0.003936   0.0001296  SDFFQXL
u_account_balance/balance_db_reg[12][5]   0.003714    8.82e-05    0.003932   0.0001296  SDFFQXL
u_account_balance/balance_db_reg[14][5]   0.003718    8.06e-05    0.003928   0.0001296  SDFFQXL
u_account_balance/balance_db_reg[13][4]   0.003701    9.42e-05    0.003925   0.0001296  SDFFQXL
u_account_balance/balance_db_reg[11][5]   0.003712   8.158e-05    0.003923   0.0001296  SDFFQXL
u_account_balance/balance_db_reg[3][10]   0.003553   0.0002286    0.003918   0.0001363  SDFFQX1
u_account_balance/balance_db_reg[15][4]   0.003701   8.741e-05    0.003918   0.0001296  SDFFQXL
u_account_balance/balance_db_reg[15][3]   0.003661   0.0001038    0.003894   0.0001296  SDFFQXL
u_account_balance/balance_db_reg[3][5]   0.003558   0.0001936    0.003888   0.0001363  SDFFQX1
u_account_balance/balance_db_reg[9][6]   0.003653   0.0001022    0.003885   0.0001296  SDFFQXL
u_account_balance/balance_db_reg[12][6]   0.003653   0.0001021    0.003885   0.0001296  SDFFQXL
u_account_balance/balance_db_reg[11][3]   0.003661   9.385e-05    0.003884   0.0001296  SDFFQXL
u_account_balance/balance_db_reg[13][3]   0.003661   9.152e-05    0.003882   0.0001296  SDFFQXL
u_account_balance/balance_db_reg[2][6]   0.003557   0.0001863     0.00388   0.0001363  SDFFQX1
u_account_balance/balance_db_reg[3][9]   0.003553   0.0001875    0.003877   0.0001363  SDFFQX1
u_account_balance/balance_db_reg[13][6]   0.003651   9.535e-05    0.003876   0.0001296  SDFFQXL
u_account_balance/balance_db_reg[3][3]   0.003558   0.0001806    0.003875   0.0001363  SDFFQX1
u_account_balance/balance_db_reg[2][7]   0.003553   0.0001833    0.003873   0.0001363  SDFFQX1
u_account_balance/balance_db_reg[11][6]   0.003651   8.908e-05     0.00387   0.0001296  SDFFQXL
u_account_balance/balance_db_reg[15][2]   0.003642   9.689e-05    0.003869   0.0001296  SDFFQXL
u_account_balance/balance_db_reg[2][1]   0.003562   0.0001704    0.003868   0.0001363  SDFFQX1
u_account_balance/balance_db_reg[3][14]   0.003552   0.0001798    0.003868   0.0001363  SDFFQX1
u_account_balance/balance_db_reg[2][10]   0.003555    0.000176    0.003867   0.0001363  SDFFQX1
u_account_balance/balance_db_reg[2][5]   0.003561   0.0001655    0.003863   0.0001363  SDFFQX1
u_account_balance/balance_db_reg[0][7]   0.003627   9.531e-05    0.003858   0.0001363  SDFFQX1
u_account_balance/balance_db_reg[8][7]   0.003629   9.175e-05    0.003857   0.0001363  SDFFQX1
u_account_balance/balance_db_reg[15][6]   0.003651    7.45e-05    0.003855   0.0001296  SDFFQXL
u_account_balance/balance_db_reg[1][14]   0.003549   0.0001688    0.003854   0.0001363  SDFFQX1
u_account_balance/balance_db_reg[11][2]   0.003642   8.124e-05    0.003853   0.0001296  SDFFQXL
u_account_balance/balance_db_reg[3][11]   0.003554    0.000163    0.003853   0.0001363  SDFFQX1
u_account_balance/balance_db_reg[2][3]   0.003558   0.0001576    0.003852   0.0001363  SDFFQX1
u_account_balance/balance_db_reg[3][12]   0.003554   0.0001604     0.00385   0.0001363  SDFFQX1
u_account_balance/balance_db_reg[1][3]   0.003555   0.0001585     0.00385   0.0001363  SDFFQX1
u_account_balance/balance_db_reg[10][7]   0.003629   8.202e-05    0.003847   0.0001363  SDFFQX1
u_account_balance/balance_db_reg[7][7]   0.003628   8.273e-05    0.003847   0.0001363  SDFFQX1
u_account_balance/balance_db_reg[1][1]   0.003556   0.0001519    0.003845   0.0001363  SDFFQX1
u_account_balance/balance_db_reg[14][7]   0.003629    7.87e-05    0.003844   0.0001363  SDFFQX1
u_account_balance/balance_db_reg[6][7]   0.003628   7.939e-05    0.003843   0.0001363  SDFFQX1
u_account_balance/balance_db_reg[12][7]   0.003628   7.917e-05    0.003843   0.0001363  SDFFQX1
u_account_balance/balance_db_reg[5][7]   0.003628   7.842e-05    0.003842   0.0001363  SDFFQX1
u_account_balance/balance_db_reg[1][7]   0.003549   0.0001556    0.003841   0.0001363  SDFFQX1
u_account_balance/balance_db_reg[4][7]   0.003628   7.591e-05     0.00384   0.0001363  SDFFQX1
u_account_balance/balance_db_reg[3][8]   0.003557   0.0001451    0.003838   0.0001363  SDFFQX1
u_account_balance/balance_db_reg[1][8]   0.003552    0.000147    0.003835   0.0001363  SDFFQX1
u_account_balance/balance_db_reg[2][13]   0.003552   0.0001462    0.003834   0.0001363  SDFFQX1
u_account_balance/balance_db_reg[3][6]   0.003556   0.0001412    0.003834   0.0001363  SDFFQX1
u_account_balance/balance_db_reg[2][11]   0.003553   0.0001437    0.003833   0.0001363  SDFFQX1
u_account_balance/balance_db_reg[2][4]   0.003561   0.0001351    0.003833   0.0001363  SDFFQX1
u_account_balance/balance_db_reg[2][9]   0.003553   0.0001414    0.003831   0.0001363  SDFFQX1
u_account_balance/balance_db_reg[3][1]    0.00356   0.0001343     0.00383   0.0001363  SDFFQX1
u_account_balance/balance_db_reg[2][12]   0.003555   0.0001356    0.003827   0.0001363  SDFFQX1
u_account_balance/balance_db_reg[2][8]   0.003556   0.0001343    0.003827   0.0001363  SDFFQX1
u_account_balance/balance_db_reg[1][11]   0.003551   0.0001393    0.003826   0.0001363  SDFFQX1
u_account_balance/balance_db_reg[1][4]   0.003556   0.0001333    0.003826   0.0001363  SDFFQX1
u_account_balance/balance_db_reg[1][10]    0.00355   0.0001391    0.003825   0.0001363  SDFFQX1
u_account_balance/balance_db_reg[3][4]   0.003502   0.0001868    0.003825   0.0001363  SDFFQX1
u_account_balance/balance_db_reg[1][9]   0.003551   0.0001354    0.003822   0.0001363  SDFFQX1
u_account_balance/balance_db_reg[1][6]   0.003501    0.000175    0.003812   0.0001363  SDFFQX1
u_account_balance/balance_db_reg[1][12]    0.00355   0.0001221    0.003809   0.0001363  SDFFQX1
u_account_balance/balance_db_reg[1][13]   0.003549    0.000123    0.003808   0.0001363  SDFFQX1
u_account_balance/balance_db_reg[1][2]   0.003499   0.0001694    0.003805   0.0001363  SDFFQX1
u_account_balance/balance_db_reg[3][13]   0.003552   0.0001122      0.0038   0.0001363  SDFFQX1
u_account_balance/balance_db_reg[3][2]   0.003504    0.000158    0.003798   0.0001363  SDFFQX1
u_account_balance/balance_db_reg[2][14]   0.003551   0.0001081    0.003796   0.0001363  SDFFQX1
u_account_balance/balance_db_reg[6][9]   0.003533   0.0001021    0.003772   0.0001363  SDFFQX1
u_account_balance/balance_db_reg[1][5]   0.003501   0.0001323     0.00377   0.0001363  SDFFQX1
u_account_balance/balance_db_reg[8][9]   0.003533   9.765e-05    0.003767   0.0001363  SDFFQX1
u_account_balance/balance_db_reg[10][1]   0.003519   0.0001102    0.003765   0.0001363  SDFFQX1
u_account_balance/balance_db_reg[7][11]   0.003532    9.43e-05    0.003762   0.0001363  SDFFQX1
u_account_balance/balance_db_reg[5][11]    0.00353   9.568e-05    0.003762   0.0001363  SDFFQX1
u_account_balance/balance_db_reg[9][7]   0.003536   9.625e-05    0.003762   0.0001296  SDFFQXL
u_account_balance/balance_db_reg[13][1]   0.003518   0.0001069    0.003761   0.0001363  SDFFQX1
u_account_balance/balance_db_reg[6][1]   0.003518   0.0001049     0.00376   0.0001363  SDFFQX1
u_account_balance/balance_db_reg[6][11]   0.003532   9.104e-05    0.003759   0.0001363  SDFFQX1
u_account_balance/balance_db_reg[4][9]   0.003533   8.819e-05    0.003758   0.0001363  SDFFQX1
u_account_balance/balance_db_reg[4][1]   0.003518   0.0001028    0.003758   0.0001363  SDFFQX1
u_account_balance/balance_db_reg[2][2]   0.003501   0.0001206    0.003757   0.0001363  SDFFQX1
u_account_balance/balance_db_reg[4][11]    0.00353   8.998e-05    0.003756   0.0001363  SDFFQX1
u_account_balance/balance_db_reg[5][9]   0.003533   8.263e-05    0.003752   0.0001363  SDFFQX1
u_account_balance/balance_db_reg[7][1]   0.003518   9.573e-05     0.00375   0.0001363  SDFFQX1
u_account_balance/balance_db_reg[14][1]   0.003518   9.257e-05    0.003747   0.0001363  SDFFQX1
u_account_balance/balance_db_reg[0][9]   0.003531   7.867e-05    0.003746   0.0001363  SDFFQX1
u_account_balance/balance_db_reg[5][1]   0.003519   9.071e-05    0.003746   0.0001363  SDFFQX1
u_account_balance/balance_db_reg[0][11]   0.003529   7.927e-05    0.003745   0.0001363  SDFFQX1
u_account_balance/balance_db_reg[7][9]   0.003533   7.462e-05    0.003744   0.0001363  SDFFQX1
u_account_balance/balance_db_reg[12][1]   0.003519    8.79e-05    0.003743   0.0001363  SDFFQX1
u_account_balance/balance_db_reg[13][7]   0.003533   7.965e-05    0.003742   0.0001296  SDFFQXL
u_account_balance/balance_db_reg[15][7]   0.003533    7.68e-05    0.003739   0.0001296  SDFFQXL
u_account_balance/balance_db_reg[11][7]   0.003533   7.472e-05    0.003737   0.0001296  SDFFQXL
u_account_balance/balance_db_reg[11][1]   0.003518   8.188e-05    0.003736   0.0001363  SDFFQX1
u_account_balance/balance_db_reg[8][1]   0.003519   8.039e-05    0.003735   0.0001363  SDFFQX1
u_account_balance/balance_db_reg[9][1]   0.003519   7.683e-05    0.003732   0.0001363  SDFFQX1
u_account_balance/balance_db_reg[0][1]   0.003518   7.526e-05    0.003729   0.0001363  SDFFQX1
u_account_balance/balance_db_reg[5][10]   0.003467   0.0001215    0.003724   0.0001363  SDFFQX1
u_account_balance/balance_db_reg[6][8]   0.003479   0.0001001    0.003715   0.0001363  SDFFQX1
u_account_balance/balance_db_reg[4][8]   0.003479   9.689e-05    0.003712   0.0001363  SDFFQX1
u_account_balance/balance_db_reg[5][8]   0.003479   9.617e-05    0.003711   0.0001363  SDFFQX1
u_account_balance/balance_db_reg[0][10]   0.003467   0.0001018    0.003705   0.0001363  SDFFQX1
u_account_balance/balance_db_reg[7][8]   0.003479   8.955e-05    0.003705   0.0001363  SDFFQX1
u_account_balance/balance_db_reg[6][10]   0.003468   9.515e-05      0.0037   0.0001363  SDFFQX1
u_account_balance/balance_db_reg[4][10]   0.003467   9.623e-05    0.003699   0.0001363  SDFFQX1
u_account_balance/balance_db_reg[14][8]   0.003479   8.369e-05    0.003699   0.0001363  SDFFQX1
u_account_balance/balance_db_reg[8][13]   0.003455   0.0001066    0.003698   0.0001363  SDFFQX1
u_account_balance/balance_db_reg[10][10]   0.003468   9.105e-05    0.003696   0.0001363  SDFFQX1
u_account_balance/balance_db_reg[6][13]   0.003455   0.0001027    0.003694   0.0001363  SDFFQX1
u_account_balance/balance_db_reg[0][8]   0.003478   7.518e-05     0.00369   0.0001363  SDFFQX1
u_account_balance/balance_db_reg[4][13]   0.003455   9.404e-05    0.003685   0.0001363  SDFFQX1
u_account_balance/balance_db_reg[5][13]   0.003455   9.053e-05    0.003682   0.0001363  SDFFQX1
u_account_balance/balance_db_reg[7][13]   0.003455   8.878e-05     0.00368   0.0001363  SDFFQX1
u_account_balance/balance_db_reg[7][10]   0.003468   7.366e-05    0.003678   0.0001363  SDFFQX1
u_barrier_ctrl/barrier_open_cmd_reg   0.003469   7.043e-05    0.003676   0.0001363  SDFFQX1
u_account_balance/balance_db_reg[0][13]   0.003454   8.547e-05    0.003675   0.0001363  SDFFQX1
u_account_balance/balance_db_reg[11][11]   0.003438   0.0001011    0.003668   0.0001296  SDFFQXL
u_account_balance/balance_db_reg[9][11]    0.00344   9.821e-05    0.003668   0.0001296  SDFFQXL
u_account_balance/balance_db_reg[13][9]   0.003439   9.675e-05    0.003666   0.0001296  SDFFQXL
u_account_balance/balance_db_reg[14][9]   0.003441   9.409e-05    0.003665   0.0001296  SDFFQXL
u_account_balance/balance_db_reg[15][1]   0.003425   0.0001095    0.003664   0.0001296  SDFFQXL
u_vehicle_interface/id_valid_reg   0.003385   0.0001423    0.003663   0.0001363  SDFFQX1
u_account_balance/balance_db_reg[11][9]   0.003439   9.349e-05    0.003662   0.0001296  SDFFQXL
u_account_balance/balance_db_reg[10][11]    0.00344    9.23e-05    0.003662   0.0001296  SDFFQXL
u_account_balance/balance_db_reg[13][11]   0.003438   9.377e-05    0.003661   0.0001296  SDFFQXL
u_account_balance/balance_db_reg[12][9]   0.003441   8.849e-05    0.003659   0.0001296  SDFFQXL
u_account_balance/balance_db_reg[14][11]   0.003439   9.028e-05    0.003659   0.0001296  SDFFQXL
u_account_balance/balance_db_reg[12][11]   0.003438   9.134e-05    0.003659   0.0001296  SDFFQXL
u_account_balance/balance_db_reg[9][9]   0.003441   8.822e-05    0.003659   0.0001296  SDFFQXL
u_account_balance/balance_db_reg[10][9]   0.003441   8.081e-05    0.003652   0.0001296  SDFFQXL
u_account_balance/balance_db_reg[7][15]   0.003416   9.905e-05    0.003651   0.0001363  SDFFQX1
u_account_balance/balance_db_reg[15][9]   0.003439   8.135e-05     0.00365   0.0001296  SDFFQXL
u_account_balance/balance_db_reg[8][11]    0.00344    7.78e-05    0.003647   0.0001296  SDFFQXL
u_account_balance/balance_db_reg[15][11]   0.003437   8.006e-05    0.003647   0.0001296  SDFFQXL
u_account_balance/balance_db_reg[6][15]   0.003416   8.943e-05    0.003642   0.0001363  SDFFQX1
u_account_balance/balance_db_reg[14][15]    0.00341   9.225e-05    0.003639   0.0001363  SDFFQX1
u_account_balance/balance_db_reg[9][8]   0.003388   0.0001205    0.003638   0.0001296  SDFFQXL
u_account_balance/balance_db_reg[0][15]   0.003409   8.946e-05    0.003635   0.0001363  SDFFQX1
u_account_balance/balance_db_reg[12][15]   0.003411   8.433e-05    0.003631   0.0001363  SDFFQX1
u_account_balance/balance_db_reg[10][15]   0.003411   8.303e-05     0.00363   0.0001363  SDFFQX1
u_account_balance/balance_db_reg[8][15]   0.003411   8.207e-05    0.003629   0.0001363  SDFFQX1
u_account_balance/balance_db_reg[8][8]   0.003388   0.0001113    0.003629   0.0001296  SDFFQXL
u_account_balance/balance_db_reg[5][15]   0.003411   8.135e-05    0.003628   0.0001363  SDFFQX1
u_account_balance/balance_db_reg[4][15]   0.003411   7.754e-05    0.003624   0.0001363  SDFFQX1
u_account_balance/balance_db_reg[9][15]   0.003411   7.486e-05    0.003622   0.0001363  SDFFQX1
u_account_balance/balance_db_reg[11][8]   0.003386   0.0001026    0.003619   0.0001296  SDFFQXL
u_account_balance/balance_db_reg[13][8]   0.003386   0.0001001    0.003616   0.0001296  SDFFQXL
u_account_balance/balance_db_reg[12][8]   0.003387    9.22e-05    0.003609   0.0001296  SDFFQXL
u_account_balance/balance_db_reg[8][10]   0.003377   9.799e-05    0.003605   0.0001296  SDFFQXL
u_account_balance/balance_db_reg[9][10]   0.003377   9.814e-05    0.003605   0.0001296  SDFFQXL
u_account_balance/balance_db_reg[13][10]   0.003374   0.0001005    0.003604   0.0001296  SDFFQXL
u_account_balance/balance_db_reg[10][13]   0.003364   0.0001082    0.003602   0.0001296  SDFFQXL
u_account_balance/balance_db_reg[15][8]   0.003386   8.028e-05    0.003596   0.0001296  SDFFQXL
u_account_balance/balance_db_reg[12][10]   0.003377   8.876e-05    0.003595   0.0001296  SDFFQXL
u_account_balance/balance_db_reg[10][8]   0.003387   7.504e-05    0.003592   0.0001296  SDFFQXL
u_account_balance/balance_db_reg[15][10]   0.003375   8.293e-05    0.003588   0.0001296  SDFFQXL
u_account_balance/balance_db_reg[12][13]   0.003364   9.424e-05    0.003587   0.0001296  SDFFQXL
u_account_balance/balance_db_reg[14][13]   0.003363   9.418e-05    0.003587   0.0001296  SDFFQXL
u_account_balance/balance_db_reg[11][10]   0.003375   8.203e-05    0.003587   0.0001296  SDFFQXL
u_account_balance/balance_db_reg[9][13]   0.003364   9.341e-05    0.003587   0.0001296  SDFFQXL
u_account_balance/balance_db_reg[14][10]   0.003376   7.436e-05     0.00358   0.0001296  SDFFQXL
u_account_balance/balance_db_reg[13][13]   0.003362   8.791e-05     0.00358   0.0001296  SDFFQXL
u_account_balance/balance_db_reg[15][13]   0.003362   7.907e-05     0.00357   0.0001296  SDFFQXL
u_account_balance/balance_db_reg[11][13]   0.003362   7.415e-05    0.003566   0.0001296  SDFFQXL
u_account_balance/charge_done_reg   0.003312   0.0001032    0.003552   0.0001363  SDFFQX1
u_account_balance/balance_db_reg[15][15]   0.003319   0.0001026    0.003551   0.0001296  SDFFQXL
u_account_balance/balance_db_reg[11][15]   0.003319   8.033e-05    0.003529   0.0001296  SDFFQXL
u_account_balance/balance_db_reg[4][12]   0.003283   0.0001068    0.003526   0.0001363  SDFFQX1
u_account_balance/balance_db_reg[13][15]   0.003319   7.599e-05    0.003524   0.0001296  SDFFQXL
u_account_balance/balance_db_reg[7][12]   0.003283   9.743e-05    0.003517   0.0001363  SDFFQX1
u_account_balance/balance_db_reg[6][12]   0.003283   9.623e-05    0.003515   0.0001363  SDFFQX1
u_account_balance/balance_db_reg[0][12]   0.003282   9.384e-05    0.003512   0.0001363  SDFFQX1
u_account_balance/balance_db_reg[5][12]   0.003283   9.025e-05    0.003509   0.0001363  SDFFQX1
u_account_balance/balance_db_reg[8][14]   0.003269   0.0001002    0.003505   0.0001363  SDFFQX1
u_account_balance/balance_db_reg[6][14]   0.003269   9.697e-05    0.003502   0.0001363  SDFFQX1
u_account_balance/balance_db_reg[0][14]   0.003268   9.772e-05    0.003502   0.0001363  SDFFQX1
u_account_balance/balance_db_reg[7][14]   0.003269   9.658e-05    0.003502   0.0001363  SDFFQX1
u_account_balance/balance_db_reg[4][14]   0.003269   9.133e-05    0.003496   0.0001363  SDFFQX1
u_account_balance/balance_db_reg[5][14]   0.003269   9.124e-05    0.003496   0.0001363  SDFFQX1
u_account_balance/balance_db_reg[8][12]   0.003194   0.0001013    0.003425   0.0001296  SDFFQXL
u_account_balance/balance_db_reg[10][12]   0.003194   0.0001011    0.003425   0.0001296  SDFFQXL
u_account_balance/balance_db_reg[9][12]   0.003194    8.98e-05    0.003413   0.0001296  SDFFQXL
u_account_balance/balance_db_reg[15][12]   0.003193   8.893e-05    0.003412   0.0001296  SDFFQXL
u_account_balance/balance_db_reg[13][12]   0.003193   8.464e-05    0.003408   0.0001296  SDFFQXL
u_account_balance/balance_db_reg[12][12]   0.003194   8.108e-05    0.003405   0.0001296  SDFFQXL
u_account_balance/balance_db_reg[9][14]    0.00318   9.388e-05    0.003404   0.0001296  SDFFQXL
u_account_balance/balance_db_reg[13][14]    0.00318   9.378e-05    0.003403   0.0001296  SDFFQXL
u_account_balance/balance_db_reg[14][12]   0.003194   7.774e-05    0.003401   0.0001296  SDFFQXL
u_account_balance/balance_db_reg[11][12]   0.003193   7.528e-05    0.003398   0.0001296  SDFFQXL
u_account_balance/balance_db_reg[12][14]    0.00318   8.717e-05    0.003397   0.0001296  SDFFQXL
u_account_balance/balance_db_reg[15][14]   0.003179   8.585e-05    0.003395   0.0001296  SDFFQXL
u_account_balance/balance_db_reg[10][14]    0.00318   8.355e-05    0.003394   0.0001296  SDFFQXL
u_account_balance/balance_db_reg[11][14]   0.003179   8.122e-05     0.00339   0.0001296  SDFFQXL
u_account_balance/balance_db_reg[14][14]    0.00318   7.955e-05    0.003389   0.0001296  SDFFQXL
u_account_balance/g13195       0.0007505    0.002177       0.003   7.254e-05  CLKXOR2X1
u_account_balance/g13188       0.0005684    0.002356    0.002967   4.264e-05  AO21X1
u_account_balance/g13197       0.0005089    0.002042    0.002593   4.264e-05  AO21X1
u_account_balance/g13193       0.0003809    0.001868    0.002262   1.299e-05  OAI21X1
u_account_balance/g13168       0.0003577     0.00164    0.002011   1.299e-05  OAI21X1
u_account_balance/g13174       0.0002955    0.001679    0.001987   1.301e-05  CLKINVX1
u_account_balance/g13175        0.001019   0.0007388    0.001854   9.553e-05  ADDHX1
u_account_balance/g13149       0.0003375    0.001448    0.001828   4.264e-05  AO21X1
u_account_balance/g13138       0.0003328    0.001459    0.001805   1.299e-05  OAI21X1
u_account_balance/g13202         0.00105   0.0007012    0.001787   3.607e-05  NOR2X2
u_account_balance/g13157       0.0003197    0.001451    0.001784   1.299e-05  OAI21X1
u_account_balance/g13458       0.0005107    0.001103    0.001695   8.078e-05  CLKAND2X3
u_account_balance/g13142       0.0003406    0.001268    0.001652   4.264e-05  AO21X1
u_account_balance/g13178       0.0003558    0.001189    0.001588   4.264e-05  AO21X1
u_account_balance/g13463       0.0004281   0.0009505    0.001418   3.898e-05  CLKINVX3
u_account_balance/g3407        0.0002127    0.001192    0.001417   1.301e-05  CLKINVX1
u_account_balance/g4343        0.0001235    0.001189    0.001327   1.403e-05  NAND2X1
u_account_balance/g4347        0.0001699   0.0009604    0.001165   3.499e-05  NAND2BX1
u_account_balance/g13137       0.0002786   0.0008722    0.001164   1.299e-05  OAI21X1
u_account_balance/g13455       0.0003005   0.0008035    0.001149     4.5e-05  CLKAND2X2
u_account_balance/g4346         0.000226   0.0008707    0.001139   4.264e-05  AO21X1
u_account_balance/g13450       0.0001959   0.0008972    0.001119   2.599e-05  CLKINVX2
u_account_balance/g13192       0.0005251   0.0005385    0.001082   1.816e-05  NOR2X1
u_account_balance/g13474       0.0002412   0.0007564    0.001019   2.127e-05  OAI2BB1X1
u_account_balance/g13139        0.000158   0.0008113    0.001004   3.499e-05  NAND2BX1
u_account_balance/g13194       0.0003783    0.000541   0.0009324   1.299e-05  OAI21X1
u_account_balance/g3405         0.000468   0.0004343   0.0009154   1.301e-05  CLKINVX1
u_account_balance/g13456       0.0003014   0.0005569   0.0009034     4.5e-05  CLKAND2X2
u_account_balance/g13213       0.0006016   0.0002475   0.0008694   2.034e-05  NOR3X1
u_barrier_ctrl/g335            0.0005342   0.0002688   0.0008249   2.186e-05  NOR3BX1
u_account_balance/g13445       0.0001656   0.0006311   0.0008238   2.717e-05  AND2X1
u_account_balance/g13444       0.0002071    0.000583   0.0008082   1.816e-05  NOR2X1
u_account_balance/g3403        0.0001126   0.0006561   0.0007817   1.301e-05  CLKINVX1
u_account_balance/g13209       0.0006008    0.000156   0.0007787   2.186e-05  NOR3BX1
u_account_balance/g13473       0.0002306   0.0004978   0.0007667   3.838e-05  NOR2BX2
u_account_balance/g13205       0.0005583   0.0001858   0.0007645   2.034e-05  NOR3X1
u_account_balance/g4366        0.0004124   0.0003097   0.0007352   1.301e-05  CLKINVX1
u_account_balance/g13438       0.0001013   0.0005818   0.0006962   1.301e-05  CLKINVX1
u_account_balance/g13432       8.738e-05   0.0005063   0.0006209   2.717e-05  AND2X1
u_account_balance/g13408       8.659e-05   0.0004986   0.0006124   2.717e-05  AND2X1
u_account_balance/g4365        9.228e-05   0.0004985   0.0006037   1.301e-05  CLKINVX1
u_account_balance/g13453       0.0001614   0.0004142   0.0006028   2.717e-05  AND2X1
u_account_balance/g13412       8.241e-05   0.0004893   0.0005989   2.717e-05  AND2X1
u_account_balance/g13414       4.626e-05   0.0005235   0.0005828   1.301e-05  CLKINVX1
u_account_balance/g13405       0.0001021   0.0004313   0.0005516   1.816e-05  NOR2X1
u_account_balance/g13447       0.0001262   0.0004081   0.0005473   1.301e-05  CLKINVX1
u_account_balance/g13406       8.567e-05   0.0004324   0.0005452   2.717e-05  AND2X1
u_account_balance/g13391       4.603e-05   0.0004841   0.0005432   1.301e-05  CLKINVX1
u_account_balance/g13407       8.481e-05   0.0004293   0.0005413   2.717e-05  AND2X1
u_account_balance/g13454       0.0001309   0.0003971   0.0005404   1.236e-05  NOR2XL
u_account_balance/FE_OFC0_n_481  0.0001908   0.0003193   0.0005361   2.599e-05  INVX2
u_account_balance/g13392       4.657e-05   0.0004741   0.0005337   1.301e-05  CLKINVX1
u_account_balance/g13204       0.0004556   4.404e-05   0.0005196   1.995e-05  AOI211X1
u_account_balance/g13287       0.0003876   0.0001108   0.0005179    1.95e-05  AOI221X1
u_account_balance/g13218       0.0002837   0.0002066   0.0005163   2.601e-05  AND4X1
u_account_balance/g13277       0.0003361   0.0001607    0.000515   1.815e-05  AOI21X1
u_account_balance/g13390        4.62e-05    0.000446   0.0005052   1.301e-05  CLKINVX1
g354                            0.000254   0.0002289   0.0005008   1.791e-05  OAI22X1
u_account_balance/g13187       0.0001434   0.0003376   0.0004951   1.403e-05  NAND2X1
u_account_balance/g13172       0.0002432   0.0002301   0.0004933   2.004e-05  NOR2BX1
u_account_balance/g3406        0.0002258   0.0002516   0.0004904   1.301e-05  CLKINVX1
u_account_balance/g13371       0.0003689   9.286e-05   0.0004812    1.95e-05  AOI221X1
u_account_balance/g3408        0.0002263   0.0002381   0.0004774   1.301e-05  CLKINVX1
u_account_balance/g13475       0.0003564   9.234e-05   0.0004682    1.95e-05  AOI221X1
u_account_balance/g13446       9.754e-05    0.000351   0.0004615   1.301e-05  CLKINVX1
u_account_balance/g13462        9.49e-05   0.0003528   0.0004607   1.301e-05  CLKINVX1
u_account_balance/g13283       0.0003627   7.588e-05   0.0004586   2.004e-05  NOR2BX1
u_account_balance/g13389       4.642e-05   0.0003979   0.0004573   1.301e-05  CLKINVX1
u_account_balance/g13210       0.0002358   0.0002082   0.0004563   1.236e-05  NOR2XL
u_account_balance/g13443       0.0001309   0.0003125   0.0004557   1.236e-05  NOR2XL
u_account_balance/g13388       4.619e-05   0.0003951   0.0004543   1.301e-05  CLKINVX1
u_account_balance/g13230       0.0003601   7.136e-05   0.0004509    1.95e-05  AOI221X1
u_account_balance/g13286        0.000372   5.295e-05   0.0004444    1.95e-05  AOI221X1
u_account_balance/g13437       0.0001205   0.0003087   0.0004421   1.301e-05  CLKINVX1
u_account_balance/g13413       4.757e-05   0.0003765   0.0004371   1.301e-05  CLKINVX1
u_account_balance/g13288       0.0003214   8.616e-05   0.0004255   1.791e-05  OAI22X1
u_account_balance/g13231       0.0003552   4.775e-05   0.0004225    1.95e-05  AOI221X1
u_account_balance/g13260       0.0003341   5.716e-05   0.0004108    1.95e-05  AOI221X1
u_account_balance/g13256       0.0003501   3.835e-05   0.0004088   2.034e-05  NOR3X1
u_account_balance/g13225       0.0002978   9.241e-05   0.0004081   1.791e-05  OAI22X1
u_barrier_ctrl/g326            0.0003149   7.631e-05   0.0004052   1.402e-05  OAI31X1
g423                           0.0002528   0.0001325   0.0004032   1.791e-05  OAI22X1
u_account_balance/g13351       0.0002958   8.178e-05   0.0003957   1.815e-05  AOI21X1
u_barrier_ctrl/g214            0.0002375   0.0001155   0.0003956   4.264e-05  AO21X1
u_account_balance/g13264       0.0003155    5.68e-05   0.0003922   1.995e-05  AOI211X1
u_vehicle_interface/g201       0.0001661   0.0002103   0.0003889   1.236e-05  NOR2XL
u_account_balance/g13196       0.0002399   0.0001105   0.0003886   3.828e-05  OR2XL
u_account_balance/g13278       0.0003138   5.142e-05   0.0003852   1.995e-05  AOI211X1
u_account_balance/g13424       0.0002728   8.751e-05   0.0003782   1.791e-05  OAI22X1
u_account_balance/g13282       0.0002484    0.000101   0.0003765   2.717e-05  AND2X1
u_account_balance/g13226       0.0001117   0.0002514   0.0003724   9.289e-06  NAND2XL
g419                           0.0003094   4.506e-05   0.0003723   1.787e-05  OAI32X1
u_account_balance/g13246       0.0002907   6.149e-05   0.0003705   1.833e-05  AOI22X1
g351                           9.712e-05   0.0002599   0.0003694   1.236e-05  NOR2XL
u_account_balance/g13247       0.0002977   5.069e-05   0.0003663   1.791e-05  OAI22X1
u_account_balance/g13229       0.0002983   4.891e-05   0.0003651   1.791e-05  OAI22X1
u_account_balance/g13421       0.0002743   6.961e-05   0.0003618   1.791e-05  OAI22X1
u_account_balance/g13221       0.0002347    0.000111   0.0003581   1.236e-05  NOR2XL
u_account_balance/g13211       0.0001756   0.0001665   0.0003573   1.511e-05  NAND3X1
u_account_balance/g13285       0.0002833   5.204e-05   0.0003535   1.815e-05  AOI21X1
u_account_balance/g13457       0.0001224   0.0002123   0.0003487   1.403e-05  NAND2X1
u_account_balance/g13468       0.0002002   0.0001238   0.0003441   2.004e-05  NOR2BX1
u_account_balance/g13206       0.0001173   0.0002143    0.000342   1.046e-05  NAND4XL
u_account_balance/g13248        0.000272   5.082e-05   0.0003411   1.833e-05  AOI22X1
g429                            0.000105    0.000223    0.000341   1.301e-05  INVX1
g356                           0.0001233     0.00019   0.0003405   2.717e-05  AND2X1
u_account_balance/g13427       0.0002474   7.027e-05    0.000336   1.833e-05  AOI22X1
u_account_balance/g13380       0.0002302    8.66e-05   0.0003351   1.833e-05  AOI22X1
u_account_balance/g13214       0.0001683   0.0001539   0.0003345   1.236e-05  NOR2XL
u_account_balance/g13224       0.0001782    0.000143   0.0003336   1.236e-05  NOR2XL
u_account_balance/g13203       0.0001852   0.0001349   0.0003331   1.301e-05  CLKINVX1
u_account_balance/g13449       9.479e-05   0.0002247   0.0003325   1.301e-05  CLKINVX1
g353                           0.0001283   0.0001833   0.0003308    1.92e-05  OAI2BB1XL
u_account_balance/g4321        0.0002395   4.777e-05   0.0003303   4.309e-05  AO22X1
u_account_balance/g13350       0.0001794   0.0001195   0.0003259   2.704e-05  MXI2XL
u_account_balance/g13401       6.556e-05   0.0002464   0.0003243   1.236e-05  NOR2XL
u_account_balance/g13384       0.0002322   7.375e-05   0.0003242   1.833e-05  AOI22X1
u_account_balance/g13349       0.0001796   0.0001175   0.0003241   2.704e-05  MXI2XL
g363                           9.655e-05   0.0002121   0.0003217   1.301e-05  CLKINVX1
u_account_balance/g13429       0.0002487    5.38e-05   0.0003208   1.833e-05  AOI22X1
u_account_balance/g13212       0.0001256   0.0001845   0.0003205   1.046e-05  NAND4XL
u_barrier_ctrl/g331            0.0002309     7.1e-05   0.0003202   1.833e-05  AOI22X1
u_account_balance/g13426        0.000249   5.251e-05   0.0003198   1.833e-05  AOI22X1
u_account_balance/g13402       6.623e-05    0.000241   0.0003195   1.236e-05  NOR2XL
u_account_balance/g13385       0.0002308   6.921e-05   0.0003183   1.833e-05  AOI22X1
u_account_balance/g13236       0.0001879   0.0001126   0.0003146    1.41e-05  OAI211X1
u_account_balance/g13353       0.0001794   0.0001071   0.0003135   2.704e-05  MXI2XL
u_account_balance/g13422       0.0002493   4.572e-05   0.0003133   1.833e-05  AOI22X1
u_account_balance/g13428       0.0002494    4.52e-05   0.0003129   1.833e-05  AOI22X1
u_account_balance/g13420       0.0002494   4.466e-05   0.0003124   1.833e-05  AOI22X1
u_account_balance/g13207       0.0001164   0.0001852   0.0003121   1.046e-05  NAND4XL
u_account_balance/g13375       0.0002311   6.247e-05   0.0003119   1.833e-05  AOI22X1
u_account_balance/g13442       6.158e-05   0.0002404   0.0003113   9.289e-06  NAND2XL
u_barrier_ctrl/g333            0.0001632   0.0001346   0.0003102   1.236e-05  NOR2XL
u_account_balance/g13199       0.0001988   8.571e-05   0.0003092   2.466e-05  AND2XL
g418                           0.0002237   6.642e-05   0.0003085   1.833e-05  AOI22X1
u_account_balance/g13430       0.0002248   6.264e-05   0.0003057   1.833e-05  AOI22X1
u_account_balance/g13176       0.0002297   5.311e-05   0.0003029   2.004e-05  NOR2BX1
g413                           0.0002355   5.156e-05   0.0003001   1.314e-05  OAI221X1
u_account_balance/g13373       0.0002308   5.063e-05   0.0002997   1.833e-05  AOI22X1
u_account_balance/g13352       0.0001769   9.527e-05   0.0002992   2.704e-05  MXI2XL
g352                           0.0001028   0.0001862   0.0002983   9.336e-06  OAI211XL
u_account_balance/g13200       0.0001143   0.0001747   0.0002983   9.289e-06  NAND2XL
u_account_balance/g13180       0.0001356    0.000147    0.000295   1.236e-05  NOR2XL
u_account_balance/g13415       0.0002246   4.957e-05   0.0002925   1.833e-05  AOI22X1
g357                           0.0001242   0.0001241   0.0002908   4.256e-05  OR2X1
u_account_balance/g13354       0.0001795   8.243e-05    0.000289   2.704e-05  MXI2XL
u_account_balance/g4307        0.0001845    6.27e-05    0.000286   3.881e-05  AO22XL
u_account_balance/g13452       0.0001469    0.000126   0.0002853   1.236e-05  NOR2XL
g360                           0.0001316   0.0001396   0.0002835   1.236e-05  NOR2XL
u_vehicle_interface/g199       0.0001833   6.128e-05   0.0002834   3.881e-05  AO22XL
u_account_balance/g4309        0.0001844    6.02e-05   0.0002834   3.881e-05  AO22XL
u_barrier_ctrl/g328            0.0002127   5.741e-05   0.0002831   1.299e-05  OAI21X1
u_account_balance/g4308        0.0001845   5.959e-05   0.0002829   3.881e-05  AO22XL
g414                           0.0002241   4.561e-05   0.0002828   1.314e-05  OAI221X1
g350                           9.758e-05   0.0001709   0.0002809   1.236e-05  NOR2XL
u_account_balance/g4316        0.0001704    7.05e-05   0.0002797   3.881e-05  AO22XL
u_account_balance/g4312          0.00018   5.976e-05   0.0002786   3.881e-05  AO22XL
u_account_balance/g4280        0.0001797   5.897e-05   0.0002775   3.881e-05  AO22XL
g415                            0.000201   6.194e-05    0.000277    1.41e-05  OAI211X1
u_account_balance/g4304        0.0001851   5.135e-05   0.0002752   3.881e-05  AO22XL
u_account_balance/g13270       0.0001677   8.816e-05   0.0002742   1.833e-05  AOI22X1
u_account_balance/g4305        0.0001708   6.445e-05   0.0002741   3.881e-05  AO22XL
u_account_balance/g13381       0.0001689    9.17e-05   0.0002736   1.299e-05  OAI21X1
u_account_balance/g4315        0.0001799   5.415e-05   0.0002729   3.881e-05  AO22XL
u_account_balance/g4302        0.0001852   4.886e-05   0.0002728   3.881e-05  AO22XL
u_account_balance/g13482       0.0001668   6.645e-05   0.0002721   3.881e-05  AO22XL
u_account_balance/g4314        0.0001806   5.212e-05   0.0002715   3.881e-05  AO22XL
g428                           0.0001296   0.0001068   0.0002713   3.499e-05  NAND2BX1
u_account_balance/g4318        0.0001796   5.259e-05    0.000271   3.881e-05  AO22XL
u_account_balance/g4306        0.0001849    4.64e-05   0.0002701   3.881e-05  AO22XL
u_account_balance/g4311        0.0001802   5.083e-05   0.0002699   3.881e-05  AO22XL
u_account_balance/g13227       0.0001877   6.782e-05   0.0002697    1.41e-05  OAI211X1
u_vehicle_interface/g196       0.0001688   6.192e-05   0.0002695   3.881e-05  AO22XL
u_account_balance/g13377       0.0001541   7.616e-05    0.000269   3.881e-05  AO22XL
u_account_balance/g13219       0.0001243   0.0001312   0.0002679   1.236e-05  NOR2XL
u_account_balance/g4310        0.0001707    5.83e-05   0.0002678   3.881e-05  AO22XL
u_barrier_ctrl/g327            0.0001789   6.119e-05   0.0002671   2.704e-05  MXI2XL
u_account_balance/g13201       0.0001644   7.198e-05   0.0002651   2.877e-05  NAND2BXL
g425                           0.0001319   0.0001197    0.000264   1.236e-05  NOR2XL
u_vehicle_interface/g202        0.000128   0.0001146   0.0002626   2.004e-05  NOR2BX1
u_account_balance/g4317        0.0001801   4.343e-05   0.0002624   3.881e-05  AO22XL
u_account_balance/g13387       0.0001541   6.896e-05   0.0002619   3.881e-05  AO22XL
u_account_balance/g4313        0.0001706   5.197e-05   0.0002614   3.881e-05  AO22XL
g427                           0.0001697   7.749e-05   0.0002595   1.236e-05  NOR2XL
u_vehicle_interface/g198       0.0001684   5.119e-05   0.0002584   3.881e-05  AO22XL
u_account_balance/g13484       0.0001672   5.187e-05   0.0002579   3.881e-05  AO22XL
g361                           6.078e-05   0.0001871   0.0002572   9.289e-06  NAND2XL
g424                           0.0001349   8.702e-05   0.0002569   3.499e-05  NAND2BX1
u_account_balance/g13382       0.0001542   6.303e-05    0.000256   3.881e-05  AO22XL
u_account_balance/g4319        0.0001705   4.648e-05   0.0002558   3.881e-05  AO22XL
u_vehicle_interface/g197        0.000167   4.891e-05   0.0002548   3.881e-05  AO22XL
u_barrier_ctrl/g337             0.000159   6.824e-05   0.0002544   2.717e-05  AND2X1
u_account_balance/g13481       0.0001537   5.863e-05   0.0002511   3.881e-05  AO22XL
u_account_balance/g13220       0.0001246   0.0001135   0.0002505   1.236e-05  NOR2XL
u_account_balance/g13483       0.0001674   4.373e-05   0.0002499   3.881e-05  AO22XL
u_account_balance/g13376       0.0001683   6.658e-05   0.0002479   1.299e-05  OAI21X1
u_account_balance/g13216        0.000169   6.465e-05    0.000246   1.236e-05  NOR2XL
u_barrier_ctrl/g330            0.0001877   4.107e-05   0.0002454   1.662e-05  NOR2BXL
u_barrier_ctrl/g220            0.0001312   5.089e-05   0.0002391   5.698e-05  OR3X1
g348                           0.0001593   3.575e-05   0.0002376   4.256e-05  OR2X1
u_account_balance/g13234        0.000184   3.529e-05   0.0002374   1.815e-05  AOI21X1
u_account_balance/g13279       0.0001683    5.45e-05   0.0002358     1.3e-05  AOI222XL
u_barrier_ctrl/g215            0.0001615   5.964e-05   0.0002352   1.402e-05  OAI31X1
u_account_balance/g13267        0.000167   5.493e-05   0.0002349     1.3e-05  AOI222XL
u_account_balance/g13369       0.0001611   5.992e-05    0.000234   1.299e-05  OAI21X1
u_account_balance/g13276       0.0001665   4.881e-05   0.0002337   1.833e-05  AOI22X1
u_account_balance/g13184       5.952e-05   0.0001023    0.000233   7.123e-05  OR4X1
u_barrier_ctrl/g324            0.0001557   5.599e-05    0.000233   2.127e-05  OAI2BB1X1
u_account_balance/g13461       0.0001074   0.0001107   0.0002311   1.301e-05  CLKINVX1
u_barrier_ctrl/g334            0.0001705   4.737e-05   0.0002309   1.301e-05  INVX1
u_account_balance/g13476       0.0001731   4.339e-05   0.0002294     1.3e-05  AOI222XL
u_account_balance/g13419       0.0001533   6.337e-05    0.000229   1.229e-05  AOI22XL
u_account_balance/g13269       0.0001696   4.614e-05   0.0002287     1.3e-05  AOI222XL
u_account_balance/g13274       0.0001687    4.42e-05   0.0002259     1.3e-05  AOI222XL
u_account_balance/g13272       0.0001689   4.388e-05   0.0002258     1.3e-05  AOI222XL
u_account_balance/g13367       0.0001541    5.93e-05   0.0002257   1.236e-05  NOR2XL
u_account_balance/g13366       0.0001411   7.049e-05   0.0002239   1.236e-05  NOR2XL
u_account_balance/g13379       0.0001426   6.793e-05   0.0002228   1.229e-05  AOI22XL
u_account_balance/g13416       0.0001536   5.677e-05   0.0002227   1.229e-05  AOI22XL
u_barrier_ctrl/g336             0.000131   7.639e-05   0.0002198   1.236e-05  NOR2XL
u_barrier_ctrl/g332            6.665e-05   0.0001229   0.0002174    2.78e-05  NAND4BXL
u_account_balance/g13275       0.0001713   3.228e-05   0.0002166     1.3e-05  AOI222XL
u_account_balance/g13355       0.0001326   6.693e-05   0.0002125   1.299e-05  OAI21X1
u_account_balance/g13418       0.0001543   4.246e-05    0.000209   1.229e-05  AOI22XL
u_account_balance/g13304       0.0001232   6.664e-05   0.0002082   1.833e-05  AOI22X1
u_account_balance/g13470       0.0001308   4.175e-05   0.0002075   3.499e-05  NAND2BX1
g421                           0.0001286   6.591e-05   0.0002075   1.301e-05  INVX1
u_account_balance/g13372       0.0001428   5.156e-05   0.0002066   1.229e-05  AOI22XL
u_account_balance/g13471       0.0001299   4.159e-05   0.0002065   3.499e-05  NAND2BX1
g355                           9.752e-05   9.565e-05   0.0002055   1.236e-05  NOR2XL
u_account_balance/g13302       0.0001199   6.355e-05   0.0002016   1.815e-05  AOI21X1
u_account_balance/g13383       0.0001415   4.765e-05   0.0002015   1.229e-05  AOI22XL
u_account_balance/g13271       0.0001566   2.544e-05   0.0002002   1.815e-05  AOI21X1
u_account_balance/g13435       0.0001193   6.776e-05   0.0002001   1.301e-05  CLKINVX1
u_account_balance/g13386       0.0001429   4.394e-05   0.0001992   1.229e-05  AOI22XL
u_account_balance/g13244       0.0001232   6.143e-05    0.000197   1.236e-05  NOR2XL
g364                           0.0001022   8.162e-05   0.0001968   1.301e-05  CLKINVX1
u_account_balance/g13378       0.0001415   4.268e-05   0.0001965   1.229e-05  AOI22XL
u_account_balance/g3409        0.0001004   8.188e-05   0.0001953   1.301e-05  CLKINVX1
u_account_balance/g13140       0.0001382   3.974e-05   0.0001902   1.236e-05  NOR2XL
u_account_balance/g13170         5.9e-05   0.0001213   0.0001896   9.289e-06  NAND2XL
u_account_balance/g13341       0.0001228   4.718e-05   0.0001883   1.833e-05  AOI22X1
u_account_balance/g4282        0.0001186   5.511e-05   0.0001878    1.41e-05  OAI211X1
u_account_balance/g13251       0.0001462   2.267e-05   0.0001871   1.815e-05  AOI21X1
u_account_balance/g13328        0.000127   4.157e-05   0.0001869   1.833e-05  AOI22X1
u_barrier_ctrl/g217            6.272e-05   0.0001114   0.0001865   1.236e-05  NOR2XL
g417                           6.494e-05   5.461e-05   0.0001865    6.69e-05  OR4XL
u_account_balance/g13333       0.0001392   2.826e-05   0.0001858   1.833e-05  AOI22X1
u_account_balance/g4336        8.913e-05    8.73e-05   0.0001857   9.289e-06  NAND2XL
u_account_balance/g13273       0.0001221   5.031e-05   0.0001854   1.299e-05  OAI21X1
u_account_balance/g13198       0.0001122   4.393e-05   0.0001839    2.78e-05  NAND4BXL
g358                            5.98e-05   0.0001147   0.0001838   9.289e-06  NAND2XL
u_account_balance/g13336       0.0001277   3.721e-05   0.0001832   1.833e-05  AOI22X1
u_account_balance/g13314       0.0001287    3.53e-05   0.0001823   1.833e-05  AOI22X1
u_account_balance/g13344       0.0001234   4.043e-05   0.0001822   1.833e-05  AOI22X1
g359                           6.372e-05   0.0001077   0.0001807   9.289e-06  NAND2XL
g422                           7.986e-05   5.818e-05   0.0001806   4.256e-05  OR2X1
u_account_balance/g13346       0.0001233   3.856e-05   0.0001802   1.833e-05  AOI22X1
u_account_balance/g13281       9.364e-05   7.711e-05     0.00018   9.289e-06  NAND2XL
u_account_balance/g13313       0.0001235   3.777e-05   0.0001796   1.833e-05  AOI22X1
u_account_balance/g13331       0.0001221   3.645e-05   0.0001768   1.833e-05  AOI22X1
u_account_balance/g13398       0.0001098   5.027e-05   0.0001767   1.662e-05  NOR2BXL
u_account_balance/g13298       0.0001295   2.848e-05   0.0001763   1.833e-05  AOI22X1
u_account_balance/g4357         6.12e-05   0.0001055    0.000176   9.289e-06  NAND2XL
u_account_balance/g13309       0.0001289   2.844e-05   0.0001757   1.833e-05  AOI22X1
u_account_balance/g13300       0.0001288   2.751e-05   0.0001746   1.833e-05  AOI22X1
u_account_balance/g4320         0.000119   4.084e-05    0.000174    1.41e-05  OAI211X1
u_account_balance/g13315       0.0001285   2.698e-05   0.0001739   1.833e-05  AOI22X1
u_account_balance/g13319       0.0001253   2.975e-05   0.0001734   1.833e-05  AOI22X1
u_account_balance/g13329       0.0001281   2.696e-05   0.0001734   1.833e-05  AOI22X1
u_account_balance/g13324       0.0001242   3.083e-05   0.0001734   1.833e-05  AOI22X1
u_account_balance/g13291       0.0001263   2.859e-05   0.0001732   1.833e-05  AOI22X1
u_account_balance/g13292       0.0001247   2.893e-05    0.000172   1.833e-05  AOI22X1
u_account_balance/g13345       0.0001233   3.018e-05   0.0001718   1.833e-05  AOI22X1
u_account_balance/g13321       0.0001244   2.914e-05   0.0001718   1.833e-05  AOI22X1
u_account_balance/g13237       0.0001221   3.701e-05   0.0001714   1.236e-05  NOR2XL
u_account_balance/g13303       0.0001244   2.846e-05   0.0001712   1.833e-05  AOI22X1
u_account_balance/g13343       0.0001277   2.503e-05   0.0001711   1.833e-05  AOI22X1
u_account_balance/g4294        8.928e-05   7.298e-05    0.000171   8.728e-06  OAI21XL
u_account_balance/g4301          0.00012   3.687e-05    0.000171    1.41e-05  OAI211X1
u_account_balance/g13299       0.0001267    2.57e-05   0.0001707   1.833e-05  AOI22X1
u_account_balance/g13332       0.0001245   2.693e-05   0.0001697   1.833e-05  AOI22X1
u_account_balance/g13339       0.0001277    2.37e-05   0.0001697   1.833e-05  AOI22X1
u_account_balance/g13290       0.0001295   2.161e-05   0.0001694   1.833e-05  AOI22X1
u_account_balance/g13368       0.0001285   2.073e-05   0.0001693   2.004e-05  NOR2BX1
u_account_balance/g13296       0.0001236   2.709e-05    0.000169   1.833e-05  AOI22X1
u_account_balance/g13348       0.0001281   2.187e-05   0.0001683   1.833e-05  AOI22X1
u_account_balance/g13241        0.000123   3.261e-05    0.000168   1.236e-05  NOR2XL
u_account_balance/g13294        0.000126   2.331e-05   0.0001676   1.833e-05  AOI22X1
u_account_balance/g13330       0.0001306   1.867e-05   0.0001676   1.833e-05  AOI22X1
u_account_balance/g13317       0.0001226    2.66e-05   0.0001676   1.833e-05  AOI22X1
u_account_balance/g13305         0.00013   1.924e-05   0.0001675   1.833e-05  AOI22X1
u_account_balance/g13479       0.0001274   2.172e-05   0.0001674   1.833e-05  AOI22X1
u_account_balance/g13326       0.0001298   1.927e-05   0.0001674   1.833e-05  AOI22X1
u_account_balance/g3           8.835e-05   5.196e-05   0.0001674   2.704e-05  MXI2XL
u_account_balance/g13325       0.0001247   2.385e-05   0.0001669   1.833e-05  AOI22X1
u_account_balance/g13472       8.829e-05   5.123e-05   0.0001666   2.704e-05  MXI2XL
u_account_balance/g13306       0.0001255   2.259e-05   0.0001664   1.833e-05  AOI22X1
u_account_balance/g13394       9.199e-05   3.937e-05   0.0001663   3.499e-05  NAND2BX1
u_account_balance/g13289       0.0001256    2.19e-05   0.0001658   1.833e-05  AOI22X1
u_account_balance/g13342       0.0001255     2.2e-05   0.0001658   1.833e-05  AOI22X1
u_account_balance/g13243       0.0001159   3.455e-05   0.0001656   1.511e-05  NAND3X1
u_account_balance/g13307       0.0001269   2.019e-05   0.0001654   1.833e-05  AOI22X1
u_account_balance/g13280        0.000124   2.287e-05   0.0001652   1.833e-05  AOI22X1
u_account_balance/g13266       0.0001064   4.639e-05    0.000165    1.22e-05  AOI21XL
u_account_balance/g13347       0.0001249    2.17e-05   0.0001649   1.833e-05  AOI22X1
u_account_balance/g13320       0.0001232   2.317e-05   0.0001648   1.833e-05  AOI22X1
u_account_balance/g4332        9.651e-05   5.822e-05    0.000164   9.289e-06  NAND2XL
g420                           4.498e-05   0.0001095   0.0001637   9.289e-06  NAND2XL
u_account_balance/g13396       9.678e-05   5.415e-05   0.0001633   1.236e-05  NOR2XL
g349                           8.567e-05    4.85e-05   0.0001629   2.877e-05  NAND2BXL
u_account_balance/g4298        8.627e-05   6.657e-05   0.0001616   8.728e-06  OAI21XL
u_account_balance/g4303        9.053e-05   6.228e-05   0.0001615   8.728e-06  OAI21XL
u_account_balance/g13165       4.837e-05   0.0001039   0.0001615   9.289e-06  NAND2XL
g430                           9.177e-05   5.583e-05   0.0001606   1.301e-05  INVX1
u_account_balance/g4291        9.128e-05   6.029e-05   0.0001603   8.728e-06  OAI21XL
u_account_balance/g4338        9.099e-05   5.967e-05     0.00016   9.289e-06  NAND2XL
u_account_balance/g13478       8.304e-05   3.803e-05   0.0001599   3.881e-05  AO22XL
u_account_balance/g4286        9.069e-05       6e-05   0.0001594   8.728e-06  OAI21XL
u_account_balance/g13265       9.899e-05    4.81e-05   0.0001594   1.229e-05  AOI22XL
u_account_balance/g13228       6.684e-05    8.31e-05   0.0001592   9.289e-06  NAND2XL
u_account_balance/g4284        9.091e-05   5.951e-05   0.0001591   8.728e-06  OAI21XL
u_account_balance/g13222       7.392e-05   7.559e-05   0.0001588   9.289e-06  NAND2XL
u_account_balance/g4299        8.958e-05       6e-05   0.0001583   8.728e-06  OAI21XL
u_account_balance/g13459       8.941e-05   5.517e-05   0.0001576   1.301e-05  INVX1
u_account_balance/g13460       9.154e-05   5.267e-05   0.0001572   1.301e-05  INVX1
u_account_balance/g13250       9.482e-05   4.997e-05   0.0001571   1.236e-05  NOR2XL
u_account_balance/g4295        9.158e-05   5.594e-05   0.0001563   8.728e-06  OAI21XL
u_account_balance/g4331        9.761e-05   4.908e-05    0.000156   9.289e-06  NAND2XL
u_account_balance/g4287        9.064e-05   5.567e-05    0.000155   8.728e-06  OAI21XL
u_account_balance/g4330        9.769e-05   4.759e-05   0.0001546   9.289e-06  NAND2XL
u_account_balance/g4326        9.123e-05   5.346e-05    0.000154   9.289e-06  NAND2XL
g224                            5.83e-05   8.683e-05   0.0001539   8.757e-06  INVXL
u_account_balance/g4293        8.614e-05    5.87e-05   0.0001536   8.728e-06  OAI21XL
u_barrier_ctrl/g329            0.0001009   4.023e-05   0.0001535   1.236e-05  NOR2XL
u_account_balance/g4328        9.748e-05   4.636e-05   0.0001531   9.289e-06  NAND2XL
u_account_balance/g4325        9.781e-05   4.596e-05   0.0001531   9.289e-06  NAND2XL
u_account_balance/g4324        9.754e-05   4.596e-05   0.0001528   9.289e-06  NAND2XL
u_account_balance/g4327        9.809e-05   4.532e-05   0.0001527   9.289e-06  NAND2XL
u_account_balance/g13399       9.676e-05   4.181e-05   0.0001509   1.236e-05  NOR2XL
u_account_balance/g13480       8.032e-05   3.169e-05   0.0001508   3.881e-05  AO22XL
u_account_balance/g13240       5.428e-05   8.556e-05   0.0001503   1.046e-05  NAND4XL
u_account_balance/g4329        8.146e-05   5.918e-05   0.0001499   9.289e-06  NAND2XL
u_account_balance/g4289        8.609e-05   5.459e-05   0.0001494   8.728e-06  OAI21XL
u_account_balance/g4296         8.59e-05   5.466e-05   0.0001493   8.728e-06  OAI21XL
u_account_balance/g4333        9.153e-05   4.759e-05   0.0001484   9.289e-06  NAND2XL
u_account_balance/g13486       8.629e-05   3.413e-05   0.0001475   2.704e-05  MXI2XL
u_account_balance/g4337        9.261e-05   4.526e-05   0.0001472   9.289e-06  NAND2XL
u_account_balance/g4292        8.947e-05   4.893e-05   0.0001471   8.728e-06  OAI21XL
u_barrier_ctrl/g218             5.32e-05   8.425e-05   0.0001467   9.289e-06  NAND2XL
u_account_balance/g4288        9.071e-05   4.707e-05   0.0001465   8.728e-06  OAI21XL
u_account_balance/g4283        8.624e-05   5.135e-05   0.0001463   8.728e-06  OAI21XL
u_account_balance/g13465       9.749e-05   3.575e-05   0.0001463   1.301e-05  INVX1
u_account_balance/g4290        9.099e-05   4.587e-05   0.0001456   8.728e-06  OAI21XL
u_account_balance/g13254       9.824e-05   3.325e-05   0.0001438   1.236e-05  NOR2XL
u_account_balance/g4335        8.185e-05   5.223e-05   0.0001434   9.289e-06  NAND2XL
u_account_balance/g13477       8.263e-05   2.186e-05   0.0001433   3.881e-05  AO22XL
u_account_balance/g4297        8.907e-05   4.541e-05   0.0001432   8.728e-06  OAI21XL
u_account_balance/g4323        8.216e-05   4.527e-05   0.0001367   9.289e-06  NAND2XL
u_account_balance/g4334        8.207e-05   4.484e-05   0.0001362   9.289e-06  NAND2XL
u_account_balance/g13215       7.443e-05   4.995e-05   0.0001348   1.046e-05  NAND4XL
u_account_balance/g4322        8.216e-05   4.272e-05   0.0001342   9.289e-06  NAND2XL
u_account_balance/g13284       7.551e-05   4.541e-05   0.0001332   1.228e-05  AOI32XL
u_account_balance/g13235       6.223e-05   6.042e-05   0.0001319   9.289e-06  NAND2XL
g426                           5.883e-05   6.365e-05   0.0001312   8.757e-06  INVXL
u_account_balance/g13318       7.801e-05   4.047e-05   0.0001308   1.229e-05  AOI22XL
FE_DBTC0_n_68                  5.374e-05   6.775e-05   0.0001302   8.757e-06  INVXL
u_account_balance/g13233       6.725e-05   5.328e-05   0.0001298   9.289e-06  NAND2XL
u_account_balance/g13335       7.247e-05   4.451e-05   0.0001293   1.229e-05  AOI22XL
u_account_balance/g13252       8.703e-05   2.706e-05   0.0001265   1.236e-05  NOR2XL
u_account_balance/g13485       6.382e-05   5.197e-05   0.0001251   9.289e-06  NAND2XL
u_account_balance/g4344        5.659e-05   5.891e-05   0.0001248   9.289e-06  NAND2XL
u_account_balance/g13340       7.881e-05    3.27e-05   0.0001238   1.229e-05  AOI22XL
u_account_balance/g13232       7.591e-05   3.846e-05   0.0001237   9.289e-06  NAND2XL
u_account_balance/g13144       6.534e-05   4.552e-05   0.0001232   1.236e-05  NOR2XL
u_account_balance/g13301       7.895e-05   3.136e-05   0.0001226   1.229e-05  AOI22XL
u_account_balance/g4345         5.62e-05   5.654e-05    0.000122   9.289e-06  NAND2XL
u_barrier_ctrl/g219            8.036e-05   2.643e-05   0.0001219   1.511e-05  NAND3X1
u_account_balance/g13323       7.906e-05   3.037e-05   0.0001217   1.229e-05  AOI22XL
u_account_balance/g4341        5.679e-05    5.48e-05   0.0001209   9.289e-06  NAND2XL
u_account_balance/g13316       7.321e-05   3.426e-05   0.0001198   1.236e-05  NOR2XL
u_account_balance/g13310       7.319e-05   3.397e-05   0.0001194   1.229e-05  AOI22XL
u_account_balance/g13327       7.392e-05   3.282e-05    0.000119   1.229e-05  AOI22XL
u_account_balance/g13223        7.22e-05   3.606e-05   0.0001176   9.289e-06  NAND2XL
u_account_balance/g13293       8.139e-05   2.269e-05   0.0001161   1.205e-05  OAI22XL
u_account_balance/g13238       5.498e-05   4.763e-05   0.0001131   1.046e-05  NAND4XL
u_account_balance/g13337       7.529e-05   2.471e-05   0.0001123   1.229e-05  AOI22XL
u_barrier_ctrl/g216             5.85e-05   3.897e-05   0.0001105   1.301e-05  CLKINVX1
u_account_balance/g13312       7.462e-05   2.341e-05   0.0001103   1.229e-05  AOI22XL
u_account_balance/g13334       7.455e-05   2.302e-05   0.0001099   1.229e-05  AOI22XL
u_account_balance/g13259       4.801e-05   5.063e-05   0.0001079   9.289e-06  NAND2XL
u_account_balance/g13173       3.313e-05   5.897e-05   0.0001072   1.511e-05  NAND3X1
u_account_balance/g13245       5.532e-05   3.883e-05   0.0001046   1.046e-05  NAND4XL
g221                           6.836e-05   2.633e-05   0.0001034   8.757e-06  INVXL
u_account_balance/g13464       5.705e-05   3.747e-05   0.0001033   8.757e-06  INVXL
u_account_balance/g13361       5.728e-05   1.639e-05   0.0001008   2.717e-05  AND2X1
u_account_balance/g13253       4.768e-05   3.915e-05   9.613e-05   9.289e-06  NAND2XL
u_account_balance/g13431        3.54e-05    4.97e-05   9.439e-05   9.289e-06  NAND2XL
u_account_balance/g13395        4.63e-05   3.867e-05   9.426e-05   9.289e-06  NAND2XL
u_account_balance/g13239       5.468e-05   2.853e-05   9.366e-05   1.046e-05  NAND4XL
u_account_balance/g13177       3.349e-05   2.426e-05   9.273e-05   3.499e-05  NAND2BX1
u_account_balance/g13261       4.829e-05   3.491e-05   9.249e-05   9.289e-06  NAND2XL
u_account_balance/g13397       4.631e-05   3.614e-05   9.174e-05   9.289e-06  NAND2XL
u_account_balance/g13242       5.491e-05   2.561e-05   9.098e-05   1.046e-05  NAND4XL
u_account_balance/g13255       4.858e-05   2.995e-05   8.781e-05   9.289e-06  NAND2XL
u_account_balance/g13434       3.133e-05   4.517e-05   8.579e-05   9.289e-06  NAND2XL
u_account_balance/g2           3.002e-05   2.075e-05   8.576e-05   3.499e-05  NAND2BX1
u_account_balance/g13262        4.68e-05   2.804e-05   8.413e-05   9.289e-06  NAND2XL
g416                           4.055e-05    3.42e-05   8.404e-05   9.289e-06  NAND2XL
u_account_balance/g13257       4.908e-05   2.563e-05   8.401e-05   9.289e-06  NAND2XL
u_account_balance/g13409       3.084e-05   4.129e-05   8.142e-05   9.289e-06  NAND2XL
u_account_balance/g13249       4.723e-05   2.446e-05   8.097e-05   9.289e-06  NAND2XL
u_account_balance/g13258       4.746e-05   2.343e-05   8.019e-05   9.289e-06  NAND2XL
u_account_balance/g13167       3.183e-06   3.313e-05   7.887e-05   4.256e-05  OR2X1
u_account_balance/g13358       4.383e-05   1.815e-05    7.86e-05   1.662e-05  NOR2BXL
u_account_balance/g13147       3.121e-06   3.226e-05   7.794e-05   4.256e-05  OR2X1
u_account_balance/g13146       3.098e-06   3.223e-05   7.788e-05   4.256e-05  OR2X1
u_barrier_ctrl/g152             4.29e-05   2.378e-05   7.544e-05   8.757e-06  INVXL
u_account_balance/g13469       3.819e-05   1.504e-05   7.509e-05   2.186e-05  NOR3BX1
u_account_balance/g13145       3.124e-06   2.792e-05    7.36e-05   4.256e-05  OR2X1
u_account_balance/g4362        6.006e-06   9.061e-06   7.217e-05    5.71e-05  NAND4BBXL
u_account_balance/g13411       3.769e-05   2.477e-05   7.175e-05   9.289e-06  NAND2XL
u_account_balance/g4361        1.019e-05   1.709e-05   6.984e-05   4.256e-05  OR2X1
u_account_balance/g13404       3.607e-05   2.437e-05   6.973e-05   9.289e-06  NAND2XL
u_account_balance/g13403       3.314e-05   2.721e-05   6.964e-05   9.289e-06  NAND2XL
u_account_balance/g13410       3.241e-05   2.593e-05   6.763e-05   9.289e-06  NAND2XL
u_account_balance/g13179       1.064e-05   1.397e-05   6.717e-05   4.256e-05  OR2X1
u_account_balance/g13160         3.1e-06   3.477e-05   6.504e-05   2.717e-05  AND2X1
u_account_balance/g13159       3.406e-06   3.365e-05   6.347e-05   2.642e-05  AND3X1
u_account_balance/g13148       3.232e-06   3.291e-05   6.331e-05   2.717e-05  AND2X1
u_account_balance/g13152       3.429e-06   3.306e-05   6.291e-05   2.642e-05  AND3X1
u_account_balance/g13162       3.367e-06   3.309e-05   6.288e-05   2.642e-05  AND3X1
u_account_balance/g13158        3.28e-06   3.312e-05   6.282e-05   2.642e-05  AND3X1
u_account_balance/g13154       3.251e-06   3.223e-05   6.266e-05   2.717e-05  AND2X1
u_account_balance/g13153       3.375e-06   3.225e-05   6.205e-05   2.642e-05  AND3X1
u_account_balance/g13163       1.964e-05   2.646e-05   5.911e-05   1.301e-05  CLKINVX1
u_account_balance/g13161       3.357e-06   2.915e-05   5.892e-05   2.642e-05  AND3X1
u_account_balance/FE_OFC1_n_279  5.411e-06   1.099e-05   5.769e-05   4.129e-05  BUFX2
u_account_balance/g4358        5.816e-06   1.439e-05    5.52e-05   3.499e-05  NAND2BX1
u_account_balance/g13357       2.881e-05    1.59e-05     5.4e-05   9.289e-06  NAND2XL
u_account_balance/g13359       2.491e-05   1.724e-05   5.144e-05   9.289e-06  NAND2XL
u_account_balance/g13363       2.331e-05   1.664e-05   4.924e-05   9.289e-06  NAND2XL
u_account_balance/g13164       2.473e-05   9.834e-06   4.693e-05   1.236e-05  NOR2XL
u_account_balance/g13155       1.867e-05   1.539e-05   4.642e-05   1.236e-05  NOR2XL
u_account_balance/g4363        2.154e-05   7.878e-06   4.452e-05   1.511e-05  NAND3X1
u_account_balance/g13365       2.079e-05   1.157e-05   4.164e-05   9.289e-06  NAND2XL
u_account_balance/g4359        3.921e-06   1.251e-05   3.459e-05   1.816e-05  NOR2X1
u_account_balance/g4353         1.97e-06   1.273e-05   2.872e-05   1.403e-05  NAND2X1
u_account_balance/g13150       6.336e-06   8.495e-06   2.785e-05   1.301e-05  INVX1
u_account_balance/g13156       8.342e-06   7.047e-06   2.775e-05   1.236e-05  NOR2XL
u_account_balance/g4360        5.967e-06   6.279e-06   2.526e-05   1.301e-05  INVX1
u_account_balance/FE_OFC2_n_279  1.825e-06   9.812e-06   2.465e-05   1.301e-05  INVX1
u_account_balance/g4350        2.237e-06   9.375e-06   2.463e-05   1.301e-05  CLKINVX1
u_account_balance/g4355        2.351e-06   8.269e-06   2.363e-05   1.301e-05  CLKINVX1
u_account_balance/g13143       6.142e-06   7.888e-06   2.332e-05   9.289e-06  NAND2XL
u_account_balance/g4351        2.228e-06   1.072e-05   2.224e-05   9.289e-06  NAND2XL
u_account_balance/g13141       5.528e-06   7.068e-06   2.135e-05   8.757e-06  INVXL
u_account_balance/g4356        4.524e-06   2.421e-06    1.93e-05   1.236e-05  NOR2XL
u_account_balance/g4352        2.798e-06   6.148e-07   1.577e-05   1.236e-05  NOR2XL

---------------------------------------------------------------------------------------

Total (    714 of    714  )        1.037      0.2002       1.28     0.04322
Total Capacitance                8.286e-12 F
Power Density                   *** No Die Area ***
